Analysis & Synthesis report for bus_arbiter_doc
Wed May 20 20:48:08 2026
Quartus II Version 9.1 Build 222 10/21/2009 SJ Web Edition


---------------------
; Table of Contents ;
---------------------
  1. Legal Notice
  2. Analysis & Synthesis Summary
  3. Analysis & Synthesis Settings
  4. Parallel Compilation
  5. Analysis & Synthesis Source Files Read
  6. Analysis & Synthesis Resource Usage Summary
  7. Analysis & Synthesis Resource Utilization by Entity
  8. General Register Statistics
  9. Analysis & Synthesis Messages



----------------
; Legal Notice ;
----------------
Copyright (C) 1991-2009 Altera Corporation
Your use of Altera Corporation's design tools, logic functions 
and other software and tools, and its AMPP partner logic 
functions, and any output files from any of the foregoing 
(including device programming or simulation files), and any 
associated documentation or information are expressly subject 
to the terms and conditions of the Altera Program License 
Subscription Agreement, Altera MegaCore Function License 
Agreement, or other applicable license agreement, including, 
without limitation, that your use is for the sole purpose of 
programming logic devices manufactured by Altera and sold by 
Altera or its authorized distributors.  Please refer to the 
applicable agreement for further details.



+------------------------------------------------------------------------------+
; Analysis & Synthesis Summary                                                 ;
+------------------------------------+-----------------------------------------+
; Analysis & Synthesis Status        ; Successful - Wed May 20 20:48:08 2026   ;
; Quartus II Version                 ; 9.1 Build 222 10/21/2009 SJ Web Edition ;
; Revision Name                      ; bus_arbiter_doc                         ;
; Top-level Entity Name              ; bus_arbiter_doc_full_top                ;
; Family                             ; Cyclone II                              ;
; Total logic elements               ; 36                                      ;
;     Total combinational functions  ; 36                                      ;
;     Dedicated logic registers      ; 0                                       ;
; Total registers                    ; 0                                       ;
; Total pins                         ; 105                                     ;
; Total virtual pins                 ; 0                                       ;
; Total memory bits                  ; 0                                       ;
; Embedded Multiplier 9-bit elements ; 0                                       ;
; Total PLLs                         ; 0                                       ;
+------------------------------------+-----------------------------------------+


+----------------------------------------------------------------------------------------------------------------------------+
; Analysis & Synthesis Settings                                                                                              ;
+----------------------------------------------------------------------------+--------------------------+--------------------+
; Option                                                                     ; Setting                  ; Default Value      ;
+----------------------------------------------------------------------------+--------------------------+--------------------+
; Top-level entity name                                                      ; bus_arbiter_doc_full_top ; bus_arbiter_doc    ;
; Family name                                                                ; Cyclone II               ; Stratix II         ;
; Use smart compilation                                                      ; Off                      ; Off                ;
; Enable parallel Assembler and TimeQuest Timing Analyzer during compilation ; On                       ; On                 ;
; Enable compact report table                                                ; Off                      ; Off                ;
; Restructure Multiplexers                                                   ; Auto                     ; Auto               ;
; Create Debugging Nodes for IP Cores                                        ; Off                      ; Off                ;
; Preserve fewer node names                                                  ; On                       ; On                 ;
; Disable OpenCore Plus hardware evaluation                                  ; Off                      ; Off                ;
; Verilog Version                                                            ; Verilog_2001             ; Verilog_2001       ;
; VHDL Version                                                               ; VHDL_1993                ; VHDL_1993          ;
; State Machine Processing                                                   ; Auto                     ; Auto               ;
; Safe State Machine                                                         ; Off                      ; Off                ;
; Extract Verilog State Machines                                             ; On                       ; On                 ;
; Extract VHDL State Machines                                                ; On                       ; On                 ;
; Ignore Verilog initial constructs                                          ; Off                      ; Off                ;
; Iteration limit for constant Verilog loops                                 ; 5000                     ; 5000               ;
; Iteration limit for non-constant Verilog loops                             ; 250                      ; 250                ;
; Add Pass-Through Logic to Inferred RAMs                                    ; On                       ; On                 ;
; Parallel Synthesis                                                         ; On                       ; On                 ;
; DSP Block Balancing                                                        ; Auto                     ; Auto               ;
; NOT Gate Push-Back                                                         ; On                       ; On                 ;
; Power-Up Don't Care                                                        ; On                       ; On                 ;
; Remove Redundant Logic Cells                                               ; Off                      ; Off                ;
; Remove Duplicate Registers                                                 ; On                       ; On                 ;
; Ignore CARRY Buffers                                                       ; Off                      ; Off                ;
; Ignore CASCADE Buffers                                                     ; Off                      ; Off                ;
; Ignore GLOBAL Buffers                                                      ; Off                      ; Off                ;
; Ignore ROW GLOBAL Buffers                                                  ; Off                      ; Off                ;
; Ignore LCELL Buffers                                                       ; Off                      ; Off                ;
; Ignore SOFT Buffers                                                        ; On                       ; On                 ;
; Limit AHDL Integers to 32 Bits                                             ; Off                      ; Off                ;
; Optimization Technique                                                     ; Balanced                 ; Balanced           ;
; Carry Chain Length                                                         ; 70                       ; 70                 ;
; Auto Carry Chains                                                          ; On                       ; On                 ;
; Auto Open-Drain Pins                                                       ; On                       ; On                 ;
; Perform WYSIWYG Primitive Resynthesis                                      ; Off                      ; Off                ;
; Auto ROM Replacement                                                       ; On                       ; On                 ;
; Auto RAM Replacement                                                       ; On                       ; On                 ;
; Auto Shift Register Replacement                                            ; Auto                     ; Auto               ;
; Auto Clock Enable Replacement                                              ; On                       ; On                 ;
; Strict RAM Replacement                                                     ; Off                      ; Off                ;
; Allow Synchronous Control Signals                                          ; On                       ; On                 ;
; Force Use of Synchronous Clear Signals                                     ; Off                      ; Off                ;
; Auto RAM to Logic Cell Conversion                                          ; Off                      ; Off                ;
; Auto Resource Sharing                                                      ; Off                      ; Off                ;
; Allow Any RAM Size For Recognition                                         ; Off                      ; Off                ;
; Allow Any ROM Size For Recognition                                         ; Off                      ; Off                ;
; Allow Any Shift Register Size For Recognition                              ; Off                      ; Off                ;
; Use LogicLock Constraints during Resource Balancing                        ; On                       ; On                 ;
; Ignore translate_off and synthesis_off directives                          ; Off                      ; Off                ;
; Timing-Driven Synthesis                                                    ; Off                      ; Off                ;
; Show Parameter Settings Tables in Synthesis Report                         ; On                       ; On                 ;
; Ignore Maximum Fan-Out Assignments                                         ; Off                      ; Off                ;
; Synchronization Register Chain Length                                      ; 2                        ; 2                  ;
; PowerPlay Power Optimization                                               ; Normal compilation       ; Normal compilation ;
; HDL message level                                                          ; Level2                   ; Level2             ;
; Suppress Register Optimization Related Messages                            ; Off                      ; Off                ;
; Number of Removed Registers Reported in Synthesis Report                   ; 100                      ; 100                ;
; Number of Inverted Registers Reported in Synthesis Report                  ; 100                      ; 100                ;
; Clock MUX Protection                                                       ; On                       ; On                 ;
; Auto Gated Clock Conversion                                                ; Off                      ; Off                ;
; Block Design Naming                                                        ; Auto                     ; Auto               ;
; SDC constraint protection                                                  ; Off                      ; Off                ;
; Synthesis Effort                                                           ; Auto                     ; Auto               ;
; Shift Register Replacement - Allow Asynchronous Clear Signal               ; On                       ; On                 ;
; Analysis & Synthesis Message Level                                         ; Medium                   ; Medium             ;
; Disable Register Merging Across Hierarchies                                ; Auto                     ; Auto               ;
; Resource Aware Inference For Block RAM                                     ; On                       ; On                 ;
+----------------------------------------------------------------------------+--------------------------+--------------------+


Parallel compilation was disabled, but you have multiple processors available. Enable parallel compilation to reduce compilation time.
+-------------------------------------+
; Parallel Compilation                ;
+----------------------------+--------+
; Processors                 ; Number ;
+----------------------------+--------+
; Number detected on machine ; 12     ;
; Maximum allowed            ; 1      ;
+----------------------------+--------+


+-------------------------------------------------------------------------------------------------------------------------------------------+
; Analysis & Synthesis Source Files Read                                                                                                    ;
+------------------------------------+-----------------+-----------------+------------------------------------------------------------------+
; File Name with User-Entered Path   ; Used in Netlist ; File Type       ; File Name with Absolute Path                                     ;
+------------------------------------+-----------------+-----------------+------------------------------------------------------------------+
; ../src/bus_arbiter_doc_quartus.vhd ; yes             ; User VHDL File  ; D:/git/sifovm/coursework_project/src/bus_arbiter_doc_quartus.vhd ;
+------------------------------------+-----------------+-----------------+------------------------------------------------------------------+


+---------------------------------------------------------+
; Analysis & Synthesis Resource Usage Summary             ;
+---------------------------------------------+-----------+
; Resource                                    ; Usage     ;
+---------------------------------------------+-----------+
; Estimated Total logic elements              ; 36        ;
;                                             ;           ;
; Total combinational functions               ; 36        ;
; Logic element usage by number of LUT inputs ;           ;
;     -- 4 input functions                    ; 0         ;
;     -- 3 input functions                    ; 34        ;
;     -- <=2 input functions                  ; 2         ;
;                                             ;           ;
; Logic elements by mode                      ;           ;
;     -- normal mode                          ; 36        ;
;     -- arithmetic mode                      ; 0         ;
;                                             ;           ;
; Total registers                             ; 0         ;
;     -- Dedicated logic registers            ; 0         ;
;     -- I/O registers                        ; 0         ;
;                                             ;           ;
; I/O pins                                    ; 105       ;
; Maximum fan-out node                        ; dma_req_i ;
; Maximum fan-out                             ; 37        ;
; Total fan-out                               ; 143       ;
; Average fan-out                             ; 1.01      ;
+---------------------------------------------+-----------+


+-----------------------------------------------------------------------------------------------------------------------------------------------------------------------------------------------------+
; Analysis & Synthesis Resource Utilization by Entity                                                                                                                                                 ;
+----------------------------+-------------------+--------------+-------------+--------------+---------+-----------+------+--------------+---------------------------------------------+--------------+
; Compilation Hierarchy Node ; LC Combinationals ; LC Registers ; Memory Bits ; DSP Elements ; DSP 9x9 ; DSP 18x18 ; Pins ; Virtual Pins ; Full Hierarchy Name                         ; Library Name ;
+----------------------------+-------------------+--------------+-------------+--------------+---------+-----------+------+--------------+---------------------------------------------+--------------+
; |bus_arbiter_doc_full_top  ; 36 (0)            ; 0 (0)        ; 0           ; 0            ; 0       ; 0         ; 105  ; 0            ; |bus_arbiter_doc_full_top                   ; work         ;
;    |arb2:U_ARB|            ; 1 (1)             ; 0 (0)        ; 0           ; 0            ; 0       ; 0         ; 0    ; 0            ; |bus_arbiter_doc_full_top|arb2:U_ARB        ;              ;
;    |g_or:U_BUSY|           ; 1 (1)             ; 0 (0)        ; 0           ; 0            ; 0       ; 0         ; 0    ; 0            ; |bus_arbiter_doc_full_top|g_or:U_BUSY       ; work         ;
;    |g_or:U_RAM_EN|         ; 1 (1)             ; 0 (0)        ; 0           ; 0            ; 0       ; 0         ; 0    ; 0            ; |bus_arbiter_doc_full_top|g_or:U_RAM_EN     ;              ;
;    |mux16:U_RAM_ADDR|      ; 16 (16)           ; 0 (0)        ; 0           ; 0            ; 0       ; 0         ; 0    ; 0            ; |bus_arbiter_doc_full_top|mux16:U_RAM_ADDR  ;              ;
;    |mux16:U_RAM_WDATA|     ; 16 (16)           ; 0 (0)        ; 0           ; 0            ; 0       ; 0         ; 0    ; 0            ; |bus_arbiter_doc_full_top|mux16:U_RAM_WDATA ; work         ;
;    |mux1:U_RAM_WE|         ; 1 (1)             ; 0 (0)        ; 0           ; 0            ; 0       ; 0         ; 0    ; 0            ; |bus_arbiter_doc_full_top|mux1:U_RAM_WE     ; work         ;
+----------------------------+-------------------+--------------+-------------+--------------+---------+-----------+------+--------------+---------------------------------------------+--------------+
Note: For table entries with two numbers listed, the numbers in parentheses indicate the number of resources of the given type used by the specific entity alone. The numbers listed outside of parentheses indicate the total resources of the given type used by the specific entity and all of its sub-entities in the hierarchy.


+------------------------------------------------------+
; General Register Statistics                          ;
+----------------------------------------------+-------+
; Statistic                                    ; Value ;
+----------------------------------------------+-------+
; Total registers                              ; 0     ;
; Number of registers using Synchronous Clear  ; 0     ;
; Number of registers using Synchronous Load   ; 0     ;
; Number of registers using Asynchronous Clear ; 0     ;
; Number of registers using Asynchronous Load  ; 0     ;
; Number of registers using Clock Enable       ; 0     ;
; Number of registers using Preset             ; 0     ;
+----------------------------------------------+-------+


+-------------------------------+
; Analysis & Synthesis Messages ;
+-------------------------------+
Info: *******************************************************************
Info: Running Quartus II Analysis & Synthesis
    Info: Version 9.1 Build 222 10/21/2009 SJ Web Edition
    Info: Copyright (C) 1991-2009 Altera Corporation. All rights reserved.
    Info: Your use of Altera Corporation's design tools, logic functions 
    Info: and other software and tools, and its AMPP partner logic 
    Info: functions, and any output files from any of the foregoing 
    Info: (including device programming or simulation files), and any 
    Info: associated documentation or information are expressly subject 
    Info: to the terms and conditions of the Altera Program License 
    Info: Subscription Agreement, Altera MegaCore Function License 
    Info: Agreement, or other applicable license agreement, including, 
    Info: without limitation, that your use is for the sole purpose of 
    Info: programming logic devices manufactured by Altera and sold by 
    Info: Altera or its authorized distributors.  Please refer to the 
    Info: applicable agreement for further details.
    Info: Processing started: Wed May 20 20:48:07 2026
Info: Command: quartus_map --read_settings_files=on --write_settings_files=off bus_arbiter_doc -c bus_arbiter_doc
Info: Found 32 design units, including 16 entities, in source file /git/sifovm/coursework_project/src/bus_arbiter_doc_quartus.vhd
    Info: Found design unit 1: arb_doc_input_pin-rtl
    Info: Found design unit 2: arb_doc_not_gate-rtl
    Info: Found design unit 3: arb_doc_and2_gate-rtl
    Info: Found design unit 4: arb_doc_or2_gate-rtl
    Info: Found design unit 5: arb_doc_output_pin-rtl
    Info: Found design unit 6: bus_arbiter_doc_top-structural
    Info: Found design unit 7: bus_arbiter_doc_exact_top-structural
    Info: Found design unit 8: g_inv-rtl
    Info: Found design unit 9: g_and-rtl
    Info: Found design unit 10: g_or-rtl
    Info: Found design unit 11: bus_arbiter_doc_compact_top-structural
    Info: Found design unit 12: bus_arbiter_doc_compact_exact_top-structural
    Info: Found design unit 13: arb2-rtl
    Info: Found design unit 14: mux1-rtl
    Info: Found design unit 15: mux16-rtl
    Info: Found design unit 16: bus_arbiter_doc_full_top-structural
    Info: Found entity 1: arb_doc_input_pin
    Info: Found entity 2: arb_doc_not_gate
    Info: Found entity 3: arb_doc_and2_gate
    Info: Found entity 4: arb_doc_or2_gate
    Info: Found entity 5: arb_doc_output_pin
    Info: Found entity 6: bus_arbiter_doc_top
    Info: Found entity 7: bus_arbiter_doc_exact_top
    Info: Found entity 8: g_inv
    Info: Found entity 9: g_and
    Info: Found entity 10: g_or
    Info: Found entity 11: bus_arbiter_doc_compact_top
    Info: Found entity 12: bus_arbiter_doc_compact_exact_top
    Info: Found entity 13: arb2
    Info: Found entity 14: mux1
    Info: Found entity 15: mux16
    Info: Found entity 16: bus_arbiter_doc_full_top
Info: Elaborating entity "bus_arbiter_doc_full_top" for the top level hierarchy
Info: Elaborating entity "arb2" for hierarchy "arb2:U_ARB"
Info: Elaborating entity "g_and" for hierarchy "g_and:U_CPU_EN"
Info: Elaborating entity "g_or" for hierarchy "g_or:U_RAM_EN"
Info: Elaborating entity "mux1" for hierarchy "mux1:U_RAM_WE"
Info: Elaborating entity "mux16" for hierarchy "mux16:U_RAM_ADDR"
Info: Implemented 141 device resources after synthesis - the final resource count might be different
    Info: Implemented 68 input pins
    Info: Implemented 37 output pins
    Info: Implemented 36 logic cells
Info: Quartus II Analysis & Synthesis was successful. 0 errors, 0 warnings
    Info: Peak virtual memory: 243 megabytes
    Info: Processing ended: Wed May 20 20:48:08 2026
    Info: Elapsed time: 00:00:01
    Info: Total CPU time (on all processors): 00:00:01


