Analysis & Elaboration report for section_2_4_common_ops
Sun May 24 21:23:46 2026
Quartus II Version 9.1 Build 222 10/21/2009 SJ Web Edition


---------------------
; Table of Contents ;
---------------------
  1. Legal Notice
  2. Legal Notice
  3. Flow Summary
  4. Flow Settings
  5. Flow Non-Default Global Settings
  6. Flow Elapsed Time
  7. Flow OS Summary
  8. Flow Log
  9. Analysis & Elaboration Summary
 10. Parallel Compilation
 11. Source assignments for Top-level Entity: |section_2_4_common_ops_top
 12. Source assignments for pc_unit:u_pc
 13. Source assignments for ir_pair:u_ir_pair
 14. Source assignments for state_ctl:u_state_ctl
 15. Source assignments for rf_port:u_rf
 16. Source assignments for flags_hold:u_flags
 17. Source assignments for stack_exec:u_stack
 18. Analysis & Elaboration Settings
 19. Port Connectivity Checks: "stack_exec:u_stack"
 20. Port Connectivity Checks: "rf_port:u_rf"
 21. Analysis & Elaboration Messages



----------------
; Legal Notice ;
----------------
Copyright (C) 1991-2009 Altera Corporation
Your use of Altera Corporation's design tools, logic functions 
and other software and tools, and its AMPP partner logic 
functions, and any output files from any of the foregoing 
(including device programming or simulation files), and any 
associated documentation or information are expressly subject 
to the terms and conditions of the Altera Program License 
Subscription Agreement, Altera MegaCore Function License 
Agreement, or other applicable license agreement, including, 
without limitation, that your use is for the sole purpose of 
programming logic devices manufactured by Altera and sold by 
Altera or its authorized distributors.  Please refer to the 
applicable agreement for further details.



----------------
; Legal Notice ;
----------------
Copyright (C) 1991-2009 Altera Corporation
Your use of Altera Corporation's design tools, logic functions 
and other software and tools, and its AMPP partner logic 
functions, and any output files from any of the foregoing 
(including device programming or simulation files), and any 
associated documentation or information are expressly subject 
to the terms and conditions of the Altera Program License 
Subscription Agreement, Altera MegaCore Function License 
Agreement, or other applicable license agreement, including, 
without limitation, that your use is for the sole purpose of 
programming logic devices manufactured by Altera and sold by 
Altera or its authorized distributors.  Please refer to the 
applicable agreement for further details.



+------------------------------------------------------------------------------+
; Flow Summary                                                                 ;
+------------------------------------+-----------------------------------------+
; Flow Status                        ; Successful - Sun May 24 21:23:46 2026   ;
; Quartus II Version                 ; 9.1 Build 222 10/21/2009 SJ Web Edition ;
; Revision Name                      ; section_2_4_common_ops                  ;
; Top-level Entity Name              ; section_2_4_common_ops_top              ;
; Family                             ; Cyclone II                              ;
; Met timing requirements            ; N/A                                     ;
; Total logic elements               ; N/A until Partition Merge               ;
;     Total combinational functions  ; N/A until Partition Merge               ;
;     Dedicated logic registers      ; N/A until Partition Merge               ;
; Total registers                    ; N/A until Partition Merge               ;
; Total pins                         ; N/A until Partition Merge               ;
; Total virtual pins                 ; N/A until Partition Merge               ;
; Total memory bits                  ; N/A until Partition Merge               ;
; Embedded Multiplier 9-bit elements ; N/A until Partition Merge               ;
; Total PLLs                         ; N/A until Partition Merge               ;
+------------------------------------+-----------------------------------------+


+--------------------------------------------+
; Flow Settings                              ;
+-------------------+------------------------+
; Option            ; Setting                ;
+-------------------+------------------------+
; Start date & time ; 05/24/2026 21:23:46    ;
; Main task         ; Compilation            ;
; Revision Name     ; section_2_4_common_ops ;
+-------------------+------------------------+


+--------------------------------------------------------------------------------------------------------------------------+
; Flow Non-Default Global Settings                                                                                         ;
+------------------------+------------------------------+------------------------+----------------------------+------------+
; Assignment Name        ; Value                        ; Default Value          ; Entity Name                ; Section Id ;
+------------------------+------------------------------+------------------------+----------------------------+------------+
; COMPILER_SIGNATURE_ID  ; 300159283300.177964702511228 ; --                     ; --                         ; --         ;
; PARTITION_COLOR        ; 16764057                     ; --                     ; section_2_4_common_ops_top ; Top        ;
; PARTITION_NETLIST_TYPE ; SOURCE                       ; --                     ; section_2_4_common_ops_top ; Top        ;
; TOP_LEVEL_ENTITY       ; section_2_4_common_ops_top   ; section_2_4_common_ops ; --                         ; --         ;
+------------------------+------------------------------+------------------------+----------------------------+------------+


+----------------------------------------------------------------------------------------------------------------------------+
; Flow Elapsed Time                                                                                                          ;
+------------------------+--------------+-------------------------+---------------------+------------------------------------+
; Module Name            ; Elapsed Time ; Average Processors Used ; Peak Virtual Memory ; Total CPU Time (on all processors) ;
+------------------------+--------------+-------------------------+---------------------+------------------------------------+
; Analysis & Elaboration ; 00:00:01     ; 1.0                     ; 248 MB              ; 00:00:01                           ;
; Total                  ; 00:00:01     ; --                      ; --                  ; 00:00:01                           ;
+------------------------+--------------+-------------------------+---------------------+------------------------------------+


+-----------------------------------------------------------------------------------------+
; Flow OS Summary                                                                         ;
+------------------------+------------------+---------------+------------+----------------+
; Module Name            ; Machine Hostname ; OS Name       ; OS Version ; Processor type ;
+------------------------+------------------+---------------+------------+----------------+
; Analysis & Elaboration ; WIN-LOA9MVM5AL7  ; Windows Vista ; 6.2        ; x86_64         ;
+------------------------+------------------+---------------+------------+----------------+


------------
; Flow Log ;
------------
quartus_map --read_settings_files=on --write_settings_files=off section_2_4_common_ops -c section_2_4_common_ops --analysis_and_elaboration



+------------------------------------------------------------------------------+
; Analysis & Elaboration Summary                                               ;
+------------------------------------+-----------------------------------------+
; Analysis & Elaboration Status      ; Successful - Sun May 24 21:23:46 2026   ;
; Quartus II Version                 ; 9.1 Build 222 10/21/2009 SJ Web Edition ;
; Revision Name                      ; section_2_4_common_ops                  ;
; Top-level Entity Name              ; section_2_4_common_ops_top              ;
; Family                             ; Cyclone II                              ;
; Total logic elements               ; N/A until Partition Merge               ;
;     Total combinational functions  ; N/A until Partition Merge               ;
;     Dedicated logic registers      ; N/A until Partition Merge               ;
; Total registers                    ; N/A until Partition Merge               ;
; Total pins                         ; N/A until Partition Merge               ;
; Total virtual pins                 ; N/A until Partition Merge               ;
; Total memory bits                  ; N/A until Partition Merge               ;
; Embedded Multiplier 9-bit elements ; N/A until Partition Merge               ;
; Total PLLs                         ; N/A until Partition Merge               ;
+------------------------------------+-----------------------------------------+


Parallel compilation was disabled, but you have multiple processors available. Enable parallel compilation to reduce compilation time.
+-------------------------------------+
; Parallel Compilation                ;
+----------------------------+--------+
; Processors                 ; Number ;
+----------------------------+--------+
; Number detected on machine ; 12     ;
; Maximum allowed            ; 1      ;
+----------------------------+--------+


+----------------------------------------------------------------------+
; Source assignments for Top-level Entity: |section_2_4_common_ops_top ;
+------------------------------+-------+------+------------------------+
; Assignment                   ; Value ; From ; To                     ;
+------------------------------+-------+------+------------------------+
; IGNORE_LCELL_BUFFERS         ; off   ; -    ; pc_s[15]               ;
; REMOVE_REDUNDANT_LOGIC_CELLS ; off   ; -    ; pc_s[15]               ;
; IGNORE_LCELL_BUFFERS         ; off   ; -    ; pc_s[14]               ;
; REMOVE_REDUNDANT_LOGIC_CELLS ; off   ; -    ; pc_s[14]               ;
; IGNORE_LCELL_BUFFERS         ; off   ; -    ; pc_s[13]               ;
; REMOVE_REDUNDANT_LOGIC_CELLS ; off   ; -    ; pc_s[13]               ;
; IGNORE_LCELL_BUFFERS         ; off   ; -    ; pc_s[12]               ;
; REMOVE_REDUNDANT_LOGIC_CELLS ; off   ; -    ; pc_s[12]               ;
; IGNORE_LCELL_BUFFERS         ; off   ; -    ; pc_s[11]               ;
; REMOVE_REDUNDANT_LOGIC_CELLS ; off   ; -    ; pc_s[11]               ;
; IGNORE_LCELL_BUFFERS         ; off   ; -    ; pc_s[10]               ;
; REMOVE_REDUNDANT_LOGIC_CELLS ; off   ; -    ; pc_s[10]               ;
; IGNORE_LCELL_BUFFERS         ; off   ; -    ; pc_s[9]                ;
; REMOVE_REDUNDANT_LOGIC_CELLS ; off   ; -    ; pc_s[9]                ;
; IGNORE_LCELL_BUFFERS         ; off   ; -    ; pc_s[8]                ;
; REMOVE_REDUNDANT_LOGIC_CELLS ; off   ; -    ; pc_s[8]                ;
; IGNORE_LCELL_BUFFERS         ; off   ; -    ; pc_s[7]                ;
; REMOVE_REDUNDANT_LOGIC_CELLS ; off   ; -    ; pc_s[7]                ;
; IGNORE_LCELL_BUFFERS         ; off   ; -    ; pc_s[6]                ;
; REMOVE_REDUNDANT_LOGIC_CELLS ; off   ; -    ; pc_s[6]                ;
; IGNORE_LCELL_BUFFERS         ; off   ; -    ; pc_s[5]                ;
; REMOVE_REDUNDANT_LOGIC_CELLS ; off   ; -    ; pc_s[5]                ;
; IGNORE_LCELL_BUFFERS         ; off   ; -    ; pc_s[4]                ;
; REMOVE_REDUNDANT_LOGIC_CELLS ; off   ; -    ; pc_s[4]                ;
; IGNORE_LCELL_BUFFERS         ; off   ; -    ; pc_s[3]                ;
; REMOVE_REDUNDANT_LOGIC_CELLS ; off   ; -    ; pc_s[3]                ;
; IGNORE_LCELL_BUFFERS         ; off   ; -    ; pc_s[2]                ;
; REMOVE_REDUNDANT_LOGIC_CELLS ; off   ; -    ; pc_s[2]                ;
; IGNORE_LCELL_BUFFERS         ; off   ; -    ; pc_s[1]                ;
; REMOVE_REDUNDANT_LOGIC_CELLS ; off   ; -    ; pc_s[1]                ;
; IGNORE_LCELL_BUFFERS         ; off   ; -    ; pc_s[0]                ;
; REMOVE_REDUNDANT_LOGIC_CELLS ; off   ; -    ; pc_s[0]                ;
; IGNORE_LCELL_BUFFERS         ; off   ; -    ; ir0_s[15]              ;
; REMOVE_REDUNDANT_LOGIC_CELLS ; off   ; -    ; ir0_s[15]              ;
; IGNORE_LCELL_BUFFERS         ; off   ; -    ; ir0_s[14]              ;
; REMOVE_REDUNDANT_LOGIC_CELLS ; off   ; -    ; ir0_s[14]              ;
; IGNORE_LCELL_BUFFERS         ; off   ; -    ; ir0_s[13]              ;
; REMOVE_REDUNDANT_LOGIC_CELLS ; off   ; -    ; ir0_s[13]              ;
; IGNORE_LCELL_BUFFERS         ; off   ; -    ; ir0_s[12]              ;
; REMOVE_REDUNDANT_LOGIC_CELLS ; off   ; -    ; ir0_s[12]              ;
; IGNORE_LCELL_BUFFERS         ; off   ; -    ; ir0_s[11]              ;
; REMOVE_REDUNDANT_LOGIC_CELLS ; off   ; -    ; ir0_s[11]              ;
; IGNORE_LCELL_BUFFERS         ; off   ; -    ; ir0_s[10]              ;
; REMOVE_REDUNDANT_LOGIC_CELLS ; off   ; -    ; ir0_s[10]              ;
; IGNORE_LCELL_BUFFERS         ; off   ; -    ; ir0_s[9]               ;
; REMOVE_REDUNDANT_LOGIC_CELLS ; off   ; -    ; ir0_s[9]               ;
; IGNORE_LCELL_BUFFERS         ; off   ; -    ; ir0_s[8]               ;
; REMOVE_REDUNDANT_LOGIC_CELLS ; off   ; -    ; ir0_s[8]               ;
; IGNORE_LCELL_BUFFERS         ; off   ; -    ; ir0_s[7]               ;
; REMOVE_REDUNDANT_LOGIC_CELLS ; off   ; -    ; ir0_s[7]               ;
; IGNORE_LCELL_BUFFERS         ; off   ; -    ; ir0_s[6]               ;
; REMOVE_REDUNDANT_LOGIC_CELLS ; off   ; -    ; ir0_s[6]               ;
; IGNORE_LCELL_BUFFERS         ; off   ; -    ; ir0_s[5]               ;
; REMOVE_REDUNDANT_LOGIC_CELLS ; off   ; -    ; ir0_s[5]               ;
; IGNORE_LCELL_BUFFERS         ; off   ; -    ; ir0_s[4]               ;
; REMOVE_REDUNDANT_LOGIC_CELLS ; off   ; -    ; ir0_s[4]               ;
; IGNORE_LCELL_BUFFERS         ; off   ; -    ; ir0_s[3]               ;
; REMOVE_REDUNDANT_LOGIC_CELLS ; off   ; -    ; ir0_s[3]               ;
; IGNORE_LCELL_BUFFERS         ; off   ; -    ; ir0_s[2]               ;
; REMOVE_REDUNDANT_LOGIC_CELLS ; off   ; -    ; ir0_s[2]               ;
; IGNORE_LCELL_BUFFERS         ; off   ; -    ; ir0_s[1]               ;
; REMOVE_REDUNDANT_LOGIC_CELLS ; off   ; -    ; ir0_s[1]               ;
; IGNORE_LCELL_BUFFERS         ; off   ; -    ; ir0_s[0]               ;
; REMOVE_REDUNDANT_LOGIC_CELLS ; off   ; -    ; ir0_s[0]               ;
; IGNORE_LCELL_BUFFERS         ; off   ; -    ; ir1_s[15]              ;
; REMOVE_REDUNDANT_LOGIC_CELLS ; off   ; -    ; ir1_s[15]              ;
; IGNORE_LCELL_BUFFERS         ; off   ; -    ; ir1_s[14]              ;
; REMOVE_REDUNDANT_LOGIC_CELLS ; off   ; -    ; ir1_s[14]              ;
; IGNORE_LCELL_BUFFERS         ; off   ; -    ; ir1_s[13]              ;
; REMOVE_REDUNDANT_LOGIC_CELLS ; off   ; -    ; ir1_s[13]              ;
; IGNORE_LCELL_BUFFERS         ; off   ; -    ; ir1_s[12]              ;
; REMOVE_REDUNDANT_LOGIC_CELLS ; off   ; -    ; ir1_s[12]              ;
; IGNORE_LCELL_BUFFERS         ; off   ; -    ; ir1_s[11]              ;
; REMOVE_REDUNDANT_LOGIC_CELLS ; off   ; -    ; ir1_s[11]              ;
; IGNORE_LCELL_BUFFERS         ; off   ; -    ; ir1_s[10]              ;
; REMOVE_REDUNDANT_LOGIC_CELLS ; off   ; -    ; ir1_s[10]              ;
; IGNORE_LCELL_BUFFERS         ; off   ; -    ; ir1_s[9]               ;
; REMOVE_REDUNDANT_LOGIC_CELLS ; off   ; -    ; ir1_s[9]               ;
; IGNORE_LCELL_BUFFERS         ; off   ; -    ; ir1_s[8]               ;
; REMOVE_REDUNDANT_LOGIC_CELLS ; off   ; -    ; ir1_s[8]               ;
; IGNORE_LCELL_BUFFERS         ; off   ; -    ; ir1_s[7]               ;
; REMOVE_REDUNDANT_LOGIC_CELLS ; off   ; -    ; ir1_s[7]               ;
; IGNORE_LCELL_BUFFERS         ; off   ; -    ; ir1_s[6]               ;
; REMOVE_REDUNDANT_LOGIC_CELLS ; off   ; -    ; ir1_s[6]               ;
; IGNORE_LCELL_BUFFERS         ; off   ; -    ; ir1_s[5]               ;
; REMOVE_REDUNDANT_LOGIC_CELLS ; off   ; -    ; ir1_s[5]               ;
; IGNORE_LCELL_BUFFERS         ; off   ; -    ; ir1_s[4]               ;
; REMOVE_REDUNDANT_LOGIC_CELLS ; off   ; -    ; ir1_s[4]               ;
; IGNORE_LCELL_BUFFERS         ; off   ; -    ; ir1_s[3]               ;
; REMOVE_REDUNDANT_LOGIC_CELLS ; off   ; -    ; ir1_s[3]               ;
; IGNORE_LCELL_BUFFERS         ; off   ; -    ; ir1_s[2]               ;
; REMOVE_REDUNDANT_LOGIC_CELLS ; off   ; -    ; ir1_s[2]               ;
; IGNORE_LCELL_BUFFERS         ; off   ; -    ; ir1_s[1]               ;
; REMOVE_REDUNDANT_LOGIC_CELLS ; off   ; -    ; ir1_s[1]               ;
; IGNORE_LCELL_BUFFERS         ; off   ; -    ; ir1_s[0]               ;
; REMOVE_REDUNDANT_LOGIC_CELLS ; off   ; -    ; ir1_s[0]               ;
; IGNORE_LCELL_BUFFERS         ; off   ; -    ; cmd_s[7]               ;
; REMOVE_REDUNDANT_LOGIC_CELLS ; off   ; -    ; cmd_s[7]               ;
; IGNORE_LCELL_BUFFERS         ; off   ; -    ; cmd_s[6]               ;
; REMOVE_REDUNDANT_LOGIC_CELLS ; off   ; -    ; cmd_s[6]               ;
; IGNORE_LCELL_BUFFERS         ; off   ; -    ; cmd_s[5]               ;
; REMOVE_REDUNDANT_LOGIC_CELLS ; off   ; -    ; cmd_s[5]               ;
; IGNORE_LCELL_BUFFERS         ; off   ; -    ; cmd_s[4]               ;
; REMOVE_REDUNDANT_LOGIC_CELLS ; off   ; -    ; cmd_s[4]               ;
; IGNORE_LCELL_BUFFERS         ; off   ; -    ; cmd_s[3]               ;
; REMOVE_REDUNDANT_LOGIC_CELLS ; off   ; -    ; cmd_s[3]               ;
; IGNORE_LCELL_BUFFERS         ; off   ; -    ; cmd_s[2]               ;
; REMOVE_REDUNDANT_LOGIC_CELLS ; off   ; -    ; cmd_s[2]               ;
; IGNORE_LCELL_BUFFERS         ; off   ; -    ; cmd_s[1]               ;
; REMOVE_REDUNDANT_LOGIC_CELLS ; off   ; -    ; cmd_s[1]               ;
; IGNORE_LCELL_BUFFERS         ; off   ; -    ; cmd_s[0]               ;
; REMOVE_REDUNDANT_LOGIC_CELLS ; off   ; -    ; cmd_s[0]               ;
; IGNORE_LCELL_BUFFERS         ; off   ; -    ; ph_s[4]                ;
; REMOVE_REDUNDANT_LOGIC_CELLS ; off   ; -    ; ph_s[4]                ;
; IGNORE_LCELL_BUFFERS         ; off   ; -    ; ph_s[3]                ;
; REMOVE_REDUNDANT_LOGIC_CELLS ; off   ; -    ; ph_s[3]                ;
; IGNORE_LCELL_BUFFERS         ; off   ; -    ; ph_s[2]                ;
; REMOVE_REDUNDANT_LOGIC_CELLS ; off   ; -    ; ph_s[2]                ;
; IGNORE_LCELL_BUFFERS         ; off   ; -    ; ph_s[1]                ;
; REMOVE_REDUNDANT_LOGIC_CELLS ; off   ; -    ; ph_s[1]                ;
; IGNORE_LCELL_BUFFERS         ; off   ; -    ; ph_s[0]                ;
; REMOVE_REDUNDANT_LOGIC_CELLS ; off   ; -    ; ph_s[0]                ;
; IGNORE_LCELL_BUFFERS         ; off   ; -    ; rfa_s[15]              ;
; REMOVE_REDUNDANT_LOGIC_CELLS ; off   ; -    ; rfa_s[15]              ;
; IGNORE_LCELL_BUFFERS         ; off   ; -    ; rfa_s[14]              ;
; REMOVE_REDUNDANT_LOGIC_CELLS ; off   ; -    ; rfa_s[14]              ;
; IGNORE_LCELL_BUFFERS         ; off   ; -    ; rfa_s[13]              ;
; REMOVE_REDUNDANT_LOGIC_CELLS ; off   ; -    ; rfa_s[13]              ;
; IGNORE_LCELL_BUFFERS         ; off   ; -    ; rfa_s[12]              ;
; REMOVE_REDUNDANT_LOGIC_CELLS ; off   ; -    ; rfa_s[12]              ;
; IGNORE_LCELL_BUFFERS         ; off   ; -    ; rfa_s[11]              ;
; REMOVE_REDUNDANT_LOGIC_CELLS ; off   ; -    ; rfa_s[11]              ;
; IGNORE_LCELL_BUFFERS         ; off   ; -    ; rfa_s[10]              ;
; REMOVE_REDUNDANT_LOGIC_CELLS ; off   ; -    ; rfa_s[10]              ;
; IGNORE_LCELL_BUFFERS         ; off   ; -    ; rfa_s[9]               ;
; REMOVE_REDUNDANT_LOGIC_CELLS ; off   ; -    ; rfa_s[9]               ;
; IGNORE_LCELL_BUFFERS         ; off   ; -    ; rfa_s[8]               ;
; REMOVE_REDUNDANT_LOGIC_CELLS ; off   ; -    ; rfa_s[8]               ;
; IGNORE_LCELL_BUFFERS         ; off   ; -    ; rfa_s[7]               ;
; REMOVE_REDUNDANT_LOGIC_CELLS ; off   ; -    ; rfa_s[7]               ;
; IGNORE_LCELL_BUFFERS         ; off   ; -    ; rfa_s[6]               ;
; REMOVE_REDUNDANT_LOGIC_CELLS ; off   ; -    ; rfa_s[6]               ;
; IGNORE_LCELL_BUFFERS         ; off   ; -    ; rfa_s[5]               ;
; REMOVE_REDUNDANT_LOGIC_CELLS ; off   ; -    ; rfa_s[5]               ;
; IGNORE_LCELL_BUFFERS         ; off   ; -    ; rfa_s[4]               ;
; REMOVE_REDUNDANT_LOGIC_CELLS ; off   ; -    ; rfa_s[4]               ;
; IGNORE_LCELL_BUFFERS         ; off   ; -    ; rfa_s[3]               ;
; REMOVE_REDUNDANT_LOGIC_CELLS ; off   ; -    ; rfa_s[3]               ;
; IGNORE_LCELL_BUFFERS         ; off   ; -    ; rfa_s[2]               ;
; REMOVE_REDUNDANT_LOGIC_CELLS ; off   ; -    ; rfa_s[2]               ;
; IGNORE_LCELL_BUFFERS         ; off   ; -    ; rfa_s[1]               ;
; REMOVE_REDUNDANT_LOGIC_CELLS ; off   ; -    ; rfa_s[1]               ;
; IGNORE_LCELL_BUFFERS         ; off   ; -    ; rfa_s[0]               ;
; REMOVE_REDUNDANT_LOGIC_CELLS ; off   ; -    ; rfa_s[0]               ;
; IGNORE_LCELL_BUFFERS         ; off   ; -    ; cache_s[15]            ;
; REMOVE_REDUNDANT_LOGIC_CELLS ; off   ; -    ; cache_s[15]            ;
; IGNORE_LCELL_BUFFERS         ; off   ; -    ; cache_s[14]            ;
; REMOVE_REDUNDANT_LOGIC_CELLS ; off   ; -    ; cache_s[14]            ;
; IGNORE_LCELL_BUFFERS         ; off   ; -    ; cache_s[13]            ;
; REMOVE_REDUNDANT_LOGIC_CELLS ; off   ; -    ; cache_s[13]            ;
; IGNORE_LCELL_BUFFERS         ; off   ; -    ; cache_s[12]            ;
; REMOVE_REDUNDANT_LOGIC_CELLS ; off   ; -    ; cache_s[12]            ;
; IGNORE_LCELL_BUFFERS         ; off   ; -    ; cache_s[11]            ;
; REMOVE_REDUNDANT_LOGIC_CELLS ; off   ; -    ; cache_s[11]            ;
; IGNORE_LCELL_BUFFERS         ; off   ; -    ; cache_s[10]            ;
; REMOVE_REDUNDANT_LOGIC_CELLS ; off   ; -    ; cache_s[10]            ;
; IGNORE_LCELL_BUFFERS         ; off   ; -    ; cache_s[9]             ;
; REMOVE_REDUNDANT_LOGIC_CELLS ; off   ; -    ; cache_s[9]             ;
; IGNORE_LCELL_BUFFERS         ; off   ; -    ; cache_s[8]             ;
; REMOVE_REDUNDANT_LOGIC_CELLS ; off   ; -    ; cache_s[8]             ;
; IGNORE_LCELL_BUFFERS         ; off   ; -    ; cache_s[7]             ;
; REMOVE_REDUNDANT_LOGIC_CELLS ; off   ; -    ; cache_s[7]             ;
; IGNORE_LCELL_BUFFERS         ; off   ; -    ; cache_s[6]             ;
; REMOVE_REDUNDANT_LOGIC_CELLS ; off   ; -    ; cache_s[6]             ;
; IGNORE_LCELL_BUFFERS         ; off   ; -    ; cache_s[5]             ;
; REMOVE_REDUNDANT_LOGIC_CELLS ; off   ; -    ; cache_s[5]             ;
; IGNORE_LCELL_BUFFERS         ; off   ; -    ; cache_s[4]             ;
; REMOVE_REDUNDANT_LOGIC_CELLS ; off   ; -    ; cache_s[4]             ;
; IGNORE_LCELL_BUFFERS         ; off   ; -    ; cache_s[3]             ;
; REMOVE_REDUNDANT_LOGIC_CELLS ; off   ; -    ; cache_s[3]             ;
; IGNORE_LCELL_BUFFERS         ; off   ; -    ; cache_s[2]             ;
; REMOVE_REDUNDANT_LOGIC_CELLS ; off   ; -    ; cache_s[2]             ;
; IGNORE_LCELL_BUFFERS         ; off   ; -    ; cache_s[1]             ;
; REMOVE_REDUNDANT_LOGIC_CELLS ; off   ; -    ; cache_s[1]             ;
; IGNORE_LCELL_BUFFERS         ; off   ; -    ; cache_s[0]             ;
; REMOVE_REDUNDANT_LOGIC_CELLS ; off   ; -    ; cache_s[0]             ;
; IGNORE_LCELL_BUFFERS         ; off   ; -    ; alu_s[15]              ;
; REMOVE_REDUNDANT_LOGIC_CELLS ; off   ; -    ; alu_s[15]              ;
; IGNORE_LCELL_BUFFERS         ; off   ; -    ; alu_s[14]              ;
; REMOVE_REDUNDANT_LOGIC_CELLS ; off   ; -    ; alu_s[14]              ;
; IGNORE_LCELL_BUFFERS         ; off   ; -    ; alu_s[13]              ;
; REMOVE_REDUNDANT_LOGIC_CELLS ; off   ; -    ; alu_s[13]              ;
; IGNORE_LCELL_BUFFERS         ; off   ; -    ; alu_s[12]              ;
; REMOVE_REDUNDANT_LOGIC_CELLS ; off   ; -    ; alu_s[12]              ;
; IGNORE_LCELL_BUFFERS         ; off   ; -    ; alu_s[11]              ;
; REMOVE_REDUNDANT_LOGIC_CELLS ; off   ; -    ; alu_s[11]              ;
; IGNORE_LCELL_BUFFERS         ; off   ; -    ; alu_s[10]              ;
; REMOVE_REDUNDANT_LOGIC_CELLS ; off   ; -    ; alu_s[10]              ;
; IGNORE_LCELL_BUFFERS         ; off   ; -    ; alu_s[9]               ;
; REMOVE_REDUNDANT_LOGIC_CELLS ; off   ; -    ; alu_s[9]               ;
; IGNORE_LCELL_BUFFERS         ; off   ; -    ; alu_s[8]               ;
; REMOVE_REDUNDANT_LOGIC_CELLS ; off   ; -    ; alu_s[8]               ;
; IGNORE_LCELL_BUFFERS         ; off   ; -    ; alu_s[7]               ;
; REMOVE_REDUNDANT_LOGIC_CELLS ; off   ; -    ; alu_s[7]               ;
; IGNORE_LCELL_BUFFERS         ; off   ; -    ; alu_s[6]               ;
; REMOVE_REDUNDANT_LOGIC_CELLS ; off   ; -    ; alu_s[6]               ;
; IGNORE_LCELL_BUFFERS         ; off   ; -    ; alu_s[5]               ;
; REMOVE_REDUNDANT_LOGIC_CELLS ; off   ; -    ; alu_s[5]               ;
; IGNORE_LCELL_BUFFERS         ; off   ; -    ; alu_s[4]               ;
; REMOVE_REDUNDANT_LOGIC_CELLS ; off   ; -    ; alu_s[4]               ;
; IGNORE_LCELL_BUFFERS         ; off   ; -    ; alu_s[3]               ;
; REMOVE_REDUNDANT_LOGIC_CELLS ; off   ; -    ; alu_s[3]               ;
; IGNORE_LCELL_BUFFERS         ; off   ; -    ; alu_s[2]               ;
; REMOVE_REDUNDANT_LOGIC_CELLS ; off   ; -    ; alu_s[2]               ;
; IGNORE_LCELL_BUFFERS         ; off   ; -    ; alu_s[1]               ;
; REMOVE_REDUNDANT_LOGIC_CELLS ; off   ; -    ; alu_s[1]               ;
; IGNORE_LCELL_BUFFERS         ; off   ; -    ; alu_s[0]               ;
; REMOVE_REDUNDANT_LOGIC_CELLS ; off   ; -    ; alu_s[0]               ;
; IGNORE_LCELL_BUFFERS         ; off   ; -    ; fl_s[3]                ;
; REMOVE_REDUNDANT_LOGIC_CELLS ; off   ; -    ; fl_s[3]                ;
; IGNORE_LCELL_BUFFERS         ; off   ; -    ; fl_s[2]                ;
; REMOVE_REDUNDANT_LOGIC_CELLS ; off   ; -    ; fl_s[2]                ;
; IGNORE_LCELL_BUFFERS         ; off   ; -    ; fl_s[1]                ;
; REMOVE_REDUNDANT_LOGIC_CELLS ; off   ; -    ; fl_s[1]                ;
; IGNORE_LCELL_BUFFERS         ; off   ; -    ; fl_s[0]                ;
; REMOVE_REDUNDANT_LOGIC_CELLS ; off   ; -    ; fl_s[0]                ;
; IGNORE_LCELL_BUFFERS         ; off   ; -    ; stack_s[15]            ;
; REMOVE_REDUNDANT_LOGIC_CELLS ; off   ; -    ; stack_s[15]            ;
; IGNORE_LCELL_BUFFERS         ; off   ; -    ; stack_s[14]            ;
; REMOVE_REDUNDANT_LOGIC_CELLS ; off   ; -    ; stack_s[14]            ;
; IGNORE_LCELL_BUFFERS         ; off   ; -    ; stack_s[13]            ;
; REMOVE_REDUNDANT_LOGIC_CELLS ; off   ; -    ; stack_s[13]            ;
; IGNORE_LCELL_BUFFERS         ; off   ; -    ; stack_s[12]            ;
; REMOVE_REDUNDANT_LOGIC_CELLS ; off   ; -    ; stack_s[12]            ;
; IGNORE_LCELL_BUFFERS         ; off   ; -    ; stack_s[11]            ;
; REMOVE_REDUNDANT_LOGIC_CELLS ; off   ; -    ; stack_s[11]            ;
; IGNORE_LCELL_BUFFERS         ; off   ; -    ; stack_s[10]            ;
; REMOVE_REDUNDANT_LOGIC_CELLS ; off   ; -    ; stack_s[10]            ;
; IGNORE_LCELL_BUFFERS         ; off   ; -    ; stack_s[9]             ;
; REMOVE_REDUNDANT_LOGIC_CELLS ; off   ; -    ; stack_s[9]             ;
; IGNORE_LCELL_BUFFERS         ; off   ; -    ; stack_s[8]             ;
; REMOVE_REDUNDANT_LOGIC_CELLS ; off   ; -    ; stack_s[8]             ;
; IGNORE_LCELL_BUFFERS         ; off   ; -    ; stack_s[7]             ;
; REMOVE_REDUNDANT_LOGIC_CELLS ; off   ; -    ; stack_s[7]             ;
; IGNORE_LCELL_BUFFERS         ; off   ; -    ; stack_s[6]             ;
; REMOVE_REDUNDANT_LOGIC_CELLS ; off   ; -    ; stack_s[6]             ;
; IGNORE_LCELL_BUFFERS         ; off   ; -    ; stack_s[5]             ;
; REMOVE_REDUNDANT_LOGIC_CELLS ; off   ; -    ; stack_s[5]             ;
; IGNORE_LCELL_BUFFERS         ; off   ; -    ; stack_s[4]             ;
; REMOVE_REDUNDANT_LOGIC_CELLS ; off   ; -    ; stack_s[4]             ;
; IGNORE_LCELL_BUFFERS         ; off   ; -    ; stack_s[3]             ;
; REMOVE_REDUNDANT_LOGIC_CELLS ; off   ; -    ; stack_s[3]             ;
; IGNORE_LCELL_BUFFERS         ; off   ; -    ; stack_s[2]             ;
; REMOVE_REDUNDANT_LOGIC_CELLS ; off   ; -    ; stack_s[2]             ;
; IGNORE_LCELL_BUFFERS         ; off   ; -    ; stack_s[1]             ;
; REMOVE_REDUNDANT_LOGIC_CELLS ; off   ; -    ; stack_s[1]             ;
; IGNORE_LCELL_BUFFERS         ; off   ; -    ; stack_s[0]             ;
; REMOVE_REDUNDANT_LOGIC_CELLS ; off   ; -    ; stack_s[0]             ;
+------------------------------+-------+------+------------------------+


+---------------------------------------------+
; Source assignments for pc_unit:u_pc         ;
+-------------------+-------+------+----------+
; Assignment        ; Value ; From ; To       ;
+-------------------+-------+------+----------+
; PRESERVE_REGISTER ; on    ; -    ; pc_r[0]  ;
; PRESERVE_REGISTER ; on    ; -    ; pc_r[1]  ;
; PRESERVE_REGISTER ; on    ; -    ; pc_r[2]  ;
; PRESERVE_REGISTER ; on    ; -    ; pc_r[3]  ;
; PRESERVE_REGISTER ; on    ; -    ; pc_r[4]  ;
; PRESERVE_REGISTER ; on    ; -    ; pc_r[5]  ;
; PRESERVE_REGISTER ; on    ; -    ; pc_r[6]  ;
; PRESERVE_REGISTER ; on    ; -    ; pc_r[7]  ;
; PRESERVE_REGISTER ; on    ; -    ; pc_r[8]  ;
; PRESERVE_REGISTER ; on    ; -    ; pc_r[9]  ;
; PRESERVE_REGISTER ; on    ; -    ; pc_r[10] ;
; PRESERVE_REGISTER ; on    ; -    ; pc_r[11] ;
; PRESERVE_REGISTER ; on    ; -    ; pc_r[12] ;
; PRESERVE_REGISTER ; on    ; -    ; pc_r[13] ;
; PRESERVE_REGISTER ; on    ; -    ; pc_r[14] ;
; PRESERVE_REGISTER ; on    ; -    ; pc_r[15] ;
+-------------------+-------+------+----------+


+----------------------------------------------+
; Source assignments for ir_pair:u_ir_pair     ;
+-------------------+-------+------+-----------+
; Assignment        ; Value ; From ; To        ;
+-------------------+-------+------+-----------+
; PRESERVE_REGISTER ; on    ; -    ; ir1_r[0]  ;
; PRESERVE_REGISTER ; on    ; -    ; ir1_r[1]  ;
; PRESERVE_REGISTER ; on    ; -    ; ir1_r[2]  ;
; PRESERVE_REGISTER ; on    ; -    ; ir1_r[3]  ;
; PRESERVE_REGISTER ; on    ; -    ; ir1_r[4]  ;
; PRESERVE_REGISTER ; on    ; -    ; ir1_r[5]  ;
; PRESERVE_REGISTER ; on    ; -    ; ir1_r[6]  ;
; PRESERVE_REGISTER ; on    ; -    ; ir1_r[7]  ;
; PRESERVE_REGISTER ; on    ; -    ; ir1_r[8]  ;
; PRESERVE_REGISTER ; on    ; -    ; ir1_r[9]  ;
; PRESERVE_REGISTER ; on    ; -    ; ir1_r[10] ;
; PRESERVE_REGISTER ; on    ; -    ; ir1_r[11] ;
; PRESERVE_REGISTER ; on    ; -    ; ir1_r[12] ;
; PRESERVE_REGISTER ; on    ; -    ; ir1_r[13] ;
; PRESERVE_REGISTER ; on    ; -    ; ir1_r[14] ;
; PRESERVE_REGISTER ; on    ; -    ; ir1_r[15] ;
; PRESERVE_REGISTER ; on    ; -    ; ir0_r[0]  ;
; PRESERVE_REGISTER ; on    ; -    ; ir0_r[1]  ;
; PRESERVE_REGISTER ; on    ; -    ; ir0_r[2]  ;
; PRESERVE_REGISTER ; on    ; -    ; ir0_r[3]  ;
; PRESERVE_REGISTER ; on    ; -    ; ir0_r[4]  ;
; PRESERVE_REGISTER ; on    ; -    ; ir0_r[5]  ;
; PRESERVE_REGISTER ; on    ; -    ; ir0_r[6]  ;
; PRESERVE_REGISTER ; on    ; -    ; ir0_r[7]  ;
; PRESERVE_REGISTER ; on    ; -    ; ir0_r[8]  ;
; PRESERVE_REGISTER ; on    ; -    ; ir0_r[9]  ;
; PRESERVE_REGISTER ; on    ; -    ; ir0_r[10] ;
; PRESERVE_REGISTER ; on    ; -    ; ir0_r[11] ;
; PRESERVE_REGISTER ; on    ; -    ; ir0_r[12] ;
; PRESERVE_REGISTER ; on    ; -    ; ir0_r[13] ;
; PRESERVE_REGISTER ; on    ; -    ; ir0_r[14] ;
; PRESERVE_REGISTER ; on    ; -    ; ir0_r[15] ;
+-------------------+-------+------+-----------+


+----------------------------------------------+
; Source assignments for state_ctl:u_state_ctl ;
+-------------------+-------+------+-----------+
; Assignment        ; Value ; From ; To        ;
+-------------------+-------+------+-----------+
; PRESERVE_REGISTER ; on    ; -    ; s_r[3]    ;
; PRESERVE_REGISTER ; on    ; -    ; s_r[2]    ;
; PRESERVE_REGISTER ; on    ; -    ; s_r[1]    ;
; PRESERVE_REGISTER ; on    ; -    ; s_r[0]    ;
; PRESERVE_REGISTER ; on    ; -    ; s_r[4]    ;
+-------------------+-------+------+-----------+


+-------------------------------------------+
; Source assignments for rf_port:u_rf       ;
+-------------------+-------+------+--------+
; Assignment        ; Value ; From ; To     ;
+-------------------+-------+------+--------+
; PRESERVE_REGISTER ; on    ; -    ; r2[0]  ;
; PRESERVE_REGISTER ; on    ; -    ; r2[1]  ;
; PRESERVE_REGISTER ; on    ; -    ; r2[2]  ;
; PRESERVE_REGISTER ; on    ; -    ; r2[3]  ;
; PRESERVE_REGISTER ; on    ; -    ; r2[4]  ;
; PRESERVE_REGISTER ; on    ; -    ; r2[5]  ;
; PRESERVE_REGISTER ; on    ; -    ; r2[6]  ;
; PRESERVE_REGISTER ; on    ; -    ; r2[7]  ;
; PRESERVE_REGISTER ; on    ; -    ; r2[8]  ;
; PRESERVE_REGISTER ; on    ; -    ; r2[9]  ;
; PRESERVE_REGISTER ; on    ; -    ; r2[10] ;
; PRESERVE_REGISTER ; on    ; -    ; r2[11] ;
; PRESERVE_REGISTER ; on    ; -    ; r2[12] ;
; PRESERVE_REGISTER ; on    ; -    ; r2[13] ;
; PRESERVE_REGISTER ; on    ; -    ; r2[14] ;
; PRESERVE_REGISTER ; on    ; -    ; r2[15] ;
; PRESERVE_REGISTER ; on    ; -    ; r1[0]  ;
; PRESERVE_REGISTER ; on    ; -    ; r1[1]  ;
; PRESERVE_REGISTER ; on    ; -    ; r1[2]  ;
; PRESERVE_REGISTER ; on    ; -    ; r1[3]  ;
; PRESERVE_REGISTER ; on    ; -    ; r1[4]  ;
; PRESERVE_REGISTER ; on    ; -    ; r1[5]  ;
; PRESERVE_REGISTER ; on    ; -    ; r1[6]  ;
; PRESERVE_REGISTER ; on    ; -    ; r1[7]  ;
; PRESERVE_REGISTER ; on    ; -    ; r1[8]  ;
; PRESERVE_REGISTER ; on    ; -    ; r1[9]  ;
; PRESERVE_REGISTER ; on    ; -    ; r1[10] ;
; PRESERVE_REGISTER ; on    ; -    ; r1[11] ;
; PRESERVE_REGISTER ; on    ; -    ; r1[12] ;
; PRESERVE_REGISTER ; on    ; -    ; r1[13] ;
; PRESERVE_REGISTER ; on    ; -    ; r1[14] ;
; PRESERVE_REGISTER ; on    ; -    ; r1[15] ;
+-------------------+-------+------+--------+


+-------------------------------------------+
; Source assignments for flags_hold:u_flags ;
+-------------------+-------+------+--------+
; Assignment        ; Value ; From ; To     ;
+-------------------+-------+------+--------+
; PRESERVE_REGISTER ; on    ; -    ; f_r[0] ;
; PRESERVE_REGISTER ; on    ; -    ; f_r[1] ;
; PRESERVE_REGISTER ; on    ; -    ; f_r[2] ;
; PRESERVE_REGISTER ; on    ; -    ; f_r[3] ;
+-------------------+-------+------+--------+


+--------------------------------------------+
; Source assignments for stack_exec:u_stack  ;
+-------------------+-------+------+---------+
; Assignment        ; Value ; From ; To      ;
+-------------------+-------+------+---------+
; PRESERVE_REGISTER ; on    ; -    ; sp_r[1] ;
; PRESERVE_REGISTER ; on    ; -    ; mem_r   ;
; PRESERVE_REGISTER ; on    ; -    ; sp_r[0] ;
; PRESERVE_REGISTER ; on    ; -    ; sp_r[2] ;
+-------------------+-------+------+---------+


+----------------------------------------------------------------------------------------------------------------------------------+
; Analysis & Elaboration Settings                                                                                                  ;
+----------------------------------------------------------------------------+----------------------------+------------------------+
; Option                                                                     ; Setting                    ; Default Value          ;
+----------------------------------------------------------------------------+----------------------------+------------------------+
; Top-level entity name                                                      ; section_2_4_common_ops_top ; section_2_4_common_ops ;
; Family name                                                                ; Cyclone II                 ; Stratix II             ;
; Use smart compilation                                                      ; Off                        ; Off                    ;
; Enable parallel Assembler and TimeQuest Timing Analyzer during compilation ; On                         ; On                     ;
; Enable compact report table                                                ; Off                        ; Off                    ;
; Restructure Multiplexers                                                   ; Auto                       ; Auto                   ;
; Create Debugging Nodes for IP Cores                                        ; Off                        ; Off                    ;
; Preserve fewer node names                                                  ; On                         ; On                     ;
; Disable OpenCore Plus hardware evaluation                                  ; Off                        ; Off                    ;
; Verilog Version                                                            ; Verilog_2001               ; Verilog_2001           ;
; VHDL Version                                                               ; VHDL_1993                  ; VHDL_1993              ;
; State Machine Processing                                                   ; Auto                       ; Auto                   ;
; Safe State Machine                                                         ; Off                        ; Off                    ;
; Extract Verilog State Machines                                             ; On                         ; On                     ;
; Extract VHDL State Machines                                                ; On                         ; On                     ;
; Ignore Verilog initial constructs                                          ; Off                        ; Off                    ;
; Iteration limit for constant Verilog loops                                 ; 5000                       ; 5000                   ;
; Iteration limit for non-constant Verilog loops                             ; 250                        ; 250                    ;
; Add Pass-Through Logic to Inferred RAMs                                    ; On                         ; On                     ;
; Parallel Synthesis                                                         ; On                         ; On                     ;
; DSP Block Balancing                                                        ; Auto                       ; Auto                   ;
; NOT Gate Push-Back                                                         ; On                         ; On                     ;
; Power-Up Don't Care                                                        ; On                         ; On                     ;
; Remove Redundant Logic Cells                                               ; Off                        ; Off                    ;
; Remove Duplicate Registers                                                 ; On                         ; On                     ;
; Ignore CARRY Buffers                                                       ; Off                        ; Off                    ;
; Ignore CASCADE Buffers                                                     ; Off                        ; Off                    ;
; Ignore GLOBAL Buffers                                                      ; Off                        ; Off                    ;
; Ignore ROW GLOBAL Buffers                                                  ; Off                        ; Off                    ;
; Ignore LCELL Buffers                                                       ; Off                        ; Off                    ;
; Ignore SOFT Buffers                                                        ; On                         ; On                     ;
; Limit AHDL Integers to 32 Bits                                             ; Off                        ; Off                    ;
; Optimization Technique                                                     ; Balanced                   ; Balanced               ;
; Carry Chain Length                                                         ; 70                         ; 70                     ;
; Auto Carry Chains                                                          ; On                         ; On                     ;
; Auto Open-Drain Pins                                                       ; On                         ; On                     ;
; Perform WYSIWYG Primitive Resynthesis                                      ; Off                        ; Off                    ;
; Auto ROM Replacement                                                       ; On                         ; On                     ;
; Auto RAM Replacement                                                       ; On                         ; On                     ;
; Auto Shift Register Replacement                                            ; Auto                       ; Auto                   ;
; Auto Clock Enable Replacement                                              ; On                         ; On                     ;
; Strict RAM Replacement                                                     ; Off                        ; Off                    ;
; Allow Synchronous Control Signals                                          ; On                         ; On                     ;
; Force Use of Synchronous Clear Signals                                     ; Off                        ; Off                    ;
; Auto RAM to Logic Cell Conversion                                          ; Off                        ; Off                    ;
; Auto Resource Sharing                                                      ; Off                        ; Off                    ;
; Allow Any RAM Size For Recognition                                         ; Off                        ; Off                    ;
; Allow Any ROM Size For Recognition                                         ; Off                        ; Off                    ;
; Allow Any Shift Register Size For Recognition                              ; Off                        ; Off                    ;
; Use LogicLock Constraints during Resource Balancing                        ; On                         ; On                     ;
; Ignore translate_off and synthesis_off directives                          ; Off                        ; Off                    ;
; Timing-Driven Synthesis                                                    ; Off                        ; Off                    ;
; Show Parameter Settings Tables in Synthesis Report                         ; On                         ; On                     ;
; Ignore Maximum Fan-Out Assignments                                         ; Off                        ; Off                    ;
; Synchronization Register Chain Length                                      ; 2                          ; 2                      ;
; PowerPlay Power Optimization                                               ; Normal compilation         ; Normal compilation     ;
; HDL message level                                                          ; Level2                     ; Level2                 ;
; Suppress Register Optimization Related Messages                            ; Off                        ; Off                    ;
; Number of Removed Registers Reported in Synthesis Report                   ; 100                        ; 100                    ;
; Number of Inverted Registers Reported in Synthesis Report                  ; 100                        ; 100                    ;
; Clock MUX Protection                                                       ; On                         ; On                     ;
; Auto Gated Clock Conversion                                                ; Off                        ; Off                    ;
; Block Design Naming                                                        ; Auto                       ; Auto                   ;
; SDC constraint protection                                                  ; Off                        ; Off                    ;
; Synthesis Effort                                                           ; Auto                       ; Auto                   ;
; Shift Register Replacement - Allow Asynchronous Clear Signal               ; On                         ; On                     ;
; Analysis & Synthesis Message Level                                         ; Medium                     ; Medium                 ;
; Disable Register Merging Across Hierarchies                                ; Auto                       ; Auto                   ;
; Resource Aware Inference For Block RAM                                     ; On                         ; On                     ;
+----------------------------------------------------------------------------+----------------------------+------------------------+


+----------------------------------------------------------------------------------------------------------------+
; Port Connectivity Checks: "stack_exec:u_stack"                                                                 ;
+------+--------+----------+-------------------------------------------------------------------------------------+
; Port ; Type   ; Severity ; Details                                                                             ;
+------+--------+----------+-------------------------------------------------------------------------------------+
; emp  ; Output ; Info     ; Connected to dangling logic. Logic that only feeds a dangling port will be removed. ;
; ful  ; Output ; Info     ; Connected to dangling logic. Logic that only feeds a dangling port will be removed. ;
+------+--------+----------+-------------------------------------------------------------------------------------+


+----------------------------------------------------------------------------------------------------------------+
; Port Connectivity Checks: "rf_port:u_rf"                                                                       ;
+------+--------+----------+-------------------------------------------------------------------------------------+
; Port ; Type   ; Severity ; Details                                                                             ;
+------+--------+----------+-------------------------------------------------------------------------------------+
; b    ; Output ; Info     ; Connected to dangling logic. Logic that only feeds a dangling port will be removed. ;
+------+--------+----------+-------------------------------------------------------------------------------------+


+---------------------------------+
; Analysis & Elaboration Messages ;
+---------------------------------+
Info: *******************************************************************
Info: Running Quartus II Analysis & Elaboration
    Info: Version 9.1 Build 222 10/21/2009 SJ Web Edition
    Info: Processing started: Sun May 24 21:23:45 2026
Info: Command: quartus_map --read_settings_files=on --write_settings_files=off section_2_4_common_ops -c section_2_4_common_ops --analysis_and_elaboration
Info: Found 26 design units, including 13 entities, in source file /git/sifovm/coursework_project/rtl_schemes/section_2_4_common_ops/src/section_2_4_common_ops_top.vhd
    Info: Found design unit 1: pc_unit-rtl
    Info: Found design unit 2: rom_fetch-rtl
    Info: Found design unit 3: ir_pair-rtl
    Info: Found design unit 4: op_decode-rtl
    Info: Found design unit 5: state_ctl-rtl
    Info: Found design unit 6: cache_path-rtl
    Info: Found design unit 7: rf_port-rtl
    Info: Found design unit 8: alu_exec-rtl
    Info: Found design unit 9: flags_hold-rtl
    Info: Found design unit 10: stack_exec-rtl
    Info: Found design unit 11: branch_pc-rtl
    Info: Found design unit 12: halt_ctl-rtl
    Info: Found design unit 13: section_2_4_common_ops_top-structural
    Info: Found entity 1: pc_unit
    Info: Found entity 2: rom_fetch
    Info: Found entity 3: ir_pair
    Info: Found entity 4: op_decode
    Info: Found entity 5: state_ctl
    Info: Found entity 6: cache_path
    Info: Found entity 7: rf_port
    Info: Found entity 8: alu_exec
    Info: Found entity 9: flags_hold
    Info: Found entity 10: stack_exec
    Info: Found entity 11: branch_pc
    Info: Found entity 12: halt_ctl
    Info: Found entity 13: section_2_4_common_ops_top
Info: Elaborating entity "section_2_4_common_ops_top" for the top level hierarchy
Warning (10036): Verilog HDL or VHDL warning at section_2_4_common_ops_top.vhd(518): object "rfb_s" assigned a value but never read
Warning (10036): Verilog HDL or VHDL warning at section_2_4_common_ops_top.vhd(531): object "st_emp_s" assigned a value but never read
Warning (10036): Verilog HDL or VHDL warning at section_2_4_common_ops_top.vhd(531): object "st_ful_s" assigned a value but never read
Info: Elaborating entity "pc_unit" for hierarchy "pc_unit:u_pc"
Info: Elaborating entity "rom_fetch" for hierarchy "rom_fetch:u_rom_fetch"
Info: Elaborating entity "ir_pair" for hierarchy "ir_pair:u_ir_pair"
Info: Elaborating entity "op_decode" for hierarchy "op_decode:u_decode"
Info: Elaborating entity "state_ctl" for hierarchy "state_ctl:u_state_ctl"
Info: Elaborating entity "rf_port" for hierarchy "rf_port:u_rf"
Info: Elaborating entity "cache_path" for hierarchy "cache_path:u_cache_path"
Info: Elaborating entity "alu_exec" for hierarchy "alu_exec:u_alu"
Info: Elaborating entity "flags_hold" for hierarchy "flags_hold:u_flags"
Info: Elaborating entity "stack_exec" for hierarchy "stack_exec:u_stack"
Info: Elaborating entity "branch_pc" for hierarchy "branch_pc:u_branch"
Info: Elaborating entity "halt_ctl" for hierarchy "halt_ctl:u_halt"
Info: Quartus II Analysis & Elaboration was successful. 0 errors, 3 warnings
    Info: Peak virtual memory: 248 megabytes
    Info: Processing ended: Sun May 24 21:23:46 2026
    Info: Elapsed time: 00:00:01
    Info: Total CPU time (on all processors): 00:00:01


