Flow report for section_2_4_common_ops
Sun May 24 21:23:46 2026
Quartus II Version 9.1 Build 222 10/21/2009 SJ Web Edition


---------------------
; Table of Contents ;
---------------------
  1. Legal Notice
  2. Flow Summary
  3. Flow Settings
  4. Flow Non-Default Global Settings
  5. Flow Elapsed Time
  6. Flow OS Summary
  7. Flow Log



----------------
; Legal Notice ;
----------------
Copyright (C) 1991-2009 Altera Corporation
Your use of Altera Corporation's design tools, logic functions 
and other software and tools, and its AMPP partner logic 
functions, and any output files from any of the foregoing 
(including device programming or simulation files), and any 
associated documentation or information are expressly subject 
to the terms and conditions of the Altera Program License 
Subscription Agreement, Altera MegaCore Function License 
Agreement, or other applicable license agreement, including, 
without limitation, that your use is for the sole purpose of 
programming logic devices manufactured by Altera and sold by 
Altera or its authorized distributors.  Please refer to the 
applicable agreement for further details.



+------------------------------------------------------------------------------+
; Flow Summary                                                                 ;
+------------------------------------+-----------------------------------------+
; Flow Status                        ; Successful - Sun May 24 21:23:46 2026   ;
; Quartus II Version                 ; 9.1 Build 222 10/21/2009 SJ Web Edition ;
; Revision Name                      ; section_2_4_common_ops                  ;
; Top-level Entity Name              ; section_2_4_common_ops_top              ;
; Family                             ; Cyclone II                              ;
; Met timing requirements            ; N/A                                     ;
; Total logic elements               ; N/A until Partition Merge               ;
;     Total combinational functions  ; N/A until Partition Merge               ;
;     Dedicated logic registers      ; N/A until Partition Merge               ;
; Total registers                    ; N/A until Partition Merge               ;
; Total pins                         ; N/A until Partition Merge               ;
; Total virtual pins                 ; N/A until Partition Merge               ;
; Total memory bits                  ; N/A until Partition Merge               ;
; Embedded Multiplier 9-bit elements ; N/A until Partition Merge               ;
; Total PLLs                         ; N/A until Partition Merge               ;
+------------------------------------+-----------------------------------------+


+--------------------------------------------+
; Flow Settings                              ;
+-------------------+------------------------+
; Option            ; Setting                ;
+-------------------+------------------------+
; Start date & time ; 05/24/2026 21:23:46    ;
; Main task         ; Compilation            ;
; Revision Name     ; section_2_4_common_ops ;
+-------------------+------------------------+


+--------------------------------------------------------------------------------------------------------------------------+
; Flow Non-Default Global Settings                                                                                         ;
+------------------------+------------------------------+------------------------+----------------------------+------------+
; Assignment Name        ; Value                        ; Default Value          ; Entity Name                ; Section Id ;
+------------------------+------------------------------+------------------------+----------------------------+------------+
; COMPILER_SIGNATURE_ID  ; 300159283300.177964702511228 ; --                     ; --                         ; --         ;
; PARTITION_COLOR        ; 16764057                     ; --                     ; section_2_4_common_ops_top ; Top        ;
; PARTITION_NETLIST_TYPE ; SOURCE                       ; --                     ; section_2_4_common_ops_top ; Top        ;
; TOP_LEVEL_ENTITY       ; section_2_4_common_ops_top   ; section_2_4_common_ops ; --                         ; --         ;
+------------------------+------------------------------+------------------------+----------------------------+------------+


+----------------------------------------------------------------------------------------------------------------------------+
; Flow Elapsed Time                                                                                                          ;
+------------------------+--------------+-------------------------+---------------------+------------------------------------+
; Module Name            ; Elapsed Time ; Average Processors Used ; Peak Virtual Memory ; Total CPU Time (on all processors) ;
+------------------------+--------------+-------------------------+---------------------+------------------------------------+
; Analysis & Elaboration ; 00:00:01     ; 1.0                     ; 248 MB              ; 00:00:01                           ;
; Total                  ; 00:00:01     ; --                      ; --                  ; 00:00:01                           ;
+------------------------+--------------+-------------------------+---------------------+------------------------------------+


+-----------------------------------------------------------------------------------------+
; Flow OS Summary                                                                         ;
+------------------------+------------------+---------------+------------+----------------+
; Module Name            ; Machine Hostname ; OS Name       ; OS Version ; Processor type ;
+------------------------+------------------+---------------+------------+----------------+
; Analysis & Elaboration ; WIN-LOA9MVM5AL7  ; Windows Vista ; 6.2        ; x86_64         ;
+------------------------+------------------+---------------+------------+----------------+


------------
; Flow Log ;
------------
quartus_map --read_settings_files=on --write_settings_files=off section_2_4_common_ops -c section_2_4_common_ops --analysis_and_elaboration



