--------------------------------------------------------------------------------------
Timing Analyzer Summary
--------------------------------------------------------------------------------------

Type           : Worst-case tsu
Slack          : N/A
Required Time  : None
Actual Time    : 12.010 ns
From           : RESET
To             : system_core:U_SYSTEM|cache_4way_age:U_CACHE|data_r[14][2][14]
From Clock     : --
To Clock       : CLK
Failed Paths   : 0

Type           : Worst-case tco
Slack          : N/A
Required Time  : None
Actual Time    : 15.054 ns
From           : system_core:U_SYSTEM|cpu_core:U_CPU|pc_r[1]
To             : DBG_BP_TARGET[5]
From Clock     : CLK
To Clock       : --
Failed Paths   : 0

Type           : Worst-case tpd
Slack          : N/A
Required Time  : None
Actual Time    : 12.233 ns
From           : DMA_DATA[9]
To             : DBG_RAM_WDATA[9]
From Clock     : --
To Clock       : --
Failed Paths   : 0

Type           : Worst-case th
Slack          : N/A
Required Time  : None
Actual Time    : -3.454 ns
From           : RESET
To             : system_core:U_SYSTEM|cache_4way_age:U_CACHE|tag_r[15][1][6]
From Clock     : --
To Clock       : CLK
Failed Paths   : 0

Type           : Clock Setup: 'CLK'
Slack          : N/A
Required Time  : None
Actual Time    : 71.31 MHz ( period = 14.023 ns )
From           : system_core:U_SYSTEM|cpu_core:U_CPU|ir1_r[2]
To             : system_core:U_SYSTEM|cache_4way_age:U_CACHE|victim_r[1]
From Clock     : CLK
To Clock       : CLK
Failed Paths   : 0

Type           : Total number of failed paths
Slack          : 
Required Time  : 
Actual Time    : 
From           : 
To             : 
From Clock     : 
To Clock       : 
Failed Paths   : 0

--------------------------------------------------------------------------------------

