Flow report for rtl_appendix
Tue May 19 01:41:07 2026
Quartus II Version 9.1 Build 222 10/21/2009 SJ Web Edition


---------------------
; Table of Contents ;
---------------------
  1. Legal Notice
  2. Flow Summary
  3. Flow Settings
  4. Flow Non-Default Global Settings
  5. Flow Elapsed Time
  6. Flow OS Summary
  7. Flow Log



----------------
; Legal Notice ;
----------------
Copyright (C) 1991-2009 Altera Corporation
Your use of Altera Corporation's design tools, logic functions 
and other software and tools, and its AMPP partner logic 
functions, and any output files from any of the foregoing 
(including device programming or simulation files), and any 
associated documentation or information are expressly subject 
to the terms and conditions of the Altera Program License 
Subscription Agreement, Altera MegaCore Function License 
Agreement, or other applicable license agreement, including, 
without limitation, that your use is for the sole purpose of 
programming logic devices manufactured by Altera and sold by 
Altera or its authorized distributors.  Please refer to the 
applicable agreement for further details.



+------------------------------------------------------------------------------+
; Flow Summary                                                                 ;
+------------------------------------+-----------------------------------------+
; Flow Status                        ; Successful - Tue May 19 01:41:07 2026   ;
; Quartus II Version                 ; 9.1 Build 222 10/21/2009 SJ Web Edition ;
; Revision Name                      ; rtl_appendix                            ;
; Top-level Entity Name              ; rtl_appendix_all_top                    ;
; Family                             ; Cyclone II                              ;
; Met timing requirements            ; N/A                                     ;
; Total logic elements               ; 12,963                                  ;
;     Total combinational functions  ; 6,240                                   ;
;     Dedicated logic registers      ; 7,246                                   ;
; Total registers                    ; 7246                                    ;
; Total pins                         ; 76                                      ;
; Total virtual pins                 ; 0                                       ;
; Total memory bits                  ; 0                                       ;
; Embedded Multiplier 9-bit elements ; 0                                       ;
; Total PLLs                         ; 0                                       ;
+------------------------------------+-----------------------------------------+


+-----------------------------------------+
; Flow Settings                           ;
+-------------------+---------------------+
; Option            ; Setting             ;
+-------------------+---------------------+
; Start date & time ; 05/19/2026 01:40:24 ;
; Main task         ; Compilation         ;
; Revision Name     ; rtl_appendix        ;
+-------------------+---------------------+


+-----------------------------------------------------------------------------------------------------------+
; Flow Non-Default Global Settings                                                                          ;
+------------------------+------------------------------+---------------+----------------------+------------+
; Assignment Name        ; Value                        ; Default Value ; Entity Name          ; Section Id ;
+------------------------+------------------------------+---------------+----------------------+------------+
; COMPILER_SIGNATURE_ID  ; 300159283300.177914402406992 ; --            ; --                   ; --         ;
; PARTITION_COLOR        ; 16764057                     ; --            ; rtl_appendix_all_top ; Top        ;
; PARTITION_NETLIST_TYPE ; SOURCE                       ; --            ; rtl_appendix_all_top ; Top        ;
; TOP_LEVEL_ENTITY       ; rtl_appendix_all_top         ; rtl_appendix  ; --                   ; --         ;
+------------------------+------------------------------+---------------+----------------------+------------+


+--------------------------------------------------------------------------------------------------------------------------+
; Flow Elapsed Time                                                                                                        ;
+----------------------+--------------+-------------------------+---------------------+------------------------------------+
; Module Name          ; Elapsed Time ; Average Processors Used ; Peak Virtual Memory ; Total CPU Time (on all processors) ;
+----------------------+--------------+-------------------------+---------------------+------------------------------------+
; Analysis & Synthesis ; 00:00:43     ; 1.0                     ; 273 MB              ; 00:00:42                           ;
; Total                ; 00:00:43     ; --                      ; --                  ; 00:00:42                           ;
+----------------------+--------------+-------------------------+---------------------+------------------------------------+


+---------------------------------------------------------------------------------------+
; Flow OS Summary                                                                       ;
+----------------------+------------------+---------------+------------+----------------+
; Module Name          ; Machine Hostname ; OS Name       ; OS Version ; Processor type ;
+----------------------+------------------+---------------+------------+----------------+
; Analysis & Synthesis ; WIN-LOA9MVM5AL7  ; Windows Vista ; 6.2        ; x86_64         ;
+----------------------+------------------+---------------+------------+----------------+


------------
; Flow Log ;
------------
quartus_map --read_settings_files=on --write_settings_files=off rtl_appendix -c rtl_appendix



