Analysis & Synthesis report for appendix_k_predictor
Sun May 24 13:56:31 2026
Quartus II Version 9.1 Build 222 10/21/2009 SJ Web Edition


---------------------
; Table of Contents ;
---------------------
  1. Legal Notice
  2. Analysis & Synthesis Summary
  3. Analysis & Synthesis Settings
  4. Parallel Compilation
  5. Analysis & Synthesis Source Files Read
  6. Analysis & Synthesis Resource Usage Summary
  7. Analysis & Synthesis Resource Utilization by Entity
  8. Registers Protected by Synthesis
  9. General Register Statistics
 10. Inverted Register Statistics
 11. Multiplexer Restructuring Statistics (Restructuring Performed)
 12. Source assignments for Top-level Entity: |appendix_k_predictor_top
 13. Source assignments for gh:u_gh
 14. Source assignments for ph:u_ph
 15. Source assignments for bt:u_bt
 16. Source assignments for vl:u_vl
 17. Analysis & Synthesis Messages



----------------
; Legal Notice ;
----------------
Copyright (C) 1991-2009 Altera Corporation
Your use of Altera Corporation's design tools, logic functions 
and other software and tools, and its AMPP partner logic 
functions, and any output files from any of the foregoing 
(including device programming or simulation files), and any 
associated documentation or information are expressly subject 
to the terms and conditions of the Altera Program License 
Subscription Agreement, Altera MegaCore Function License 
Agreement, or other applicable license agreement, including, 
without limitation, that your use is for the sole purpose of 
programming logic devices manufactured by Altera and sold by 
Altera or its authorized distributors.  Please refer to the 
applicable agreement for further details.



+------------------------------------------------------------------------------+
; Analysis & Synthesis Summary                                                 ;
+------------------------------------+-----------------------------------------+
; Analysis & Synthesis Status        ; Successful - Sun May 24 13:56:31 2026   ;
; Quartus II Version                 ; 9.1 Build 222 10/21/2009 SJ Web Edition ;
; Revision Name                      ; appendix_k_predictor                    ;
; Top-level Entity Name              ; appendix_k_predictor_top                ;
; Family                             ; Cyclone II                              ;
; Total logic elements               ; 595                                     ;
;     Total combinational functions  ; 325                                     ;
;     Dedicated logic registers      ; 306                                     ;
; Total registers                    ; 306                                     ;
; Total pins                         ; 78                                      ;
; Total virtual pins                 ; 0                                       ;
; Total memory bits                  ; 0                                       ;
; Embedded Multiplier 9-bit elements ; 0                                       ;
; Total PLLs                         ; 0                                       ;
+------------------------------------+-----------------------------------------+


+------------------------------------------------------------------------------------------------------------------------------+
; Analysis & Synthesis Settings                                                                                                ;
+----------------------------------------------------------------------------+--------------------------+----------------------+
; Option                                                                     ; Setting                  ; Default Value        ;
+----------------------------------------------------------------------------+--------------------------+----------------------+
; Top-level entity name                                                      ; appendix_k_predictor_top ; appendix_k_predictor ;
; Family name                                                                ; Cyclone II               ; Stratix II           ;
; Use smart compilation                                                      ; Off                      ; Off                  ;
; Enable parallel Assembler and TimeQuest Timing Analyzer during compilation ; On                       ; On                   ;
; Enable compact report table                                                ; Off                      ; Off                  ;
; Restructure Multiplexers                                                   ; Auto                     ; Auto                 ;
; Create Debugging Nodes for IP Cores                                        ; Off                      ; Off                  ;
; Preserve fewer node names                                                  ; On                       ; On                   ;
; Disable OpenCore Plus hardware evaluation                                  ; Off                      ; Off                  ;
; Verilog Version                                                            ; Verilog_2001             ; Verilog_2001         ;
; VHDL Version                                                               ; VHDL_1993                ; VHDL_1993            ;
; State Machine Processing                                                   ; Auto                     ; Auto                 ;
; Safe State Machine                                                         ; Off                      ; Off                  ;
; Extract Verilog State Machines                                             ; On                       ; On                   ;
; Extract VHDL State Machines                                                ; On                       ; On                   ;
; Ignore Verilog initial constructs                                          ; Off                      ; Off                  ;
; Iteration limit for constant Verilog loops                                 ; 5000                     ; 5000                 ;
; Iteration limit for non-constant Verilog loops                             ; 250                      ; 250                  ;
; Add Pass-Through Logic to Inferred RAMs                                    ; On                       ; On                   ;
; Parallel Synthesis                                                         ; On                       ; On                   ;
; DSP Block Balancing                                                        ; Auto                     ; Auto                 ;
; NOT Gate Push-Back                                                         ; On                       ; On                   ;
; Power-Up Don't Care                                                        ; On                       ; On                   ;
; Remove Redundant Logic Cells                                               ; Off                      ; Off                  ;
; Remove Duplicate Registers                                                 ; On                       ; On                   ;
; Ignore CARRY Buffers                                                       ; Off                      ; Off                  ;
; Ignore CASCADE Buffers                                                     ; Off                      ; Off                  ;
; Ignore GLOBAL Buffers                                                      ; Off                      ; Off                  ;
; Ignore ROW GLOBAL Buffers                                                  ; Off                      ; Off                  ;
; Ignore LCELL Buffers                                                       ; Off                      ; Off                  ;
; Ignore SOFT Buffers                                                        ; On                       ; On                   ;
; Limit AHDL Integers to 32 Bits                                             ; Off                      ; Off                  ;
; Optimization Technique                                                     ; Balanced                 ; Balanced             ;
; Carry Chain Length                                                         ; 70                       ; 70                   ;
; Auto Carry Chains                                                          ; On                       ; On                   ;
; Auto Open-Drain Pins                                                       ; On                       ; On                   ;
; Perform WYSIWYG Primitive Resynthesis                                      ; Off                      ; Off                  ;
; Auto ROM Replacement                                                       ; On                       ; On                   ;
; Auto RAM Replacement                                                       ; On                       ; On                   ;
; Auto Shift Register Replacement                                            ; Auto                     ; Auto                 ;
; Auto Clock Enable Replacement                                              ; On                       ; On                   ;
; Strict RAM Replacement                                                     ; Off                      ; Off                  ;
; Allow Synchronous Control Signals                                          ; On                       ; On                   ;
; Force Use of Synchronous Clear Signals                                     ; Off                      ; Off                  ;
; Auto RAM to Logic Cell Conversion                                          ; Off                      ; Off                  ;
; Auto Resource Sharing                                                      ; Off                      ; Off                  ;
; Allow Any RAM Size For Recognition                                         ; Off                      ; Off                  ;
; Allow Any ROM Size For Recognition                                         ; Off                      ; Off                  ;
; Allow Any Shift Register Size For Recognition                              ; Off                      ; Off                  ;
; Use LogicLock Constraints during Resource Balancing                        ; On                       ; On                   ;
; Ignore translate_off and synthesis_off directives                          ; Off                      ; Off                  ;
; Timing-Driven Synthesis                                                    ; Off                      ; Off                  ;
; Show Parameter Settings Tables in Synthesis Report                         ; On                       ; On                   ;
; Ignore Maximum Fan-Out Assignments                                         ; Off                      ; Off                  ;
; Synchronization Register Chain Length                                      ; 2                        ; 2                    ;
; PowerPlay Power Optimization                                               ; Normal compilation       ; Normal compilation   ;
; HDL message level                                                          ; Level2                   ; Level2               ;
; Suppress Register Optimization Related Messages                            ; Off                      ; Off                  ;
; Number of Removed Registers Reported in Synthesis Report                   ; 100                      ; 100                  ;
; Number of Inverted Registers Reported in Synthesis Report                  ; 100                      ; 100                  ;
; Clock MUX Protection                                                       ; On                       ; On                   ;
; Auto Gated Clock Conversion                                                ; Off                      ; Off                  ;
; Block Design Naming                                                        ; Auto                     ; Auto                 ;
; SDC constraint protection                                                  ; Off                      ; Off                  ;
; Synthesis Effort                                                           ; Auto                     ; Auto                 ;
; Shift Register Replacement - Allow Asynchronous Clear Signal               ; On                       ; On                   ;
; Analysis & Synthesis Message Level                                         ; Medium                   ; Medium               ;
; Disable Register Merging Across Hierarchies                                ; Auto                     ; Auto                 ;
; Resource Aware Inference For Block RAM                                     ; On                       ; On                   ;
+----------------------------------------------------------------------------+--------------------------+----------------------+


Parallel compilation was disabled, but you have multiple processors available. Enable parallel compilation to reduce compilation time.
+-------------------------------------+
; Parallel Compilation                ;
+----------------------------+--------+
; Processors                 ; Number ;
+----------------------------+--------+
; Number detected on machine ; 12     ;
; Maximum allowed            ; 1      ;
+----------------------------+--------+


+------------------------------------------------------------------------------------------------------------------------------------------------------------------------------+
; Analysis & Synthesis Source Files Read                                                                                                                                       ;
+-------------------------------------+-----------------+-----------------+----------------------------------------------------------------------------------------------------+
; File Name with User-Entered Path    ; Used in Netlist ; File Type       ; File Name with Absolute Path                                                                       ;
+-------------------------------------+-----------------+-----------------+----------------------------------------------------------------------------------------------------+
; ../../../src/microcomputer_pkg.vhd  ; yes             ; User VHDL File  ; D:/git/sifovm/coursework_project/src/microcomputer_pkg.vhd                                         ;
; ../src/appendix_k_predictor_top.vhd ; yes             ; User VHDL File  ; D:/git/sifovm/coursework_project/rtl_schemes/appendix_k_predictor/src/appendix_k_predictor_top.vhd ;
+-------------------------------------+-----------------+-----------------+----------------------------------------------------------------------------------------------------+


+-----------------------------------------------------+
; Analysis & Synthesis Resource Usage Summary         ;
+---------------------------------------------+-------+
; Resource                                    ; Usage ;
+---------------------------------------------+-------+
; Estimated Total logic elements              ; 595   ;
;                                             ;       ;
; Total combinational functions               ; 325   ;
; Logic element usage by number of LUT inputs ;       ;
;     -- 4 input functions                    ; 274   ;
;     -- 3 input functions                    ; 20    ;
;     -- <=2 input functions                  ; 31    ;
;                                             ;       ;
; Logic elements by mode                      ;       ;
;     -- normal mode                          ; 325   ;
;     -- arithmetic mode                      ; 0     ;
;                                             ;       ;
; Total registers                             ; 306   ;
;     -- Dedicated logic registers            ; 306   ;
;     -- I/O registers                        ; 0     ;
;                                             ;       ;
; I/O pins                                    ; 78    ;
; Maximum fan-out node                        ; clk   ;
; Maximum fan-out                             ; 306   ;
; Total fan-out                               ; 2177  ;
; Average fan-out                             ; 3.07  ;
+---------------------------------------------+-------+


+-------------------------------------------------------------------------------------------------------------------------------------------------------------------------------------------+
; Analysis & Synthesis Resource Utilization by Entity                                                                                                                                       ;
+----------------------------+-------------------+--------------+-------------+--------------+---------+-----------+------+--------------+-----------------------------------+--------------+
; Compilation Hierarchy Node ; LC Combinationals ; LC Registers ; Memory Bits ; DSP Elements ; DSP 9x9 ; DSP 18x18 ; Pins ; Virtual Pins ; Full Hierarchy Name               ; Library Name ;
+----------------------------+-------------------+--------------+-------------+--------------+---------+-----------+------+--------------+-----------------------------------+--------------+
; |appendix_k_predictor_top  ; 325 (34)          ; 306 (0)      ; 0           ; 0            ; 0       ; 0         ; 78   ; 0            ; |appendix_k_predictor_top         ; work         ;
;    |bt:u_bt|               ; 176 (176)         ; 256 (256)    ; 0           ; 0            ; 0       ; 0         ; 0    ; 0            ; |appendix_k_predictor_top|bt:u_bt ;              ;
;    |gh:u_gh|               ; 3 (3)             ; 2 (2)        ; 0           ; 0            ; 0       ; 0         ; 0    ; 0            ; |appendix_k_predictor_top|gh:u_gh ;              ;
;    |ph:u_ph|               ; 54 (54)           ; 32 (32)      ; 0           ; 0            ; 0       ; 0         ; 0    ; 0            ; |appendix_k_predictor_top|ph:u_ph ; work         ;
;    |pr:u_pr|               ; 17 (17)           ; 0 (0)        ; 0           ; 0            ; 0       ; 0         ; 0    ; 0            ; |appendix_k_predictor_top|pr:u_pr ; work         ;
;    |vl:u_vl|               ; 41 (41)           ; 16 (16)      ; 0           ; 0            ; 0       ; 0         ; 0    ; 0            ; |appendix_k_predictor_top|vl:u_vl ; work         ;
+----------------------------+-------------------+--------------+-------------+--------------+---------+-----------+------+--------------+-----------------------------------+--------------+
Note: For table entries with two numbers listed, the numbers in parentheses indicate the number of resources of the given type used by the specific entity alone. The numbers listed outside of parentheses indicate the total resources of the given type used by the specific entity and all of its sub-entities in the hierarchy.


+-----------------------------------------------------------------------------------------------------------------------------------+
; Registers Protected by Synthesis                                                                                                  ;
+-------------------+------------------------------------------------------------------+--------------------------------------------+
; Register Name     ; Protected by Synthesis Attribute or Preserve Register Assignment ; Not to be Touched by Netlist Optimizations ;
+-------------------+------------------------------------------------------------------+--------------------------------------------+
; gh:u_gh|r[0]      ; yes                                                              ; yes                                        ;
; gh:u_gh|r[1]      ; yes                                                              ; yes                                        ;
; ph:u_ph|m[5][1]   ; yes                                                              ; yes                                        ;
; ph:u_ph|m[9][1]   ; yes                                                              ; yes                                        ;
; ph:u_ph|m[1][1]   ; yes                                                              ; yes                                        ;
; ph:u_ph|m[13][1]  ; yes                                                              ; yes                                        ;
; ph:u_ph|m[10][1]  ; yes                                                              ; yes                                        ;
; ph:u_ph|m[6][1]   ; yes                                                              ; yes                                        ;
; ph:u_ph|m[2][1]   ; yes                                                              ; yes                                        ;
; ph:u_ph|m[14][1]  ; yes                                                              ; yes                                        ;
; ph:u_ph|m[4][1]   ; yes                                                              ; yes                                        ;
; ph:u_ph|m[8][1]   ; yes                                                              ; yes                                        ;
; ph:u_ph|m[0][1]   ; yes                                                              ; yes                                        ;
; ph:u_ph|m[12][1]  ; yes                                                              ; yes                                        ;
; ph:u_ph|m[11][1]  ; yes                                                              ; yes                                        ;
; ph:u_ph|m[7][1]   ; yes                                                              ; yes                                        ;
; ph:u_ph|m[3][1]   ; yes                                                              ; yes                                        ;
; ph:u_ph|m[15][1]  ; yes                                                              ; yes                                        ;
; vl:u_vl|m[6]      ; yes                                                              ; yes                                        ;
; vl:u_vl|m[5]      ; yes                                                              ; yes                                        ;
; vl:u_vl|m[4]      ; yes                                                              ; yes                                        ;
; vl:u_vl|m[7]      ; yes                                                              ; yes                                        ;
; vl:u_vl|m[9]      ; yes                                                              ; yes                                        ;
; vl:u_vl|m[10]     ; yes                                                              ; yes                                        ;
; vl:u_vl|m[8]      ; yes                                                              ; yes                                        ;
; vl:u_vl|m[11]     ; yes                                                              ; yes                                        ;
; vl:u_vl|m[2]      ; yes                                                              ; yes                                        ;
; vl:u_vl|m[1]      ; yes                                                              ; yes                                        ;
; vl:u_vl|m[0]      ; yes                                                              ; yes                                        ;
; vl:u_vl|m[3]      ; yes                                                              ; yes                                        ;
; vl:u_vl|m[13]     ; yes                                                              ; yes                                        ;
; vl:u_vl|m[14]     ; yes                                                              ; yes                                        ;
; vl:u_vl|m[12]     ; yes                                                              ; yes                                        ;
; vl:u_vl|m[15]     ; yes                                                              ; yes                                        ;
; bt:u_bt|m[6][0]   ; yes                                                              ; yes                                        ;
; bt:u_bt|m[10][0]  ; yes                                                              ; yes                                        ;
; bt:u_bt|m[2][0]   ; yes                                                              ; yes                                        ;
; bt:u_bt|m[14][0]  ; yes                                                              ; yes                                        ;
; bt:u_bt|m[9][0]   ; yes                                                              ; yes                                        ;
; bt:u_bt|m[5][0]   ; yes                                                              ; yes                                        ;
; bt:u_bt|m[1][0]   ; yes                                                              ; yes                                        ;
; bt:u_bt|m[13][0]  ; yes                                                              ; yes                                        ;
; bt:u_bt|m[8][0]   ; yes                                                              ; yes                                        ;
; bt:u_bt|m[4][0]   ; yes                                                              ; yes                                        ;
; bt:u_bt|m[0][0]   ; yes                                                              ; yes                                        ;
; bt:u_bt|m[12][0]  ; yes                                                              ; yes                                        ;
; bt:u_bt|m[7][0]   ; yes                                                              ; yes                                        ;
; bt:u_bt|m[11][0]  ; yes                                                              ; yes                                        ;
; bt:u_bt|m[3][0]   ; yes                                                              ; yes                                        ;
; bt:u_bt|m[15][0]  ; yes                                                              ; yes                                        ;
; bt:u_bt|m[10][1]  ; yes                                                              ; yes                                        ;
; bt:u_bt|m[9][1]   ; yes                                                              ; yes                                        ;
; bt:u_bt|m[8][1]   ; yes                                                              ; yes                                        ;
; bt:u_bt|m[11][1]  ; yes                                                              ; yes                                        ;
; bt:u_bt|m[5][1]   ; yes                                                              ; yes                                        ;
; bt:u_bt|m[6][1]   ; yes                                                              ; yes                                        ;
; bt:u_bt|m[4][1]   ; yes                                                              ; yes                                        ;
; bt:u_bt|m[7][1]   ; yes                                                              ; yes                                        ;
; bt:u_bt|m[1][1]   ; yes                                                              ; yes                                        ;
; bt:u_bt|m[2][1]   ; yes                                                              ; yes                                        ;
; bt:u_bt|m[0][1]   ; yes                                                              ; yes                                        ;
; bt:u_bt|m[3][1]   ; yes                                                              ; yes                                        ;
; bt:u_bt|m[14][1]  ; yes                                                              ; yes                                        ;
; bt:u_bt|m[13][1]  ; yes                                                              ; yes                                        ;
; bt:u_bt|m[12][1]  ; yes                                                              ; yes                                        ;
; bt:u_bt|m[15][1]  ; yes                                                              ; yes                                        ;
; bt:u_bt|m[5][2]   ; yes                                                              ; yes                                        ;
; bt:u_bt|m[9][2]   ; yes                                                              ; yes                                        ;
; bt:u_bt|m[1][2]   ; yes                                                              ; yes                                        ;
; bt:u_bt|m[13][2]  ; yes                                                              ; yes                                        ;
; bt:u_bt|m[10][2]  ; yes                                                              ; yes                                        ;
; bt:u_bt|m[6][2]   ; yes                                                              ; yes                                        ;
; bt:u_bt|m[2][2]   ; yes                                                              ; yes                                        ;
; bt:u_bt|m[14][2]  ; yes                                                              ; yes                                        ;
; bt:u_bt|m[4][2]   ; yes                                                              ; yes                                        ;
; bt:u_bt|m[8][2]   ; yes                                                              ; yes                                        ;
; bt:u_bt|m[0][2]   ; yes                                                              ; yes                                        ;
; bt:u_bt|m[12][2]  ; yes                                                              ; yes                                        ;
; bt:u_bt|m[11][2]  ; yes                                                              ; yes                                        ;
; bt:u_bt|m[7][2]   ; yes                                                              ; yes                                        ;
; bt:u_bt|m[3][2]   ; yes                                                              ; yes                                        ;
; bt:u_bt|m[15][2]  ; yes                                                              ; yes                                        ;
; bt:u_bt|m[6][3]   ; yes                                                              ; yes                                        ;
; bt:u_bt|m[5][3]   ; yes                                                              ; yes                                        ;
; bt:u_bt|m[4][3]   ; yes                                                              ; yes                                        ;
; bt:u_bt|m[7][3]   ; yes                                                              ; yes                                        ;
; bt:u_bt|m[9][3]   ; yes                                                              ; yes                                        ;
; bt:u_bt|m[10][3]  ; yes                                                              ; yes                                        ;
; bt:u_bt|m[8][3]   ; yes                                                              ; yes                                        ;
; bt:u_bt|m[11][3]  ; yes                                                              ; yes                                        ;
; bt:u_bt|m[2][3]   ; yes                                                              ; yes                                        ;
; bt:u_bt|m[1][3]   ; yes                                                              ; yes                                        ;
; bt:u_bt|m[0][3]   ; yes                                                              ; yes                                        ;
; bt:u_bt|m[3][3]   ; yes                                                              ; yes                                        ;
; bt:u_bt|m[13][3]  ; yes                                                              ; yes                                        ;
; bt:u_bt|m[14][3]  ; yes                                                              ; yes                                        ;
; bt:u_bt|m[12][3]  ; yes                                                              ; yes                                        ;
; bt:u_bt|m[15][3]  ; yes                                                              ; yes                                        ;
; bt:u_bt|m[6][4]   ; yes                                                              ; yes                                        ;
; bt:u_bt|m[10][4]  ; yes                                                              ; yes                                        ;
; bt:u_bt|m[2][4]   ; yes                                                              ; yes                                        ;
; bt:u_bt|m[14][4]  ; yes                                                              ; yes                                        ;
; bt:u_bt|m[9][4]   ; yes                                                              ; yes                                        ;
; bt:u_bt|m[5][4]   ; yes                                                              ; yes                                        ;
; bt:u_bt|m[1][4]   ; yes                                                              ; yes                                        ;
; bt:u_bt|m[13][4]  ; yes                                                              ; yes                                        ;
; bt:u_bt|m[8][4]   ; yes                                                              ; yes                                        ;
; bt:u_bt|m[4][4]   ; yes                                                              ; yes                                        ;
; bt:u_bt|m[0][4]   ; yes                                                              ; yes                                        ;
; bt:u_bt|m[12][4]  ; yes                                                              ; yes                                        ;
; bt:u_bt|m[7][4]   ; yes                                                              ; yes                                        ;
; bt:u_bt|m[11][4]  ; yes                                                              ; yes                                        ;
; bt:u_bt|m[3][4]   ; yes                                                              ; yes                                        ;
; bt:u_bt|m[15][4]  ; yes                                                              ; yes                                        ;
; bt:u_bt|m[10][5]  ; yes                                                              ; yes                                        ;
; bt:u_bt|m[9][5]   ; yes                                                              ; yes                                        ;
; bt:u_bt|m[8][5]   ; yes                                                              ; yes                                        ;
; bt:u_bt|m[11][5]  ; yes                                                              ; yes                                        ;
; bt:u_bt|m[5][5]   ; yes                                                              ; yes                                        ;
; bt:u_bt|m[6][5]   ; yes                                                              ; yes                                        ;
; bt:u_bt|m[4][5]   ; yes                                                              ; yes                                        ;
; bt:u_bt|m[7][5]   ; yes                                                              ; yes                                        ;
; bt:u_bt|m[1][5]   ; yes                                                              ; yes                                        ;
; bt:u_bt|m[2][5]   ; yes                                                              ; yes                                        ;
; bt:u_bt|m[0][5]   ; yes                                                              ; yes                                        ;
; bt:u_bt|m[3][5]   ; yes                                                              ; yes                                        ;
; bt:u_bt|m[14][5]  ; yes                                                              ; yes                                        ;
; bt:u_bt|m[13][5]  ; yes                                                              ; yes                                        ;
; bt:u_bt|m[12][5]  ; yes                                                              ; yes                                        ;
; bt:u_bt|m[15][5]  ; yes                                                              ; yes                                        ;
; bt:u_bt|m[5][6]   ; yes                                                              ; yes                                        ;
; bt:u_bt|m[9][6]   ; yes                                                              ; yes                                        ;
; bt:u_bt|m[1][6]   ; yes                                                              ; yes                                        ;
; bt:u_bt|m[13][6]  ; yes                                                              ; yes                                        ;
; bt:u_bt|m[10][6]  ; yes                                                              ; yes                                        ;
; bt:u_bt|m[6][6]   ; yes                                                              ; yes                                        ;
; bt:u_bt|m[2][6]   ; yes                                                              ; yes                                        ;
; bt:u_bt|m[14][6]  ; yes                                                              ; yes                                        ;
; bt:u_bt|m[4][6]   ; yes                                                              ; yes                                        ;
; bt:u_bt|m[8][6]   ; yes                                                              ; yes                                        ;
; bt:u_bt|m[0][6]   ; yes                                                              ; yes                                        ;
; bt:u_bt|m[12][6]  ; yes                                                              ; yes                                        ;
; bt:u_bt|m[11][6]  ; yes                                                              ; yes                                        ;
; bt:u_bt|m[7][6]   ; yes                                                              ; yes                                        ;
; bt:u_bt|m[3][6]   ; yes                                                              ; yes                                        ;
; bt:u_bt|m[15][6]  ; yes                                                              ; yes                                        ;
; bt:u_bt|m[6][7]   ; yes                                                              ; yes                                        ;
; bt:u_bt|m[5][7]   ; yes                                                              ; yes                                        ;
; bt:u_bt|m[4][7]   ; yes                                                              ; yes                                        ;
; bt:u_bt|m[7][7]   ; yes                                                              ; yes                                        ;
; bt:u_bt|m[9][7]   ; yes                                                              ; yes                                        ;
; bt:u_bt|m[10][7]  ; yes                                                              ; yes                                        ;
; bt:u_bt|m[8][7]   ; yes                                                              ; yes                                        ;
; bt:u_bt|m[11][7]  ; yes                                                              ; yes                                        ;
; bt:u_bt|m[2][7]   ; yes                                                              ; yes                                        ;
; bt:u_bt|m[1][7]   ; yes                                                              ; yes                                        ;
; bt:u_bt|m[0][7]   ; yes                                                              ; yes                                        ;
; bt:u_bt|m[3][7]   ; yes                                                              ; yes                                        ;
; bt:u_bt|m[13][7]  ; yes                                                              ; yes                                        ;
; bt:u_bt|m[14][7]  ; yes                                                              ; yes                                        ;
; bt:u_bt|m[12][7]  ; yes                                                              ; yes                                        ;
; bt:u_bt|m[15][7]  ; yes                                                              ; yes                                        ;
; bt:u_bt|m[6][8]   ; yes                                                              ; yes                                        ;
; bt:u_bt|m[10][8]  ; yes                                                              ; yes                                        ;
; bt:u_bt|m[2][8]   ; yes                                                              ; yes                                        ;
; bt:u_bt|m[14][8]  ; yes                                                              ; yes                                        ;
; bt:u_bt|m[9][8]   ; yes                                                              ; yes                                        ;
; bt:u_bt|m[5][8]   ; yes                                                              ; yes                                        ;
; bt:u_bt|m[1][8]   ; yes                                                              ; yes                                        ;
; bt:u_bt|m[13][8]  ; yes                                                              ; yes                                        ;
; bt:u_bt|m[8][8]   ; yes                                                              ; yes                                        ;
; bt:u_bt|m[4][8]   ; yes                                                              ; yes                                        ;
; bt:u_bt|m[0][8]   ; yes                                                              ; yes                                        ;
; bt:u_bt|m[12][8]  ; yes                                                              ; yes                                        ;
; bt:u_bt|m[7][8]   ; yes                                                              ; yes                                        ;
; bt:u_bt|m[11][8]  ; yes                                                              ; yes                                        ;
; bt:u_bt|m[3][8]   ; yes                                                              ; yes                                        ;
; bt:u_bt|m[15][8]  ; yes                                                              ; yes                                        ;
; bt:u_bt|m[10][9]  ; yes                                                              ; yes                                        ;
; bt:u_bt|m[9][9]   ; yes                                                              ; yes                                        ;
; bt:u_bt|m[8][9]   ; yes                                                              ; yes                                        ;
; bt:u_bt|m[11][9]  ; yes                                                              ; yes                                        ;
; bt:u_bt|m[5][9]   ; yes                                                              ; yes                                        ;
; bt:u_bt|m[6][9]   ; yes                                                              ; yes                                        ;
; bt:u_bt|m[4][9]   ; yes                                                              ; yes                                        ;
; bt:u_bt|m[7][9]   ; yes                                                              ; yes                                        ;
; bt:u_bt|m[1][9]   ; yes                                                              ; yes                                        ;
; bt:u_bt|m[2][9]   ; yes                                                              ; yes                                        ;
; bt:u_bt|m[0][9]   ; yes                                                              ; yes                                        ;
; bt:u_bt|m[3][9]   ; yes                                                              ; yes                                        ;
; bt:u_bt|m[14][9]  ; yes                                                              ; yes                                        ;
; bt:u_bt|m[13][9]  ; yes                                                              ; yes                                        ;
; bt:u_bt|m[12][9]  ; yes                                                              ; yes                                        ;
; bt:u_bt|m[15][9]  ; yes                                                              ; yes                                        ;
; bt:u_bt|m[5][10]  ; yes                                                              ; yes                                        ;
; bt:u_bt|m[9][10]  ; yes                                                              ; yes                                        ;
; bt:u_bt|m[1][10]  ; yes                                                              ; yes                                        ;
; bt:u_bt|m[13][10] ; yes                                                              ; yes                                        ;
; bt:u_bt|m[10][10] ; yes                                                              ; yes                                        ;
; bt:u_bt|m[6][10]  ; yes                                                              ; yes                                        ;
; bt:u_bt|m[2][10]  ; yes                                                              ; yes                                        ;
; bt:u_bt|m[14][10] ; yes                                                              ; yes                                        ;
; bt:u_bt|m[4][10]  ; yes                                                              ; yes                                        ;
; bt:u_bt|m[8][10]  ; yes                                                              ; yes                                        ;
; bt:u_bt|m[0][10]  ; yes                                                              ; yes                                        ;
; bt:u_bt|m[12][10] ; yes                                                              ; yes                                        ;
; bt:u_bt|m[11][10] ; yes                                                              ; yes                                        ;
; bt:u_bt|m[7][10]  ; yes                                                              ; yes                                        ;
; bt:u_bt|m[3][10]  ; yes                                                              ; yes                                        ;
; bt:u_bt|m[15][10] ; yes                                                              ; yes                                        ;
; bt:u_bt|m[6][11]  ; yes                                                              ; yes                                        ;
; bt:u_bt|m[5][11]  ; yes                                                              ; yes                                        ;
; bt:u_bt|m[4][11]  ; yes                                                              ; yes                                        ;
; bt:u_bt|m[7][11]  ; yes                                                              ; yes                                        ;
; bt:u_bt|m[9][11]  ; yes                                                              ; yes                                        ;
; bt:u_bt|m[10][11] ; yes                                                              ; yes                                        ;
; bt:u_bt|m[8][11]  ; yes                                                              ; yes                                        ;
; bt:u_bt|m[11][11] ; yes                                                              ; yes                                        ;
; bt:u_bt|m[2][11]  ; yes                                                              ; yes                                        ;
; bt:u_bt|m[1][11]  ; yes                                                              ; yes                                        ;
; bt:u_bt|m[0][11]  ; yes                                                              ; yes                                        ;
; bt:u_bt|m[3][11]  ; yes                                                              ; yes                                        ;
; bt:u_bt|m[13][11] ; yes                                                              ; yes                                        ;
; bt:u_bt|m[14][11] ; yes                                                              ; yes                                        ;
; bt:u_bt|m[12][11] ; yes                                                              ; yes                                        ;
; bt:u_bt|m[15][11] ; yes                                                              ; yes                                        ;
; bt:u_bt|m[6][12]  ; yes                                                              ; yes                                        ;
; bt:u_bt|m[10][12] ; yes                                                              ; yes                                        ;
; bt:u_bt|m[2][12]  ; yes                                                              ; yes                                        ;
; bt:u_bt|m[14][12] ; yes                                                              ; yes                                        ;
; bt:u_bt|m[9][12]  ; yes                                                              ; yes                                        ;
; bt:u_bt|m[5][12]  ; yes                                                              ; yes                                        ;
; bt:u_bt|m[1][12]  ; yes                                                              ; yes                                        ;
; bt:u_bt|m[13][12] ; yes                                                              ; yes                                        ;
; bt:u_bt|m[8][12]  ; yes                                                              ; yes                                        ;
; bt:u_bt|m[4][12]  ; yes                                                              ; yes                                        ;
; bt:u_bt|m[0][12]  ; yes                                                              ; yes                                        ;
; bt:u_bt|m[12][12] ; yes                                                              ; yes                                        ;
; bt:u_bt|m[7][12]  ; yes                                                              ; yes                                        ;
; bt:u_bt|m[11][12] ; yes                                                              ; yes                                        ;
; bt:u_bt|m[3][12]  ; yes                                                              ; yes                                        ;
; bt:u_bt|m[15][12] ; yes                                                              ; yes                                        ;
; bt:u_bt|m[10][13] ; yes                                                              ; yes                                        ;
; bt:u_bt|m[9][13]  ; yes                                                              ; yes                                        ;
; bt:u_bt|m[8][13]  ; yes                                                              ; yes                                        ;
; bt:u_bt|m[11][13] ; yes                                                              ; yes                                        ;
; bt:u_bt|m[5][13]  ; yes                                                              ; yes                                        ;
; bt:u_bt|m[6][13]  ; yes                                                              ; yes                                        ;
; bt:u_bt|m[4][13]  ; yes                                                              ; yes                                        ;
; bt:u_bt|m[7][13]  ; yes                                                              ; yes                                        ;
; bt:u_bt|m[1][13]  ; yes                                                              ; yes                                        ;
; bt:u_bt|m[2][13]  ; yes                                                              ; yes                                        ;
; bt:u_bt|m[0][13]  ; yes                                                              ; yes                                        ;
; bt:u_bt|m[3][13]  ; yes                                                              ; yes                                        ;
; bt:u_bt|m[14][13] ; yes                                                              ; yes                                        ;
; bt:u_bt|m[13][13] ; yes                                                              ; yes                                        ;
; bt:u_bt|m[12][13] ; yes                                                              ; yes                                        ;
; bt:u_bt|m[15][13] ; yes                                                              ; yes                                        ;
; bt:u_bt|m[5][14]  ; yes                                                              ; yes                                        ;
; bt:u_bt|m[9][14]  ; yes                                                              ; yes                                        ;
; bt:u_bt|m[1][14]  ; yes                                                              ; yes                                        ;
; bt:u_bt|m[13][14] ; yes                                                              ; yes                                        ;
; bt:u_bt|m[10][14] ; yes                                                              ; yes                                        ;
; bt:u_bt|m[6][14]  ; yes                                                              ; yes                                        ;
; bt:u_bt|m[2][14]  ; yes                                                              ; yes                                        ;
; bt:u_bt|m[14][14] ; yes                                                              ; yes                                        ;
; bt:u_bt|m[4][14]  ; yes                                                              ; yes                                        ;
; bt:u_bt|m[8][14]  ; yes                                                              ; yes                                        ;
; bt:u_bt|m[0][14]  ; yes                                                              ; yes                                        ;
; bt:u_bt|m[12][14] ; yes                                                              ; yes                                        ;
; bt:u_bt|m[11][14] ; yes                                                              ; yes                                        ;
; bt:u_bt|m[7][14]  ; yes                                                              ; yes                                        ;
; bt:u_bt|m[3][14]  ; yes                                                              ; yes                                        ;
; bt:u_bt|m[15][14] ; yes                                                              ; yes                                        ;
; bt:u_bt|m[6][15]  ; yes                                                              ; yes                                        ;
; bt:u_bt|m[5][15]  ; yes                                                              ; yes                                        ;
; bt:u_bt|m[4][15]  ; yes                                                              ; yes                                        ;
; bt:u_bt|m[7][15]  ; yes                                                              ; yes                                        ;
; bt:u_bt|m[9][15]  ; yes                                                              ; yes                                        ;
; bt:u_bt|m[10][15] ; yes                                                              ; yes                                        ;
; bt:u_bt|m[8][15]  ; yes                                                              ; yes                                        ;
; bt:u_bt|m[11][15] ; yes                                                              ; yes                                        ;
; bt:u_bt|m[2][15]  ; yes                                                              ; yes                                        ;
; bt:u_bt|m[1][15]  ; yes                                                              ; yes                                        ;
; bt:u_bt|m[0][15]  ; yes                                                              ; yes                                        ;
; bt:u_bt|m[3][15]  ; yes                                                              ; yes                                        ;
; bt:u_bt|m[13][15] ; yes                                                              ; yes                                        ;
; bt:u_bt|m[14][15] ; yes                                                              ; yes                                        ;
; bt:u_bt|m[12][15] ; yes                                                              ; yes                                        ;
; bt:u_bt|m[15][15] ; yes                                                              ; yes                                        ;
; ph:u_ph|m[6][0]   ; yes                                                              ; yes                                        ;
; ph:u_ph|m[10][0]  ; yes                                                              ; yes                                        ;
; ph:u_ph|m[2][0]   ; yes                                                              ; yes                                        ;
; ph:u_ph|m[14][0]  ; yes                                                              ; yes                                        ;
; ph:u_ph|m[9][0]   ; yes                                                              ; yes                                        ;
; ph:u_ph|m[5][0]   ; yes                                                              ; yes                                        ;
; ph:u_ph|m[1][0]   ; yes                                                              ; yes                                        ;
; ph:u_ph|m[13][0]  ; yes                                                              ; yes                                        ;
; ph:u_ph|m[8][0]   ; yes                                                              ; yes                                        ;
; ph:u_ph|m[4][0]   ; yes                                                              ; yes                                        ;
; ph:u_ph|m[0][0]   ; yes                                                              ; yes                                        ;
; ph:u_ph|m[12][0]  ; yes                                                              ; yes                                        ;
; ph:u_ph|m[7][0]   ; yes                                                              ; yes                                        ;
; ph:u_ph|m[11][0]  ; yes                                                              ; yes                                        ;
; ph:u_ph|m[3][0]   ; yes                                                              ; yes                                        ;
; ph:u_ph|m[15][0]  ; yes                                                              ; yes                                        ;
+-------------------+------------------------------------------------------------------+--------------------------------------------+


+------------------------------------------------------+
; General Register Statistics                          ;
+----------------------------------------------+-------+
; Statistic                                    ; Value ;
+----------------------------------------------+-------+
; Total registers                              ; 306   ;
; Number of registers using Synchronous Clear  ; 16    ;
; Number of registers using Synchronous Load   ; 0     ;
; Number of registers using Asynchronous Clear ; 0     ;
; Number of registers using Asynchronous Load  ; 0     ;
; Number of registers using Clock Enable       ; 290   ;
; Number of registers using Preset             ; 0     ;
+----------------------------------------------+-------+


+---------------------------------------------------+
; Inverted Register Statistics                      ;
+-----------------------------------------+---------+
; Inverted Register                       ; Fan out ;
+-----------------------------------------+---------+
; ph:u_ph|m[6][0]                         ; 2       ;
; ph:u_ph|m[10][0]                        ; 2       ;
; ph:u_ph|m[2][0]                         ; 2       ;
; ph:u_ph|m[14][0]                        ; 2       ;
; ph:u_ph|m[9][0]                         ; 2       ;
; ph:u_ph|m[5][0]                         ; 2       ;
; ph:u_ph|m[1][0]                         ; 2       ;
; ph:u_ph|m[13][0]                        ; 2       ;
; ph:u_ph|m[8][0]                         ; 2       ;
; ph:u_ph|m[4][0]                         ; 2       ;
; ph:u_ph|m[0][0]                         ; 2       ;
; ph:u_ph|m[12][0]                        ; 2       ;
; ph:u_ph|m[7][0]                         ; 2       ;
; ph:u_ph|m[11][0]                        ; 2       ;
; ph:u_ph|m[3][0]                         ; 2       ;
; ph:u_ph|m[15][0]                        ; 2       ;
; Total number of inverted registers = 16 ;         ;
+-----------------------------------------+---------+


+-----------------------------------------------------------------------------------------------------------------------------------------------------------+
; Multiplexer Restructuring Statistics (Restructuring Performed)                                                                                            ;
+--------------------+-----------+---------------+----------------------+------------------------+------------+---------------------------------------------+
; Multiplexer Inputs ; Bus Width ; Baseline Area ; Area if Restructured ; Saving if Restructured ; Registered ; Example Multiplexer Output                  ;
+--------------------+-----------+---------------+----------------------+------------------------+------------+---------------------------------------------+
; 3:1                ; 2 bits    ; 4 LEs         ; 2 LEs                ; 2 LEs                  ; Yes        ; |appendix_k_predictor_top|gh:u_gh|r[1]      ;
; 4:1                ; 16 bits   ; 32 LEs        ; 16 LEs               ; 16 LEs                 ; Yes        ; |appendix_k_predictor_top|bt:u_bt|m[15][10] ;
; 4:1                ; 16 bits   ; 32 LEs        ; 16 LEs               ; 16 LEs                 ; Yes        ; |appendix_k_predictor_top|bt:u_bt|m[14][0]  ;
; 4:1                ; 16 bits   ; 32 LEs        ; 16 LEs               ; 16 LEs                 ; Yes        ; |appendix_k_predictor_top|bt:u_bt|m[13][0]  ;
; 4:1                ; 16 bits   ; 32 LEs        ; 16 LEs               ; 16 LEs                 ; Yes        ; |appendix_k_predictor_top|bt:u_bt|m[12][5]  ;
; 4:1                ; 16 bits   ; 32 LEs        ; 16 LEs               ; 16 LEs                 ; Yes        ; |appendix_k_predictor_top|bt:u_bt|m[11][9]  ;
; 4:1                ; 16 bits   ; 32 LEs        ; 16 LEs               ; 16 LEs                 ; Yes        ; |appendix_k_predictor_top|bt:u_bt|m[10][12] ;
; 4:1                ; 16 bits   ; 32 LEs        ; 16 LEs               ; 16 LEs                 ; Yes        ; |appendix_k_predictor_top|bt:u_bt|m[9][12]  ;
; 4:1                ; 16 bits   ; 32 LEs        ; 16 LEs               ; 16 LEs                 ; Yes        ; |appendix_k_predictor_top|bt:u_bt|m[8][3]   ;
; 4:1                ; 16 bits   ; 32 LEs        ; 16 LEs               ; 16 LEs                 ; Yes        ; |appendix_k_predictor_top|bt:u_bt|m[7][2]   ;
; 4:1                ; 16 bits   ; 32 LEs        ; 16 LEs               ; 16 LEs                 ; Yes        ; |appendix_k_predictor_top|bt:u_bt|m[6][8]   ;
; 4:1                ; 16 bits   ; 32 LEs        ; 16 LEs               ; 16 LEs                 ; Yes        ; |appendix_k_predictor_top|bt:u_bt|m[5][3]   ;
; 4:1                ; 16 bits   ; 32 LEs        ; 16 LEs               ; 16 LEs                 ; Yes        ; |appendix_k_predictor_top|bt:u_bt|m[4][14]  ;
; 4:1                ; 16 bits   ; 32 LEs        ; 16 LEs               ; 16 LEs                 ; Yes        ; |appendix_k_predictor_top|bt:u_bt|m[3][10]  ;
; 4:1                ; 16 bits   ; 32 LEs        ; 16 LEs               ; 16 LEs                 ; Yes        ; |appendix_k_predictor_top|bt:u_bt|m[2][9]   ;
; 4:1                ; 16 bits   ; 32 LEs        ; 16 LEs               ; 16 LEs                 ; Yes        ; |appendix_k_predictor_top|bt:u_bt|m[1][2]   ;
; 4:1                ; 16 bits   ; 32 LEs        ; 16 LEs               ; 16 LEs                 ; Yes        ; |appendix_k_predictor_top|bt:u_bt|m[0][6]   ;
; 4:1                ; 2 bits    ; 4 LEs         ; 4 LEs                ; 0 LEs                  ; No         ; |appendix_k_predictor_top|up:u_up|n[0]      ;
; 16:1               ; 19 bits   ; 190 LEs       ; 190 LEs              ; 0 LEs                  ; No         ; |appendix_k_predictor_top|bt:u_bt|Mux1      ;
; 16:1               ; 2 bits    ; 20 LEs        ; 20 LEs               ; 0 LEs                  ; No         ; |appendix_k_predictor_top|ph:u_ph|Mux3      ;
+--------------------+-----------+---------------+----------------------+------------------------+------------+---------------------------------------------+


+--------------------------------------------------------------------+
; Source assignments for Top-level Entity: |appendix_k_predictor_top ;
+------------------------------+-------+------+----------------------+
; Assignment                   ; Value ; From ; To                   ;
+------------------------------+-------+------+----------------------+
; IGNORE_LCELL_BUFFERS         ; off   ; -    ; h_s[1]               ;
; REMOVE_REDUNDANT_LOGIC_CELLS ; off   ; -    ; h_s[1]               ;
; IGNORE_LCELL_BUFFERS         ; off   ; -    ; h_s[0]               ;
; REMOVE_REDUNDANT_LOGIC_CELLS ; off   ; -    ; h_s[0]               ;
; IGNORE_LCELL_BUFFERS         ; off   ; -    ; iq_s[3]              ;
; REMOVE_REDUNDANT_LOGIC_CELLS ; off   ; -    ; iq_s[3]              ;
; IGNORE_LCELL_BUFFERS         ; off   ; -    ; iq_s[2]              ;
; REMOVE_REDUNDANT_LOGIC_CELLS ; off   ; -    ; iq_s[2]              ;
; IGNORE_LCELL_BUFFERS         ; off   ; -    ; iq_s[1]              ;
; REMOVE_REDUNDANT_LOGIC_CELLS ; off   ; -    ; iq_s[1]              ;
; IGNORE_LCELL_BUFFERS         ; off   ; -    ; iq_s[0]              ;
; REMOVE_REDUNDANT_LOGIC_CELLS ; off   ; -    ; iq_s[0]              ;
; IGNORE_LCELL_BUFFERS         ; off   ; -    ; iu_s[3]              ;
; REMOVE_REDUNDANT_LOGIC_CELLS ; off   ; -    ; iu_s[3]              ;
; IGNORE_LCELL_BUFFERS         ; off   ; -    ; iu_s[2]              ;
; REMOVE_REDUNDANT_LOGIC_CELLS ; off   ; -    ; iu_s[2]              ;
; IGNORE_LCELL_BUFFERS         ; off   ; -    ; iu_s[1]              ;
; REMOVE_REDUNDANT_LOGIC_CELLS ; off   ; -    ; iu_s[1]              ;
; IGNORE_LCELL_BUFFERS         ; off   ; -    ; iu_s[0]              ;
; REMOVE_REDUNDANT_LOGIC_CELLS ; off   ; -    ; iu_s[0]              ;
; IGNORE_LCELL_BUFFERS         ; off   ; -    ; cn_s[1]              ;
; REMOVE_REDUNDANT_LOGIC_CELLS ; off   ; -    ; cn_s[1]              ;
; IGNORE_LCELL_BUFFERS         ; off   ; -    ; cn_s[0]              ;
; REMOVE_REDUNDANT_LOGIC_CELLS ; off   ; -    ; cn_s[0]              ;
; IGNORE_LCELL_BUFFERS         ; off   ; -    ; cq_s[1]              ;
; REMOVE_REDUNDANT_LOGIC_CELLS ; off   ; -    ; cq_s[1]              ;
; IGNORE_LCELL_BUFFERS         ; off   ; -    ; cq_s[0]              ;
; REMOVE_REDUNDANT_LOGIC_CELLS ; off   ; -    ; cq_s[0]              ;
; IGNORE_LCELL_BUFFERS         ; off   ; -    ; cu_s[1]              ;
; REMOVE_REDUNDANT_LOGIC_CELLS ; off   ; -    ; cu_s[1]              ;
; IGNORE_LCELL_BUFFERS         ; off   ; -    ; cu_s[0]              ;
; REMOVE_REDUNDANT_LOGIC_CELLS ; off   ; -    ; cu_s[0]              ;
; IGNORE_LCELL_BUFFERS         ; off   ; -    ; btq_s[15]            ;
; REMOVE_REDUNDANT_LOGIC_CELLS ; off   ; -    ; btq_s[15]            ;
; IGNORE_LCELL_BUFFERS         ; off   ; -    ; btq_s[14]            ;
; REMOVE_REDUNDANT_LOGIC_CELLS ; off   ; -    ; btq_s[14]            ;
; IGNORE_LCELL_BUFFERS         ; off   ; -    ; btq_s[13]            ;
; REMOVE_REDUNDANT_LOGIC_CELLS ; off   ; -    ; btq_s[13]            ;
; IGNORE_LCELL_BUFFERS         ; off   ; -    ; btq_s[12]            ;
; REMOVE_REDUNDANT_LOGIC_CELLS ; off   ; -    ; btq_s[12]            ;
; IGNORE_LCELL_BUFFERS         ; off   ; -    ; btq_s[11]            ;
; REMOVE_REDUNDANT_LOGIC_CELLS ; off   ; -    ; btq_s[11]            ;
; IGNORE_LCELL_BUFFERS         ; off   ; -    ; btq_s[10]            ;
; REMOVE_REDUNDANT_LOGIC_CELLS ; off   ; -    ; btq_s[10]            ;
; IGNORE_LCELL_BUFFERS         ; off   ; -    ; btq_s[9]             ;
; REMOVE_REDUNDANT_LOGIC_CELLS ; off   ; -    ; btq_s[9]             ;
; IGNORE_LCELL_BUFFERS         ; off   ; -    ; btq_s[8]             ;
; REMOVE_REDUNDANT_LOGIC_CELLS ; off   ; -    ; btq_s[8]             ;
; IGNORE_LCELL_BUFFERS         ; off   ; -    ; btq_s[7]             ;
; REMOVE_REDUNDANT_LOGIC_CELLS ; off   ; -    ; btq_s[7]             ;
; IGNORE_LCELL_BUFFERS         ; off   ; -    ; btq_s[6]             ;
; REMOVE_REDUNDANT_LOGIC_CELLS ; off   ; -    ; btq_s[6]             ;
; IGNORE_LCELL_BUFFERS         ; off   ; -    ; btq_s[5]             ;
; REMOVE_REDUNDANT_LOGIC_CELLS ; off   ; -    ; btq_s[5]             ;
; IGNORE_LCELL_BUFFERS         ; off   ; -    ; btq_s[4]             ;
; REMOVE_REDUNDANT_LOGIC_CELLS ; off   ; -    ; btq_s[4]             ;
; IGNORE_LCELL_BUFFERS         ; off   ; -    ; btq_s[3]             ;
; REMOVE_REDUNDANT_LOGIC_CELLS ; off   ; -    ; btq_s[3]             ;
; IGNORE_LCELL_BUFFERS         ; off   ; -    ; btq_s[2]             ;
; REMOVE_REDUNDANT_LOGIC_CELLS ; off   ; -    ; btq_s[2]             ;
; IGNORE_LCELL_BUFFERS         ; off   ; -    ; btq_s[1]             ;
; REMOVE_REDUNDANT_LOGIC_CELLS ; off   ; -    ; btq_s[1]             ;
; IGNORE_LCELL_BUFFERS         ; off   ; -    ; btq_s[0]             ;
; REMOVE_REDUNDANT_LOGIC_CELLS ; off   ; -    ; btq_s[0]             ;
; IGNORE_LCELL_BUFFERS         ; off   ; -    ; vq_s                 ;
; REMOVE_REDUNDANT_LOGIC_CELLS ; off   ; -    ; vq_s                 ;
+------------------------------+-------+------+----------------------+


+-----------------------------------------+
; Source assignments for gh:u_gh          ;
+-------------------+-------+------+------+
; Assignment        ; Value ; From ; To   ;
+-------------------+-------+------+------+
; PRESERVE_REGISTER ; on    ; -    ; r[0] ;
; PRESERVE_REGISTER ; on    ; -    ; r[1] ;
+-------------------+-------+------+------+


+---------------------------------------------+
; Source assignments for ph:u_ph              ;
+-------------------+-------+------+----------+
; Assignment        ; Value ; From ; To       ;
+-------------------+-------+------+----------+
; PRESERVE_REGISTER ; on    ; -    ; m[0][1]  ;
; PRESERVE_REGISTER ; on    ; -    ; m[0][0]  ;
; PRESERVE_REGISTER ; on    ; -    ; m[1][1]  ;
; PRESERVE_REGISTER ; on    ; -    ; m[1][0]  ;
; PRESERVE_REGISTER ; on    ; -    ; m[2][1]  ;
; PRESERVE_REGISTER ; on    ; -    ; m[2][0]  ;
; PRESERVE_REGISTER ; on    ; -    ; m[3][1]  ;
; PRESERVE_REGISTER ; on    ; -    ; m[3][0]  ;
; PRESERVE_REGISTER ; on    ; -    ; m[4][1]  ;
; PRESERVE_REGISTER ; on    ; -    ; m[4][0]  ;
; PRESERVE_REGISTER ; on    ; -    ; m[5][1]  ;
; PRESERVE_REGISTER ; on    ; -    ; m[5][0]  ;
; PRESERVE_REGISTER ; on    ; -    ; m[6][1]  ;
; PRESERVE_REGISTER ; on    ; -    ; m[6][0]  ;
; PRESERVE_REGISTER ; on    ; -    ; m[7][1]  ;
; PRESERVE_REGISTER ; on    ; -    ; m[7][0]  ;
; PRESERVE_REGISTER ; on    ; -    ; m[8][1]  ;
; PRESERVE_REGISTER ; on    ; -    ; m[8][0]  ;
; PRESERVE_REGISTER ; on    ; -    ; m[9][1]  ;
; PRESERVE_REGISTER ; on    ; -    ; m[9][0]  ;
; PRESERVE_REGISTER ; on    ; -    ; m[10][1] ;
; PRESERVE_REGISTER ; on    ; -    ; m[10][0] ;
; PRESERVE_REGISTER ; on    ; -    ; m[11][1] ;
; PRESERVE_REGISTER ; on    ; -    ; m[11][0] ;
; PRESERVE_REGISTER ; on    ; -    ; m[12][1] ;
; PRESERVE_REGISTER ; on    ; -    ; m[12][0] ;
; PRESERVE_REGISTER ; on    ; -    ; m[13][1] ;
; PRESERVE_REGISTER ; on    ; -    ; m[13][0] ;
; PRESERVE_REGISTER ; on    ; -    ; m[14][1] ;
; PRESERVE_REGISTER ; on    ; -    ; m[14][0] ;
; PRESERVE_REGISTER ; on    ; -    ; m[15][1] ;
; PRESERVE_REGISTER ; on    ; -    ; m[15][0] ;
+-------------------+-------+------+----------+


+----------------------------------------------+
; Source assignments for bt:u_bt               ;
+-------------------+-------+------+-----------+
; Assignment        ; Value ; From ; To        ;
+-------------------+-------+------+-----------+
; PRESERVE_REGISTER ; on    ; -    ; m[0][15]  ;
; PRESERVE_REGISTER ; on    ; -    ; m[0][14]  ;
; PRESERVE_REGISTER ; on    ; -    ; m[0][13]  ;
; PRESERVE_REGISTER ; on    ; -    ; m[0][12]  ;
; PRESERVE_REGISTER ; on    ; -    ; m[0][11]  ;
; PRESERVE_REGISTER ; on    ; -    ; m[0][10]  ;
; PRESERVE_REGISTER ; on    ; -    ; m[0][9]   ;
; PRESERVE_REGISTER ; on    ; -    ; m[0][8]   ;
; PRESERVE_REGISTER ; on    ; -    ; m[0][7]   ;
; PRESERVE_REGISTER ; on    ; -    ; m[0][6]   ;
; PRESERVE_REGISTER ; on    ; -    ; m[0][5]   ;
; PRESERVE_REGISTER ; on    ; -    ; m[0][4]   ;
; PRESERVE_REGISTER ; on    ; -    ; m[0][3]   ;
; PRESERVE_REGISTER ; on    ; -    ; m[0][2]   ;
; PRESERVE_REGISTER ; on    ; -    ; m[0][1]   ;
; PRESERVE_REGISTER ; on    ; -    ; m[0][0]   ;
; PRESERVE_REGISTER ; on    ; -    ; m[1][15]  ;
; PRESERVE_REGISTER ; on    ; -    ; m[1][14]  ;
; PRESERVE_REGISTER ; on    ; -    ; m[1][13]  ;
; PRESERVE_REGISTER ; on    ; -    ; m[1][12]  ;
; PRESERVE_REGISTER ; on    ; -    ; m[1][11]  ;
; PRESERVE_REGISTER ; on    ; -    ; m[1][10]  ;
; PRESERVE_REGISTER ; on    ; -    ; m[1][9]   ;
; PRESERVE_REGISTER ; on    ; -    ; m[1][8]   ;
; PRESERVE_REGISTER ; on    ; -    ; m[1][7]   ;
; PRESERVE_REGISTER ; on    ; -    ; m[1][6]   ;
; PRESERVE_REGISTER ; on    ; -    ; m[1][5]   ;
; PRESERVE_REGISTER ; on    ; -    ; m[1][4]   ;
; PRESERVE_REGISTER ; on    ; -    ; m[1][3]   ;
; PRESERVE_REGISTER ; on    ; -    ; m[1][2]   ;
; PRESERVE_REGISTER ; on    ; -    ; m[1][1]   ;
; PRESERVE_REGISTER ; on    ; -    ; m[1][0]   ;
; PRESERVE_REGISTER ; on    ; -    ; m[2][15]  ;
; PRESERVE_REGISTER ; on    ; -    ; m[2][14]  ;
; PRESERVE_REGISTER ; on    ; -    ; m[2][13]  ;
; PRESERVE_REGISTER ; on    ; -    ; m[2][12]  ;
; PRESERVE_REGISTER ; on    ; -    ; m[2][11]  ;
; PRESERVE_REGISTER ; on    ; -    ; m[2][10]  ;
; PRESERVE_REGISTER ; on    ; -    ; m[2][9]   ;
; PRESERVE_REGISTER ; on    ; -    ; m[2][8]   ;
; PRESERVE_REGISTER ; on    ; -    ; m[2][7]   ;
; PRESERVE_REGISTER ; on    ; -    ; m[2][6]   ;
; PRESERVE_REGISTER ; on    ; -    ; m[2][5]   ;
; PRESERVE_REGISTER ; on    ; -    ; m[2][4]   ;
; PRESERVE_REGISTER ; on    ; -    ; m[2][3]   ;
; PRESERVE_REGISTER ; on    ; -    ; m[2][2]   ;
; PRESERVE_REGISTER ; on    ; -    ; m[2][1]   ;
; PRESERVE_REGISTER ; on    ; -    ; m[2][0]   ;
; PRESERVE_REGISTER ; on    ; -    ; m[3][15]  ;
; PRESERVE_REGISTER ; on    ; -    ; m[3][14]  ;
; PRESERVE_REGISTER ; on    ; -    ; m[3][13]  ;
; PRESERVE_REGISTER ; on    ; -    ; m[3][12]  ;
; PRESERVE_REGISTER ; on    ; -    ; m[3][11]  ;
; PRESERVE_REGISTER ; on    ; -    ; m[3][10]  ;
; PRESERVE_REGISTER ; on    ; -    ; m[3][9]   ;
; PRESERVE_REGISTER ; on    ; -    ; m[3][8]   ;
; PRESERVE_REGISTER ; on    ; -    ; m[3][7]   ;
; PRESERVE_REGISTER ; on    ; -    ; m[3][6]   ;
; PRESERVE_REGISTER ; on    ; -    ; m[3][5]   ;
; PRESERVE_REGISTER ; on    ; -    ; m[3][4]   ;
; PRESERVE_REGISTER ; on    ; -    ; m[3][3]   ;
; PRESERVE_REGISTER ; on    ; -    ; m[3][2]   ;
; PRESERVE_REGISTER ; on    ; -    ; m[3][1]   ;
; PRESERVE_REGISTER ; on    ; -    ; m[3][0]   ;
; PRESERVE_REGISTER ; on    ; -    ; m[4][15]  ;
; PRESERVE_REGISTER ; on    ; -    ; m[4][14]  ;
; PRESERVE_REGISTER ; on    ; -    ; m[4][13]  ;
; PRESERVE_REGISTER ; on    ; -    ; m[4][12]  ;
; PRESERVE_REGISTER ; on    ; -    ; m[4][11]  ;
; PRESERVE_REGISTER ; on    ; -    ; m[4][10]  ;
; PRESERVE_REGISTER ; on    ; -    ; m[4][9]   ;
; PRESERVE_REGISTER ; on    ; -    ; m[4][8]   ;
; PRESERVE_REGISTER ; on    ; -    ; m[4][7]   ;
; PRESERVE_REGISTER ; on    ; -    ; m[4][6]   ;
; PRESERVE_REGISTER ; on    ; -    ; m[4][5]   ;
; PRESERVE_REGISTER ; on    ; -    ; m[4][4]   ;
; PRESERVE_REGISTER ; on    ; -    ; m[4][3]   ;
; PRESERVE_REGISTER ; on    ; -    ; m[4][2]   ;
; PRESERVE_REGISTER ; on    ; -    ; m[4][1]   ;
; PRESERVE_REGISTER ; on    ; -    ; m[4][0]   ;
; PRESERVE_REGISTER ; on    ; -    ; m[5][15]  ;
; PRESERVE_REGISTER ; on    ; -    ; m[5][14]  ;
; PRESERVE_REGISTER ; on    ; -    ; m[5][13]  ;
; PRESERVE_REGISTER ; on    ; -    ; m[5][12]  ;
; PRESERVE_REGISTER ; on    ; -    ; m[5][11]  ;
; PRESERVE_REGISTER ; on    ; -    ; m[5][10]  ;
; PRESERVE_REGISTER ; on    ; -    ; m[5][9]   ;
; PRESERVE_REGISTER ; on    ; -    ; m[5][8]   ;
; PRESERVE_REGISTER ; on    ; -    ; m[5][7]   ;
; PRESERVE_REGISTER ; on    ; -    ; m[5][6]   ;
; PRESERVE_REGISTER ; on    ; -    ; m[5][5]   ;
; PRESERVE_REGISTER ; on    ; -    ; m[5][4]   ;
; PRESERVE_REGISTER ; on    ; -    ; m[5][3]   ;
; PRESERVE_REGISTER ; on    ; -    ; m[5][2]   ;
; PRESERVE_REGISTER ; on    ; -    ; m[5][1]   ;
; PRESERVE_REGISTER ; on    ; -    ; m[5][0]   ;
; PRESERVE_REGISTER ; on    ; -    ; m[6][15]  ;
; PRESERVE_REGISTER ; on    ; -    ; m[6][14]  ;
; PRESERVE_REGISTER ; on    ; -    ; m[6][13]  ;
; PRESERVE_REGISTER ; on    ; -    ; m[6][12]  ;
; PRESERVE_REGISTER ; on    ; -    ; m[6][11]  ;
; PRESERVE_REGISTER ; on    ; -    ; m[6][10]  ;
; PRESERVE_REGISTER ; on    ; -    ; m[6][9]   ;
; PRESERVE_REGISTER ; on    ; -    ; m[6][8]   ;
; PRESERVE_REGISTER ; on    ; -    ; m[6][7]   ;
; PRESERVE_REGISTER ; on    ; -    ; m[6][6]   ;
; PRESERVE_REGISTER ; on    ; -    ; m[6][5]   ;
; PRESERVE_REGISTER ; on    ; -    ; m[6][4]   ;
; PRESERVE_REGISTER ; on    ; -    ; m[6][3]   ;
; PRESERVE_REGISTER ; on    ; -    ; m[6][2]   ;
; PRESERVE_REGISTER ; on    ; -    ; m[6][1]   ;
; PRESERVE_REGISTER ; on    ; -    ; m[6][0]   ;
; PRESERVE_REGISTER ; on    ; -    ; m[7][15]  ;
; PRESERVE_REGISTER ; on    ; -    ; m[7][14]  ;
; PRESERVE_REGISTER ; on    ; -    ; m[7][13]  ;
; PRESERVE_REGISTER ; on    ; -    ; m[7][12]  ;
; PRESERVE_REGISTER ; on    ; -    ; m[7][11]  ;
; PRESERVE_REGISTER ; on    ; -    ; m[7][10]  ;
; PRESERVE_REGISTER ; on    ; -    ; m[7][9]   ;
; PRESERVE_REGISTER ; on    ; -    ; m[7][8]   ;
; PRESERVE_REGISTER ; on    ; -    ; m[7][7]   ;
; PRESERVE_REGISTER ; on    ; -    ; m[7][6]   ;
; PRESERVE_REGISTER ; on    ; -    ; m[7][5]   ;
; PRESERVE_REGISTER ; on    ; -    ; m[7][4]   ;
; PRESERVE_REGISTER ; on    ; -    ; m[7][3]   ;
; PRESERVE_REGISTER ; on    ; -    ; m[7][2]   ;
; PRESERVE_REGISTER ; on    ; -    ; m[7][1]   ;
; PRESERVE_REGISTER ; on    ; -    ; m[7][0]   ;
; PRESERVE_REGISTER ; on    ; -    ; m[8][15]  ;
; PRESERVE_REGISTER ; on    ; -    ; m[8][14]  ;
; PRESERVE_REGISTER ; on    ; -    ; m[8][13]  ;
; PRESERVE_REGISTER ; on    ; -    ; m[8][12]  ;
; PRESERVE_REGISTER ; on    ; -    ; m[8][11]  ;
; PRESERVE_REGISTER ; on    ; -    ; m[8][10]  ;
; PRESERVE_REGISTER ; on    ; -    ; m[8][9]   ;
; PRESERVE_REGISTER ; on    ; -    ; m[8][8]   ;
; PRESERVE_REGISTER ; on    ; -    ; m[8][7]   ;
; PRESERVE_REGISTER ; on    ; -    ; m[8][6]   ;
; PRESERVE_REGISTER ; on    ; -    ; m[8][5]   ;
; PRESERVE_REGISTER ; on    ; -    ; m[8][4]   ;
; PRESERVE_REGISTER ; on    ; -    ; m[8][3]   ;
; PRESERVE_REGISTER ; on    ; -    ; m[8][2]   ;
; PRESERVE_REGISTER ; on    ; -    ; m[8][1]   ;
; PRESERVE_REGISTER ; on    ; -    ; m[8][0]   ;
; PRESERVE_REGISTER ; on    ; -    ; m[9][15]  ;
; PRESERVE_REGISTER ; on    ; -    ; m[9][14]  ;
; PRESERVE_REGISTER ; on    ; -    ; m[9][13]  ;
; PRESERVE_REGISTER ; on    ; -    ; m[9][12]  ;
; PRESERVE_REGISTER ; on    ; -    ; m[9][11]  ;
; PRESERVE_REGISTER ; on    ; -    ; m[9][10]  ;
; PRESERVE_REGISTER ; on    ; -    ; m[9][9]   ;
; PRESERVE_REGISTER ; on    ; -    ; m[9][8]   ;
; PRESERVE_REGISTER ; on    ; -    ; m[9][7]   ;
; PRESERVE_REGISTER ; on    ; -    ; m[9][6]   ;
; PRESERVE_REGISTER ; on    ; -    ; m[9][5]   ;
; PRESERVE_REGISTER ; on    ; -    ; m[9][4]   ;
; PRESERVE_REGISTER ; on    ; -    ; m[9][3]   ;
; PRESERVE_REGISTER ; on    ; -    ; m[9][2]   ;
; PRESERVE_REGISTER ; on    ; -    ; m[9][1]   ;
; PRESERVE_REGISTER ; on    ; -    ; m[9][0]   ;
; PRESERVE_REGISTER ; on    ; -    ; m[10][15] ;
; PRESERVE_REGISTER ; on    ; -    ; m[10][14] ;
; PRESERVE_REGISTER ; on    ; -    ; m[10][13] ;
; PRESERVE_REGISTER ; on    ; -    ; m[10][12] ;
; PRESERVE_REGISTER ; on    ; -    ; m[10][11] ;
; PRESERVE_REGISTER ; on    ; -    ; m[10][10] ;
; PRESERVE_REGISTER ; on    ; -    ; m[10][9]  ;
; PRESERVE_REGISTER ; on    ; -    ; m[10][8]  ;
; PRESERVE_REGISTER ; on    ; -    ; m[10][7]  ;
; PRESERVE_REGISTER ; on    ; -    ; m[10][6]  ;
; PRESERVE_REGISTER ; on    ; -    ; m[10][5]  ;
; PRESERVE_REGISTER ; on    ; -    ; m[10][4]  ;
; PRESERVE_REGISTER ; on    ; -    ; m[10][3]  ;
; PRESERVE_REGISTER ; on    ; -    ; m[10][2]  ;
; PRESERVE_REGISTER ; on    ; -    ; m[10][1]  ;
; PRESERVE_REGISTER ; on    ; -    ; m[10][0]  ;
; PRESERVE_REGISTER ; on    ; -    ; m[11][15] ;
; PRESERVE_REGISTER ; on    ; -    ; m[11][14] ;
; PRESERVE_REGISTER ; on    ; -    ; m[11][13] ;
; PRESERVE_REGISTER ; on    ; -    ; m[11][12] ;
; PRESERVE_REGISTER ; on    ; -    ; m[11][11] ;
; PRESERVE_REGISTER ; on    ; -    ; m[11][10] ;
; PRESERVE_REGISTER ; on    ; -    ; m[11][9]  ;
; PRESERVE_REGISTER ; on    ; -    ; m[11][8]  ;
; PRESERVE_REGISTER ; on    ; -    ; m[11][7]  ;
; PRESERVE_REGISTER ; on    ; -    ; m[11][6]  ;
; PRESERVE_REGISTER ; on    ; -    ; m[11][5]  ;
; PRESERVE_REGISTER ; on    ; -    ; m[11][4]  ;
; PRESERVE_REGISTER ; on    ; -    ; m[11][3]  ;
; PRESERVE_REGISTER ; on    ; -    ; m[11][2]  ;
; PRESERVE_REGISTER ; on    ; -    ; m[11][1]  ;
; PRESERVE_REGISTER ; on    ; -    ; m[11][0]  ;
; PRESERVE_REGISTER ; on    ; -    ; m[12][15] ;
; PRESERVE_REGISTER ; on    ; -    ; m[12][14] ;
; PRESERVE_REGISTER ; on    ; -    ; m[12][13] ;
; PRESERVE_REGISTER ; on    ; -    ; m[12][12] ;
; PRESERVE_REGISTER ; on    ; -    ; m[12][11] ;
; PRESERVE_REGISTER ; on    ; -    ; m[12][10] ;
; PRESERVE_REGISTER ; on    ; -    ; m[12][9]  ;
; PRESERVE_REGISTER ; on    ; -    ; m[12][8]  ;
; PRESERVE_REGISTER ; on    ; -    ; m[12][7]  ;
; PRESERVE_REGISTER ; on    ; -    ; m[12][6]  ;
; PRESERVE_REGISTER ; on    ; -    ; m[12][5]  ;
; PRESERVE_REGISTER ; on    ; -    ; m[12][4]  ;
; PRESERVE_REGISTER ; on    ; -    ; m[12][3]  ;
; PRESERVE_REGISTER ; on    ; -    ; m[12][2]  ;
; PRESERVE_REGISTER ; on    ; -    ; m[12][1]  ;
; PRESERVE_REGISTER ; on    ; -    ; m[12][0]  ;
; PRESERVE_REGISTER ; on    ; -    ; m[13][15] ;
; PRESERVE_REGISTER ; on    ; -    ; m[13][14] ;
; PRESERVE_REGISTER ; on    ; -    ; m[13][13] ;
; PRESERVE_REGISTER ; on    ; -    ; m[13][12] ;
; PRESERVE_REGISTER ; on    ; -    ; m[13][11] ;
; PRESERVE_REGISTER ; on    ; -    ; m[13][10] ;
; PRESERVE_REGISTER ; on    ; -    ; m[13][9]  ;
; PRESERVE_REGISTER ; on    ; -    ; m[13][8]  ;
; PRESERVE_REGISTER ; on    ; -    ; m[13][7]  ;
; PRESERVE_REGISTER ; on    ; -    ; m[13][6]  ;
; PRESERVE_REGISTER ; on    ; -    ; m[13][5]  ;
; PRESERVE_REGISTER ; on    ; -    ; m[13][4]  ;
; PRESERVE_REGISTER ; on    ; -    ; m[13][3]  ;
; PRESERVE_REGISTER ; on    ; -    ; m[13][2]  ;
; PRESERVE_REGISTER ; on    ; -    ; m[13][1]  ;
; PRESERVE_REGISTER ; on    ; -    ; m[13][0]  ;
; PRESERVE_REGISTER ; on    ; -    ; m[14][15] ;
; PRESERVE_REGISTER ; on    ; -    ; m[14][14] ;
; PRESERVE_REGISTER ; on    ; -    ; m[14][13] ;
; PRESERVE_REGISTER ; on    ; -    ; m[14][12] ;
; PRESERVE_REGISTER ; on    ; -    ; m[14][11] ;
; PRESERVE_REGISTER ; on    ; -    ; m[14][10] ;
; PRESERVE_REGISTER ; on    ; -    ; m[14][9]  ;
; PRESERVE_REGISTER ; on    ; -    ; m[14][8]  ;
; PRESERVE_REGISTER ; on    ; -    ; m[14][7]  ;
; PRESERVE_REGISTER ; on    ; -    ; m[14][6]  ;
; PRESERVE_REGISTER ; on    ; -    ; m[14][5]  ;
; PRESERVE_REGISTER ; on    ; -    ; m[14][4]  ;
; PRESERVE_REGISTER ; on    ; -    ; m[14][3]  ;
; PRESERVE_REGISTER ; on    ; -    ; m[14][2]  ;
; PRESERVE_REGISTER ; on    ; -    ; m[14][1]  ;
; PRESERVE_REGISTER ; on    ; -    ; m[14][0]  ;
; PRESERVE_REGISTER ; on    ; -    ; m[15][15] ;
; PRESERVE_REGISTER ; on    ; -    ; m[15][14] ;
; PRESERVE_REGISTER ; on    ; -    ; m[15][13] ;
; PRESERVE_REGISTER ; on    ; -    ; m[15][12] ;
; PRESERVE_REGISTER ; on    ; -    ; m[15][11] ;
; PRESERVE_REGISTER ; on    ; -    ; m[15][10] ;
; PRESERVE_REGISTER ; on    ; -    ; m[15][9]  ;
; PRESERVE_REGISTER ; on    ; -    ; m[15][8]  ;
; PRESERVE_REGISTER ; on    ; -    ; m[15][7]  ;
; PRESERVE_REGISTER ; on    ; -    ; m[15][6]  ;
; PRESERVE_REGISTER ; on    ; -    ; m[15][5]  ;
; PRESERVE_REGISTER ; on    ; -    ; m[15][4]  ;
; PRESERVE_REGISTER ; on    ; -    ; m[15][3]  ;
; PRESERVE_REGISTER ; on    ; -    ; m[15][2]  ;
; PRESERVE_REGISTER ; on    ; -    ; m[15][1]  ;
; PRESERVE_REGISTER ; on    ; -    ; m[15][0]  ;
+-------------------+-------+------+-----------+


+------------------------------------------+
; Source assignments for vl:u_vl           ;
+-------------------+-------+------+-------+
; Assignment        ; Value ; From ; To    ;
+-------------------+-------+------+-------+
; PRESERVE_REGISTER ; on    ; -    ; m[0]  ;
; PRESERVE_REGISTER ; on    ; -    ; m[1]  ;
; PRESERVE_REGISTER ; on    ; -    ; m[2]  ;
; PRESERVE_REGISTER ; on    ; -    ; m[3]  ;
; PRESERVE_REGISTER ; on    ; -    ; m[4]  ;
; PRESERVE_REGISTER ; on    ; -    ; m[5]  ;
; PRESERVE_REGISTER ; on    ; -    ; m[6]  ;
; PRESERVE_REGISTER ; on    ; -    ; m[7]  ;
; PRESERVE_REGISTER ; on    ; -    ; m[8]  ;
; PRESERVE_REGISTER ; on    ; -    ; m[9]  ;
; PRESERVE_REGISTER ; on    ; -    ; m[10] ;
; PRESERVE_REGISTER ; on    ; -    ; m[11] ;
; PRESERVE_REGISTER ; on    ; -    ; m[12] ;
; PRESERVE_REGISTER ; on    ; -    ; m[13] ;
; PRESERVE_REGISTER ; on    ; -    ; m[14] ;
; PRESERVE_REGISTER ; on    ; -    ; m[15] ;
+-------------------+-------+------+-------+


+-------------------------------+
; Analysis & Synthesis Messages ;
+-------------------------------+
Info: *******************************************************************
Info: Running Quartus II Analysis & Synthesis
    Info: Version 9.1 Build 222 10/21/2009 SJ Web Edition
    Info: Copyright (C) 1991-2009 Altera Corporation. All rights reserved.
    Info: Your use of Altera Corporation's design tools, logic functions 
    Info: and other software and tools, and its AMPP partner logic 
    Info: functions, and any output files from any of the foregoing 
    Info: (including device programming or simulation files), and any 
    Info: associated documentation or information are expressly subject 
    Info: to the terms and conditions of the Altera Program License 
    Info: Subscription Agreement, Altera MegaCore Function License 
    Info: Agreement, or other applicable license agreement, including, 
    Info: without limitation, that your use is for the sole purpose of 
    Info: programming logic devices manufactured by Altera and sold by 
    Info: Altera or its authorized distributors.  Please refer to the 
    Info: applicable agreement for further details.
    Info: Processing started: Sun May 24 13:56:30 2026
Info: Command: quartus_map appendix_k_predictor
Info: Found 2 design units, including 0 entities, in source file /git/sifovm/coursework_project/src/microcomputer_pkg.vhd
    Info: Found design unit 1: microcomputer_pkg
    Info: Found design unit 2: microcomputer_pkg-body
Info: Found 16 design units, including 8 entities, in source file /git/sifovm/coursework_project/rtl_schemes/appendix_k_predictor/src/appendix_k_predictor_top.vhd
    Info: Found design unit 1: ix-rtl
    Info: Found design unit 2: gh-rtl
    Info: Found design unit 3: up-rtl
    Info: Found design unit 4: ph-rtl
    Info: Found design unit 5: bt-rtl
    Info: Found design unit 6: vl-rtl
    Info: Found design unit 7: pr-rtl
    Info: Found design unit 8: appendix_k_predictor_top-structural
    Info: Found entity 1: ix
    Info: Found entity 2: gh
    Info: Found entity 3: up
    Info: Found entity 4: ph
    Info: Found entity 5: bt
    Info: Found entity 6: vl
    Info: Found entity 7: pr
    Info: Found entity 8: appendix_k_predictor_top
Info: Elaborating entity "appendix_k_predictor_top" for the top level hierarchy
Info: Elaborating entity "gh" for hierarchy "gh:u_gh"
Info: Elaborating entity "ix" for hierarchy "ix:u_ixq"
Info: Elaborating entity "up" for hierarchy "up:u_up"
Info: Elaborating entity "ph" for hierarchy "ph:u_ph"
Info: Elaborating entity "bt" for hierarchy "bt:u_bt"
Info: Elaborating entity "vl" for hierarchy "vl:u_vl"
Info: Elaborating entity "pr" for hierarchy "pr:u_pr"
Info: Found the following redundant logic cells in design
    Info (17048): Logic cell "h_s[0]"
    Info (17048): Logic cell "h_s[1]"
    Info (17048): Logic cell "iq_s[0]"
    Info (17048): Logic cell "iq_s[1]"
    Info (17048): Logic cell "iq_s[2]"
    Info (17048): Logic cell "iq_s[3]"
    Info (17048): Logic cell "iu_s[0]"
    Info (17048): Logic cell "iu_s[1]"
    Info (17048): Logic cell "iu_s[2]"
    Info (17048): Logic cell "iu_s[3]"
Info: Implemented 691 device resources after synthesis - the final resource count might be different
    Info: Implemented 27 input pins
    Info: Implemented 51 output pins
    Info: Implemented 613 logic cells
Info: Quartus II Analysis & Synthesis was successful. 0 errors, 0 warnings
    Info: Peak virtual memory: 251 megabytes
    Info: Processing ended: Sun May 24 13:56:31 2026
    Info: Elapsed time: 00:00:01
    Info: Total CPU time (on all processors): 00:00:01


