Analysis & Synthesis report for lab5_alu
Sun May 17 14:47:19 2026
Quartus II Version 9.1 Build 222 10/21/2009 SJ Web Edition


---------------------
; Table of Contents ;
---------------------
  1. Legal Notice
  2. Analysis & Synthesis Summary
  3. Analysis & Synthesis Settings
  4. Parallel Compilation
  5. Analysis & Synthesis Source Files Read
  6. Analysis & Synthesis Resource Usage Summary
  7. Analysis & Synthesis Resource Utilization by Entity
  8. General Register Statistics
  9. Multiplexer Restructuring Statistics (Restructuring Performed)
 10. Analysis & Synthesis Messages



----------------
; Legal Notice ;
----------------
Copyright (C) 1991-2009 Altera Corporation
Your use of Altera Corporation's design tools, logic functions 
and other software and tools, and its AMPP partner logic 
functions, and any output files from any of the foregoing 
(including device programming or simulation files), and any 
associated documentation or information are expressly subject 
to the terms and conditions of the Altera Program License 
Subscription Agreement, Altera MegaCore Function License 
Agreement, or other applicable license agreement, including, 
without limitation, that your use is for the sole purpose of 
programming logic devices manufactured by Altera and sold by 
Altera or its authorized distributors.  Please refer to the 
applicable agreement for further details.



+-------------------------------------------------------------------------+
; Analysis & Synthesis Summary                                            ;
+-------------------------------+-----------------------------------------+
; Analysis & Synthesis Status   ; Successful - Sun May 17 14:47:19 2026   ;
; Quartus II Version            ; 9.1 Build 222 10/21/2009 SJ Web Edition ;
; Revision Name                 ; lab5_alu                                ;
; Top-level Entity Name         ; lab5_alu_rtl_view_top                   ;
; Family                        ; Stratix II                              ;
; Logic utilization             ; N/A                                     ;
;     Combinational ALUTs       ; 59                                      ;
;     Dedicated logic registers ; 0                                       ;
; Total registers               ; 0                                       ;
; Total pins                    ; 65                                      ;
; Total virtual pins            ; 0                                       ;
; Total block memory bits       ; 0                                       ;
; DSP block 9-bit elements      ; 0                                       ;
; Total PLLs                    ; 0                                       ;
; Total DLLs                    ; 0                                       ;
+-------------------------------+-----------------------------------------+


+-------------------------------------------------------------------------------------------------------------------------+
; Analysis & Synthesis Settings                                                                                           ;
+----------------------------------------------------------------------------+-----------------------+--------------------+
; Option                                                                     ; Setting               ; Default Value      ;
+----------------------------------------------------------------------------+-----------------------+--------------------+
; Top-level entity name                                                      ; lab5_alu_rtl_view_top ; lab5_alu           ;
; Family name                                                                ; Stratix II            ; Stratix II         ;
; Use smart compilation                                                      ; Off                   ; Off                ;
; Enable parallel Assembler and TimeQuest Timing Analyzer during compilation ; On                    ; On                 ;
; Enable compact report table                                                ; Off                   ; Off                ;
; Restructure Multiplexers                                                   ; Auto                  ; Auto               ;
; Create Debugging Nodes for IP Cores                                        ; Off                   ; Off                ;
; Preserve fewer node names                                                  ; On                    ; On                 ;
; Disable OpenCore Plus hardware evaluation                                  ; Off                   ; Off                ;
; Verilog Version                                                            ; Verilog_2001          ; Verilog_2001       ;
; VHDL Version                                                               ; VHDL_1993             ; VHDL_1993          ;
; State Machine Processing                                                   ; Auto                  ; Auto               ;
; Safe State Machine                                                         ; Off                   ; Off                ;
; Extract Verilog State Machines                                             ; On                    ; On                 ;
; Extract VHDL State Machines                                                ; On                    ; On                 ;
; Ignore Verilog initial constructs                                          ; Off                   ; Off                ;
; Iteration limit for constant Verilog loops                                 ; 5000                  ; 5000               ;
; Iteration limit for non-constant Verilog loops                             ; 250                   ; 250                ;
; Add Pass-Through Logic to Inferred RAMs                                    ; On                    ; On                 ;
; Parallel Synthesis                                                         ; On                    ; On                 ;
; DSP Block Balancing                                                        ; Auto                  ; Auto               ;
; NOT Gate Push-Back                                                         ; On                    ; On                 ;
; Power-Up Don't Care                                                        ; On                    ; On                 ;
; Remove Redundant Logic Cells                                               ; Off                   ; Off                ;
; Remove Duplicate Registers                                                 ; On                    ; On                 ;
; Ignore CARRY Buffers                                                       ; Off                   ; Off                ;
; Ignore CASCADE Buffers                                                     ; Off                   ; Off                ;
; Ignore GLOBAL Buffers                                                      ; Off                   ; Off                ;
; Ignore ROW GLOBAL Buffers                                                  ; Off                   ; Off                ;
; Ignore LCELL Buffers                                                       ; Off                   ; Off                ;
; Ignore SOFT Buffers                                                        ; On                    ; On                 ;
; Limit AHDL Integers to 32 Bits                                             ; Off                   ; Off                ;
; Optimization Technique                                                     ; Balanced              ; Balanced           ;
; Carry Chain Length                                                         ; 70                    ; 70                 ;
; Auto Carry Chains                                                          ; On                    ; On                 ;
; Auto Open-Drain Pins                                                       ; On                    ; On                 ;
; Perform WYSIWYG Primitive Resynthesis                                      ; Off                   ; Off                ;
; Auto ROM Replacement                                                       ; On                    ; On                 ;
; Auto RAM Replacement                                                       ; On                    ; On                 ;
; Auto DSP Block Replacement                                                 ; On                    ; On                 ;
; Auto Shift Register Replacement                                            ; Auto                  ; Auto               ;
; Auto Clock Enable Replacement                                              ; On                    ; On                 ;
; Strict RAM Replacement                                                     ; Off                   ; Off                ;
; Allow Synchronous Control Signals                                          ; On                    ; On                 ;
; Force Use of Synchronous Clear Signals                                     ; Off                   ; Off                ;
; Auto RAM Block Balancing                                                   ; On                    ; On                 ;
; Auto RAM to Logic Cell Conversion                                          ; Off                   ; Off                ;
; Auto Resource Sharing                                                      ; Off                   ; Off                ;
; Allow Any RAM Size For Recognition                                         ; Off                   ; Off                ;
; Allow Any ROM Size For Recognition                                         ; Off                   ; Off                ;
; Allow Any Shift Register Size For Recognition                              ; Off                   ; Off                ;
; Use LogicLock Constraints during Resource Balancing                        ; On                    ; On                 ;
; Ignore translate_off and synthesis_off directives                          ; Off                   ; Off                ;
; Timing-Driven Synthesis                                                    ; Off                   ; Off                ;
; Show Parameter Settings Tables in Synthesis Report                         ; On                    ; On                 ;
; Ignore Maximum Fan-Out Assignments                                         ; Off                   ; Off                ;
; Synchronization Register Chain Length                                      ; 2                     ; 2                  ;
; PowerPlay Power Optimization                                               ; Normal compilation    ; Normal compilation ;
; HDL message level                                                          ; Level2                ; Level2             ;
; Suppress Register Optimization Related Messages                            ; Off                   ; Off                ;
; Number of Removed Registers Reported in Synthesis Report                   ; 100                   ; 100                ;
; Number of Inverted Registers Reported in Synthesis Report                  ; 100                   ; 100                ;
; Clock MUX Protection                                                       ; On                    ; On                 ;
; Auto Gated Clock Conversion                                                ; Off                   ; Off                ;
; Block Design Naming                                                        ; Auto                  ; Auto               ;
; SDC constraint protection                                                  ; Off                   ; Off                ;
; Synthesis Effort                                                           ; Auto                  ; Auto               ;
; Shift Register Replacement - Allow Asynchronous Clear Signal               ; On                    ; On                 ;
; Analysis & Synthesis Message Level                                         ; Medium                ; Medium             ;
; Disable Register Merging Across Hierarchies                                ; Auto                  ; Auto               ;
; Resource Aware Inference For Block RAM                                     ; On                    ; On                 ;
+----------------------------------------------------------------------------+-----------------------+--------------------+


Parallel compilation was disabled, but you have multiple processors available. Enable parallel compilation to reduce compilation time.
+-------------------------------------+
; Parallel Compilation                ;
+----------------------------+--------+
; Processors                 ; Number ;
+----------------------------+--------+
; Number detected on machine ; 12     ;
; Maximum allowed            ; 1      ;
+----------------------------+--------+


+---------------------------------------------------------------------------------------------------------------------------------------------------+
; Analysis & Synthesis Source Files Read                                                                                                            ;
+----------------------------------+-----------------+-----------------+----------------------------------------------------------------------------+
; File Name with User-Entered Path ; Used in Netlist ; File Type       ; File Name with Absolute Path                                               ;
+----------------------------------+-----------------+-----------------+----------------------------------------------------------------------------+
; ../../common/lab_variant_pkg.vhd ; yes             ; User VHDL File  ; D:/git/sifovm/LABS/student_labs_5_8/common/lab_variant_pkg.vhd             ;
; ../src/alu_cmp.vhd               ; yes             ; User VHDL File  ; D:/git/sifovm/LABS/student_labs_5_8/lab5_alu/src/alu_cmp.vhd               ;
; ../src/alu_nor.vhd               ; yes             ; User VHDL File  ; D:/git/sifovm/LABS/student_labs_5_8/lab5_alu/src/alu_nor.vhd               ;
; ../src/alu_sra.vhd               ; yes             ; User VHDL File  ; D:/git/sifovm/LABS/student_labs_5_8/lab5_alu/src/alu_sra.vhd               ;
; ../src/alu_flags.vhd             ; yes             ; User VHDL File  ; D:/git/sifovm/LABS/student_labs_5_8/lab5_alu/src/alu_flags.vhd             ;
; ../src/alu_control.vhd           ; yes             ; User VHDL File  ; D:/git/sifovm/LABS/student_labs_5_8/lab5_alu/src/alu_control.vhd           ;
; ../src/lab5_alu_top.vhd          ; yes             ; User VHDL File  ; D:/git/sifovm/LABS/student_labs_5_8/lab5_alu/src/lab5_alu_top.vhd          ;
; ../src/lab5_alu_rtl_view_top.vhd ; yes             ; User VHDL File  ; D:/git/sifovm/LABS/student_labs_5_8/lab5_alu/src/lab5_alu_rtl_view_top.vhd ;
+----------------------------------+-----------------+-----------------+----------------------------------------------------------------------------+


+----------------------------------------------------------------------------------------------+
; Analysis & Synthesis Resource Usage Summary                                                  ;
+-----------------------------------------------+----------------------------------------------+
; Resource                                      ; Usage                                        ;
+-----------------------------------------------+----------------------------------------------+
; Estimated ALUTs Used                          ; 59                                           ;
; Dedicated logic registers                     ; 0                                            ;
;                                               ;                                              ;
; Estimated ALUTs Unavailable                   ; 24                                           ;
;                                               ;                                              ;
; Total combinational functions                 ; 59                                           ;
; Combinational ALUT usage by number of inputs  ;                                              ;
;     -- 7 input functions                      ; 0                                            ;
;     -- 6 input functions                      ; 24                                           ;
;     -- 5 input functions                      ; 9                                            ;
;     -- 4 input functions                      ; 7                                            ;
;     -- <=3 input functions                    ; 19                                           ;
;                                               ;                                              ;
; Combinational ALUTs by mode                   ;                                              ;
;     -- normal mode                            ; 43                                           ;
;     -- extended LUT mode                      ; 0                                            ;
;     -- arithmetic mode                        ; 0                                            ;
;     -- shared arithmetic mode                 ; 16                                           ;
;                                               ;                                              ;
; Estimated ALUT/register pairs used            ; 83                                           ;
;                                               ;                                              ;
; Total registers                               ; 0                                            ;
;     -- Dedicated logic registers              ; 0                                            ;
;     -- I/O registers                          ; 0                                            ;
;                                               ;                                              ;
; Estimated ALMs:  partially or completely used ; 42                                           ;
;                                               ;                                              ;
; I/O pins                                      ; 65                                           ;
; Maximum fan-out node                          ; lab5_alu_top:U_ALU|alu_control:U_CTRL|Mux1~1 ;
; Maximum fan-out                               ; 21                                           ;
; Total fan-out                                 ; 294                                          ;
; Average fan-out                               ; 2.37                                         ;
+-----------------------------------------------+----------------------------------------------+


+----------------------------------------------------------------------------------------------------------------------------------------------------------------------------------------------------------------------------------------+
; Analysis & Synthesis Resource Utilization by Entity                                                                                                                                                                                    ;
+----------------------------+-------------------+--------------+-------------------+--------------+---------+-----------+-----------+------+--------------+--------------------------------------------------------------+--------------+
; Compilation Hierarchy Node ; LC Combinationals ; LC Registers ; Block Memory Bits ; DSP Elements ; DSP 9x9 ; DSP 18x18 ; DSP 36x36 ; Pins ; Virtual Pins ; Full Hierarchy Name                                          ; Library Name ;
+----------------------------+-------------------+--------------+-------------------+--------------+---------+-----------+-----------+------+--------------+--------------------------------------------------------------+--------------+
; |lab5_alu_rtl_view_top     ; 59 (0)            ; 0 (0)        ; 0                 ; 0            ; 0       ; 0         ; 0         ; 65   ; 0            ; |lab5_alu_rtl_view_top                                       ; work         ;
;    |lab5_alu_top:U_ALU|    ; 59 (20)           ; 0 (0)        ; 0                 ; 0            ; 0       ; 0         ; 0         ; 0    ; 0            ; |lab5_alu_rtl_view_top|lab5_alu_top:U_ALU                    ;              ;
;       |alu_cmp:U_CMP|      ; 27 (27)           ; 0 (0)        ; 0                 ; 0            ; 0       ; 0         ; 0         ; 0    ; 0            ; |lab5_alu_rtl_view_top|lab5_alu_top:U_ALU|alu_cmp:U_CMP      ; work         ;
;       |alu_control:U_CTRL| ; 8 (8)             ; 0 (0)        ; 0                 ; 0            ; 0       ; 0         ; 0         ; 0    ; 0            ; |lab5_alu_rtl_view_top|lab5_alu_top:U_ALU|alu_control:U_CTRL ; work         ;
;       |alu_flags:U_FLAGS|  ; 4 (4)             ; 0 (0)        ; 0                 ; 0            ; 0       ; 0         ; 0         ; 0    ; 0            ; |lab5_alu_rtl_view_top|lab5_alu_top:U_ALU|alu_flags:U_FLAGS  ; work         ;
+----------------------------+-------------------+--------------+-------------------+--------------+---------+-----------+-----------+------+--------------+--------------------------------------------------------------+--------------+
Note: For table entries with two numbers listed, the numbers in parentheses indicate the number of resources of the given type used by the specific entity alone. The numbers listed outside of parentheses indicate the total resources of the given type used by the specific entity and all of its sub-entities in the hierarchy.


+------------------------------------------------------+
; General Register Statistics                          ;
+----------------------------------------------+-------+
; Statistic                                    ; Value ;
+----------------------------------------------+-------+
; Total registers                              ; 0     ;
; Number of registers using Synchronous Clear  ; 0     ;
; Number of registers using Synchronous Load   ; 0     ;
; Number of registers using Asynchronous Clear ; 0     ;
; Number of registers using Asynchronous Load  ; 0     ;
; Number of registers using Clock Enable       ; 0     ;
; Number of registers using Preset             ; 0     ;
+----------------------------------------------+-------+


+---------------------------------------------------------------------------------------------------------------------------------------------------------------+
; Multiplexer Restructuring Statistics (Restructuring Performed)                                                                                                ;
+--------------------+-----------+---------------+----------------------+------------------------+------------+-------------------------------------------------+
; Multiplexer Inputs ; Bus Width ; Baseline Area ; Area if Restructured ; Saving if Restructured ; Registered ; Example Multiplexer Output                      ;
+--------------------+-----------+---------------+----------------------+------------------------+------------+-------------------------------------------------+
; 4:1                ; 15 bits   ; 30 ALUTs      ; 30 ALUTs             ; 0 ALUTs                ; No         ; |lab5_alu_rtl_view_top|lab5_alu_top:U_ALU|Mux15 ;
+--------------------+-----------+---------------+----------------------+------------------------+------------+-------------------------------------------------+


+-------------------------------+
; Analysis & Synthesis Messages ;
+-------------------------------+
Info: *******************************************************************
Info: Running Quartus II Analysis & Synthesis
    Info: Version 9.1 Build 222 10/21/2009 SJ Web Edition
    Info: Processing started: Sun May 17 14:47:18 2026
Info: Command: quartus_map --read_settings_files=on --write_settings_files=off lab5_alu -c lab5_alu
Info: Found 2 design units, including 0 entities, in source file /git/sifovm/labs/student_labs_5_8/common/lab_variant_pkg.vhd
    Info: Found design unit 1: lab_variant_pkg
    Info: Found design unit 2: lab_variant_pkg-body
Info: Found 2 design units, including 1 entities, in source file /git/sifovm/labs/student_labs_5_8/lab5_alu/src/alu_cmp.vhd
    Info: Found design unit 1: alu_cmp-rtl
    Info: Found entity 1: alu_cmp
Info: Found 2 design units, including 1 entities, in source file /git/sifovm/labs/student_labs_5_8/lab5_alu/src/alu_nor.vhd
    Info: Found design unit 1: alu_nor-rtl
    Info: Found entity 1: alu_nor
Info: Found 2 design units, including 1 entities, in source file /git/sifovm/labs/student_labs_5_8/lab5_alu/src/alu_sra.vhd
    Info: Found design unit 1: alu_sra-rtl
    Info: Found entity 1: alu_sra
Info: Found 2 design units, including 1 entities, in source file /git/sifovm/labs/student_labs_5_8/lab5_alu/src/alu_flags.vhd
    Info: Found design unit 1: alu_flags-rtl
    Info: Found entity 1: alu_flags
Info: Found 2 design units, including 1 entities, in source file /git/sifovm/labs/student_labs_5_8/lab5_alu/src/alu_control.vhd
    Info: Found design unit 1: alu_control-rtl
    Info: Found entity 1: alu_control
Info: Found 2 design units, including 1 entities, in source file /git/sifovm/labs/student_labs_5_8/lab5_alu/src/lab5_alu_top.vhd
    Info: Found design unit 1: lab5_alu_top-structural
    Info: Found entity 1: lab5_alu_top
Info: Found 2 design units, including 1 entities, in source file /git/sifovm/labs/student_labs_5_8/lab5_alu/src/lab5_alu_rtl_view_top.vhd
    Info: Found design unit 1: lab5_alu_rtl_view_top-structural
    Info: Found entity 1: lab5_alu_rtl_view_top
Info: Elaborating entity "lab5_alu_rtl_view_top" for the top level hierarchy
Info: Elaborating entity "lab5_alu_top" for hierarchy "lab5_alu_top:U_ALU"
Info: Elaborating entity "alu_control" for hierarchy "lab5_alu_top:U_ALU|alu_control:U_CTRL"
Info: Elaborating entity "alu_cmp" for hierarchy "lab5_alu_top:U_ALU|alu_cmp:U_CMP"
Info: Elaborating entity "alu_nor" for hierarchy "lab5_alu_top:U_ALU|alu_nor:U_NOR"
Info: Elaborating entity "alu_sra" for hierarchy "lab5_alu_top:U_ALU|alu_sra:U_SRA"
Info: Elaborating entity "alu_flags" for hierarchy "lab5_alu_top:U_ALU|alu_flags:U_FLAGS"
Warning: Output pins are stuck at VCC or GND
    Warning (13410): Pin "ctrl_selected_alu_operation_o[2]" is stuck at GND
Info: Implemented 124 device resources after synthesis - the final resource count might be different
    Info: Implemented 40 input pins
    Info: Implemented 25 output pins
    Info: Implemented 59 logic cells
Info: Quartus II Analysis & Synthesis was successful. 0 errors, 2 warnings
    Info: Peak virtual memory: 248 megabytes
    Info: Processing ended: Sun May 17 14:47:19 2026
    Info: Elapsed time: 00:00:01
    Info: Total CPU time (on all processors): 00:00:01


