Analysis & Synthesis report for lab8_cache
Sun May 17 17:59:23 2026
Quartus II Version 9.1 Build 222 10/21/2009 SJ Web Edition


---------------------
; Table of Contents ;
---------------------
  1. Legal Notice
  2. Analysis & Synthesis Summary
  3. Analysis & Synthesis Settings
  4. Parallel Compilation
  5. Analysis & Synthesis Source Files Read
  6. Analysis & Synthesis Resource Usage Summary
  7. Analysis & Synthesis Resource Utilization by Entity
  8. Analysis & Synthesis RAM Summary
  9. State Machine - |lab8_cache_rtl_view_top|lab8_cache_top:U_CACHE_SYSTEM|cache_direct_mapped:U_CACHE|state_r
 10. Registers Removed During Synthesis
 11. General Register Statistics
 12. Registers Added for RAM Pass-Through Logic
 13. Multiplexer Restructuring Statistics (Restructuring Performed)
 14. Source assignments for lab8_cache_top:U_CACHE_SYSTEM|main_memory_sync:U_RAM|altsyncram:mem_r_rtl_0|altsyncram_tlm1:auto_generated
 15. Parameter Settings for Inferred Entity Instance: lab8_cache_top:U_CACHE_SYSTEM|main_memory_sync:U_RAM|altsyncram:mem_r_rtl_0
 16. altsyncram Parameter Settings by Entity Instance
 17. Analysis & Synthesis Messages



----------------
; Legal Notice ;
----------------
Copyright (C) 1991-2009 Altera Corporation
Your use of Altera Corporation's design tools, logic functions 
and other software and tools, and its AMPP partner logic 
functions, and any output files from any of the foregoing 
(including device programming or simulation files), and any 
associated documentation or information are expressly subject 
to the terms and conditions of the Altera Program License 
Subscription Agreement, Altera MegaCore Function License 
Agreement, or other applicable license agreement, including, 
without limitation, that your use is for the sole purpose of 
programming logic devices manufactured by Altera and sold by 
Altera or its authorized distributors.  Please refer to the 
applicable agreement for further details.



+-------------------------------------------------------------------------+
; Analysis & Synthesis Summary                                            ;
+-------------------------------+-----------------------------------------+
; Analysis & Synthesis Status   ; Successful - Sun May 17 17:59:23 2026   ;
; Quartus II Version            ; 9.1 Build 222 10/21/2009 SJ Web Edition ;
; Revision Name                 ; lab8_cache                              ;
; Top-level Entity Name         ; lab8_cache_rtl_view_top                 ;
; Family                        ; Stratix II                              ;
; Logic utilization             ; N/A                                     ;
;     Combinational ALUTs       ; 193                                     ;
;     Dedicated logic registers ; 371                                     ;
; Total registers               ; 371                                     ;
; Total pins                    ; 89                                      ;
; Total virtual pins            ; 0                                       ;
; Total block memory bits       ; 4,096                                   ;
; DSP block 9-bit elements      ; 0                                       ;
; Total PLLs                    ; 0                                       ;
; Total DLLs                    ; 0                                       ;
+-------------------------------+-----------------------------------------+


+---------------------------------------------------------------------------------------------------------------------------+
; Analysis & Synthesis Settings                                                                                             ;
+----------------------------------------------------------------------------+-------------------------+--------------------+
; Option                                                                     ; Setting                 ; Default Value      ;
+----------------------------------------------------------------------------+-------------------------+--------------------+
; Top-level entity name                                                      ; lab8_cache_rtl_view_top ; lab8_cache         ;
; Family name                                                                ; Stratix II              ; Stratix II         ;
; Use smart compilation                                                      ; Off                     ; Off                ;
; Enable parallel Assembler and TimeQuest Timing Analyzer during compilation ; On                      ; On                 ;
; Enable compact report table                                                ; Off                     ; Off                ;
; Restructure Multiplexers                                                   ; Auto                    ; Auto               ;
; Create Debugging Nodes for IP Cores                                        ; Off                     ; Off                ;
; Preserve fewer node names                                                  ; On                      ; On                 ;
; Disable OpenCore Plus hardware evaluation                                  ; Off                     ; Off                ;
; Verilog Version                                                            ; Verilog_2001            ; Verilog_2001       ;
; VHDL Version                                                               ; VHDL_1993               ; VHDL_1993          ;
; State Machine Processing                                                   ; Auto                    ; Auto               ;
; Safe State Machine                                                         ; Off                     ; Off                ;
; Extract Verilog State Machines                                             ; On                      ; On                 ;
; Extract VHDL State Machines                                                ; On                      ; On                 ;
; Ignore Verilog initial constructs                                          ; Off                     ; Off                ;
; Iteration limit for constant Verilog loops                                 ; 5000                    ; 5000               ;
; Iteration limit for non-constant Verilog loops                             ; 250                     ; 250                ;
; Add Pass-Through Logic to Inferred RAMs                                    ; On                      ; On                 ;
; Parallel Synthesis                                                         ; On                      ; On                 ;
; DSP Block Balancing                                                        ; Auto                    ; Auto               ;
; NOT Gate Push-Back                                                         ; On                      ; On                 ;
; Power-Up Don't Care                                                        ; On                      ; On                 ;
; Remove Redundant Logic Cells                                               ; Off                     ; Off                ;
; Remove Duplicate Registers                                                 ; On                      ; On                 ;
; Ignore CARRY Buffers                                                       ; Off                     ; Off                ;
; Ignore CASCADE Buffers                                                     ; Off                     ; Off                ;
; Ignore GLOBAL Buffers                                                      ; Off                     ; Off                ;
; Ignore ROW GLOBAL Buffers                                                  ; Off                     ; Off                ;
; Ignore LCELL Buffers                                                       ; Off                     ; Off                ;
; Ignore SOFT Buffers                                                        ; On                      ; On                 ;
; Limit AHDL Integers to 32 Bits                                             ; Off                     ; Off                ;
; Optimization Technique                                                     ; Balanced                ; Balanced           ;
; Carry Chain Length                                                         ; 70                      ; 70                 ;
; Auto Carry Chains                                                          ; On                      ; On                 ;
; Auto Open-Drain Pins                                                       ; On                      ; On                 ;
; Perform WYSIWYG Primitive Resynthesis                                      ; Off                     ; Off                ;
; Auto ROM Replacement                                                       ; On                      ; On                 ;
; Auto RAM Replacement                                                       ; On                      ; On                 ;
; Auto DSP Block Replacement                                                 ; On                      ; On                 ;
; Auto Shift Register Replacement                                            ; Auto                    ; Auto               ;
; Auto Clock Enable Replacement                                              ; On                      ; On                 ;
; Strict RAM Replacement                                                     ; Off                     ; Off                ;
; Allow Synchronous Control Signals                                          ; On                      ; On                 ;
; Force Use of Synchronous Clear Signals                                     ; Off                     ; Off                ;
; Auto RAM Block Balancing                                                   ; On                      ; On                 ;
; Auto RAM to Logic Cell Conversion                                          ; Off                     ; Off                ;
; Auto Resource Sharing                                                      ; Off                     ; Off                ;
; Allow Any RAM Size For Recognition                                         ; Off                     ; Off                ;
; Allow Any ROM Size For Recognition                                         ; Off                     ; Off                ;
; Allow Any Shift Register Size For Recognition                              ; Off                     ; Off                ;
; Use LogicLock Constraints during Resource Balancing                        ; On                      ; On                 ;
; Ignore translate_off and synthesis_off directives                          ; Off                     ; Off                ;
; Timing-Driven Synthesis                                                    ; Off                     ; Off                ;
; Show Parameter Settings Tables in Synthesis Report                         ; On                      ; On                 ;
; Ignore Maximum Fan-Out Assignments                                         ; Off                     ; Off                ;
; Synchronization Register Chain Length                                      ; 2                       ; 2                  ;
; PowerPlay Power Optimization                                               ; Normal compilation      ; Normal compilation ;
; HDL message level                                                          ; Level2                  ; Level2             ;
; Suppress Register Optimization Related Messages                            ; Off                     ; Off                ;
; Number of Removed Registers Reported in Synthesis Report                   ; 100                     ; 100                ;
; Number of Inverted Registers Reported in Synthesis Report                  ; 100                     ; 100                ;
; Clock MUX Protection                                                       ; On                      ; On                 ;
; Auto Gated Clock Conversion                                                ; Off                     ; Off                ;
; Block Design Naming                                                        ; Auto                    ; Auto               ;
; SDC constraint protection                                                  ; Off                     ; Off                ;
; Synthesis Effort                                                           ; Auto                    ; Auto               ;
; Shift Register Replacement - Allow Asynchronous Clear Signal               ; On                      ; On                 ;
; Analysis & Synthesis Message Level                                         ; Medium                  ; Medium             ;
; Disable Register Merging Across Hierarchies                                ; Auto                    ; Auto               ;
; Resource Aware Inference For Block RAM                                     ; On                      ; On                 ;
+----------------------------------------------------------------------------+-------------------------+--------------------+


Parallel compilation was disabled, but you have multiple processors available. Enable parallel compilation to reduce compilation time.
+-------------------------------------+
; Parallel Compilation                ;
+----------------------------+--------+
; Processors                 ; Number ;
+----------------------------+--------+
; Number detected on machine ; 12     ;
; Maximum allowed            ; 1      ;
+----------------------------+--------+


+----------------------------------------------------------------------------------------------------------------------------------------------------------------------------------------------------------------------------------------------+
; Analysis & Synthesis Source Files Read                                                                                                                                                                                                       ;
+------------------------------------------------------+-----------------+-------------------------------------------------------+-------------------------------------------------------------------------------------------------------------+
; File Name with User-Entered Path                     ; Used in Netlist ; File Type                                             ; File Name with Absolute Path                                                                                ;
+------------------------------------------------------+-----------------+-------------------------------------------------------+-------------------------------------------------------------------------------------------------------------+
; ../../common/lab_variant_pkg.vhd                     ; yes             ; User VHDL File                                        ; D:/git/sifovm/LABS/student_labs_5_8/common/lab_variant_pkg.vhd                                              ;
; ../src/cache_direct_mapped.vhd                       ; yes             ; User VHDL File                                        ; D:/git/sifovm/LABS/student_labs_5_8/lab8_cache/src/cache_direct_mapped.vhd                                  ;
; ../src/main_memory_sync.vhd                          ; yes             ; User VHDL File                                        ; D:/git/sifovm/LABS/student_labs_5_8/lab8_cache/src/main_memory_sync.vhd                                     ;
; ../src/lab8_cache_top.vhd                            ; yes             ; User VHDL File                                        ; D:/git/sifovm/LABS/student_labs_5_8/lab8_cache/src/lab8_cache_top.vhd                                       ;
; ../src/lab8_cache_rtl_view_top.vhd                   ; yes             ; User VHDL File                                        ; D:/git/sifovm/LABS/student_labs_5_8/lab8_cache/src/lab8_cache_rtl_view_top.vhd                              ;
; altsyncram.tdf                                       ; yes             ; Megafunction                                          ; d:/quartus/libraries/megafunctions/altsyncram.tdf                                                           ;
; db/altsyncram_tlm1.tdf                               ; yes             ; Auto-Generated Megafunction                           ; D:/git/sifovm/LABS/student_labs_5_8/lab8_cache/quartus/db/altsyncram_tlm1.tdf                               ;
; db/lab8_cache.ram0_main_memory_sync_4987f2ed.hdl.mif ; yes             ; Auto-Generated Auto-Found Memory Initialization File  ; D:/git/sifovm/LABS/student_labs_5_8/lab8_cache/quartus/db/lab8_cache.ram0_main_memory_sync_4987f2ed.hdl.mif ;
+------------------------------------------------------+-----------------+-------------------------------------------------------+-------------------------------------------------------------------------------------------------------------+


+---------------------------------------------------------+
; Analysis & Synthesis Resource Usage Summary             ;
+-----------------------------------------------+---------+
; Resource                                      ; Usage   ;
+-----------------------------------------------+---------+
; Estimated ALUTs Used                          ; 193     ;
; Dedicated logic registers                     ; 371     ;
;                                               ;         ;
; Estimated ALUTs Unavailable                   ; 56      ;
;                                               ;         ;
; Total combinational functions                 ; 193     ;
; Combinational ALUT usage by number of inputs  ;         ;
;     -- 7 input functions                      ; 0       ;
;     -- 6 input functions                      ; 94      ;
;     -- 5 input functions                      ; 44      ;
;     -- 4 input functions                      ; 30      ;
;     -- <=3 input functions                    ; 25      ;
;                                               ;         ;
; Combinational ALUTs by mode                   ;         ;
;     -- normal mode                            ; 193     ;
;     -- extended LUT mode                      ; 0       ;
;     -- arithmetic mode                        ; 0       ;
;     -- shared arithmetic mode                 ; 0       ;
;                                               ;         ;
; Estimated ALUT/register pairs used            ; 550     ;
;                                               ;         ;
; Total registers                               ; 371     ;
;     -- Dedicated logic registers              ; 371     ;
;     -- I/O registers                          ; 0       ;
;                                               ;         ;
; Estimated ALMs:  partially or completely used ; 275     ;
;                                               ;         ;
; I/O pins                                      ; 89      ;
; Total block memory bits                       ; 4096    ;
; Maximum fan-out node                          ; clock_i ;
; Maximum fan-out                               ; 387     ;
; Total fan-out                                 ; 3254    ;
; Average fan-out                               ; 4.86    ;
+-----------------------------------------------+---------+


+---------------------------------------------------------------------------------------------------------------------------------------------------------------------------------------------------------------------------------------------------------------------------------------------------------------------------------+
; Analysis & Synthesis Resource Utilization by Entity                                                                                                                                                                                                                                                                             ;
+----------------------------------------------+-------------------+--------------+-------------------+--------------+---------+-----------+-----------+------+--------------+-------------------------------------------------------------------------------------------------------------------------------------+--------------+
; Compilation Hierarchy Node                   ; LC Combinationals ; LC Registers ; Block Memory Bits ; DSP Elements ; DSP 9x9 ; DSP 18x18 ; DSP 36x36 ; Pins ; Virtual Pins ; Full Hierarchy Name                                                                                                                 ; Library Name ;
+----------------------------------------------+-------------------+--------------+-------------------+--------------+---------+-----------+-----------+------+--------------+-------------------------------------------------------------------------------------------------------------------------------------+--------------+
; |lab8_cache_rtl_view_top                     ; 193 (1)           ; 371 (0)      ; 4096              ; 0            ; 0       ; 0         ; 0         ; 89   ; 0            ; |lab8_cache_rtl_view_top                                                                                                            ; work         ;
;    |lab8_cache_top:U_CACHE_SYSTEM|           ; 192 (16)          ; 371 (0)      ; 4096              ; 0            ; 0       ; 0         ; 0         ; 0    ; 0            ; |lab8_cache_rtl_view_top|lab8_cache_top:U_CACHE_SYSTEM                                                                              ;              ;
;       |cache_direct_mapped:U_CACHE|          ; 155 (155)         ; 329 (329)    ; 0                 ; 0            ; 0       ; 0         ; 0         ; 0    ; 0            ; |lab8_cache_rtl_view_top|lab8_cache_top:U_CACHE_SYSTEM|cache_direct_mapped:U_CACHE                                                  ; work         ;
;       |main_memory_sync:U_RAM|               ; 21 (21)           ; 42 (42)      ; 4096              ; 0            ; 0       ; 0         ; 0         ; 0    ; 0            ; |lab8_cache_rtl_view_top|lab8_cache_top:U_CACHE_SYSTEM|main_memory_sync:U_RAM                                                       ; work         ;
;          |altsyncram:mem_r_rtl_0|            ; 0 (0)             ; 0 (0)        ; 4096              ; 0            ; 0       ; 0         ; 0         ; 0    ; 0            ; |lab8_cache_rtl_view_top|lab8_cache_top:U_CACHE_SYSTEM|main_memory_sync:U_RAM|altsyncram:mem_r_rtl_0                                ;              ;
;             |altsyncram_tlm1:auto_generated| ; 0 (0)             ; 0 (0)        ; 4096              ; 0            ; 0       ; 0         ; 0         ; 0    ; 0            ; |lab8_cache_rtl_view_top|lab8_cache_top:U_CACHE_SYSTEM|main_memory_sync:U_RAM|altsyncram:mem_r_rtl_0|altsyncram_tlm1:auto_generated ;              ;
+----------------------------------------------+-------------------+--------------+-------------------+--------------+---------+-----------+-----------+------+--------------+-------------------------------------------------------------------------------------------------------------------------------------+--------------+
Note: For table entries with two numbers listed, the numbers in parentheses indicate the number of resources of the given type used by the specific entity alone. The numbers listed outside of parentheses indicate the total resources of the given type used by the specific entity and all of its sub-entities in the hierarchy.


+---------------------------------------------------------------------------------------------------------------------------------------------------------------------------------------------------------------------------------------------------------------------------+
; Analysis & Synthesis RAM Summary                                                                                                                                                                                                                                          ;
+-----------------------------------------------------------------------------------------------------------------------+------+------------------+--------------+--------------+--------------+--------------+------+------------------------------------------------------+
; Name                                                                                                                  ; Type ; Mode             ; Port A Depth ; Port A Width ; Port B Depth ; Port B Width ; Size ; MIF                                                  ;
+-----------------------------------------------------------------------------------------------------------------------+------+------------------+--------------+--------------+--------------+--------------+------+------------------------------------------------------+
; lab8_cache_top:U_CACHE_SYSTEM|main_memory_sync:U_RAM|altsyncram:mem_r_rtl_0|altsyncram_tlm1:auto_generated|ALTSYNCRAM ; AUTO ; Simple Dual Port ; 256          ; 16           ; 256          ; 16           ; 4096 ; db/lab8_cache.ram0_main_memory_sync_4987f2ed.hdl.mif ;
+-----------------------------------------------------------------------------------------------------------------------+------+------------------+--------------+--------------+--------------+--------------+------+------------------------------------------------------+


Encoding Type:  One-Hot
+-----------------------------------------------------------------------------------------------------------------------+
; State Machine - |lab8_cache_rtl_view_top|lab8_cache_top:U_CACHE_SYSTEM|cache_direct_mapped:U_CACHE|state_r            ;
+--------------------------+--------------------------+------------------------+-------------------------+--------------+
; Name                     ; state_r.WAIT_WRITE_GRANT ; state_r.WAIT_READ_DATA ; state_r.WAIT_READ_GRANT ; state_r.IDLE ;
+--------------------------+--------------------------+------------------------+-------------------------+--------------+
; state_r.IDLE             ; 0                        ; 0                      ; 0                       ; 0            ;
; state_r.WAIT_READ_GRANT  ; 0                        ; 0                      ; 1                       ; 1            ;
; state_r.WAIT_READ_DATA   ; 0                        ; 1                      ; 0                       ; 1            ;
; state_r.WAIT_WRITE_GRANT ; 1                        ; 0                      ; 0                       ; 1            ;
+--------------------------+--------------------------+------------------------+-------------------------+--------------+


+----------------------------------------------------------------------------------------------------------------------------------------------------------------+
; Registers Removed During Synthesis                                                                                                                             ;
+--------------------------------------------------------------------------+-------------------------------------------------------------------------------------+
; Register name                                                            ; Reason for Removal                                                                  ;
+--------------------------------------------------------------------------+-------------------------------------------------------------------------------------+
; lab8_cache_top:U_CACHE_SYSTEM|cache_direct_mapped:U_CACHE|req_addr_r[3]  ; Merged with lab8_cache_top:U_CACHE_SYSTEM|cache_direct_mapped:U_CACHE|tag_req_r[0]  ;
; lab8_cache_top:U_CACHE_SYSTEM|cache_direct_mapped:U_CACHE|req_addr_r[4]  ; Merged with lab8_cache_top:U_CACHE_SYSTEM|cache_direct_mapped:U_CACHE|tag_req_r[1]  ;
; lab8_cache_top:U_CACHE_SYSTEM|cache_direct_mapped:U_CACHE|req_addr_r[5]  ; Merged with lab8_cache_top:U_CACHE_SYSTEM|cache_direct_mapped:U_CACHE|tag_req_r[2]  ;
; lab8_cache_top:U_CACHE_SYSTEM|cache_direct_mapped:U_CACHE|req_addr_r[6]  ; Merged with lab8_cache_top:U_CACHE_SYSTEM|cache_direct_mapped:U_CACHE|tag_req_r[3]  ;
; lab8_cache_top:U_CACHE_SYSTEM|cache_direct_mapped:U_CACHE|req_addr_r[7]  ; Merged with lab8_cache_top:U_CACHE_SYSTEM|cache_direct_mapped:U_CACHE|tag_req_r[4]  ;
; lab8_cache_top:U_CACHE_SYSTEM|cache_direct_mapped:U_CACHE|req_addr_r[8]  ; Merged with lab8_cache_top:U_CACHE_SYSTEM|cache_direct_mapped:U_CACHE|tag_req_r[5]  ;
; lab8_cache_top:U_CACHE_SYSTEM|cache_direct_mapped:U_CACHE|req_addr_r[9]  ; Merged with lab8_cache_top:U_CACHE_SYSTEM|cache_direct_mapped:U_CACHE|tag_req_r[6]  ;
; lab8_cache_top:U_CACHE_SYSTEM|cache_direct_mapped:U_CACHE|req_addr_r[10] ; Merged with lab8_cache_top:U_CACHE_SYSTEM|cache_direct_mapped:U_CACHE|tag_req_r[7]  ;
; lab8_cache_top:U_CACHE_SYSTEM|cache_direct_mapped:U_CACHE|req_addr_r[11] ; Merged with lab8_cache_top:U_CACHE_SYSTEM|cache_direct_mapped:U_CACHE|tag_req_r[8]  ;
; lab8_cache_top:U_CACHE_SYSTEM|cache_direct_mapped:U_CACHE|req_addr_r[12] ; Merged with lab8_cache_top:U_CACHE_SYSTEM|cache_direct_mapped:U_CACHE|tag_req_r[9]  ;
; lab8_cache_top:U_CACHE_SYSTEM|cache_direct_mapped:U_CACHE|req_addr_r[13] ; Merged with lab8_cache_top:U_CACHE_SYSTEM|cache_direct_mapped:U_CACHE|tag_req_r[10] ;
; lab8_cache_top:U_CACHE_SYSTEM|cache_direct_mapped:U_CACHE|req_addr_r[14] ; Merged with lab8_cache_top:U_CACHE_SYSTEM|cache_direct_mapped:U_CACHE|tag_req_r[11] ;
; lab8_cache_top:U_CACHE_SYSTEM|cache_direct_mapped:U_CACHE|req_addr_r[15] ; Merged with lab8_cache_top:U_CACHE_SYSTEM|cache_direct_mapped:U_CACHE|tag_req_r[12] ;
; lab8_cache_top:U_CACHE_SYSTEM|cache_direct_mapped:U_CACHE|req_addr_r[0]  ; Merged with lab8_cache_top:U_CACHE_SYSTEM|cache_direct_mapped:U_CACHE|index_r[0]    ;
; lab8_cache_top:U_CACHE_SYSTEM|cache_direct_mapped:U_CACHE|req_addr_r[1]  ; Merged with lab8_cache_top:U_CACHE_SYSTEM|cache_direct_mapped:U_CACHE|index_r[1]    ;
; lab8_cache_top:U_CACHE_SYSTEM|cache_direct_mapped:U_CACHE|req_addr_r[2]  ; Merged with lab8_cache_top:U_CACHE_SYSTEM|cache_direct_mapped:U_CACHE|index_r[2]    ;
; lab8_cache_top:U_CACHE_SYSTEM|main_memory_sync:U_RAM|mem_r_25_bypass[2]  ; Merged with lab8_cache_top:U_CACHE_SYSTEM|cache_direct_mapped:U_CACHE|ram_addr_r[0] ;
; lab8_cache_top:U_CACHE_SYSTEM|main_memory_sync:U_RAM|mem_r_25_bypass[4]  ; Merged with lab8_cache_top:U_CACHE_SYSTEM|cache_direct_mapped:U_CACHE|ram_addr_r[1] ;
; lab8_cache_top:U_CACHE_SYSTEM|main_memory_sync:U_RAM|mem_r_25_bypass[6]  ; Merged with lab8_cache_top:U_CACHE_SYSTEM|cache_direct_mapped:U_CACHE|ram_addr_r[2] ;
; lab8_cache_top:U_CACHE_SYSTEM|main_memory_sync:U_RAM|mem_r_25_bypass[8]  ; Merged with lab8_cache_top:U_CACHE_SYSTEM|cache_direct_mapped:U_CACHE|ram_addr_r[3] ;
; lab8_cache_top:U_CACHE_SYSTEM|main_memory_sync:U_RAM|mem_r_25_bypass[10] ; Merged with lab8_cache_top:U_CACHE_SYSTEM|cache_direct_mapped:U_CACHE|ram_addr_r[4] ;
; lab8_cache_top:U_CACHE_SYSTEM|main_memory_sync:U_RAM|mem_r_25_bypass[12] ; Merged with lab8_cache_top:U_CACHE_SYSTEM|cache_direct_mapped:U_CACHE|ram_addr_r[5] ;
; lab8_cache_top:U_CACHE_SYSTEM|main_memory_sync:U_RAM|mem_r_25_bypass[14] ; Merged with lab8_cache_top:U_CACHE_SYSTEM|cache_direct_mapped:U_CACHE|ram_addr_r[6] ;
; lab8_cache_top:U_CACHE_SYSTEM|main_memory_sync:U_RAM|mem_r_25_bypass[16] ; Merged with lab8_cache_top:U_CACHE_SYSTEM|cache_direct_mapped:U_CACHE|ram_addr_r[7] ;
; Total Number of Removed Registers = 24                                   ;                                                                                     ;
+--------------------------------------------------------------------------+-------------------------------------------------------------------------------------+


+------------------------------------------------------+
; General Register Statistics                          ;
+----------------------------------------------+-------+
; Statistic                                    ; Value ;
+----------------------------------------------+-------+
; Total registers                              ; 371   ;
; Number of registers using Synchronous Clear  ; 316   ;
; Number of registers using Synchronous Load   ; 274   ;
; Number of registers using Asynchronous Clear ; 0     ;
; Number of registers using Asynchronous Load  ; 0     ;
; Number of registers using Clock Enable       ; 320   ;
; Number of registers using Preset             ; 0     ;
+----------------------------------------------+-------+


+------------------------------------------------------------------------------------------------------------------------------------------+
; Registers Added for RAM Pass-Through Logic                                                                                               ;
+--------------------------------------------------------------------------+---------------------------------------------------------------+
; Register Name                                                            ; RAM Name                                                      ;
+--------------------------------------------------------------------------+---------------------------------------------------------------+
; lab8_cache_top:U_CACHE_SYSTEM|main_memory_sync:U_RAM|mem_r_25_bypass[0]  ; lab8_cache_top:U_CACHE_SYSTEM|main_memory_sync:U_RAM|mem_r~25 ;
; lab8_cache_top:U_CACHE_SYSTEM|main_memory_sync:U_RAM|mem_r_25_bypass[1]  ; lab8_cache_top:U_CACHE_SYSTEM|main_memory_sync:U_RAM|mem_r~25 ;
; lab8_cache_top:U_CACHE_SYSTEM|main_memory_sync:U_RAM|mem_r_25_bypass[2]  ; lab8_cache_top:U_CACHE_SYSTEM|main_memory_sync:U_RAM|mem_r~25 ;
; lab8_cache_top:U_CACHE_SYSTEM|main_memory_sync:U_RAM|mem_r_25_bypass[3]  ; lab8_cache_top:U_CACHE_SYSTEM|main_memory_sync:U_RAM|mem_r~25 ;
; lab8_cache_top:U_CACHE_SYSTEM|main_memory_sync:U_RAM|mem_r_25_bypass[4]  ; lab8_cache_top:U_CACHE_SYSTEM|main_memory_sync:U_RAM|mem_r~25 ;
; lab8_cache_top:U_CACHE_SYSTEM|main_memory_sync:U_RAM|mem_r_25_bypass[5]  ; lab8_cache_top:U_CACHE_SYSTEM|main_memory_sync:U_RAM|mem_r~25 ;
; lab8_cache_top:U_CACHE_SYSTEM|main_memory_sync:U_RAM|mem_r_25_bypass[6]  ; lab8_cache_top:U_CACHE_SYSTEM|main_memory_sync:U_RAM|mem_r~25 ;
; lab8_cache_top:U_CACHE_SYSTEM|main_memory_sync:U_RAM|mem_r_25_bypass[7]  ; lab8_cache_top:U_CACHE_SYSTEM|main_memory_sync:U_RAM|mem_r~25 ;
; lab8_cache_top:U_CACHE_SYSTEM|main_memory_sync:U_RAM|mem_r_25_bypass[8]  ; lab8_cache_top:U_CACHE_SYSTEM|main_memory_sync:U_RAM|mem_r~25 ;
; lab8_cache_top:U_CACHE_SYSTEM|main_memory_sync:U_RAM|mem_r_25_bypass[9]  ; lab8_cache_top:U_CACHE_SYSTEM|main_memory_sync:U_RAM|mem_r~25 ;
; lab8_cache_top:U_CACHE_SYSTEM|main_memory_sync:U_RAM|mem_r_25_bypass[10] ; lab8_cache_top:U_CACHE_SYSTEM|main_memory_sync:U_RAM|mem_r~25 ;
; lab8_cache_top:U_CACHE_SYSTEM|main_memory_sync:U_RAM|mem_r_25_bypass[11] ; lab8_cache_top:U_CACHE_SYSTEM|main_memory_sync:U_RAM|mem_r~25 ;
; lab8_cache_top:U_CACHE_SYSTEM|main_memory_sync:U_RAM|mem_r_25_bypass[12] ; lab8_cache_top:U_CACHE_SYSTEM|main_memory_sync:U_RAM|mem_r~25 ;
; lab8_cache_top:U_CACHE_SYSTEM|main_memory_sync:U_RAM|mem_r_25_bypass[13] ; lab8_cache_top:U_CACHE_SYSTEM|main_memory_sync:U_RAM|mem_r~25 ;
; lab8_cache_top:U_CACHE_SYSTEM|main_memory_sync:U_RAM|mem_r_25_bypass[14] ; lab8_cache_top:U_CACHE_SYSTEM|main_memory_sync:U_RAM|mem_r~25 ;
; lab8_cache_top:U_CACHE_SYSTEM|main_memory_sync:U_RAM|mem_r_25_bypass[15] ; lab8_cache_top:U_CACHE_SYSTEM|main_memory_sync:U_RAM|mem_r~25 ;
; lab8_cache_top:U_CACHE_SYSTEM|main_memory_sync:U_RAM|mem_r_25_bypass[16] ; lab8_cache_top:U_CACHE_SYSTEM|main_memory_sync:U_RAM|mem_r~25 ;
; lab8_cache_top:U_CACHE_SYSTEM|main_memory_sync:U_RAM|mem_r_25_bypass[17] ; lab8_cache_top:U_CACHE_SYSTEM|main_memory_sync:U_RAM|mem_r~25 ;
; lab8_cache_top:U_CACHE_SYSTEM|main_memory_sync:U_RAM|mem_r_25_bypass[18] ; lab8_cache_top:U_CACHE_SYSTEM|main_memory_sync:U_RAM|mem_r~25 ;
; lab8_cache_top:U_CACHE_SYSTEM|main_memory_sync:U_RAM|mem_r_25_bypass[19] ; lab8_cache_top:U_CACHE_SYSTEM|main_memory_sync:U_RAM|mem_r~25 ;
; lab8_cache_top:U_CACHE_SYSTEM|main_memory_sync:U_RAM|mem_r_25_bypass[20] ; lab8_cache_top:U_CACHE_SYSTEM|main_memory_sync:U_RAM|mem_r~25 ;
; lab8_cache_top:U_CACHE_SYSTEM|main_memory_sync:U_RAM|mem_r_25_bypass[21] ; lab8_cache_top:U_CACHE_SYSTEM|main_memory_sync:U_RAM|mem_r~25 ;
; lab8_cache_top:U_CACHE_SYSTEM|main_memory_sync:U_RAM|mem_r_25_bypass[22] ; lab8_cache_top:U_CACHE_SYSTEM|main_memory_sync:U_RAM|mem_r~25 ;
; lab8_cache_top:U_CACHE_SYSTEM|main_memory_sync:U_RAM|mem_r_25_bypass[23] ; lab8_cache_top:U_CACHE_SYSTEM|main_memory_sync:U_RAM|mem_r~25 ;
; lab8_cache_top:U_CACHE_SYSTEM|main_memory_sync:U_RAM|mem_r_25_bypass[24] ; lab8_cache_top:U_CACHE_SYSTEM|main_memory_sync:U_RAM|mem_r~25 ;
; lab8_cache_top:U_CACHE_SYSTEM|main_memory_sync:U_RAM|mem_r_25_bypass[25] ; lab8_cache_top:U_CACHE_SYSTEM|main_memory_sync:U_RAM|mem_r~25 ;
; lab8_cache_top:U_CACHE_SYSTEM|main_memory_sync:U_RAM|mem_r_25_bypass[26] ; lab8_cache_top:U_CACHE_SYSTEM|main_memory_sync:U_RAM|mem_r~25 ;
; lab8_cache_top:U_CACHE_SYSTEM|main_memory_sync:U_RAM|mem_r_25_bypass[27] ; lab8_cache_top:U_CACHE_SYSTEM|main_memory_sync:U_RAM|mem_r~25 ;
; lab8_cache_top:U_CACHE_SYSTEM|main_memory_sync:U_RAM|mem_r_25_bypass[28] ; lab8_cache_top:U_CACHE_SYSTEM|main_memory_sync:U_RAM|mem_r~25 ;
; lab8_cache_top:U_CACHE_SYSTEM|main_memory_sync:U_RAM|mem_r_25_bypass[29] ; lab8_cache_top:U_CACHE_SYSTEM|main_memory_sync:U_RAM|mem_r~25 ;
; lab8_cache_top:U_CACHE_SYSTEM|main_memory_sync:U_RAM|mem_r_25_bypass[30] ; lab8_cache_top:U_CACHE_SYSTEM|main_memory_sync:U_RAM|mem_r~25 ;
; lab8_cache_top:U_CACHE_SYSTEM|main_memory_sync:U_RAM|mem_r_25_bypass[31] ; lab8_cache_top:U_CACHE_SYSTEM|main_memory_sync:U_RAM|mem_r~25 ;
; lab8_cache_top:U_CACHE_SYSTEM|main_memory_sync:U_RAM|mem_r_25_bypass[32] ; lab8_cache_top:U_CACHE_SYSTEM|main_memory_sync:U_RAM|mem_r~25 ;
+--------------------------------------------------------------------------+---------------------------------------------------------------+


+------------------------------------------------------------------------------------------------------------------------------------------------------------------------------------------------------------------+
; Multiplexer Restructuring Statistics (Restructuring Performed)                                                                                                                                                   ;
+--------------------+-----------+---------------+----------------------+------------------------+------------+----------------------------------------------------------------------------------------------------+
; Multiplexer Inputs ; Bus Width ; Baseline Area ; Area if Restructured ; Saving if Restructured ; Registered ; Example Multiplexer Output                                                                         ;
+--------------------+-----------+---------------+----------------------+------------------------+------------+----------------------------------------------------------------------------------------------------+
; 3:1                ; 16 bits   ; 32 ALUTs      ; 32 ALUTs             ; 0 ALUTs                ; Yes        ; |lab8_cache_rtl_view_top|lab8_cache_top:U_CACHE_SYSTEM|main_memory_sync:U_RAM|rdata_r[1]           ;
; 4:1                ; 32 bits   ; 64 ALUTs      ; 0 ALUTs              ; 64 ALUTs               ; Yes        ; |lab8_cache_rtl_view_top|lab8_cache_top:U_CACHE_SYSTEM|cache_direct_mapped:U_CACHE|tag_req_r[1]    ;
; 6:1                ; 8 bits    ; 32 ALUTs      ; 0 ALUTs              ; 32 ALUTs               ; Yes        ; |lab8_cache_rtl_view_top|lab8_cache_top:U_CACHE_SYSTEM|cache_direct_mapped:U_CACHE|ram_addr_r[13]  ;
; 6:1                ; 2 bits    ; 8 ALUTs       ; 8 ALUTs              ; 0 ALUTs                ; Yes        ; |lab8_cache_rtl_view_top|lab8_cache_top:U_CACHE_SYSTEM|cache_direct_mapped:U_CACHE|ram_req_r       ;
; 7:1                ; 16 bits   ; 64 ALUTs      ; 0 ALUTs              ; 64 ALUTs               ; Yes        ; |lab8_cache_rtl_view_top|lab8_cache_top:U_CACHE_SYSTEM|cache_direct_mapped:U_CACHE|ram_wdata_r[10] ;
; 13:1               ; 16 bits   ; 128 ALUTs     ; 96 ALUTs             ; 32 ALUTs               ; Yes        ; |lab8_cache_rtl_view_top|lab8_cache_top:U_CACHE_SYSTEM|cache_direct_mapped:U_CACHE|cpu_rdata_r[7]  ;
; 9:1                ; 29 bits   ; 174 ALUTs     ; 0 ALUTs              ; 174 ALUTs              ; Yes        ; |lab8_cache_rtl_view_top|lab8_cache_top:U_CACHE_SYSTEM|cache_direct_mapped:U_CACHE|data_r[7][14]   ;
; 9:1                ; 29 bits   ; 174 ALUTs     ; 0 ALUTs              ; 174 ALUTs              ; Yes        ; |lab8_cache_rtl_view_top|lab8_cache_top:U_CACHE_SYSTEM|cache_direct_mapped:U_CACHE|data_r[6][8]    ;
; 9:1                ; 29 bits   ; 174 ALUTs     ; 0 ALUTs              ; 174 ALUTs              ; Yes        ; |lab8_cache_rtl_view_top|lab8_cache_top:U_CACHE_SYSTEM|cache_direct_mapped:U_CACHE|data_r[5][13]   ;
; 9:1                ; 29 bits   ; 174 ALUTs     ; 0 ALUTs              ; 174 ALUTs              ; Yes        ; |lab8_cache_rtl_view_top|lab8_cache_top:U_CACHE_SYSTEM|cache_direct_mapped:U_CACHE|tag_r[4][8]     ;
; 9:1                ; 29 bits   ; 174 ALUTs     ; 0 ALUTs              ; 174 ALUTs              ; Yes        ; |lab8_cache_rtl_view_top|lab8_cache_top:U_CACHE_SYSTEM|cache_direct_mapped:U_CACHE|tag_r[3][3]     ;
; 9:1                ; 29 bits   ; 174 ALUTs     ; 0 ALUTs              ; 174 ALUTs              ; Yes        ; |lab8_cache_rtl_view_top|lab8_cache_top:U_CACHE_SYSTEM|cache_direct_mapped:U_CACHE|tag_r[2][5]     ;
; 9:1                ; 29 bits   ; 174 ALUTs     ; 0 ALUTs              ; 174 ALUTs              ; Yes        ; |lab8_cache_rtl_view_top|lab8_cache_top:U_CACHE_SYSTEM|cache_direct_mapped:U_CACHE|tag_r[1][5]     ;
; 9:1                ; 29 bits   ; 174 ALUTs     ; 0 ALUTs              ; 174 ALUTs              ; Yes        ; |lab8_cache_rtl_view_top|lab8_cache_top:U_CACHE_SYSTEM|cache_direct_mapped:U_CACHE|tag_r[0][5]     ;
; 8:1                ; 14 bits   ; 70 ALUTs      ; 70 ALUTs             ; 0 ALUTs                ; No         ; |lab8_cache_rtl_view_top|lab8_cache_top:U_CACHE_SYSTEM|cache_direct_mapped:U_CACHE|Mux4            ;
; 6:1                ; 8 bits    ; 32 ALUTs      ; 16 ALUTs             ; 16 ALUTs               ; No         ; |lab8_cache_rtl_view_top|lab8_cache_top:U_CACHE_SYSTEM|cache_direct_mapped:U_CACHE|ram_addr_r      ;
; 7:1                ; 2 bits    ; 8 ALUTs       ; 6 ALUTs              ; 2 ALUTs                ; No         ; |lab8_cache_rtl_view_top|lab8_cache_top:U_CACHE_SYSTEM|cache_direct_mapped:U_CACHE|state_r         ;
; 9:1                ; 2 bits    ; 12 ALUTs      ; 8 ALUTs              ; 4 ALUTs                ; No         ; |lab8_cache_rtl_view_top|lab8_cache_top:U_CACHE_SYSTEM|cache_direct_mapped:U_CACHE|state_r         ;
+--------------------+-----------+---------------+----------------------+------------------------+------------+----------------------------------------------------------------------------------------------------+


+-----------------------------------------------------------------------------------------------------------------------------------+
; Source assignments for lab8_cache_top:U_CACHE_SYSTEM|main_memory_sync:U_RAM|altsyncram:mem_r_rtl_0|altsyncram_tlm1:auto_generated ;
+---------------------------------+--------------------+------+---------------------------------------------------------------------+
; Assignment                      ; Value              ; From ; To                                                                  ;
+---------------------------------+--------------------+------+---------------------------------------------------------------------+
; OPTIMIZE_POWER_DURING_SYNTHESIS ; NORMAL_COMPILATION ; -    ; -                                                                   ;
+---------------------------------+--------------------+------+---------------------------------------------------------------------+


+------------------------------------------------------------------------------------------------------------------------------+
; Parameter Settings for Inferred Entity Instance: lab8_cache_top:U_CACHE_SYSTEM|main_memory_sync:U_RAM|altsyncram:mem_r_rtl_0 ;
+------------------------------------+------------------------------------------------------+----------------------------------+
; Parameter Name                     ; Value                                                ; Type                             ;
+------------------------------------+------------------------------------------------------+----------------------------------+
; BYTE_SIZE_BLOCK                    ; 8                                                    ; Untyped                          ;
; AUTO_CARRY_CHAINS                  ; ON                                                   ; AUTO_CARRY                       ;
; IGNORE_CARRY_BUFFERS               ; OFF                                                  ; IGNORE_CARRY                     ;
; AUTO_CASCADE_CHAINS                ; ON                                                   ; AUTO_CASCADE                     ;
; IGNORE_CASCADE_BUFFERS             ; OFF                                                  ; IGNORE_CASCADE                   ;
; WIDTH_BYTEENA                      ; 1                                                    ; Untyped                          ;
; OPERATION_MODE                     ; DUAL_PORT                                            ; Untyped                          ;
; WIDTH_A                            ; 16                                                   ; Untyped                          ;
; WIDTHAD_A                          ; 8                                                    ; Untyped                          ;
; NUMWORDS_A                         ; 256                                                  ; Untyped                          ;
; OUTDATA_REG_A                      ; UNREGISTERED                                         ; Untyped                          ;
; ADDRESS_ACLR_A                     ; NONE                                                 ; Untyped                          ;
; OUTDATA_ACLR_A                     ; NONE                                                 ; Untyped                          ;
; WRCONTROL_ACLR_A                   ; NONE                                                 ; Untyped                          ;
; INDATA_ACLR_A                      ; NONE                                                 ; Untyped                          ;
; BYTEENA_ACLR_A                     ; NONE                                                 ; Untyped                          ;
; WIDTH_B                            ; 16                                                   ; Untyped                          ;
; WIDTHAD_B                          ; 8                                                    ; Untyped                          ;
; NUMWORDS_B                         ; 256                                                  ; Untyped                          ;
; INDATA_REG_B                       ; CLOCK1                                               ; Untyped                          ;
; WRCONTROL_WRADDRESS_REG_B          ; CLOCK1                                               ; Untyped                          ;
; RDCONTROL_REG_B                    ; CLOCK1                                               ; Untyped                          ;
; ADDRESS_REG_B                      ; CLOCK0                                               ; Untyped                          ;
; OUTDATA_REG_B                      ; UNREGISTERED                                         ; Untyped                          ;
; BYTEENA_REG_B                      ; CLOCK1                                               ; Untyped                          ;
; INDATA_ACLR_B                      ; NONE                                                 ; Untyped                          ;
; WRCONTROL_ACLR_B                   ; NONE                                                 ; Untyped                          ;
; ADDRESS_ACLR_B                     ; NONE                                                 ; Untyped                          ;
; OUTDATA_ACLR_B                     ; NONE                                                 ; Untyped                          ;
; RDCONTROL_ACLR_B                   ; NONE                                                 ; Untyped                          ;
; BYTEENA_ACLR_B                     ; NONE                                                 ; Untyped                          ;
; WIDTH_BYTEENA_A                    ; 1                                                    ; Untyped                          ;
; WIDTH_BYTEENA_B                    ; 1                                                    ; Untyped                          ;
; RAM_BLOCK_TYPE                     ; AUTO                                                 ; Untyped                          ;
; BYTE_SIZE                          ; 8                                                    ; Untyped                          ;
; READ_DURING_WRITE_MODE_MIXED_PORTS ; OLD_DATA                                             ; Untyped                          ;
; READ_DURING_WRITE_MODE_PORT_A      ; NEW_DATA_NO_NBE_READ                                 ; Untyped                          ;
; READ_DURING_WRITE_MODE_PORT_B      ; NEW_DATA_NO_NBE_READ                                 ; Untyped                          ;
; INIT_FILE                          ; db/lab8_cache.ram0_main_memory_sync_4987f2ed.hdl.mif ; Untyped                          ;
; INIT_FILE_LAYOUT                   ; PORT_A                                               ; Untyped                          ;
; MAXIMUM_DEPTH                      ; 0                                                    ; Untyped                          ;
; CLOCK_ENABLE_INPUT_A               ; NORMAL                                               ; Untyped                          ;
; CLOCK_ENABLE_INPUT_B               ; NORMAL                                               ; Untyped                          ;
; CLOCK_ENABLE_OUTPUT_A              ; NORMAL                                               ; Untyped                          ;
; CLOCK_ENABLE_OUTPUT_B              ; NORMAL                                               ; Untyped                          ;
; CLOCK_ENABLE_CORE_A                ; USE_INPUT_CLKEN                                      ; Untyped                          ;
; CLOCK_ENABLE_CORE_B                ; USE_INPUT_CLKEN                                      ; Untyped                          ;
; ENABLE_ECC                         ; FALSE                                                ; Untyped                          ;
; DEVICE_FAMILY                      ; Stratix II                                           ; Untyped                          ;
; CBXI_PARAMETER                     ; altsyncram_tlm1                                      ; Untyped                          ;
+------------------------------------+------------------------------------------------------+----------------------------------+
Note: In order to hide this table in the UI and the text report file, please set the "Show Parameter Settings Tables in Synthesis Report" option in "Analysis and Synthesis Settings -> More Settings" to "Off".


+-------------------------------------------------------------------------------------------------------------------------+
; altsyncram Parameter Settings by Entity Instance                                                                        ;
+-------------------------------------------+-----------------------------------------------------------------------------+
; Name                                      ; Value                                                                       ;
+-------------------------------------------+-----------------------------------------------------------------------------+
; Number of entity instances                ; 1                                                                           ;
; Entity Instance                           ; lab8_cache_top:U_CACHE_SYSTEM|main_memory_sync:U_RAM|altsyncram:mem_r_rtl_0 ;
;     -- OPERATION_MODE                     ; DUAL_PORT                                                                   ;
;     -- WIDTH_A                            ; 16                                                                          ;
;     -- NUMWORDS_A                         ; 256                                                                         ;
;     -- OUTDATA_REG_A                      ; UNREGISTERED                                                                ;
;     -- WIDTH_B                            ; 16                                                                          ;
;     -- NUMWORDS_B                         ; 256                                                                         ;
;     -- ADDRESS_REG_B                      ; CLOCK0                                                                      ;
;     -- OUTDATA_REG_B                      ; UNREGISTERED                                                                ;
;     -- RAM_BLOCK_TYPE                     ; AUTO                                                                        ;
;     -- READ_DURING_WRITE_MODE_MIXED_PORTS ; OLD_DATA                                                                    ;
+-------------------------------------------+-----------------------------------------------------------------------------+


+-------------------------------+
; Analysis & Synthesis Messages ;
+-------------------------------+
Info: *******************************************************************
Info: Running Quartus II Analysis & Synthesis
    Info: Version 9.1 Build 222 10/21/2009 SJ Web Edition
    Info: Processing started: Sun May 17 17:59:21 2026
Info: Command: quartus_map --read_settings_files=on --write_settings_files=off lab8_cache -c lab8_cache
Info: Found 2 design units, including 0 entities, in source file /git/sifovm/labs/student_labs_5_8/common/lab_variant_pkg.vhd
    Info: Found design unit 1: lab_variant_pkg
    Info: Found design unit 2: lab_variant_pkg-body
Info: Found 2 design units, including 1 entities, in source file /git/sifovm/labs/student_labs_5_8/lab8_cache/src/cache_direct_mapped.vhd
    Info: Found design unit 1: cache_direct_mapped-rtl
    Info: Found entity 1: cache_direct_mapped
Info: Found 2 design units, including 1 entities, in source file /git/sifovm/labs/student_labs_5_8/lab8_cache/src/main_memory_sync.vhd
    Info: Found design unit 1: main_memory_sync-rtl
    Info: Found entity 1: main_memory_sync
Info: Found 2 design units, including 1 entities, in source file /git/sifovm/labs/student_labs_5_8/lab8_cache/src/lab8_cache_top.vhd
    Info: Found design unit 1: lab8_cache_top-structural
    Info: Found entity 1: lab8_cache_top
Info: Found 2 design units, including 1 entities, in source file /git/sifovm/labs/student_labs_5_8/lab8_cache/src/lab8_cache_rtl_view_top.vhd
    Info: Found design unit 1: lab8_cache_rtl_view_top-structural
    Info: Found entity 1: lab8_cache_rtl_view_top
Info: Elaborating entity "lab8_cache_rtl_view_top" for the top level hierarchy
Info: Elaborating entity "lab8_cache_top" for hierarchy "lab8_cache_top:U_CACHE_SYSTEM"
Info: Elaborating entity "cache_direct_mapped" for hierarchy "lab8_cache_top:U_CACHE_SYSTEM|cache_direct_mapped:U_CACHE"
Info: Elaborating entity "main_memory_sync" for hierarchy "lab8_cache_top:U_CACHE_SYSTEM|main_memory_sync:U_RAM"
Warning: Inferred RAM node "lab8_cache_top:U_CACHE_SYSTEM|main_memory_sync:U_RAM|mem_r~25" from synchronous design logic.  Pass-through logic has been added to match the read-during-write behavior of the original design.
Info: Inferred 1 megafunctions from design logic
    Info: Inferred altsyncram megafunction from the following design logic: "lab8_cache_top:U_CACHE_SYSTEM|main_memory_sync:U_RAM|mem_r~25" 
        Info: Parameter OPERATION_MODE set to DUAL_PORT
        Info: Parameter WIDTH_A set to 16
        Info: Parameter WIDTHAD_A set to 8
        Info: Parameter NUMWORDS_A set to 256
        Info: Parameter WIDTH_B set to 16
        Info: Parameter WIDTHAD_B set to 8
        Info: Parameter NUMWORDS_B set to 256
        Info: Parameter ADDRESS_ACLR_A set to NONE
        Info: Parameter OUTDATA_REG_B set to UNREGISTERED
        Info: Parameter ADDRESS_ACLR_B set to NONE
        Info: Parameter OUTDATA_ACLR_B set to NONE
        Info: Parameter ADDRESS_REG_B set to CLOCK0
        Info: Parameter INDATA_ACLR_A set to NONE
        Info: Parameter WRCONTROL_ACLR_A set to NONE
        Info: Parameter INIT_FILE set to db/lab8_cache.ram0_main_memory_sync_4987f2ed.hdl.mif
        Info: Parameter READ_DURING_WRITE_MODE_MIXED_PORTS set to OLD_DATA
Info: Elaborated megafunction instantiation "lab8_cache_top:U_CACHE_SYSTEM|main_memory_sync:U_RAM|altsyncram:mem_r_rtl_0"
Info: Instantiated megafunction "lab8_cache_top:U_CACHE_SYSTEM|main_memory_sync:U_RAM|altsyncram:mem_r_rtl_0" with the following parameter:
    Info: Parameter "OPERATION_MODE" = "DUAL_PORT"
    Info: Parameter "WIDTH_A" = "16"
    Info: Parameter "WIDTHAD_A" = "8"
    Info: Parameter "NUMWORDS_A" = "256"
    Info: Parameter "WIDTH_B" = "16"
    Info: Parameter "WIDTHAD_B" = "8"
    Info: Parameter "NUMWORDS_B" = "256"
    Info: Parameter "ADDRESS_ACLR_A" = "NONE"
    Info: Parameter "OUTDATA_REG_B" = "UNREGISTERED"
    Info: Parameter "ADDRESS_ACLR_B" = "NONE"
    Info: Parameter "OUTDATA_ACLR_B" = "NONE"
    Info: Parameter "ADDRESS_REG_B" = "CLOCK0"
    Info: Parameter "INDATA_ACLR_A" = "NONE"
    Info: Parameter "WRCONTROL_ACLR_A" = "NONE"
    Info: Parameter "INIT_FILE" = "db/lab8_cache.ram0_main_memory_sync_4987f2ed.hdl.mif"
    Info: Parameter "READ_DURING_WRITE_MODE_MIXED_PORTS" = "OLD_DATA"
Info: Found 1 design units, including 1 entities, in source file db/altsyncram_tlm1.tdf
    Info: Found entity 1: altsyncram_tlm1
Info: Implemented 620 device resources after synthesis - the final resource count might be different
    Info: Implemented 36 input pins
    Info: Implemented 53 output pins
    Info: Implemented 515 logic cells
    Info: Implemented 16 RAM segments
Info: Quartus II Analysis & Synthesis was successful. 0 errors, 1 warning
    Info: Peak virtual memory: 257 megabytes
    Info: Processing ended: Sun May 17 17:59:23 2026
    Info: Elapsed time: 00:00:02
    Info: Total CPU time (on all processors): 00:00:01


