Analysis & Synthesis report for appendix_i_cache
Sat May 23 23:41:50 2026
Quartus II Version 9.1 Build 222 10/21/2009 SJ Web Edition


---------------------
; Table of Contents ;
---------------------
  1. Legal Notice
  2. Analysis & Synthesis Summary
  3. Analysis & Synthesis Settings
  4. Parallel Compilation
  5. Analysis & Synthesis Source Files Read
  6. Analysis & Synthesis Resource Usage Summary
  7. Analysis & Synthesis Resource Utilization by Entity
  8. State Machine - |appendix_i_cache_top|ct:u_ct|st
  9. Registers Protected by Synthesis
 10. General Register Statistics
 11. Multiplexer Restructuring Statistics (Restructuring Performed)
 12. Source assignments for Top-level Entity: |appendix_i_cache_top
 13. Source assignments for vw:u_v0
 14. Source assignments for vw:u_v1
 15. Source assignments for vw:u_v2
 16. Source assignments for vw:u_v3
 17. Source assignments for aw:u_a0
 18. Source assignments for aw:u_a1
 19. Source assignments for aw:u_a2
 20. Source assignments for aw:u_a3
 21. Port Connectivity Checks: "aw:u_a3"
 22. Port Connectivity Checks: "aw:u_a2"
 23. Port Connectivity Checks: "aw:u_a1"
 24. Port Connectivity Checks: "aw:u_a0"
 25. Port Connectivity Checks: "vw:u_v3"
 26. Port Connectivity Checks: "vw:u_v2"
 27. Port Connectivity Checks: "vw:u_v1"
 28. Port Connectivity Checks: "vw:u_v0"
 29. Analysis & Synthesis Messages



----------------
; Legal Notice ;
----------------
Copyright (C) 1991-2009 Altera Corporation
Your use of Altera Corporation's design tools, logic functions 
and other software and tools, and its AMPP partner logic 
functions, and any output files from any of the foregoing 
(including device programming or simulation files), and any 
associated documentation or information are expressly subject 
to the terms and conditions of the Altera Program License 
Subscription Agreement, Altera MegaCore Function License 
Agreement, or other applicable license agreement, including, 
without limitation, that your use is for the sole purpose of 
programming logic devices manufactured by Altera and sold by 
Altera or its authorized distributors.  Please refer to the 
applicable agreement for further details.



+------------------------------------------------------------------------------+
; Analysis & Synthesis Summary                                                 ;
+------------------------------------+-----------------------------------------+
; Analysis & Synthesis Status        ; Successful - Sat May 23 23:41:50 2026   ;
; Quartus II Version                 ; 9.1 Build 222 10/21/2009 SJ Web Edition ;
; Revision Name                      ; appendix_i_cache                        ;
; Top-level Entity Name              ; appendix_i_cache_top                    ;
; Family                             ; Cyclone II                              ;
; Total logic elements               ; 3,508                                   ;
;     Total combinational functions  ; 1,624                                   ;
;     Dedicated logic registers      ; 1,993                                   ;
; Total registers                    ; 1993                                    ;
; Total pins                         ; 298                                     ;
; Total virtual pins                 ; 0                                       ;
; Total memory bits                  ; 0                                       ;
; Embedded Multiplier 9-bit elements ; 0                                       ;
; Total PLLs                         ; 0                                       ;
+------------------------------------+-----------------------------------------+


+------------------------------------------------------------------------------------------------------------------------+
; Analysis & Synthesis Settings                                                                                          ;
+----------------------------------------------------------------------------+----------------------+--------------------+
; Option                                                                     ; Setting              ; Default Value      ;
+----------------------------------------------------------------------------+----------------------+--------------------+
; Top-level entity name                                                      ; appendix_i_cache_top ; appendix_i_cache   ;
; Family name                                                                ; Cyclone II           ; Stratix II         ;
; Use smart compilation                                                      ; Off                  ; Off                ;
; Enable parallel Assembler and TimeQuest Timing Analyzer during compilation ; On                   ; On                 ;
; Enable compact report table                                                ; Off                  ; Off                ;
; Restructure Multiplexers                                                   ; Auto                 ; Auto               ;
; Create Debugging Nodes for IP Cores                                        ; Off                  ; Off                ;
; Preserve fewer node names                                                  ; On                   ; On                 ;
; Disable OpenCore Plus hardware evaluation                                  ; Off                  ; Off                ;
; Verilog Version                                                            ; Verilog_2001         ; Verilog_2001       ;
; VHDL Version                                                               ; VHDL_1993            ; VHDL_1993          ;
; State Machine Processing                                                   ; Auto                 ; Auto               ;
; Safe State Machine                                                         ; Off                  ; Off                ;
; Extract Verilog State Machines                                             ; On                   ; On                 ;
; Extract VHDL State Machines                                                ; On                   ; On                 ;
; Ignore Verilog initial constructs                                          ; Off                  ; Off                ;
; Iteration limit for constant Verilog loops                                 ; 5000                 ; 5000               ;
; Iteration limit for non-constant Verilog loops                             ; 250                  ; 250                ;
; Add Pass-Through Logic to Inferred RAMs                                    ; On                   ; On                 ;
; Parallel Synthesis                                                         ; On                   ; On                 ;
; DSP Block Balancing                                                        ; Auto                 ; Auto               ;
; NOT Gate Push-Back                                                         ; On                   ; On                 ;
; Power-Up Don't Care                                                        ; On                   ; On                 ;
; Remove Redundant Logic Cells                                               ; Off                  ; Off                ;
; Remove Duplicate Registers                                                 ; On                   ; On                 ;
; Ignore CARRY Buffers                                                       ; Off                  ; Off                ;
; Ignore CASCADE Buffers                                                     ; Off                  ; Off                ;
; Ignore GLOBAL Buffers                                                      ; Off                  ; Off                ;
; Ignore ROW GLOBAL Buffers                                                  ; Off                  ; Off                ;
; Ignore LCELL Buffers                                                       ; Off                  ; Off                ;
; Ignore SOFT Buffers                                                        ; On                   ; On                 ;
; Limit AHDL Integers to 32 Bits                                             ; Off                  ; Off                ;
; Optimization Technique                                                     ; Balanced             ; Balanced           ;
; Carry Chain Length                                                         ; 70                   ; 70                 ;
; Auto Carry Chains                                                          ; On                   ; On                 ;
; Auto Open-Drain Pins                                                       ; On                   ; On                 ;
; Perform WYSIWYG Primitive Resynthesis                                      ; Off                  ; Off                ;
; Auto ROM Replacement                                                       ; On                   ; On                 ;
; Auto RAM Replacement                                                       ; On                   ; On                 ;
; Auto Shift Register Replacement                                            ; Auto                 ; Auto               ;
; Auto Clock Enable Replacement                                              ; On                   ; On                 ;
; Strict RAM Replacement                                                     ; Off                  ; Off                ;
; Allow Synchronous Control Signals                                          ; On                   ; On                 ;
; Force Use of Synchronous Clear Signals                                     ; Off                  ; Off                ;
; Auto RAM to Logic Cell Conversion                                          ; Off                  ; Off                ;
; Auto Resource Sharing                                                      ; Off                  ; Off                ;
; Allow Any RAM Size For Recognition                                         ; Off                  ; Off                ;
; Allow Any ROM Size For Recognition                                         ; Off                  ; Off                ;
; Allow Any Shift Register Size For Recognition                              ; Off                  ; Off                ;
; Use LogicLock Constraints during Resource Balancing                        ; On                   ; On                 ;
; Ignore translate_off and synthesis_off directives                          ; Off                  ; Off                ;
; Timing-Driven Synthesis                                                    ; Off                  ; Off                ;
; Show Parameter Settings Tables in Synthesis Report                         ; On                   ; On                 ;
; Ignore Maximum Fan-Out Assignments                                         ; Off                  ; Off                ;
; Synchronization Register Chain Length                                      ; 2                    ; 2                  ;
; PowerPlay Power Optimization                                               ; Normal compilation   ; Normal compilation ;
; HDL message level                                                          ; Level2               ; Level2             ;
; Suppress Register Optimization Related Messages                            ; Off                  ; Off                ;
; Number of Removed Registers Reported in Synthesis Report                   ; 100                  ; 100                ;
; Number of Inverted Registers Reported in Synthesis Report                  ; 100                  ; 100                ;
; Clock MUX Protection                                                       ; On                   ; On                 ;
; Auto Gated Clock Conversion                                                ; Off                  ; Off                ;
; Block Design Naming                                                        ; Auto                 ; Auto               ;
; SDC constraint protection                                                  ; Off                  ; Off                ;
; Synthesis Effort                                                           ; Auto                 ; Auto               ;
; Shift Register Replacement - Allow Asynchronous Clear Signal               ; On                   ; On                 ;
; Analysis & Synthesis Message Level                                         ; Medium               ; Medium             ;
; Disable Register Merging Across Hierarchies                                ; Auto                 ; Auto               ;
; Resource Aware Inference For Block RAM                                     ; On                   ; On                 ;
+----------------------------------------------------------------------------+----------------------+--------------------+


Parallel compilation was disabled, but you have multiple processors available. Enable parallel compilation to reduce compilation time.
+-------------------------------------+
; Parallel Compilation                ;
+----------------------------+--------+
; Processors                 ; Number ;
+----------------------------+--------+
; Number detected on machine ; 12     ;
; Maximum allowed            ; 1      ;
+----------------------------+--------+


+---------------------------------------------------------------------------------------------------------------------------------------------------------------------+
; Analysis & Synthesis Source Files Read                                                                                                                              ;
+------------------------------------+-----------------+-----------------+--------------------------------------------------------------------------------------------+
; File Name with User-Entered Path   ; Used in Netlist ; File Type       ; File Name with Absolute Path                                                               ;
+------------------------------------+-----------------+-----------------+--------------------------------------------------------------------------------------------+
; ../../../src/microcomputer_pkg.vhd ; yes             ; User VHDL File  ; D:/git/sifovm/coursework_project/src/microcomputer_pkg.vhd                                 ;
; ../src/appendix_i_cache_top.vhd    ; yes             ; User VHDL File  ; D:/git/sifovm/coursework_project/rtl_schemes/appendix_i_cache/src/appendix_i_cache_top.vhd ;
+------------------------------------+-----------------+-----------------+--------------------------------------------------------------------------------------------+


+-----------------------------------------------------+
; Analysis & Synthesis Resource Usage Summary         ;
+---------------------------------------------+-------+
; Resource                                    ; Usage ;
+---------------------------------------------+-------+
; Estimated Total logic elements              ; 3,508 ;
;                                             ;       ;
; Total combinational functions               ; 1624  ;
; Logic element usage by number of LUT inputs ;       ;
;     -- 4 input functions                    ; 1419  ;
;     -- 3 input functions                    ; 109   ;
;     -- <=2 input functions                  ; 96    ;
;                                             ;       ;
; Logic elements by mode                      ;       ;
;     -- normal mode                          ; 1624  ;
;     -- arithmetic mode                      ; 0     ;
;                                             ;       ;
; Total registers                             ; 1993  ;
;     -- Dedicated logic registers            ; 1993  ;
;     -- I/O registers                        ; 0     ;
;                                             ;       ;
; I/O pins                                    ; 298   ;
; Maximum fan-out node                        ; clk   ;
; Maximum fan-out                             ; 1993  ;
; Total fan-out                               ; 12401 ;
; Average fan-out                             ; 3.17  ;
+---------------------------------------------+-------+


+---------------------------------------------------------------------------------------------------------------------------------------------------------------------------------------+
; Analysis & Synthesis Resource Utilization by Entity                                                                                                                                   ;
+----------------------------+-------------------+--------------+-------------+--------------+---------+-----------+------+--------------+-------------------------------+--------------+
; Compilation Hierarchy Node ; LC Combinationals ; LC Registers ; Memory Bits ; DSP Elements ; DSP 9x9 ; DSP 18x18 ; Pins ; Virtual Pins ; Full Hierarchy Name           ; Library Name ;
+----------------------------+-------------------+--------------+-------------+--------------+---------+-----------+------+--------------+-------------------------------+--------------+
; |appendix_i_cache_top      ; 1624 (65)         ; 1993 (0)     ; 0           ; 0            ; 0       ; 0         ; 298  ; 0            ; |appendix_i_cache_top         ; work         ;
;    |aw:u_a0|               ; 38 (38)           ; 32 (32)      ; 0           ; 0            ; 0       ; 0         ; 0    ; 0            ; |appendix_i_cache_top|aw:u_a0 ; work         ;
;    |aw:u_a1|               ; 38 (38)           ; 32 (32)      ; 0           ; 0            ; 0       ; 0         ; 0    ; 0            ; |appendix_i_cache_top|aw:u_a1 ;              ;
;    |aw:u_a2|               ; 38 (38)           ; 32 (32)      ; 0           ; 0            ; 0       ; 0         ; 0    ; 0            ; |appendix_i_cache_top|aw:u_a2 ; work         ;
;    |aw:u_a3|               ; 38 (38)           ; 32 (32)      ; 0           ; 0            ; 0       ; 0         ; 0    ; 0            ; |appendix_i_cache_top|aw:u_a3 ; work         ;
;    |ct:u_ct|               ; 24 (24)           ; 9 (9)        ; 0           ; 0            ; 0       ; 0         ; 0    ; 0            ; |appendix_i_cache_top|ct:u_ct ;              ;
;    |dw:u_d0|               ; 160 (160)         ; 256 (256)    ; 0           ; 0            ; 0       ; 0         ; 0    ; 0            ; |appendix_i_cache_top|dw:u_d0 ;              ;
;    |dw:u_d1|               ; 160 (160)         ; 256 (256)    ; 0           ; 0            ; 0       ; 0         ; 0    ; 0            ; |appendix_i_cache_top|dw:u_d1 ; work         ;
;    |dw:u_d2|               ; 160 (160)         ; 256 (256)    ; 0           ; 0            ; 0       ; 0         ; 0    ; 0            ; |appendix_i_cache_top|dw:u_d2 ;              ;
;    |dw:u_d3|               ; 176 (176)         ; 256 (256)    ; 0           ; 0            ; 0       ; 0         ; 0    ; 0            ; |appendix_i_cache_top|dw:u_d3 ; work         ;
;    |hm:u_hm|               ; 32 (32)           ; 0 (0)        ; 0           ; 0            ; 0       ; 0         ; 0    ; 0            ; |appendix_i_cache_top|hm:u_hm ; work         ;
;    |mx:u_mx|               ; 32 (32)           ; 0 (0)        ; 0           ; 0            ; 0       ; 0         ; 0    ; 0            ; |appendix_i_cache_top|mx:u_mx ; work         ;
;    |tw:u_t0|               ; 136 (136)         ; 192 (192)    ; 0           ; 0            ; 0       ; 0         ; 0    ; 0            ; |appendix_i_cache_top|tw:u_t0 ;              ;
;    |tw:u_t1|               ; 152 (152)         ; 192 (192)    ; 0           ; 0            ; 0       ; 0         ; 0    ; 0            ; |appendix_i_cache_top|tw:u_t1 ; work         ;
;    |tw:u_t2|               ; 136 (136)         ; 192 (192)    ; 0           ; 0            ; 0       ; 0         ; 0    ; 0            ; |appendix_i_cache_top|tw:u_t2 ;              ;
;    |tw:u_t3|               ; 120 (120)         ; 192 (192)    ; 0           ; 0            ; 0       ; 0         ; 0    ; 0            ; |appendix_i_cache_top|tw:u_t3 ; work         ;
;    |vc:u_vc|               ; 15 (15)           ; 0 (0)        ; 0           ; 0            ; 0       ; 0         ; 0    ; 0            ; |appendix_i_cache_top|vc:u_vc ; work         ;
;    |vw:u_v0|               ; 26 (26)           ; 16 (16)      ; 0           ; 0            ; 0       ; 0         ; 0    ; 0            ; |appendix_i_cache_top|vw:u_v0 ;              ;
;    |vw:u_v1|               ; 26 (26)           ; 16 (16)      ; 0           ; 0            ; 0       ; 0         ; 0    ; 0            ; |appendix_i_cache_top|vw:u_v1 ; work         ;
;    |vw:u_v2|               ; 26 (26)           ; 16 (16)      ; 0           ; 0            ; 0       ; 0         ; 0    ; 0            ; |appendix_i_cache_top|vw:u_v2 ; work         ;
;    |vw:u_v3|               ; 26 (26)           ; 16 (16)      ; 0           ; 0            ; 0       ; 0         ; 0    ; 0            ; |appendix_i_cache_top|vw:u_v3 ; work         ;
+----------------------------+-------------------+--------------+-------------+--------------+---------+-----------+------+--------------+-------------------------------+--------------+
Note: For table entries with two numbers listed, the numbers in parentheses indicate the number of resources of the given type used by the specific entity alone. The numbers listed outside of parentheses indicate the total resources of the given type used by the specific entity and all of its sub-entities in the hierarchy.


Encoding Type:  One-Hot
+--------------------------------------------------+
; State Machine - |appendix_i_cache_top|ct:u_ct|st ;
+---------+---------+---------+---------+----------+
; Name    ; st.wgnt ; st.rfil ; st.rgnt ; st.id    ;
+---------+---------+---------+---------+----------+
; st.id   ; 0       ; 0       ; 0       ; 0        ;
; st.rgnt ; 0       ; 0       ; 1       ; 1        ;
; st.rfil ; 0       ; 1       ; 0       ; 1        ;
; st.wgnt ; 1       ; 0       ; 0       ; 1        ;
+---------+---------+---------+---------+----------+


+----------------------------------------------------------------------------------------------------------------------------------+
; Registers Protected by Synthesis                                                                                                 ;
+------------------+------------------------------------------------------------------+--------------------------------------------+
; Register Name    ; Protected by Synthesis Attribute or Preserve Register Assignment ; Not to be Touched by Netlist Optimizations ;
+------------------+------------------------------------------------------------------+--------------------------------------------+
; vw:u_v0|m[9]     ; yes                                                              ; yes                                        ;
; vw:u_v0|m[5]     ; yes                                                              ; yes                                        ;
; vw:u_v0|m[1]     ; yes                                                              ; yes                                        ;
; vw:u_v0|m[13]    ; yes                                                              ; yes                                        ;
; vw:u_v0|m[6]     ; yes                                                              ; yes                                        ;
; vw:u_v0|m[10]    ; yes                                                              ; yes                                        ;
; vw:u_v0|m[2]     ; yes                                                              ; yes                                        ;
; vw:u_v0|m[14]    ; yes                                                              ; yes                                        ;
; vw:u_v0|m[4]     ; yes                                                              ; yes                                        ;
; vw:u_v0|m[8]     ; yes                                                              ; yes                                        ;
; vw:u_v0|m[0]     ; yes                                                              ; yes                                        ;
; vw:u_v0|m[12]    ; yes                                                              ; yes                                        ;
; vw:u_v0|m[7]     ; yes                                                              ; yes                                        ;
; vw:u_v0|m[11]    ; yes                                                              ; yes                                        ;
; vw:u_v0|m[3]     ; yes                                                              ; yes                                        ;
; vw:u_v0|m[15]    ; yes                                                              ; yes                                        ;
; vw:u_v1|m[5]     ; yes                                                              ; yes                                        ;
; vw:u_v1|m[9]     ; yes                                                              ; yes                                        ;
; vw:u_v1|m[1]     ; yes                                                              ; yes                                        ;
; vw:u_v1|m[13]    ; yes                                                              ; yes                                        ;
; vw:u_v1|m[10]    ; yes                                                              ; yes                                        ;
; vw:u_v1|m[6]     ; yes                                                              ; yes                                        ;
; vw:u_v1|m[2]     ; yes                                                              ; yes                                        ;
; vw:u_v1|m[14]    ; yes                                                              ; yes                                        ;
; vw:u_v1|m[4]     ; yes                                                              ; yes                                        ;
; vw:u_v1|m[8]     ; yes                                                              ; yes                                        ;
; vw:u_v1|m[0]     ; yes                                                              ; yes                                        ;
; vw:u_v1|m[12]    ; yes                                                              ; yes                                        ;
; vw:u_v1|m[11]    ; yes                                                              ; yes                                        ;
; vw:u_v1|m[7]     ; yes                                                              ; yes                                        ;
; vw:u_v1|m[3]     ; yes                                                              ; yes                                        ;
; vw:u_v1|m[15]    ; yes                                                              ; yes                                        ;
; vw:u_v2|m[9]     ; yes                                                              ; yes                                        ;
; vw:u_v2|m[5]     ; yes                                                              ; yes                                        ;
; vw:u_v2|m[1]     ; yes                                                              ; yes                                        ;
; vw:u_v2|m[13]    ; yes                                                              ; yes                                        ;
; vw:u_v2|m[6]     ; yes                                                              ; yes                                        ;
; vw:u_v2|m[10]    ; yes                                                              ; yes                                        ;
; vw:u_v2|m[2]     ; yes                                                              ; yes                                        ;
; vw:u_v2|m[14]    ; yes                                                              ; yes                                        ;
; vw:u_v2|m[4]     ; yes                                                              ; yes                                        ;
; vw:u_v2|m[8]     ; yes                                                              ; yes                                        ;
; vw:u_v2|m[0]     ; yes                                                              ; yes                                        ;
; vw:u_v2|m[12]    ; yes                                                              ; yes                                        ;
; vw:u_v2|m[7]     ; yes                                                              ; yes                                        ;
; vw:u_v2|m[11]    ; yes                                                              ; yes                                        ;
; vw:u_v2|m[3]     ; yes                                                              ; yes                                        ;
; vw:u_v2|m[15]    ; yes                                                              ; yes                                        ;
; vw:u_v3|m[5]     ; yes                                                              ; yes                                        ;
; vw:u_v3|m[9]     ; yes                                                              ; yes                                        ;
; vw:u_v3|m[1]     ; yes                                                              ; yes                                        ;
; vw:u_v3|m[13]    ; yes                                                              ; yes                                        ;
; vw:u_v3|m[10]    ; yes                                                              ; yes                                        ;
; vw:u_v3|m[6]     ; yes                                                              ; yes                                        ;
; vw:u_v3|m[2]     ; yes                                                              ; yes                                        ;
; vw:u_v3|m[14]    ; yes                                                              ; yes                                        ;
; vw:u_v3|m[4]     ; yes                                                              ; yes                                        ;
; vw:u_v3|m[8]     ; yes                                                              ; yes                                        ;
; vw:u_v3|m[0]     ; yes                                                              ; yes                                        ;
; vw:u_v3|m[12]    ; yes                                                              ; yes                                        ;
; vw:u_v3|m[11]    ; yes                                                              ; yes                                        ;
; vw:u_v3|m[7]     ; yes                                                              ; yes                                        ;
; vw:u_v3|m[3]     ; yes                                                              ; yes                                        ;
; vw:u_v3|m[15]    ; yes                                                              ; yes                                        ;
; aw:u_a0|m[5][1]  ; yes                                                              ; yes                                        ;
; aw:u_a0|m[9][1]  ; yes                                                              ; yes                                        ;
; aw:u_a0|m[1][1]  ; yes                                                              ; yes                                        ;
; aw:u_a0|m[13][1] ; yes                                                              ; yes                                        ;
; aw:u_a0|m[10][1] ; yes                                                              ; yes                                        ;
; aw:u_a0|m[6][1]  ; yes                                                              ; yes                                        ;
; aw:u_a0|m[2][1]  ; yes                                                              ; yes                                        ;
; aw:u_a0|m[14][1] ; yes                                                              ; yes                                        ;
; aw:u_a0|m[4][1]  ; yes                                                              ; yes                                        ;
; aw:u_a0|m[8][1]  ; yes                                                              ; yes                                        ;
; aw:u_a0|m[0][1]  ; yes                                                              ; yes                                        ;
; aw:u_a0|m[12][1] ; yes                                                              ; yes                                        ;
; aw:u_a0|m[11][1] ; yes                                                              ; yes                                        ;
; aw:u_a0|m[7][1]  ; yes                                                              ; yes                                        ;
; aw:u_a0|m[3][1]  ; yes                                                              ; yes                                        ;
; aw:u_a0|m[15][1] ; yes                                                              ; yes                                        ;
; aw:u_a2|m[5][1]  ; yes                                                              ; yes                                        ;
; aw:u_a2|m[9][1]  ; yes                                                              ; yes                                        ;
; aw:u_a2|m[1][1]  ; yes                                                              ; yes                                        ;
; aw:u_a2|m[13][1] ; yes                                                              ; yes                                        ;
; aw:u_a2|m[10][1] ; yes                                                              ; yes                                        ;
; aw:u_a2|m[6][1]  ; yes                                                              ; yes                                        ;
; aw:u_a2|m[2][1]  ; yes                                                              ; yes                                        ;
; aw:u_a2|m[14][1] ; yes                                                              ; yes                                        ;
; aw:u_a2|m[4][1]  ; yes                                                              ; yes                                        ;
; aw:u_a2|m[8][1]  ; yes                                                              ; yes                                        ;
; aw:u_a2|m[0][1]  ; yes                                                              ; yes                                        ;
; aw:u_a2|m[12][1] ; yes                                                              ; yes                                        ;
; aw:u_a2|m[11][1] ; yes                                                              ; yes                                        ;
; aw:u_a2|m[7][1]  ; yes                                                              ; yes                                        ;
; aw:u_a2|m[3][1]  ; yes                                                              ; yes                                        ;
; aw:u_a2|m[15][1] ; yes                                                              ; yes                                        ;
; aw:u_a0|m[10][0] ; yes                                                              ; yes                                        ;
; aw:u_a0|m[9][0]  ; yes                                                              ; yes                                        ;
; aw:u_a0|m[8][0]  ; yes                                                              ; yes                                        ;
; aw:u_a0|m[11][0] ; yes                                                              ; yes                                        ;
; aw:u_a0|m[5][0]  ; yes                                                              ; yes                                        ;
; aw:u_a0|m[6][0]  ; yes                                                              ; yes                                        ;
; aw:u_a0|m[4][0]  ; yes                                                              ; yes                                        ;
; aw:u_a0|m[7][0]  ; yes                                                              ; yes                                        ;
; aw:u_a0|m[1][0]  ; yes                                                              ; yes                                        ;
; aw:u_a0|m[2][0]  ; yes                                                              ; yes                                        ;
; aw:u_a0|m[0][0]  ; yes                                                              ; yes                                        ;
; aw:u_a0|m[3][0]  ; yes                                                              ; yes                                        ;
; aw:u_a0|m[14][0] ; yes                                                              ; yes                                        ;
; aw:u_a0|m[13][0] ; yes                                                              ; yes                                        ;
; aw:u_a0|m[12][0] ; yes                                                              ; yes                                        ;
; aw:u_a0|m[15][0] ; yes                                                              ; yes                                        ;
; aw:u_a2|m[6][0]  ; yes                                                              ; yes                                        ;
; aw:u_a2|m[5][0]  ; yes                                                              ; yes                                        ;
; aw:u_a2|m[4][0]  ; yes                                                              ; yes                                        ;
; aw:u_a2|m[7][0]  ; yes                                                              ; yes                                        ;
; aw:u_a2|m[9][0]  ; yes                                                              ; yes                                        ;
; aw:u_a2|m[10][0] ; yes                                                              ; yes                                        ;
; aw:u_a2|m[8][0]  ; yes                                                              ; yes                                        ;
; aw:u_a2|m[11][0] ; yes                                                              ; yes                                        ;
; aw:u_a2|m[2][0]  ; yes                                                              ; yes                                        ;
; aw:u_a2|m[1][0]  ; yes                                                              ; yes                                        ;
; aw:u_a2|m[0][0]  ; yes                                                              ; yes                                        ;
; aw:u_a2|m[3][0]  ; yes                                                              ; yes                                        ;
; aw:u_a2|m[13][0] ; yes                                                              ; yes                                        ;
; aw:u_a2|m[14][0] ; yes                                                              ; yes                                        ;
; aw:u_a2|m[12][0] ; yes                                                              ; yes                                        ;
; aw:u_a2|m[15][0] ; yes                                                              ; yes                                        ;
; aw:u_a1|m[6][1]  ; yes                                                              ; yes                                        ;
; aw:u_a1|m[5][1]  ; yes                                                              ; yes                                        ;
; aw:u_a1|m[4][1]  ; yes                                                              ; yes                                        ;
; aw:u_a1|m[7][1]  ; yes                                                              ; yes                                        ;
; aw:u_a1|m[9][1]  ; yes                                                              ; yes                                        ;
; aw:u_a1|m[10][1] ; yes                                                              ; yes                                        ;
; aw:u_a1|m[8][1]  ; yes                                                              ; yes                                        ;
; aw:u_a1|m[11][1] ; yes                                                              ; yes                                        ;
; aw:u_a1|m[2][1]  ; yes                                                              ; yes                                        ;
; aw:u_a1|m[1][1]  ; yes                                                              ; yes                                        ;
; aw:u_a1|m[0][1]  ; yes                                                              ; yes                                        ;
; aw:u_a1|m[3][1]  ; yes                                                              ; yes                                        ;
; aw:u_a1|m[13][1] ; yes                                                              ; yes                                        ;
; aw:u_a1|m[14][1] ; yes                                                              ; yes                                        ;
; aw:u_a1|m[12][1] ; yes                                                              ; yes                                        ;
; aw:u_a1|m[15][1] ; yes                                                              ; yes                                        ;
; aw:u_a1|m[6][0]  ; yes                                                              ; yes                                        ;
; aw:u_a1|m[10][0] ; yes                                                              ; yes                                        ;
; aw:u_a1|m[2][0]  ; yes                                                              ; yes                                        ;
; aw:u_a1|m[14][0] ; yes                                                              ; yes                                        ;
; aw:u_a1|m[9][0]  ; yes                                                              ; yes                                        ;
; aw:u_a1|m[5][0]  ; yes                                                              ; yes                                        ;
; aw:u_a1|m[1][0]  ; yes                                                              ; yes                                        ;
; aw:u_a1|m[13][0] ; yes                                                              ; yes                                        ;
; aw:u_a1|m[8][0]  ; yes                                                              ; yes                                        ;
; aw:u_a1|m[4][0]  ; yes                                                              ; yes                                        ;
; aw:u_a1|m[0][0]  ; yes                                                              ; yes                                        ;
; aw:u_a1|m[12][0] ; yes                                                              ; yes                                        ;
; aw:u_a1|m[7][0]  ; yes                                                              ; yes                                        ;
; aw:u_a1|m[11][0] ; yes                                                              ; yes                                        ;
; aw:u_a1|m[3][0]  ; yes                                                              ; yes                                        ;
; aw:u_a1|m[15][0] ; yes                                                              ; yes                                        ;
; aw:u_a3|m[6][1]  ; yes                                                              ; yes                                        ;
; aw:u_a3|m[10][1] ; yes                                                              ; yes                                        ;
; aw:u_a3|m[2][1]  ; yes                                                              ; yes                                        ;
; aw:u_a3|m[14][1] ; yes                                                              ; yes                                        ;
; aw:u_a3|m[9][1]  ; yes                                                              ; yes                                        ;
; aw:u_a3|m[5][1]  ; yes                                                              ; yes                                        ;
; aw:u_a3|m[1][1]  ; yes                                                              ; yes                                        ;
; aw:u_a3|m[13][1] ; yes                                                              ; yes                                        ;
; aw:u_a3|m[8][1]  ; yes                                                              ; yes                                        ;
; aw:u_a3|m[4][1]  ; yes                                                              ; yes                                        ;
; aw:u_a3|m[0][1]  ; yes                                                              ; yes                                        ;
; aw:u_a3|m[12][1] ; yes                                                              ; yes                                        ;
; aw:u_a3|m[7][1]  ; yes                                                              ; yes                                        ;
; aw:u_a3|m[11][1] ; yes                                                              ; yes                                        ;
; aw:u_a3|m[3][1]  ; yes                                                              ; yes                                        ;
; aw:u_a3|m[15][1] ; yes                                                              ; yes                                        ;
; aw:u_a3|m[10][0] ; yes                                                              ; yes                                        ;
; aw:u_a3|m[9][0]  ; yes                                                              ; yes                                        ;
; aw:u_a3|m[8][0]  ; yes                                                              ; yes                                        ;
; aw:u_a3|m[11][0] ; yes                                                              ; yes                                        ;
; aw:u_a3|m[5][0]  ; yes                                                              ; yes                                        ;
; aw:u_a3|m[6][0]  ; yes                                                              ; yes                                        ;
; aw:u_a3|m[4][0]  ; yes                                                              ; yes                                        ;
; aw:u_a3|m[7][0]  ; yes                                                              ; yes                                        ;
; aw:u_a3|m[1][0]  ; yes                                                              ; yes                                        ;
; aw:u_a3|m[2][0]  ; yes                                                              ; yes                                        ;
; aw:u_a3|m[0][0]  ; yes                                                              ; yes                                        ;
; aw:u_a3|m[3][0]  ; yes                                                              ; yes                                        ;
; aw:u_a3|m[14][0] ; yes                                                              ; yes                                        ;
; aw:u_a3|m[13][0] ; yes                                                              ; yes                                        ;
; aw:u_a3|m[12][0] ; yes                                                              ; yes                                        ;
; aw:u_a3|m[15][0] ; yes                                                              ; yes                                        ;
+------------------+------------------------------------------------------------------+--------------------------------------------+


+------------------------------------------------------+
; General Register Statistics                          ;
+----------------------------------------------+-------+
; Statistic                                    ; Value ;
+----------------------------------------------+-------+
; Total registers                              ; 1993  ;
; Number of registers using Synchronous Clear  ; 67    ;
; Number of registers using Synchronous Load   ; 0     ;
; Number of registers using Asynchronous Clear ; 0     ;
; Number of registers using Asynchronous Load  ; 0     ;
; Number of registers using Clock Enable       ; 1924  ;
; Number of registers using Preset             ; 0     ;
+----------------------------------------------+-------+


+------------------------------------------------------------------------------------------------------------------------------------------------------+
; Multiplexer Restructuring Statistics (Restructuring Performed)                                                                                       ;
+--------------------+-----------+---------------+----------------------+------------------------+------------+----------------------------------------+
; Multiplexer Inputs ; Bus Width ; Baseline Area ; Area if Restructured ; Saving if Restructured ; Registered ; Example Multiplexer Output             ;
+--------------------+-----------+---------------+----------------------+------------------------+------------+----------------------------------------+
; 3:1                ; 4 bits    ; 8 LEs         ; 4 LEs                ; 4 LEs                  ; Yes        ; |appendix_i_cache_top|ct:u_ct|vq[2]    ;
; 6:1                ; 2 bits    ; 8 LEs         ; 2 LEs                ; 6 LEs                  ; Yes        ; |appendix_i_cache_top|aw:u_a0|m[15][1] ;
; 6:1                ; 2 bits    ; 8 LEs         ; 2 LEs                ; 6 LEs                  ; Yes        ; |appendix_i_cache_top|aw:u_a1|m[15][0] ;
; 6:1                ; 2 bits    ; 8 LEs         ; 2 LEs                ; 6 LEs                  ; Yes        ; |appendix_i_cache_top|aw:u_a2|m[15][1] ;
; 6:1                ; 2 bits    ; 8 LEs         ; 2 LEs                ; 6 LEs                  ; Yes        ; |appendix_i_cache_top|aw:u_a3|m[15][0] ;
; 6:1                ; 2 bits    ; 8 LEs         ; 2 LEs                ; 6 LEs                  ; Yes        ; |appendix_i_cache_top|aw:u_a0|m[14][1] ;
; 6:1                ; 2 bits    ; 8 LEs         ; 2 LEs                ; 6 LEs                  ; Yes        ; |appendix_i_cache_top|aw:u_a1|m[14][1] ;
; 6:1                ; 2 bits    ; 8 LEs         ; 2 LEs                ; 6 LEs                  ; Yes        ; |appendix_i_cache_top|aw:u_a2|m[14][1] ;
; 6:1                ; 2 bits    ; 8 LEs         ; 2 LEs                ; 6 LEs                  ; Yes        ; |appendix_i_cache_top|aw:u_a3|m[14][0] ;
; 6:1                ; 2 bits    ; 8 LEs         ; 2 LEs                ; 6 LEs                  ; Yes        ; |appendix_i_cache_top|aw:u_a0|m[13][1] ;
; 6:1                ; 2 bits    ; 8 LEs         ; 2 LEs                ; 6 LEs                  ; Yes        ; |appendix_i_cache_top|aw:u_a1|m[13][0] ;
; 6:1                ; 2 bits    ; 8 LEs         ; 2 LEs                ; 6 LEs                  ; Yes        ; |appendix_i_cache_top|aw:u_a2|m[13][0] ;
; 6:1                ; 2 bits    ; 8 LEs         ; 2 LEs                ; 6 LEs                  ; Yes        ; |appendix_i_cache_top|aw:u_a3|m[13][0] ;
; 6:1                ; 2 bits    ; 8 LEs         ; 2 LEs                ; 6 LEs                  ; Yes        ; |appendix_i_cache_top|aw:u_a0|m[12][0] ;
; 6:1                ; 2 bits    ; 8 LEs         ; 2 LEs                ; 6 LEs                  ; Yes        ; |appendix_i_cache_top|aw:u_a1|m[12][0] ;
; 6:1                ; 2 bits    ; 8 LEs         ; 2 LEs                ; 6 LEs                  ; Yes        ; |appendix_i_cache_top|aw:u_a2|m[12][0] ;
; 6:1                ; 2 bits    ; 8 LEs         ; 2 LEs                ; 6 LEs                  ; Yes        ; |appendix_i_cache_top|aw:u_a3|m[12][0] ;
; 6:1                ; 2 bits    ; 8 LEs         ; 2 LEs                ; 6 LEs                  ; Yes        ; |appendix_i_cache_top|aw:u_a0|m[11][0] ;
; 6:1                ; 2 bits    ; 8 LEs         ; 2 LEs                ; 6 LEs                  ; Yes        ; |appendix_i_cache_top|aw:u_a1|m[11][0] ;
; 6:1                ; 2 bits    ; 8 LEs         ; 2 LEs                ; 6 LEs                  ; Yes        ; |appendix_i_cache_top|aw:u_a2|m[11][1] ;
; 6:1                ; 2 bits    ; 8 LEs         ; 2 LEs                ; 6 LEs                  ; Yes        ; |appendix_i_cache_top|aw:u_a3|m[11][0] ;
; 6:1                ; 2 bits    ; 8 LEs         ; 2 LEs                ; 6 LEs                  ; Yes        ; |appendix_i_cache_top|aw:u_a0|m[10][1] ;
; 6:1                ; 2 bits    ; 8 LEs         ; 2 LEs                ; 6 LEs                  ; Yes        ; |appendix_i_cache_top|aw:u_a1|m[10][0] ;
; 6:1                ; 2 bits    ; 8 LEs         ; 2 LEs                ; 6 LEs                  ; Yes        ; |appendix_i_cache_top|aw:u_a2|m[10][0] ;
; 6:1                ; 2 bits    ; 8 LEs         ; 2 LEs                ; 6 LEs                  ; Yes        ; |appendix_i_cache_top|aw:u_a3|m[10][1] ;
; 6:1                ; 2 bits    ; 8 LEs         ; 2 LEs                ; 6 LEs                  ; Yes        ; |appendix_i_cache_top|aw:u_a0|m[9][1]  ;
; 6:1                ; 2 bits    ; 8 LEs         ; 2 LEs                ; 6 LEs                  ; Yes        ; |appendix_i_cache_top|aw:u_a1|m[9][0]  ;
; 6:1                ; 2 bits    ; 8 LEs         ; 2 LEs                ; 6 LEs                  ; Yes        ; |appendix_i_cache_top|aw:u_a2|m[9][0]  ;
; 6:1                ; 2 bits    ; 8 LEs         ; 2 LEs                ; 6 LEs                  ; Yes        ; |appendix_i_cache_top|aw:u_a3|m[9][1]  ;
; 6:1                ; 2 bits    ; 8 LEs         ; 2 LEs                ; 6 LEs                  ; Yes        ; |appendix_i_cache_top|aw:u_a0|m[8][1]  ;
; 6:1                ; 2 bits    ; 8 LEs         ; 2 LEs                ; 6 LEs                  ; Yes        ; |appendix_i_cache_top|aw:u_a1|m[8][0]  ;
; 6:1                ; 2 bits    ; 8 LEs         ; 2 LEs                ; 6 LEs                  ; Yes        ; |appendix_i_cache_top|aw:u_a2|m[8][1]  ;
; 6:1                ; 2 bits    ; 8 LEs         ; 2 LEs                ; 6 LEs                  ; Yes        ; |appendix_i_cache_top|aw:u_a3|m[8][1]  ;
; 6:1                ; 2 bits    ; 8 LEs         ; 2 LEs                ; 6 LEs                  ; Yes        ; |appendix_i_cache_top|aw:u_a0|m[7][0]  ;
; 6:1                ; 2 bits    ; 8 LEs         ; 2 LEs                ; 6 LEs                  ; Yes        ; |appendix_i_cache_top|aw:u_a1|m[7][0]  ;
; 6:1                ; 2 bits    ; 8 LEs         ; 2 LEs                ; 6 LEs                  ; Yes        ; |appendix_i_cache_top|aw:u_a2|m[7][1]  ;
; 6:1                ; 2 bits    ; 8 LEs         ; 2 LEs                ; 6 LEs                  ; Yes        ; |appendix_i_cache_top|aw:u_a3|m[7][1]  ;
; 6:1                ; 2 bits    ; 8 LEs         ; 2 LEs                ; 6 LEs                  ; Yes        ; |appendix_i_cache_top|aw:u_a0|m[6][1]  ;
; 6:1                ; 2 bits    ; 8 LEs         ; 2 LEs                ; 6 LEs                  ; Yes        ; |appendix_i_cache_top|aw:u_a1|m[6][0]  ;
; 6:1                ; 2 bits    ; 8 LEs         ; 2 LEs                ; 6 LEs                  ; Yes        ; |appendix_i_cache_top|aw:u_a2|m[6][0]  ;
; 6:1                ; 2 bits    ; 8 LEs         ; 2 LEs                ; 6 LEs                  ; Yes        ; |appendix_i_cache_top|aw:u_a3|m[6][1]  ;
; 6:1                ; 2 bits    ; 8 LEs         ; 2 LEs                ; 6 LEs                  ; Yes        ; |appendix_i_cache_top|aw:u_a0|m[5][1]  ;
; 6:1                ; 2 bits    ; 8 LEs         ; 2 LEs                ; 6 LEs                  ; Yes        ; |appendix_i_cache_top|aw:u_a1|m[5][0]  ;
; 6:1                ; 2 bits    ; 8 LEs         ; 2 LEs                ; 6 LEs                  ; Yes        ; |appendix_i_cache_top|aw:u_a2|m[5][0]  ;
; 6:1                ; 2 bits    ; 8 LEs         ; 2 LEs                ; 6 LEs                  ; Yes        ; |appendix_i_cache_top|aw:u_a3|m[5][1]  ;
; 6:1                ; 2 bits    ; 8 LEs         ; 2 LEs                ; 6 LEs                  ; Yes        ; |appendix_i_cache_top|aw:u_a0|m[4][1]  ;
; 6:1                ; 2 bits    ; 8 LEs         ; 2 LEs                ; 6 LEs                  ; Yes        ; |appendix_i_cache_top|aw:u_a1|m[4][1]  ;
; 6:1                ; 2 bits    ; 8 LEs         ; 2 LEs                ; 6 LEs                  ; Yes        ; |appendix_i_cache_top|aw:u_a2|m[4][1]  ;
; 6:1                ; 2 bits    ; 8 LEs         ; 2 LEs                ; 6 LEs                  ; Yes        ; |appendix_i_cache_top|aw:u_a3|m[4][1]  ;
; 6:1                ; 2 bits    ; 8 LEs         ; 2 LEs                ; 6 LEs                  ; Yes        ; |appendix_i_cache_top|aw:u_a0|m[3][1]  ;
; 6:1                ; 2 bits    ; 8 LEs         ; 2 LEs                ; 6 LEs                  ; Yes        ; |appendix_i_cache_top|aw:u_a1|m[3][1]  ;
; 6:1                ; 2 bits    ; 8 LEs         ; 2 LEs                ; 6 LEs                  ; Yes        ; |appendix_i_cache_top|aw:u_a2|m[3][0]  ;
; 6:1                ; 2 bits    ; 8 LEs         ; 2 LEs                ; 6 LEs                  ; Yes        ; |appendix_i_cache_top|aw:u_a3|m[3][1]  ;
; 6:1                ; 2 bits    ; 8 LEs         ; 2 LEs                ; 6 LEs                  ; Yes        ; |appendix_i_cache_top|aw:u_a0|m[2][1]  ;
; 6:1                ; 2 bits    ; 8 LEs         ; 2 LEs                ; 6 LEs                  ; Yes        ; |appendix_i_cache_top|aw:u_a1|m[2][1]  ;
; 6:1                ; 2 bits    ; 8 LEs         ; 2 LEs                ; 6 LEs                  ; Yes        ; |appendix_i_cache_top|aw:u_a2|m[2][0]  ;
; 6:1                ; 2 bits    ; 8 LEs         ; 2 LEs                ; 6 LEs                  ; Yes        ; |appendix_i_cache_top|aw:u_a3|m[2][0]  ;
; 6:1                ; 2 bits    ; 8 LEs         ; 2 LEs                ; 6 LEs                  ; Yes        ; |appendix_i_cache_top|aw:u_a0|m[1][1]  ;
; 6:1                ; 2 bits    ; 8 LEs         ; 2 LEs                ; 6 LEs                  ; Yes        ; |appendix_i_cache_top|aw:u_a1|m[1][1]  ;
; 6:1                ; 2 bits    ; 8 LEs         ; 2 LEs                ; 6 LEs                  ; Yes        ; |appendix_i_cache_top|aw:u_a2|m[1][1]  ;
; 6:1                ; 2 bits    ; 8 LEs         ; 2 LEs                ; 6 LEs                  ; Yes        ; |appendix_i_cache_top|aw:u_a3|m[1][0]  ;
; 6:1                ; 2 bits    ; 8 LEs         ; 2 LEs                ; 6 LEs                  ; Yes        ; |appendix_i_cache_top|aw:u_a0|m[0][0]  ;
; 6:1                ; 2 bits    ; 8 LEs         ; 2 LEs                ; 6 LEs                  ; Yes        ; |appendix_i_cache_top|aw:u_a1|m[0][1]  ;
; 6:1                ; 2 bits    ; 8 LEs         ; 2 LEs                ; 6 LEs                  ; Yes        ; |appendix_i_cache_top|aw:u_a2|m[0][0]  ;
; 6:1                ; 2 bits    ; 8 LEs         ; 2 LEs                ; 6 LEs                  ; Yes        ; |appendix_i_cache_top|aw:u_a3|m[0][0]  ;
; 4:1                ; 16 bits   ; 32 LEs        ; 32 LEs               ; 0 LEs                  ; No         ; |appendix_i_cache_top|mx:u_mx|Mux2     ;
; 3:1                ; 2 bits    ; 4 LEs         ; 2 LEs                ; 2 LEs                  ; No         ; |appendix_i_cache_top|vc:u_vc|vw[1]    ;
; 3:1                ; 4 bits    ; 8 LEs         ; 4 LEs                ; 4 LEs                  ; No         ; |appendix_i_cache_top|ct:u_ct|ai[2]    ;
; 4:1                ; 4 bits    ; 8 LEs         ; 8 LEs                ; 0 LEs                  ; No         ; |appendix_i_cache_top|ct:u_ct|ww[3]    ;
; 16:1               ; 12 bits   ; 120 LEs       ; 120 LEs              ; 0 LEs                  ; No         ; |appendix_i_cache_top|aw:u_a3|Mux0     ;
+--------------------+-----------+---------------+----------------------+------------------------+------------+----------------------------------------+


+----------------------------------------------------------------+
; Source assignments for Top-level Entity: |appendix_i_cache_top ;
+------------------------------+-------+------+------------------+
; Assignment                   ; Value ; From ; To               ;
+------------------------------+-------+------+------------------+
; IGNORE_LCELL_BUFFERS         ; off   ; -    ; tag_s[11]        ;
; REMOVE_REDUNDANT_LOGIC_CELLS ; off   ; -    ; tag_s[11]        ;
; IGNORE_LCELL_BUFFERS         ; off   ; -    ; tag_s[10]        ;
; REMOVE_REDUNDANT_LOGIC_CELLS ; off   ; -    ; tag_s[10]        ;
; IGNORE_LCELL_BUFFERS         ; off   ; -    ; tag_s[9]         ;
; REMOVE_REDUNDANT_LOGIC_CELLS ; off   ; -    ; tag_s[9]         ;
; IGNORE_LCELL_BUFFERS         ; off   ; -    ; tag_s[8]         ;
; REMOVE_REDUNDANT_LOGIC_CELLS ; off   ; -    ; tag_s[8]         ;
; IGNORE_LCELL_BUFFERS         ; off   ; -    ; tag_s[7]         ;
; REMOVE_REDUNDANT_LOGIC_CELLS ; off   ; -    ; tag_s[7]         ;
; IGNORE_LCELL_BUFFERS         ; off   ; -    ; tag_s[6]         ;
; REMOVE_REDUNDANT_LOGIC_CELLS ; off   ; -    ; tag_s[6]         ;
; IGNORE_LCELL_BUFFERS         ; off   ; -    ; tag_s[5]         ;
; REMOVE_REDUNDANT_LOGIC_CELLS ; off   ; -    ; tag_s[5]         ;
; IGNORE_LCELL_BUFFERS         ; off   ; -    ; tag_s[4]         ;
; REMOVE_REDUNDANT_LOGIC_CELLS ; off   ; -    ; tag_s[4]         ;
; IGNORE_LCELL_BUFFERS         ; off   ; -    ; tag_s[3]         ;
; REMOVE_REDUNDANT_LOGIC_CELLS ; off   ; -    ; tag_s[3]         ;
; IGNORE_LCELL_BUFFERS         ; off   ; -    ; tag_s[2]         ;
; REMOVE_REDUNDANT_LOGIC_CELLS ; off   ; -    ; tag_s[2]         ;
; IGNORE_LCELL_BUFFERS         ; off   ; -    ; tag_s[1]         ;
; REMOVE_REDUNDANT_LOGIC_CELLS ; off   ; -    ; tag_s[1]         ;
; IGNORE_LCELL_BUFFERS         ; off   ; -    ; tag_s[0]         ;
; REMOVE_REDUNDANT_LOGIC_CELLS ; off   ; -    ; tag_s[0]         ;
; IGNORE_LCELL_BUFFERS         ; off   ; -    ; set_s[3]         ;
; REMOVE_REDUNDANT_LOGIC_CELLS ; off   ; -    ; set_s[3]         ;
; IGNORE_LCELL_BUFFERS         ; off   ; -    ; set_s[2]         ;
; REMOVE_REDUNDANT_LOGIC_CELLS ; off   ; -    ; set_s[2]         ;
; IGNORE_LCELL_BUFFERS         ; off   ; -    ; set_s[1]         ;
; REMOVE_REDUNDANT_LOGIC_CELLS ; off   ; -    ; set_s[1]         ;
; IGNORE_LCELL_BUFFERS         ; off   ; -    ; set_s[0]         ;
; REMOVE_REDUNDANT_LOGIC_CELLS ; off   ; -    ; set_s[0]         ;
; IGNORE_LCELL_BUFFERS         ; off   ; -    ; ww_s[3]          ;
; REMOVE_REDUNDANT_LOGIC_CELLS ; off   ; -    ; ww_s[3]          ;
; IGNORE_LCELL_BUFFERS         ; off   ; -    ; ww_s[2]          ;
; REMOVE_REDUNDANT_LOGIC_CELLS ; off   ; -    ; ww_s[2]          ;
; IGNORE_LCELL_BUFFERS         ; off   ; -    ; ww_s[1]          ;
; REMOVE_REDUNDANT_LOGIC_CELLS ; off   ; -    ; ww_s[1]          ;
; IGNORE_LCELL_BUFFERS         ; off   ; -    ; ww_s[0]          ;
; REMOVE_REDUNDANT_LOGIC_CELLS ; off   ; -    ; ww_s[0]          ;
; IGNORE_LCELL_BUFFERS         ; off   ; -    ; ai_s[3]          ;
; REMOVE_REDUNDANT_LOGIC_CELLS ; off   ; -    ; ai_s[3]          ;
; IGNORE_LCELL_BUFFERS         ; off   ; -    ; ai_s[2]          ;
; REMOVE_REDUNDANT_LOGIC_CELLS ; off   ; -    ; ai_s[2]          ;
; IGNORE_LCELL_BUFFERS         ; off   ; -    ; ai_s[1]          ;
; REMOVE_REDUNDANT_LOGIC_CELLS ; off   ; -    ; ai_s[1]          ;
; IGNORE_LCELL_BUFFERS         ; off   ; -    ; ai_s[0]          ;
; REMOVE_REDUNDANT_LOGIC_CELLS ; off   ; -    ; ai_s[0]          ;
; IGNORE_LCELL_BUFFERS         ; off   ; -    ; vo_s[3]          ;
; REMOVE_REDUNDANT_LOGIC_CELLS ; off   ; -    ; vo_s[3]          ;
; IGNORE_LCELL_BUFFERS         ; off   ; -    ; vo_s[2]          ;
; REMOVE_REDUNDANT_LOGIC_CELLS ; off   ; -    ; vo_s[2]          ;
; IGNORE_LCELL_BUFFERS         ; off   ; -    ; vo_s[1]          ;
; REMOVE_REDUNDANT_LOGIC_CELLS ; off   ; -    ; vo_s[1]          ;
; IGNORE_LCELL_BUFFERS         ; off   ; -    ; vo_s[0]          ;
; REMOVE_REDUNDANT_LOGIC_CELLS ; off   ; -    ; vo_s[0]          ;
; IGNORE_LCELL_BUFFERS         ; off   ; -    ; wh_s[3]          ;
; REMOVE_REDUNDANT_LOGIC_CELLS ; off   ; -    ; wh_s[3]          ;
; IGNORE_LCELL_BUFFERS         ; off   ; -    ; wh_s[2]          ;
; REMOVE_REDUNDANT_LOGIC_CELLS ; off   ; -    ; wh_s[2]          ;
; IGNORE_LCELL_BUFFERS         ; off   ; -    ; wh_s[1]          ;
; REMOVE_REDUNDANT_LOGIC_CELLS ; off   ; -    ; wh_s[1]          ;
; IGNORE_LCELL_BUFFERS         ; off   ; -    ; wh_s[0]          ;
; REMOVE_REDUNDANT_LOGIC_CELLS ; off   ; -    ; wh_s[0]          ;
+------------------------------+-------+------+------------------+


+------------------------------------------+
; Source assignments for vw:u_v0           ;
+-------------------+-------+------+-------+
; Assignment        ; Value ; From ; To    ;
+-------------------+-------+------+-------+
; PRESERVE_REGISTER ; on    ; -    ; m[0]  ;
; PRESERVE_REGISTER ; on    ; -    ; m[1]  ;
; PRESERVE_REGISTER ; on    ; -    ; m[2]  ;
; PRESERVE_REGISTER ; on    ; -    ; m[3]  ;
; PRESERVE_REGISTER ; on    ; -    ; m[4]  ;
; PRESERVE_REGISTER ; on    ; -    ; m[5]  ;
; PRESERVE_REGISTER ; on    ; -    ; m[6]  ;
; PRESERVE_REGISTER ; on    ; -    ; m[7]  ;
; PRESERVE_REGISTER ; on    ; -    ; m[8]  ;
; PRESERVE_REGISTER ; on    ; -    ; m[9]  ;
; PRESERVE_REGISTER ; on    ; -    ; m[10] ;
; PRESERVE_REGISTER ; on    ; -    ; m[11] ;
; PRESERVE_REGISTER ; on    ; -    ; m[12] ;
; PRESERVE_REGISTER ; on    ; -    ; m[13] ;
; PRESERVE_REGISTER ; on    ; -    ; m[14] ;
; PRESERVE_REGISTER ; on    ; -    ; m[15] ;
+-------------------+-------+------+-------+


+------------------------------------------+
; Source assignments for vw:u_v1           ;
+-------------------+-------+------+-------+
; Assignment        ; Value ; From ; To    ;
+-------------------+-------+------+-------+
; PRESERVE_REGISTER ; on    ; -    ; m[0]  ;
; PRESERVE_REGISTER ; on    ; -    ; m[1]  ;
; PRESERVE_REGISTER ; on    ; -    ; m[2]  ;
; PRESERVE_REGISTER ; on    ; -    ; m[3]  ;
; PRESERVE_REGISTER ; on    ; -    ; m[4]  ;
; PRESERVE_REGISTER ; on    ; -    ; m[5]  ;
; PRESERVE_REGISTER ; on    ; -    ; m[6]  ;
; PRESERVE_REGISTER ; on    ; -    ; m[7]  ;
; PRESERVE_REGISTER ; on    ; -    ; m[8]  ;
; PRESERVE_REGISTER ; on    ; -    ; m[9]  ;
; PRESERVE_REGISTER ; on    ; -    ; m[10] ;
; PRESERVE_REGISTER ; on    ; -    ; m[11] ;
; PRESERVE_REGISTER ; on    ; -    ; m[12] ;
; PRESERVE_REGISTER ; on    ; -    ; m[13] ;
; PRESERVE_REGISTER ; on    ; -    ; m[14] ;
; PRESERVE_REGISTER ; on    ; -    ; m[15] ;
+-------------------+-------+------+-------+


+------------------------------------------+
; Source assignments for vw:u_v2           ;
+-------------------+-------+------+-------+
; Assignment        ; Value ; From ; To    ;
+-------------------+-------+------+-------+
; PRESERVE_REGISTER ; on    ; -    ; m[0]  ;
; PRESERVE_REGISTER ; on    ; -    ; m[1]  ;
; PRESERVE_REGISTER ; on    ; -    ; m[2]  ;
; PRESERVE_REGISTER ; on    ; -    ; m[3]  ;
; PRESERVE_REGISTER ; on    ; -    ; m[4]  ;
; PRESERVE_REGISTER ; on    ; -    ; m[5]  ;
; PRESERVE_REGISTER ; on    ; -    ; m[6]  ;
; PRESERVE_REGISTER ; on    ; -    ; m[7]  ;
; PRESERVE_REGISTER ; on    ; -    ; m[8]  ;
; PRESERVE_REGISTER ; on    ; -    ; m[9]  ;
; PRESERVE_REGISTER ; on    ; -    ; m[10] ;
; PRESERVE_REGISTER ; on    ; -    ; m[11] ;
; PRESERVE_REGISTER ; on    ; -    ; m[12] ;
; PRESERVE_REGISTER ; on    ; -    ; m[13] ;
; PRESERVE_REGISTER ; on    ; -    ; m[14] ;
; PRESERVE_REGISTER ; on    ; -    ; m[15] ;
+-------------------+-------+------+-------+


+------------------------------------------+
; Source assignments for vw:u_v3           ;
+-------------------+-------+------+-------+
; Assignment        ; Value ; From ; To    ;
+-------------------+-------+------+-------+
; PRESERVE_REGISTER ; on    ; -    ; m[0]  ;
; PRESERVE_REGISTER ; on    ; -    ; m[1]  ;
; PRESERVE_REGISTER ; on    ; -    ; m[2]  ;
; PRESERVE_REGISTER ; on    ; -    ; m[3]  ;
; PRESERVE_REGISTER ; on    ; -    ; m[4]  ;
; PRESERVE_REGISTER ; on    ; -    ; m[5]  ;
; PRESERVE_REGISTER ; on    ; -    ; m[6]  ;
; PRESERVE_REGISTER ; on    ; -    ; m[7]  ;
; PRESERVE_REGISTER ; on    ; -    ; m[8]  ;
; PRESERVE_REGISTER ; on    ; -    ; m[9]  ;
; PRESERVE_REGISTER ; on    ; -    ; m[10] ;
; PRESERVE_REGISTER ; on    ; -    ; m[11] ;
; PRESERVE_REGISTER ; on    ; -    ; m[12] ;
; PRESERVE_REGISTER ; on    ; -    ; m[13] ;
; PRESERVE_REGISTER ; on    ; -    ; m[14] ;
; PRESERVE_REGISTER ; on    ; -    ; m[15] ;
+-------------------+-------+------+-------+


+---------------------------------------------+
; Source assignments for aw:u_a0              ;
+-------------------+-------+------+----------+
; Assignment        ; Value ; From ; To       ;
+-------------------+-------+------+----------+
; PRESERVE_REGISTER ; on    ; -    ; m[0][1]  ;
; PRESERVE_REGISTER ; on    ; -    ; m[0][0]  ;
; PRESERVE_REGISTER ; on    ; -    ; m[1][1]  ;
; PRESERVE_REGISTER ; on    ; -    ; m[1][0]  ;
; PRESERVE_REGISTER ; on    ; -    ; m[2][1]  ;
; PRESERVE_REGISTER ; on    ; -    ; m[2][0]  ;
; PRESERVE_REGISTER ; on    ; -    ; m[3][1]  ;
; PRESERVE_REGISTER ; on    ; -    ; m[3][0]  ;
; PRESERVE_REGISTER ; on    ; -    ; m[4][1]  ;
; PRESERVE_REGISTER ; on    ; -    ; m[4][0]  ;
; PRESERVE_REGISTER ; on    ; -    ; m[5][1]  ;
; PRESERVE_REGISTER ; on    ; -    ; m[5][0]  ;
; PRESERVE_REGISTER ; on    ; -    ; m[6][1]  ;
; PRESERVE_REGISTER ; on    ; -    ; m[6][0]  ;
; PRESERVE_REGISTER ; on    ; -    ; m[7][1]  ;
; PRESERVE_REGISTER ; on    ; -    ; m[7][0]  ;
; PRESERVE_REGISTER ; on    ; -    ; m[8][1]  ;
; PRESERVE_REGISTER ; on    ; -    ; m[8][0]  ;
; PRESERVE_REGISTER ; on    ; -    ; m[9][1]  ;
; PRESERVE_REGISTER ; on    ; -    ; m[9][0]  ;
; PRESERVE_REGISTER ; on    ; -    ; m[10][1] ;
; PRESERVE_REGISTER ; on    ; -    ; m[10][0] ;
; PRESERVE_REGISTER ; on    ; -    ; m[11][1] ;
; PRESERVE_REGISTER ; on    ; -    ; m[11][0] ;
; PRESERVE_REGISTER ; on    ; -    ; m[12][1] ;
; PRESERVE_REGISTER ; on    ; -    ; m[12][0] ;
; PRESERVE_REGISTER ; on    ; -    ; m[13][1] ;
; PRESERVE_REGISTER ; on    ; -    ; m[13][0] ;
; PRESERVE_REGISTER ; on    ; -    ; m[14][1] ;
; PRESERVE_REGISTER ; on    ; -    ; m[14][0] ;
; PRESERVE_REGISTER ; on    ; -    ; m[15][1] ;
; PRESERVE_REGISTER ; on    ; -    ; m[15][0] ;
+-------------------+-------+------+----------+


+---------------------------------------------+
; Source assignments for aw:u_a1              ;
+-------------------+-------+------+----------+
; Assignment        ; Value ; From ; To       ;
+-------------------+-------+------+----------+
; PRESERVE_REGISTER ; on    ; -    ; m[0][1]  ;
; PRESERVE_REGISTER ; on    ; -    ; m[0][0]  ;
; PRESERVE_REGISTER ; on    ; -    ; m[1][1]  ;
; PRESERVE_REGISTER ; on    ; -    ; m[1][0]  ;
; PRESERVE_REGISTER ; on    ; -    ; m[2][1]  ;
; PRESERVE_REGISTER ; on    ; -    ; m[2][0]  ;
; PRESERVE_REGISTER ; on    ; -    ; m[3][1]  ;
; PRESERVE_REGISTER ; on    ; -    ; m[3][0]  ;
; PRESERVE_REGISTER ; on    ; -    ; m[4][1]  ;
; PRESERVE_REGISTER ; on    ; -    ; m[4][0]  ;
; PRESERVE_REGISTER ; on    ; -    ; m[5][1]  ;
; PRESERVE_REGISTER ; on    ; -    ; m[5][0]  ;
; PRESERVE_REGISTER ; on    ; -    ; m[6][1]  ;
; PRESERVE_REGISTER ; on    ; -    ; m[6][0]  ;
; PRESERVE_REGISTER ; on    ; -    ; m[7][1]  ;
; PRESERVE_REGISTER ; on    ; -    ; m[7][0]  ;
; PRESERVE_REGISTER ; on    ; -    ; m[8][1]  ;
; PRESERVE_REGISTER ; on    ; -    ; m[8][0]  ;
; PRESERVE_REGISTER ; on    ; -    ; m[9][1]  ;
; PRESERVE_REGISTER ; on    ; -    ; m[9][0]  ;
; PRESERVE_REGISTER ; on    ; -    ; m[10][1] ;
; PRESERVE_REGISTER ; on    ; -    ; m[10][0] ;
; PRESERVE_REGISTER ; on    ; -    ; m[11][1] ;
; PRESERVE_REGISTER ; on    ; -    ; m[11][0] ;
; PRESERVE_REGISTER ; on    ; -    ; m[12][1] ;
; PRESERVE_REGISTER ; on    ; -    ; m[12][0] ;
; PRESERVE_REGISTER ; on    ; -    ; m[13][1] ;
; PRESERVE_REGISTER ; on    ; -    ; m[13][0] ;
; PRESERVE_REGISTER ; on    ; -    ; m[14][1] ;
; PRESERVE_REGISTER ; on    ; -    ; m[14][0] ;
; PRESERVE_REGISTER ; on    ; -    ; m[15][1] ;
; PRESERVE_REGISTER ; on    ; -    ; m[15][0] ;
+-------------------+-------+------+----------+


+---------------------------------------------+
; Source assignments for aw:u_a2              ;
+-------------------+-------+------+----------+
; Assignment        ; Value ; From ; To       ;
+-------------------+-------+------+----------+
; PRESERVE_REGISTER ; on    ; -    ; m[0][1]  ;
; PRESERVE_REGISTER ; on    ; -    ; m[0][0]  ;
; PRESERVE_REGISTER ; on    ; -    ; m[1][1]  ;
; PRESERVE_REGISTER ; on    ; -    ; m[1][0]  ;
; PRESERVE_REGISTER ; on    ; -    ; m[2][1]  ;
; PRESERVE_REGISTER ; on    ; -    ; m[2][0]  ;
; PRESERVE_REGISTER ; on    ; -    ; m[3][1]  ;
; PRESERVE_REGISTER ; on    ; -    ; m[3][0]  ;
; PRESERVE_REGISTER ; on    ; -    ; m[4][1]  ;
; PRESERVE_REGISTER ; on    ; -    ; m[4][0]  ;
; PRESERVE_REGISTER ; on    ; -    ; m[5][1]  ;
; PRESERVE_REGISTER ; on    ; -    ; m[5][0]  ;
; PRESERVE_REGISTER ; on    ; -    ; m[6][1]  ;
; PRESERVE_REGISTER ; on    ; -    ; m[6][0]  ;
; PRESERVE_REGISTER ; on    ; -    ; m[7][1]  ;
; PRESERVE_REGISTER ; on    ; -    ; m[7][0]  ;
; PRESERVE_REGISTER ; on    ; -    ; m[8][1]  ;
; PRESERVE_REGISTER ; on    ; -    ; m[8][0]  ;
; PRESERVE_REGISTER ; on    ; -    ; m[9][1]  ;
; PRESERVE_REGISTER ; on    ; -    ; m[9][0]  ;
; PRESERVE_REGISTER ; on    ; -    ; m[10][1] ;
; PRESERVE_REGISTER ; on    ; -    ; m[10][0] ;
; PRESERVE_REGISTER ; on    ; -    ; m[11][1] ;
; PRESERVE_REGISTER ; on    ; -    ; m[11][0] ;
; PRESERVE_REGISTER ; on    ; -    ; m[12][1] ;
; PRESERVE_REGISTER ; on    ; -    ; m[12][0] ;
; PRESERVE_REGISTER ; on    ; -    ; m[13][1] ;
; PRESERVE_REGISTER ; on    ; -    ; m[13][0] ;
; PRESERVE_REGISTER ; on    ; -    ; m[14][1] ;
; PRESERVE_REGISTER ; on    ; -    ; m[14][0] ;
; PRESERVE_REGISTER ; on    ; -    ; m[15][1] ;
; PRESERVE_REGISTER ; on    ; -    ; m[15][0] ;
+-------------------+-------+------+----------+


+---------------------------------------------+
; Source assignments for aw:u_a3              ;
+-------------------+-------+------+----------+
; Assignment        ; Value ; From ; To       ;
+-------------------+-------+------+----------+
; PRESERVE_REGISTER ; on    ; -    ; m[0][1]  ;
; PRESERVE_REGISTER ; on    ; -    ; m[0][0]  ;
; PRESERVE_REGISTER ; on    ; -    ; m[1][1]  ;
; PRESERVE_REGISTER ; on    ; -    ; m[1][0]  ;
; PRESERVE_REGISTER ; on    ; -    ; m[2][1]  ;
; PRESERVE_REGISTER ; on    ; -    ; m[2][0]  ;
; PRESERVE_REGISTER ; on    ; -    ; m[3][1]  ;
; PRESERVE_REGISTER ; on    ; -    ; m[3][0]  ;
; PRESERVE_REGISTER ; on    ; -    ; m[4][1]  ;
; PRESERVE_REGISTER ; on    ; -    ; m[4][0]  ;
; PRESERVE_REGISTER ; on    ; -    ; m[5][1]  ;
; PRESERVE_REGISTER ; on    ; -    ; m[5][0]  ;
; PRESERVE_REGISTER ; on    ; -    ; m[6][1]  ;
; PRESERVE_REGISTER ; on    ; -    ; m[6][0]  ;
; PRESERVE_REGISTER ; on    ; -    ; m[7][1]  ;
; PRESERVE_REGISTER ; on    ; -    ; m[7][0]  ;
; PRESERVE_REGISTER ; on    ; -    ; m[8][1]  ;
; PRESERVE_REGISTER ; on    ; -    ; m[8][0]  ;
; PRESERVE_REGISTER ; on    ; -    ; m[9][1]  ;
; PRESERVE_REGISTER ; on    ; -    ; m[9][0]  ;
; PRESERVE_REGISTER ; on    ; -    ; m[10][1] ;
; PRESERVE_REGISTER ; on    ; -    ; m[10][0] ;
; PRESERVE_REGISTER ; on    ; -    ; m[11][1] ;
; PRESERVE_REGISTER ; on    ; -    ; m[11][0] ;
; PRESERVE_REGISTER ; on    ; -    ; m[12][1] ;
; PRESERVE_REGISTER ; on    ; -    ; m[12][0] ;
; PRESERVE_REGISTER ; on    ; -    ; m[13][1] ;
; PRESERVE_REGISTER ; on    ; -    ; m[13][0] ;
; PRESERVE_REGISTER ; on    ; -    ; m[14][1] ;
; PRESERVE_REGISTER ; on    ; -    ; m[14][0] ;
; PRESERVE_REGISTER ; on    ; -    ; m[15][1] ;
; PRESERVE_REGISTER ; on    ; -    ; m[15][0] ;
+-------------------+-------+------+----------+


+----------------------------------------+
; Port Connectivity Checks: "aw:u_a3"    ;
+------+-------+----------+--------------+
; Port ; Type  ; Severity ; Details      ;
+------+-------+----------+--------------+
; d    ; Input ; Info     ; Stuck at GND ;
+------+-------+----------+--------------+


+----------------------------------------+
; Port Connectivity Checks: "aw:u_a2"    ;
+------+-------+----------+--------------+
; Port ; Type  ; Severity ; Details      ;
+------+-------+----------+--------------+
; d    ; Input ; Info     ; Stuck at GND ;
+------+-------+----------+--------------+


+----------------------------------------+
; Port Connectivity Checks: "aw:u_a1"    ;
+------+-------+----------+--------------+
; Port ; Type  ; Severity ; Details      ;
+------+-------+----------+--------------+
; d    ; Input ; Info     ; Stuck at GND ;
+------+-------+----------+--------------+


+----------------------------------------+
; Port Connectivity Checks: "aw:u_a0"    ;
+------+-------+----------+--------------+
; Port ; Type  ; Severity ; Details      ;
+------+-------+----------+--------------+
; d    ; Input ; Info     ; Stuck at GND ;
+------+-------+----------+--------------+


+----------------------------------------+
; Port Connectivity Checks: "vw:u_v3"    ;
+------+-------+----------+--------------+
; Port ; Type  ; Severity ; Details      ;
+------+-------+----------+--------------+
; d    ; Input ; Info     ; Stuck at VCC ;
+------+-------+----------+--------------+


+----------------------------------------+
; Port Connectivity Checks: "vw:u_v2"    ;
+------+-------+----------+--------------+
; Port ; Type  ; Severity ; Details      ;
+------+-------+----------+--------------+
; d    ; Input ; Info     ; Stuck at VCC ;
+------+-------+----------+--------------+


+----------------------------------------+
; Port Connectivity Checks: "vw:u_v1"    ;
+------+-------+----------+--------------+
; Port ; Type  ; Severity ; Details      ;
+------+-------+----------+--------------+
; d    ; Input ; Info     ; Stuck at VCC ;
+------+-------+----------+--------------+


+----------------------------------------+
; Port Connectivity Checks: "vw:u_v0"    ;
+------+-------+----------+--------------+
; Port ; Type  ; Severity ; Details      ;
+------+-------+----------+--------------+
; d    ; Input ; Info     ; Stuck at VCC ;
+------+-------+----------+--------------+


+-------------------------------+
; Analysis & Synthesis Messages ;
+-------------------------------+
Info: *******************************************************************
Info: Running Quartus II Analysis & Synthesis
    Info: Version 9.1 Build 222 10/21/2009 SJ Web Edition
    Info: Copyright (C) 1991-2009 Altera Corporation. All rights reserved.
    Info: Your use of Altera Corporation's design tools, logic functions 
    Info: and other software and tools, and its AMPP partner logic 
    Info: functions, and any output files from any of the foregoing 
    Info: (including device programming or simulation files), and any 
    Info: associated documentation or information are expressly subject 
    Info: to the terms and conditions of the Altera Program License 
    Info: Subscription Agreement, Altera MegaCore Function License 
    Info: Agreement, or other applicable license agreement, including, 
    Info: without limitation, that your use is for the sole purpose of 
    Info: programming logic devices manufactured by Altera and sold by 
    Info: Altera or its authorized distributors.  Please refer to the 
    Info: applicable agreement for further details.
    Info: Processing started: Sat May 23 23:41:46 2026
Info: Command: quartus_map appendix_i_cache
Info: Found 2 design units, including 0 entities, in source file /git/sifovm/coursework_project/src/microcomputer_pkg.vhd
    Info: Found design unit 1: microcomputer_pkg
    Info: Found design unit 2: microcomputer_pkg-body
Info: Found 24 design units, including 12 entities, in source file /git/sifovm/coursework_project/rtl_schemes/appendix_i_cache/src/appendix_i_cache_top.vhd
    Info: Found design unit 1: sp-rtl
    Info: Found design unit 2: dw-rtl
    Info: Found design unit 3: tw-rtl
    Info: Found design unit 4: vw-rtl
    Info: Found design unit 5: aw-rtl
    Info: Found design unit 6: eq-rtl
    Info: Found design unit 7: hm-rtl
    Info: Found design unit 8: mx-rtl
    Info: Found design unit 9: vc-rtl
    Info: Found design unit 10: ct-rtl
    Info: Found design unit 11: ri-rtl
    Info: Found design unit 12: appendix_i_cache_top-structural
    Info: Found entity 1: sp
    Info: Found entity 2: dw
    Info: Found entity 3: tw
    Info: Found entity 4: vw
    Info: Found entity 5: aw
    Info: Found entity 6: eq
    Info: Found entity 7: hm
    Info: Found entity 8: mx
    Info: Found entity 9: vc
    Info: Found entity 10: ct
    Info: Found entity 11: ri
    Info: Found entity 12: appendix_i_cache_top
Info: Elaborating entity "appendix_i_cache_top" for the top level hierarchy
Info: Elaborating entity "sp" for hierarchy "sp:u_sp"
Info: Elaborating entity "ct" for hierarchy "ct:u_ct"
Info: Elaborating entity "vc" for hierarchy "vc:u_vc"
Info: Elaborating entity "ri" for hierarchy "ri:u_ri"
Info: Elaborating entity "mx" for hierarchy "mx:u_mx"
Info: Elaborating entity "dw" for hierarchy "dw:u_d0"
Info: Elaborating entity "tw" for hierarchy "tw:u_t0"
Info: Elaborating entity "vw" for hierarchy "vw:u_v0"
Info: Elaborating entity "aw" for hierarchy "aw:u_a0"
Info: Elaborating entity "eq" for hierarchy "eq:u_e0"
Info: Elaborating entity "hm" for hierarchy "hm:u_hm"
Info: Found 8 instances of uninferred RAM logic
    Info: RAM logic "tw:u_t1|m" is uninferred due to asynchronous read logic
    Info: RAM logic "tw:u_t0|m" is uninferred due to asynchronous read logic
    Info: RAM logic "tw:u_t2|m" is uninferred due to asynchronous read logic
    Info: RAM logic "dw:u_d0|m" is uninferred due to asynchronous read logic
    Info: RAM logic "dw:u_d1|m" is uninferred due to asynchronous read logic
    Info: RAM logic "dw:u_d2|m" is uninferred due to asynchronous read logic
    Info: RAM logic "dw:u_d3|m" is uninferred due to asynchronous read logic
    Info: RAM logic "tw:u_t3|m" is uninferred due to asynchronous read logic
Info: Found the following redundant logic cells in design
    Info (17048): Logic cell "set_s[2]"
    Info (17048): Logic cell "set_s[3]"
    Info (17048): Logic cell "set_s[1]"
    Info (17048): Logic cell "set_s[0]"
    Info (17048): Logic cell "tag_s[0]"
    Info (17048): Logic cell "tag_s[1]"
    Info (17048): Logic cell "tag_s[2]"
    Info (17048): Logic cell "tag_s[3]"
    Info (17048): Logic cell "tag_s[4]"
    Info (17048): Logic cell "tag_s[5]"
    Info (17048): Logic cell "tag_s[6]"
    Info (17048): Logic cell "tag_s[7]"
    Info (17048): Logic cell "tag_s[8]"
    Info (17048): Logic cell "tag_s[9]"
    Info (17048): Logic cell "tag_s[10]"
    Info (17048): Logic cell "tag_s[11]"
Info: Implemented 3842 device resources after synthesis - the final resource count might be different
    Info: Implemented 53 input pins
    Info: Implemented 245 output pins
    Info: Implemented 3544 logic cells
Info: Quartus II Analysis & Synthesis was successful. 0 errors, 0 warnings
    Info: Peak virtual memory: 259 megabytes
    Info: Processing ended: Sat May 23 23:41:50 2026
    Info: Elapsed time: 00:00:04
    Info: Total CPU time (on all processors): 00:00:03


