Flow report for MicroEVM_Var8
Mon Mar 16 22:44:37 2026
Quartus II Version 9.1 Build 222 10/21/2009 SJ Web Edition


---------------------
; Table of Contents ;
---------------------
  1. Legal Notice
  2. Flow Summary
  3. Flow Settings
  4. Flow Non-Default Global Settings
  5. Flow Elapsed Time
  6. Flow OS Summary
  7. Flow Log



----------------
; Legal Notice ;
----------------
Copyright (C) 1991-2009 Altera Corporation
Your use of Altera Corporation's design tools, logic functions 
and other software and tools, and its AMPP partner logic 
functions, and any output files from any of the foregoing 
(including device programming or simulation files), and any 
associated documentation or information are expressly subject 
to the terms and conditions of the Altera Program License 
Subscription Agreement, Altera MegaCore Function License 
Agreement, or other applicable license agreement, including, 
without limitation, that your use is for the sole purpose of 
programming logic devices manufactured by Altera and sold by 
Altera or its authorized distributors.  Please refer to the 
applicable agreement for further details.



+-------------------------------------------------------------------------+
; Flow Summary                                                            ;
+-------------------------------+-----------------------------------------+
; Flow Status                   ; Successful - Mon Mar 16 22:44:37 2026   ;
; Quartus II Version            ; 9.1 Build 222 10/21/2009 SJ Web Edition ;
; Revision Name                 ; MicroEVM_Var8                           ;
; Top-level Entity Name         ; main_module                             ;
; Family                        ; Stratix III                             ;
; Met timing requirements       ; N/A                                     ;
; Logic utilization             ; 1 %                                     ;
;     Combinational ALUTs       ; 303 / 38,000 ( < 1 % )                  ;
;     Memory ALUTs              ; 0 / 19,000 ( 0 % )                      ;
;     Dedicated logic registers ; 143 / 38,000 ( < 1 % )                  ;
; Total registers               ; 143                                     ;
; Total pins                    ; 52 / 296 ( 18 % )                       ;
; Total virtual pins            ; 0                                       ;
; Total block memory bits       ; 1,049,904 / 5,455,872 ( 19 % )          ;
; DSP block 18-bit elements     ; 0 / 384 ( 0 % )                         ;
; Total PLLs                    ; 0 / 4 ( 0 % )                           ;
; Total DLLs                    ; 0 / 4 ( 0 % )                           ;
; Device                        ; EP3SE50F484C2                           ;
; Timing Models                 ; Final                                   ;
+-------------------------------+-----------------------------------------+


+-----------------------------------------+
; Flow Settings                           ;
+-------------------+---------------------+
; Option            ; Setting             ;
+-------------------+---------------------+
; Start date & time ; 03/16/2026 22:44:11 ;
; Main task         ; Compilation         ;
; Revision Name     ; MicroEVM_Var8       ;
+-------------------+---------------------+


+---------------------------------------------------------------------------------------------------------------------------+
; Flow Non-Default Global Settings                                                                                          ;
+------------------------------------+---------------------------------------+---------------+-------------+----------------+
; Assignment Name                    ; Value                                 ; Default Value ; Entity Name ; Section Id     ;
+------------------------------------+---------------------------------------+---------------+-------------+----------------+
; COMPILER_SIGNATURE_ID              ; 229044592245187.177369025115072       ; --            ; --          ; --             ;
; EDA_OUTPUT_DATA_FORMAT             ; None                                  ; --            ; --          ; eda_simulation ;
; EDA_RUN_TOOL_AUTOMATICALLY         ; Off                                   ; --            ; --          ; eda_simulation ;
; EDA_TIME_SCALE                     ; 1 ps                                  ; --            ; --          ; eda_simulation ;
; IP_TOOL_NAME                       ; LPM_MUX                               ; --            ; --          ; --             ;
; IP_TOOL_NAME                       ; LPM_ROM                               ; --            ; --          ; --             ;
; IP_TOOL_NAME                       ; LPM_RAM_DQ                            ; --            ; --          ; --             ;
; IP_TOOL_NAME                       ; LPM_COMPARE                           ; --            ; --          ; --             ;
; IP_TOOL_NAME                       ; LPM_FF                                ; --            ; --          ; --             ;
; IP_TOOL_NAME                       ; LPM_FF                                ; --            ; --          ; --             ;
; IP_TOOL_NAME                       ; LPM_FF                                ; --            ; --          ; --             ;
; IP_TOOL_NAME                       ; LPM_COMPARE                           ; --            ; --          ; --             ;
; IP_TOOL_NAME                       ; LPM_COMPARE                           ; --            ; --          ; --             ;
; IP_TOOL_NAME                       ; LPM_COUNTER                           ; --            ; --          ; --             ;
; IP_TOOL_NAME                       ; LPM_COMPARE                           ; --            ; --          ; --             ;
; IP_TOOL_NAME                       ; LPM_DECODE                            ; --            ; --          ; --             ;
; IP_TOOL_NAME                       ; LPM_MUX                               ; --            ; --          ; --             ;
; IP_TOOL_NAME                       ; LPM_COUNTER                           ; --            ; --          ; --             ;
; IP_TOOL_NAME                       ; LPM_FF                                ; --            ; --          ; --             ;
; IP_TOOL_NAME                       ; LPM_COMPARE                           ; --            ; --          ; --             ;
; IP_TOOL_NAME                       ; LPM_FF                                ; --            ; --          ; --             ;
; IP_TOOL_NAME                       ; LPM_ADD_SUB                           ; --            ; --          ; --             ;
; IP_TOOL_NAME                       ; LPM_MUX                               ; --            ; --          ; --             ;
; IP_TOOL_NAME                       ; LPM_MUX                               ; --            ; --          ; --             ;
; IP_TOOL_NAME                       ; LPM_FF                                ; --            ; --          ; --             ;
; IP_TOOL_NAME                       ; LPM_RAM_DP                            ; --            ; --          ; --             ;
; IP_TOOL_NAME                       ; LPM_FF                                ; --            ; --          ; --             ;
; IP_TOOL_NAME                       ; LPM_FF                                ; --            ; --          ; --             ;
; IP_TOOL_NAME                       ; LPM_FF                                ; --            ; --          ; --             ;
; IP_TOOL_NAME                       ; LPM_FF                                ; --            ; --          ; --             ;
; IP_TOOL_NAME                       ; LPM_FF                                ; --            ; --          ; --             ;
; IP_TOOL_NAME                       ; LPM_DECODE                            ; --            ; --          ; --             ;
; IP_TOOL_NAME                       ; LPM_MUX                               ; --            ; --          ; --             ;
; IP_TOOL_NAME                       ; LPM_RAM_DP                            ; --            ; --          ; --             ;
; IP_TOOL_NAME                       ; LPM_RAM_DP                            ; --            ; --          ; --             ;
; IP_TOOL_NAME                       ; LPM_RAM_DP                            ; --            ; --          ; --             ;
; IP_TOOL_NAME                       ; LPM_RAM_DP                            ; --            ; --          ; --             ;
; IP_TOOL_NAME                       ; LPM_RAM_DP                            ; --            ; --          ; --             ;
; IP_TOOL_NAME                       ; LPM_RAM_DP                            ; --            ; --          ; --             ;
; IP_TOOL_NAME                       ; LPM_COMPARE                           ; --            ; --          ; --             ;
; IP_TOOL_NAME                       ; LPM_COMPARE                           ; --            ; --          ; --             ;
; IP_TOOL_NAME                       ; LPM_COMPARE                           ; --            ; --          ; --             ;
; IP_TOOL_NAME                       ; LPM_COMPARE                           ; --            ; --          ; --             ;
; IP_TOOL_NAME                       ; LPM_MUX                               ; --            ; --          ; --             ;
; IP_TOOL_NAME                       ; LPM_COUNTER                           ; --            ; --          ; --             ;
; IP_TOOL_NAME                       ; LPM_DECODE                            ; --            ; --          ; --             ;
; IP_TOOL_NAME                       ; LPM_MUX                               ; --            ; --          ; --             ;
; IP_TOOL_NAME                       ; LPM_RAM_DP                            ; --            ; --          ; --             ;
; IP_TOOL_NAME                       ; LPM_RAM_DP                            ; --            ; --          ; --             ;
; IP_TOOL_NAME                       ; LPM_RAM_DP                            ; --            ; --          ; --             ;
; IP_TOOL_NAME                       ; LPM_RAM_DP                            ; --            ; --          ; --             ;
; IP_TOOL_NAME                       ; LPM_FF                                ; --            ; --          ; --             ;
; IP_TOOL_NAME                       ; LPM_FF                                ; --            ; --          ; --             ;
; IP_TOOL_NAME                       ; LPM_RAM_DP                            ; --            ; --          ; --             ;
; IP_TOOL_NAME                       ; LPM_COUNTER                           ; --            ; --          ; --             ;
; IP_TOOL_NAME                       ; LPM_FF                                ; --            ; --          ; --             ;
; IP_TOOL_NAME                       ; LPM_CONSTANT                          ; --            ; --          ; --             ;
; IP_TOOL_NAME                       ; LPM_FF                                ; --            ; --          ; --             ;
; IP_TOOL_NAME                       ; LPM_FF                                ; --            ; --          ; --             ;
; IP_TOOL_NAME                       ; LPM_FF                                ; --            ; --          ; --             ;
; IP_TOOL_NAME                       ; LPM_CONSTANT                          ; --            ; --          ; --             ;
; IP_TOOL_NAME                       ; LPM_MUX                               ; --            ; --          ; --             ;
; IP_TOOL_NAME                       ; LPM_MUX                               ; --            ; --          ; --             ;
; IP_TOOL_NAME                       ; LPM_MUX                               ; --            ; --          ; --             ;
; IP_TOOL_NAME                       ; LPM_MUX                               ; --            ; --          ; --             ;
; IP_TOOL_NAME                       ; LPM_MUX                               ; --            ; --          ; --             ;
; IP_TOOL_NAME                       ; LPM_MUX                               ; --            ; --          ; --             ;
; IP_TOOL_NAME                       ; LPM_BUSTRI                            ; --            ; --          ; --             ;
; IP_TOOL_NAME                       ; LPM_MUX                               ; --            ; --          ; --             ;
; IP_TOOL_NAME                       ; LPM_COMPARE                           ; --            ; --          ; --             ;
; IP_TOOL_NAME                       ; LPM_MUX                               ; --            ; --          ; --             ;
; IP_TOOL_NAME                       ; LPM_COMPARE                           ; --            ; --          ; --             ;
; IP_TOOL_NAME                       ; LPM_COMPARE                           ; --            ; --          ; --             ;
; IP_TOOL_NAME                       ; LPM_COMPARE                           ; --            ; --          ; --             ;
; IP_TOOL_VERSION                    ; 9.1                                   ; --            ; --          ; --             ;
; IP_TOOL_VERSION                    ; 9.1                                   ; --            ; --          ; --             ;
; IP_TOOL_VERSION                    ; 9.1                                   ; --            ; --          ; --             ;
; IP_TOOL_VERSION                    ; 9.1                                   ; --            ; --          ; --             ;
; IP_TOOL_VERSION                    ; 9.1                                   ; --            ; --          ; --             ;
; IP_TOOL_VERSION                    ; 9.1                                   ; --            ; --          ; --             ;
; IP_TOOL_VERSION                    ; 9.1                                   ; --            ; --          ; --             ;
; IP_TOOL_VERSION                    ; 9.1                                   ; --            ; --          ; --             ;
; IP_TOOL_VERSION                    ; 9.1                                   ; --            ; --          ; --             ;
; IP_TOOL_VERSION                    ; 9.1                                   ; --            ; --          ; --             ;
; IP_TOOL_VERSION                    ; 9.1                                   ; --            ; --          ; --             ;
; IP_TOOL_VERSION                    ; 9.1                                   ; --            ; --          ; --             ;
; IP_TOOL_VERSION                    ; 9.1                                   ; --            ; --          ; --             ;
; IP_TOOL_VERSION                    ; 9.1                                   ; --            ; --          ; --             ;
; IP_TOOL_VERSION                    ; 9.1                                   ; --            ; --          ; --             ;
; IP_TOOL_VERSION                    ; 9.1                                   ; --            ; --          ; --             ;
; IP_TOOL_VERSION                    ; 9.1                                   ; --            ; --          ; --             ;
; IP_TOOL_VERSION                    ; 9.1                                   ; --            ; --          ; --             ;
; IP_TOOL_VERSION                    ; 9.1                                   ; --            ; --          ; --             ;
; IP_TOOL_VERSION                    ; 9.1                                   ; --            ; --          ; --             ;
; IP_TOOL_VERSION                    ; 9.1                                   ; --            ; --          ; --             ;
; IP_TOOL_VERSION                    ; 9.1                                   ; --            ; --          ; --             ;
; IP_TOOL_VERSION                    ; 9.1                                   ; --            ; --          ; --             ;
; IP_TOOL_VERSION                    ; 9.1                                   ; --            ; --          ; --             ;
; IP_TOOL_VERSION                    ; 9.1                                   ; --            ; --          ; --             ;
; IP_TOOL_VERSION                    ; 9.1                                   ; --            ; --          ; --             ;
; IP_TOOL_VERSION                    ; 9.1                                   ; --            ; --          ; --             ;
; IP_TOOL_VERSION                    ; 9.1                                   ; --            ; --          ; --             ;
; IP_TOOL_VERSION                    ; 9.1                                   ; --            ; --          ; --             ;
; IP_TOOL_VERSION                    ; 9.1                                   ; --            ; --          ; --             ;
; IP_TOOL_VERSION                    ; 9.1                                   ; --            ; --          ; --             ;
; IP_TOOL_VERSION                    ; 9.1                                   ; --            ; --          ; --             ;
; IP_TOOL_VERSION                    ; 9.1                                   ; --            ; --          ; --             ;
; IP_TOOL_VERSION                    ; 9.1                                   ; --            ; --          ; --             ;
; IP_TOOL_VERSION                    ; 9.1                                   ; --            ; --          ; --             ;
; IP_TOOL_VERSION                    ; 9.1                                   ; --            ; --          ; --             ;
; IP_TOOL_VERSION                    ; 9.1                                   ; --            ; --          ; --             ;
; IP_TOOL_VERSION                    ; 9.1                                   ; --            ; --          ; --             ;
; IP_TOOL_VERSION                    ; 9.1                                   ; --            ; --          ; --             ;
; IP_TOOL_VERSION                    ; 9.1                                   ; --            ; --          ; --             ;
; IP_TOOL_VERSION                    ; 9.1                                   ; --            ; --          ; --             ;
; IP_TOOL_VERSION                    ; 9.1                                   ; --            ; --          ; --             ;
; IP_TOOL_VERSION                    ; 9.1                                   ; --            ; --          ; --             ;
; IP_TOOL_VERSION                    ; 9.1                                   ; --            ; --          ; --             ;
; IP_TOOL_VERSION                    ; 9.1                                   ; --            ; --          ; --             ;
; IP_TOOL_VERSION                    ; 9.1                                   ; --            ; --          ; --             ;
; IP_TOOL_VERSION                    ; 9.1                                   ; --            ; --          ; --             ;
; IP_TOOL_VERSION                    ; 9.1                                   ; --            ; --          ; --             ;
; IP_TOOL_VERSION                    ; 9.1                                   ; --            ; --          ; --             ;
; IP_TOOL_VERSION                    ; 9.1                                   ; --            ; --          ; --             ;
; IP_TOOL_VERSION                    ; 9.1                                   ; --            ; --          ; --             ;
; IP_TOOL_VERSION                    ; 9.1                                   ; --            ; --          ; --             ;
; IP_TOOL_VERSION                    ; 9.1                                   ; --            ; --          ; --             ;
; IP_TOOL_VERSION                    ; 9.1                                   ; --            ; --          ; --             ;
; IP_TOOL_VERSION                    ; 9.1                                   ; --            ; --          ; --             ;
; IP_TOOL_VERSION                    ; 9.1                                   ; --            ; --          ; --             ;
; IP_TOOL_VERSION                    ; 9.1                                   ; --            ; --          ; --             ;
; IP_TOOL_VERSION                    ; 9.1                                   ; --            ; --          ; --             ;
; IP_TOOL_VERSION                    ; 9.1                                   ; --            ; --          ; --             ;
; IP_TOOL_VERSION                    ; 9.1                                   ; --            ; --          ; --             ;
; IP_TOOL_VERSION                    ; 9.1                                   ; --            ; --          ; --             ;
; IP_TOOL_VERSION                    ; 9.1                                   ; --            ; --          ; --             ;
; IP_TOOL_VERSION                    ; 9.1                                   ; --            ; --          ; --             ;
; IP_TOOL_VERSION                    ; 9.1                                   ; --            ; --          ; --             ;
; IP_TOOL_VERSION                    ; 9.1                                   ; --            ; --          ; --             ;
; IP_TOOL_VERSION                    ; 9.1                                   ; --            ; --          ; --             ;
; IP_TOOL_VERSION                    ; 9.1                                   ; --            ; --          ; --             ;
; IP_TOOL_VERSION                    ; 9.1                                   ; --            ; --          ; --             ;
; IP_TOOL_VERSION                    ; 9.1                                   ; --            ; --          ; --             ;
; IP_TOOL_VERSION                    ; 9.1                                   ; --            ; --          ; --             ;
; MISC_FILE                          ; memory/lpm_mux0.tdf                   ; --            ; --          ; --             ;
; MISC_FILE                          ; memory/lpm_mux0.bsf                   ; --            ; --          ; --             ;
; MISC_FILE                          ; memory/lpm_mux0.inc                   ; --            ; --          ; --             ;
; MISC_FILE                          ; memory/ROM_block.tdf                  ; --            ; --          ; --             ;
; MISC_FILE                          ; memory/ROM_block.bsf                  ; --            ; --          ; --             ;
; MISC_FILE                          ; memory/ROM_block.inc                  ; --            ; --          ; --             ;
; MISC_FILE                          ; memory/RAM_block.tdf                  ; --            ; --          ; --             ;
; MISC_FILE                          ; memory/RAM_block.bsf                  ; --            ; --          ; --             ;
; MISC_FILE                          ; memory/RAM_block.inc                  ; --            ; --          ; --             ;
; MISC_FILE                          ; control_unit/PHASE_EXEC_COMP.tdf      ; --            ; --          ; --             ;
; MISC_FILE                          ; control_unit/PHASE_EXEC_COMP.bsf      ; --            ; --          ; --             ;
; MISC_FILE                          ; control_unit/PHASE_EXEC_COMP.inc      ; --            ; --          ; --             ;
; MISC_FILE                          ; control_unit/Instruction_Register.tdf ; --            ; --          ; --             ;
; MISC_FILE                          ; control_unit/Instruction_Register.bsf ; --            ; --          ; --             ;
; MISC_FILE                          ; control_unit/Instruction_Register.inc ; --            ; --          ; --             ;
; MISC_FILE                          ; control_unit/ADDR_H_REG.tdf           ; --            ; --          ; --             ;
; MISC_FILE                          ; control_unit/ADDR_H_REG.bsf           ; --            ; --          ; --             ;
; MISC_FILE                          ; control_unit/ADDR_H_REG.inc           ; --            ; --          ; --             ;
; MISC_FILE                          ; control_unit/ADDR_L_REG.tdf           ; --            ; --          ; --             ;
; MISC_FILE                          ; control_unit/ADDR_L_REG.bsf           ; --            ; --          ; --             ;
; MISC_FILE                          ; control_unit/ADDR_L_REG.inc           ; --            ; --          ; --             ;
; MISC_FILE                          ; control_unit/PHASE_ADDR_H_COMP.tdf    ; --            ; --          ; --             ;
; MISC_FILE                          ; control_unit/PHASE_ADDR_H_COMP.bsf    ; --            ; --          ; --             ;
; MISC_FILE                          ; control_unit/PHASE_ADDR_H_COMP.inc    ; --            ; --          ; --             ;
; MISC_FILE                          ; control_unit/PHASE_ADDR_L_COMP.tdf    ; --            ; --          ; --             ;
; MISC_FILE                          ; control_unit/PHASE_ADDR_L_COMP.bsf    ; --            ; --          ; --             ;
; MISC_FILE                          ; control_unit/PHASE_ADDR_L_COMP.inc    ; --            ; --          ; --             ;
; MISC_FILE                          ; control_unit/Instruction_Pointer.tdf  ; --            ; --          ; --             ;
; MISC_FILE                          ; control_unit/Instruction_Pointer.bsf  ; --            ; --          ; --             ;
; MISC_FILE                          ; control_unit/Instruction_Pointer.inc  ; --            ; --          ; --             ;
; MISC_FILE                          ; control_unit/PHASE_FETCH_COMP.tdf     ; --            ; --          ; --             ;
; MISC_FILE                          ; control_unit/PHASE_FETCH_COMP.bsf     ; --            ; --          ; --             ;
; MISC_FILE                          ; control_unit/PHASE_FETCH_COMP.inc     ; --            ; --          ; --             ;
; MISC_FILE                          ; control_unit/CMD_DECODE.tdf           ; --            ; --          ; --             ;
; MISC_FILE                          ; control_unit/CMD_DECODE.bsf           ; --            ; --          ; --             ;
; MISC_FILE                          ; control_unit/CMD_DECODE.inc           ; --            ; --          ; --             ;
; MISC_FILE                          ; control_unit/PHASE_NEXT_MUX.tdf       ; --            ; --          ; --             ;
; MISC_FILE                          ; control_unit/PHASE_NEXT_MUX.bsf       ; --            ; --          ; --             ;
; MISC_FILE                          ; control_unit/PHASE_NEXT_MUX.inc       ; --            ; --          ; --             ;
; MISC_FILE                          ; control_unit/SP_Counter.tdf           ; --            ; --          ; --             ;
; MISC_FILE                          ; control_unit/SP_Counter.bsf           ; --            ; --          ; --             ;
; MISC_FILE                          ; control_unit/SP_Counter.inc           ; --            ; --          ; --             ;
; MISC_FILE                          ; control_unit/Data_Register.tdf        ; --            ; --          ; --             ;
; MISC_FILE                          ; control_unit/Data_Register.bsf        ; --            ; --          ; --             ;
; MISC_FILE                          ; control_unit/Data_Register.inc        ; --            ; --          ; --             ;
; MISC_FILE                          ; control_unit/cmp_sub.tdf              ; --            ; --          ; --             ;
; MISC_FILE                          ; control_unit/cmp_sub.bsf              ; --            ; --          ; --             ;
; MISC_FILE                          ; control_unit/cmp_sub.inc              ; --            ; --          ; --             ;
; MISC_FILE                          ; control_unit/reg_control.tdf          ; --            ; --          ; --             ;
; MISC_FILE                          ; control_unit/reg_control.bsf          ; --            ; --          ; --             ;
; MISC_FILE                          ; control_unit/reg_control.inc          ; --            ; --          ; --             ;
; MISC_FILE                          ; alu/alu_subtractor.bsf                ; --            ; --          ; --             ;
; MISC_FILE                          ; alu/alu_subtractor.inc                ; --            ; --          ; --             ;
; MISC_FILE                          ; alu/alu_output_mux.tdf                ; --            ; --          ; --             ;
; MISC_FILE                          ; alu/alu_output_mux.bsf                ; --            ; --          ; --             ;
; MISC_FILE                          ; alu/alu_output_mux.inc                ; --            ; --          ; --             ;
; MISC_FILE                          ; alu/lpm_mux_flag_z.tdf                ; --            ; --          ; --             ;
; MISC_FILE                          ; alu/lpm_mux_flag_z.bsf                ; --            ; --          ; --             ;
; MISC_FILE                          ; alu/lpm_mux_flag_z.inc                ; --            ; --          ; --             ;
; MISC_FILE                          ; alu/lpm_df_Z_C_S_V.tdf                ; --            ; --          ; --             ;
; MISC_FILE                          ; alu/lpm_df_Z_C_S_V.bsf                ; --            ; --          ; --             ;
; MISC_FILE                          ; alu/lpm_df_Z_C_S_V.inc                ; --            ; --          ; --             ;
; MISC_FILE                          ; alu/reg_memory.tdf                    ; --            ; --          ; --             ;
; MISC_FILE                          ; alu/reg_memory.bsf                    ; --            ; --          ; --             ;
; MISC_FILE                          ; alu/reg_memory.inc                    ; --            ; --          ; --             ;
; MISC_FILE                          ; alu/R0.tdf                            ; --            ; --          ; --             ;
; MISC_FILE                          ; alu/R0.bsf                            ; --            ; --          ; --             ;
; MISC_FILE                          ; alu/R0.inc                            ; --            ; --          ; --             ;
; MISC_FILE                          ; alu/R1.tdf                            ; --            ; --          ; --             ;
; MISC_FILE                          ; alu/R1.bsf                            ; --            ; --          ; --             ;
; MISC_FILE                          ; alu/R1.inc                            ; --            ; --          ; --             ;
; MISC_FILE                          ; alu/R5.tdf                            ; --            ; --          ; --             ;
; MISC_FILE                          ; alu/R5.bsf                            ; --            ; --          ; --             ;
; MISC_FILE                          ; alu/R5.inc                            ; --            ; --          ; --             ;
; MISC_FILE                          ; alu/R6.tdf                            ; --            ; --          ; --             ;
; MISC_FILE                          ; alu/R6.bsf                            ; --            ; --          ; --             ;
; MISC_FILE                          ; alu/R6.inc                            ; --            ; --          ; --             ;
; MISC_FILE                          ; alu/R7.tdf                            ; --            ; --          ; --             ;
; MISC_FILE                          ; alu/R7.bsf                            ; --            ; --          ; --             ;
; MISC_FILE                          ; alu/R7.inc                            ; --            ; --          ; --             ;
; MISC_FILE                          ; alu/lpm_decode_3to8.tdf               ; --            ; --          ; --             ;
; MISC_FILE                          ; alu/lpm_decode_3to8.bsf               ; --            ; --          ; --             ;
; MISC_FILE                          ; alu/lpm_decode_3to8.inc               ; --            ; --          ; --             ;
; MISC_FILE                          ; alu/ron_operand_mux.tdf               ; --            ; --          ; --             ;
; MISC_FILE                          ; alu/ron_operand_mux.bsf               ; --            ; --          ; --             ;
; MISC_FILE                          ; alu/ron_operand_mux.inc               ; --            ; --          ; --             ;
; MISC_FILE                          ; cache/cache_data_way0.tdf             ; --            ; --          ; --             ;
; MISC_FILE                          ; cache/cache_data_way0.bsf             ; --            ; --          ; --             ;
; MISC_FILE                          ; cache/cache_data_way0.inc             ; --            ; --          ; --             ;
; MISC_FILE                          ; cache/cache_data_way1.tdf             ; --            ; --          ; --             ;
; MISC_FILE                          ; cache/cache_data_way1.bsf             ; --            ; --          ; --             ;
; MISC_FILE                          ; cache/cache_data_way1.inc             ; --            ; --          ; --             ;
; MISC_FILE                          ; cache/cache_tag_way0.tdf              ; --            ; --          ; --             ;
; MISC_FILE                          ; cache/cache_tag_way0.bsf              ; --            ; --          ; --             ;
; MISC_FILE                          ; cache/cache_tag_way0.inc              ; --            ; --          ; --             ;
; MISC_FILE                          ; cache/cache_tag_way2.tdf              ; --            ; --          ; --             ;
; MISC_FILE                          ; cache/cache_tag_way2.bsf              ; --            ; --          ; --             ;
; MISC_FILE                          ; cache/cache_tag_way2.inc              ; --            ; --          ; --             ;
; MISC_FILE                          ; cache/cache_tag_way3.tdf              ; --            ; --          ; --             ;
; MISC_FILE                          ; cache/cache_tag_way3.bsf              ; --            ; --          ; --             ;
; MISC_FILE                          ; cache/cache_tag_way3.inc              ; --            ; --          ; --             ;
; MISC_FILE                          ; cache/main_memory_ram.tdf             ; --            ; --          ; --             ;
; MISC_FILE                          ; cache/main_memory_ram.bsf             ; --            ; --          ; --             ;
; MISC_FILE                          ; cache/main_memory_ram.inc             ; --            ; --          ; --             ;
; MISC_FILE                          ; cache/cache_tag_compare_way.tdf       ; --            ; --          ; --             ;
; MISC_FILE                          ; cache/cache_tag_compare_way.bsf       ; --            ; --          ; --             ;
; MISC_FILE                          ; cache/cache_tag_compare_way.inc       ; --            ; --          ; --             ;
; MISC_FILE                          ; cache/cache_tag_compare_way1.tdf      ; --            ; --          ; --             ;
; MISC_FILE                          ; cache/cache_tag_compare_way1.bsf      ; --            ; --          ; --             ;
; MISC_FILE                          ; cache/cache_tag_compare_way1.inc      ; --            ; --          ; --             ;
; MISC_FILE                          ; cache/cache_tag_compare_way2.tdf      ; --            ; --          ; --             ;
; MISC_FILE                          ; cache/cache_tag_compare_way2.bsf      ; --            ; --          ; --             ;
; MISC_FILE                          ; cache/cache_tag_compare_way2.inc      ; --            ; --          ; --             ;
; MISC_FILE                          ; cache/cache_tag_compare_way3.tdf      ; --            ; --          ; --             ;
; MISC_FILE                          ; cache/cache_tag_compare_way3.bsf      ; --            ; --          ; --             ;
; MISC_FILE                          ; cache/cache_tag_compare_way3.inc      ; --            ; --          ; --             ;
; MISC_FILE                          ; cache/cache_data_mux.tdf              ; --            ; --          ; --             ;
; MISC_FILE                          ; cache/cache_data_mux.bsf              ; --            ; --          ; --             ;
; MISC_FILE                          ; cache/cache_data_mux.inc              ; --            ; --          ; --             ;
; MISC_FILE                          ; cache/lru_counter.tdf                 ; --            ; --          ; --             ;
; MISC_FILE                          ; cache/lru_counter.bsf                 ; --            ; --          ; --             ;
; MISC_FILE                          ; cache/lru_counter.inc                 ; --            ; --          ; --             ;
; MISC_FILE                          ; cache/lru_decoder.tdf                 ; --            ; --          ; --             ;
; MISC_FILE                          ; cache/lru_decoder.bsf                 ; --            ; --          ; --             ;
; MISC_FILE                          ; cache/lru_decoder.inc                 ; --            ; --          ; --             ;
; MISC_FILE                          ; cache/cpu_data_out.tdf                ; --            ; --          ; --             ;
; MISC_FILE                          ; cache/cpu_data_out.bsf                ; --            ; --          ; --             ;
; MISC_FILE                          ; cache/cpu_data_out.inc                ; --            ; --          ; --             ;
; MISC_FILE                          ; cache/cache_valid_way0.tdf            ; --            ; --          ; --             ;
; MISC_FILE                          ; cache/cache_valid_way0.bsf            ; --            ; --          ; --             ;
; MISC_FILE                          ; cache/cache_valid_way0.inc            ; --            ; --          ; --             ;
; MISC_FILE                          ; cache/cache_valid_way1.tdf            ; --            ; --          ; --             ;
; MISC_FILE                          ; cache/cache_valid_way1.bsf            ; --            ; --          ; --             ;
; MISC_FILE                          ; cache/cache_valid_way1.inc            ; --            ; --          ; --             ;
; MISC_FILE                          ; cache/cache_valid_way2.tdf            ; --            ; --          ; --             ;
; MISC_FILE                          ; cache/cache_valid_way2.bsf            ; --            ; --          ; --             ;
; MISC_FILE                          ; cache/cache_valid_way2.inc            ; --            ; --          ; --             ;
; MISC_FILE                          ; cache/cache_valid_way3.tdf            ; --            ; --          ; --             ;
; MISC_FILE                          ; cache/cache_valid_way3.bsf            ; --            ; --          ; --             ;
; MISC_FILE                          ; cache/cache_valid_way3.inc            ; --            ; --          ; --             ;
; MISC_FILE                          ; cache/rdaddress_delay.tdf             ; --            ; --          ; --             ;
; MISC_FILE                          ; cache/rdaddress_delay.bsf             ; --            ; --          ; --             ;
; MISC_FILE                          ; cache/rdaddress_delay.inc             ; --            ; --          ; --             ;
; MISC_FILE                          ; predictor/ghr_register.tdf            ; --            ; --          ; --             ;
; MISC_FILE                          ; predictor/ghr_register.bsf            ; --            ; --          ; --             ;
; MISC_FILE                          ; predictor/ghr_register.inc            ; --            ; --          ; --             ;
; MISC_FILE                          ; predictor/pht_table.tdf               ; --            ; --          ; --             ;
; MISC_FILE                          ; predictor/pht_table.bsf               ; --            ; --          ; --             ;
; MISC_FILE                          ; predictor/pht_table.inc               ; --            ; --          ; --             ;
; MISC_FILE                          ; predictor/automaton_a5_counter.tdf    ; --            ; --          ; --             ;
; MISC_FILE                          ; predictor/automaton_a5_counter.bsf    ; --            ; --          ; --             ;
; MISC_FILE                          ; predictor/automaton_a5_counter.inc    ; --            ; --          ; --             ;
; MISC_FILE                          ; kpdp/kpdp_data_register.tdf           ; --            ; --          ; --             ;
; MISC_FILE                          ; kpdp/kpdp_data_register.bsf           ; --            ; --          ; --             ;
; MISC_FILE                          ; kpdp/kpdp_data_register.inc           ; --            ; --          ; --             ;
; MISC_FILE                          ; kpdp/1.tdf                            ; --            ; --          ; --             ;
; MISC_FILE                          ; kpdp/1.bsf                            ; --            ; --          ; --             ;
; MISC_FILE                          ; kpdp/1.inc                            ; --            ; --          ; --             ;
; MISC_FILE                          ; kpdp/next_state_register.tdf          ; --            ; --          ; --             ;
; MISC_FILE                          ; kpdp/next_state_register.bsf          ; --            ; --          ; --             ;
; MISC_FILE                          ; kpdp/next_state_register.inc          ; --            ; --          ; --             ;
; MISC_FILE                          ; arbitration/req_cpu_reg.tdf           ; --            ; --          ; --             ;
; MISC_FILE                          ; arbitration/req_cpu_reg.bsf           ; --            ; --          ; --             ;
; MISC_FILE                          ; arbitration/req_cpu_reg.inc           ; --            ; --          ; --             ;
; MISC_FILE                          ; arbitration/req_dmac_reg.tdf          ; --            ; --          ; --             ;
; MISC_FILE                          ; arbitration/req_dmac_reg.bsf          ; --            ; --          ; --             ;
; MISC_FILE                          ; arbitration/req_dmac_reg.inc          ; --            ; --          ; --             ;
; MISC_FILE                          ; control_unit/stack_base_10.tdf        ; --            ; --          ; --             ;
; MISC_FILE                          ; control_unit/stack_base_10.bsf        ; --            ; --          ; --             ;
; MISC_FILE                          ; control_unit/stack_base_10.inc        ; --            ; --          ; --             ;
; MISC_FILE                          ; top/mux_data_source.tdf               ; --            ; --          ; --             ;
; MISC_FILE                          ; top/mux_data_source.bsf               ; --            ; --          ; --             ;
; MISC_FILE                          ; top/mux_data_source.inc               ; --            ; --          ; --             ;
; MISC_FILE                          ; top/Mux_Address_CPU.tdf               ; --            ; --          ; --             ;
; MISC_FILE                          ; top/Mux_Address_CPU.bsf               ; --            ; --          ; --             ;
; MISC_FILE                          ; top/Mux_Address_CPU.inc               ; --            ; --          ; --             ;
; MISC_FILE                          ; top/mux_cpu_addr.tdf                  ; --            ; --          ; --             ;
; MISC_FILE                          ; top/mux_cpu_addr.bsf                  ; --            ; --          ; --             ;
; MISC_FILE                          ; top/mux_cpu_addr.inc                  ; --            ; --          ; --             ;
; MISC_FILE                          ; top/mux_sys_addr.tdf                  ; --            ; --          ; --             ;
; MISC_FILE                          ; top/mux_sys_addr.bsf                  ; --            ; --          ; --             ;
; MISC_FILE                          ; top/mux_sys_addr.inc                  ; --            ; --          ; --             ;
; MISC_FILE                          ; top/mux_final_addr.tdf                ; --            ; --          ; --             ;
; MISC_FILE                          ; top/mux_final_addr.bsf                ; --            ; --          ; --             ;
; MISC_FILE                          ; top/mux_final_addr.inc                ; --            ; --          ; --             ;
; MISC_FILE                          ; top/mux_reg_input.tdf                 ; --            ; --          ; --             ;
; MISC_FILE                          ; top/mux_reg_input.bsf                 ; --            ; --          ; --             ;
; MISC_FILE                          ; top/mux_reg_input.inc                 ; --            ; --          ; --             ;
; MISC_FILE                          ; top/lpm_bustri0.tdf                   ; --            ; --          ; --             ;
; MISC_FILE                          ; top/lpm_bustri0.bsf                   ; --            ; --          ; --             ;
; MISC_FILE                          ; top/lpm_bustri0.inc                   ; --            ; --          ; --             ;
; MISC_FILE                          ; top/mux_mem_stack.tdf                 ; --            ; --          ; --             ;
; MISC_FILE                          ; top/mux_mem_stack.bsf                 ; --            ; --          ; --             ;
; MISC_FILE                          ; top/mux_mem_stack.inc                 ; --            ; --          ; --             ;
; MISC_FILE                          ; top/lpm_compare0.tdf                  ; --            ; --          ; --             ;
; MISC_FILE                          ; top/lpm_compare0.bsf                  ; --            ; --          ; --             ;
; MISC_FILE                          ; top/lpm_compare0.inc                  ; --            ; --          ; --             ;
; MISC_FILE                          ; top/lpm_mux_mem.tdf                   ; --            ; --          ; --             ;
; MISC_FILE                          ; top/lpm_mux_mem.bsf                   ; --            ; --          ; --             ;
; MISC_FILE                          ; top/lpm_mux_mem.inc                   ; --            ; --          ; --             ;
; MISC_FILE                          ; top/cmp_is_jmp.tdf                    ; --            ; --          ; --             ;
; MISC_FILE                          ; top/cmp_is_jmp.bsf                    ; --            ; --          ; --             ;
; MISC_FILE                          ; top/cmp_is_jmp.inc                    ; --            ; --          ; --             ;
; MISC_FILE                          ; top/cmp_is_mem_to_reg.tdf             ; --            ; --          ; --             ;
; MISC_FILE                          ; top/cmp_is_mem_to_reg.bsf             ; --            ; --          ; --             ;
; MISC_FILE                          ; top/cmp_is_mem_to_reg.inc             ; --            ; --          ; --             ;
; MISC_FILE                          ; top/cmp_is_reg_to_mem.tdf             ; --            ; --          ; --             ;
; MISC_FILE                          ; top/cmp_is_reg_to_mem.bsf             ; --            ; --          ; --             ;
; MISC_FILE                          ; top/cmp_is_reg_to_mem.inc             ; --            ; --          ; --             ;
; PARTITION_COLOR                    ; 16764057                              ; --            ; main_module ; Top            ;
; PARTITION_NETLIST_TYPE             ; SOURCE                                ; --            ; main_module ; Top            ;
; TOP_LEVEL_ENTITY                   ; main_module                           ; MicroEVM_Var8 ; --          ; --             ;
; USE_GENERATED_PHYSICAL_CONSTRAINTS ; Off                                   ; --            ; --          ; eda_blast_fpga ;
+------------------------------------+---------------------------------------+---------------+-------------+----------------+


+-------------------------------------------------------------------------------------------------------------------------------+
; Flow Elapsed Time                                                                                                             ;
+---------------------------+--------------+-------------------------+---------------------+------------------------------------+
; Module Name               ; Elapsed Time ; Average Processors Used ; Peak Virtual Memory ; Total CPU Time (on all processors) ;
+---------------------------+--------------+-------------------------+---------------------+------------------------------------+
; Analysis & Synthesis      ; 00:00:08     ; 1.0                     ; 273 MB              ; 00:00:10                           ;
; Fitter                    ; 00:00:11     ; 1.0                     ; 346 MB              ; 00:00:13                           ;
; Assembler                 ; 00:00:04     ; 1.0                     ; 307 MB              ; 00:00:04                           ;
; TimeQuest Timing Analyzer ; 00:00:03     ; 1.0                     ; 258 MB              ; 00:00:03                           ;
; Total                     ; 00:00:23     ; --                      ; --                  ; 00:00:27                           ;
+---------------------------+--------------+-------------------------+---------------------+------------------------------------+


+--------------------------------------------------------------------------------------------+
; Flow OS Summary                                                                            ;
+---------------------------+------------------+---------------+------------+----------------+
; Module Name               ; Machine Hostname ; OS Name       ; OS Version ; Processor type ;
+---------------------------+------------------+---------------+------------+----------------+
; Analysis & Synthesis      ; DESKTOP-NSC18VK  ; Windows Vista ; 6.2        ; x86_64         ;
; Fitter                    ; DESKTOP-NSC18VK  ; Windows Vista ; 6.2        ; x86_64         ;
; TimeQuest Timing Analyzer ; DESKTOP-NSC18VK  ; Windows Vista ; 6.2        ; x86_64         ;
; Assembler                 ; DESKTOP-NSC18VK  ; Windows Vista ; 6.2        ; x86_64         ;
+---------------------------+------------------+---------------+------------+----------------+


------------
; Flow Log ;
------------
quartus_map --read_settings_files=on --write_settings_files=off MicroEVM_Var8 -c MicroEVM_Var8
quartus_fit --read_settings_files=off --write_settings_files=off MicroEVM_Var8 -c MicroEVM_Var8
quartus_sta MicroEVM_Var8 -c MicroEVM_Var8
quartus_asm --read_settings_files=off --write_settings_files=off MicroEVM_Var8 -c MicroEVM_Var8



