Analysis & Elaboration report for cache_schematic
Sat May 09 18:40:23 2026
Quartus II Version 9.1 Build 222 10/21/2009 SJ Web Edition


---------------------
; Table of Contents ;
---------------------
  1. Legal Notice
  2. Legal Notice
  3. Flow Summary
  4. Flow Settings
  5. Flow Non-Default Global Settings
  6. Flow Elapsed Time
  7. Flow OS Summary
  8. Flow Log
  9. Analysis & Elaboration Summary
 10. Parallel Compilation
 11. Analysis & Elaboration Settings
 12. Port Connectivity Checks: "cache_age_way_doc:U_AGE_WAY3"
 13. Port Connectivity Checks: "cache_age_way_doc:U_AGE_WAY2"
 14. Port Connectivity Checks: "cache_age_way_doc:U_AGE_WAY1"
 15. Port Connectivity Checks: "cache_age_way_doc:U_AGE_WAY0"
 16. Port Connectivity Checks: "cache_valid_way_doc:U_VALID_WAY3"
 17. Port Connectivity Checks: "cache_valid_way_doc:U_VALID_WAY2"
 18. Port Connectivity Checks: "cache_valid_way_doc:U_VALID_WAY1"
 19. Port Connectivity Checks: "cache_valid_way_doc:U_VALID_WAY0"
 20. Analysis & Elaboration Messages



----------------
; Legal Notice ;
----------------
Copyright (C) 1991-2009 Altera Corporation
Your use of Altera Corporation's design tools, logic functions 
and other software and tools, and its AMPP partner logic 
functions, and any output files from any of the foregoing 
(including device programming or simulation files), and any 
associated documentation or information are expressly subject 
to the terms and conditions of the Altera Program License 
Subscription Agreement, Altera MegaCore Function License 
Agreement, or other applicable license agreement, including, 
without limitation, that your use is for the sole purpose of 
programming logic devices manufactured by Altera and sold by 
Altera or its authorized distributors.  Please refer to the 
applicable agreement for further details.



----------------
; Legal Notice ;
----------------
Copyright (C) 1991-2009 Altera Corporation
Your use of Altera Corporation's design tools, logic functions 
and other software and tools, and its AMPP partner logic 
functions, and any output files from any of the foregoing 
(including device programming or simulation files), and any 
associated documentation or information are expressly subject 
to the terms and conditions of the Altera Program License 
Subscription Agreement, Altera MegaCore Function License 
Agreement, or other applicable license agreement, including, 
without limitation, that your use is for the sole purpose of 
programming logic devices manufactured by Altera and sold by 
Altera or its authorized distributors.  Please refer to the 
applicable agreement for further details.



+------------------------------------------------------------------------------+
; Flow Summary                                                                 ;
+------------------------------------+-----------------------------------------+
; Flow Status                        ; Successful - Sat May 09 18:40:23 2026   ;
; Quartus II Version                 ; 9.1 Build 222 10/21/2009 SJ Web Edition ;
; Revision Name                      ; cache_schematic                         ;
; Top-level Entity Name              ; cache_4way_structural_doc               ;
; Family                             ; Cyclone II                              ;
; Met timing requirements            ; N/A                                     ;
; Total logic elements               ; N/A until Partition Merge               ;
;     Total combinational functions  ; N/A until Partition Merge               ;
;     Dedicated logic registers      ; N/A until Partition Merge               ;
; Total registers                    ; N/A until Partition Merge               ;
; Total pins                         ; N/A until Partition Merge               ;
; Total virtual pins                 ; N/A until Partition Merge               ;
; Total memory bits                  ; N/A until Partition Merge               ;
; Embedded Multiplier 9-bit elements ; N/A until Partition Merge               ;
; Total PLLs                         ; N/A until Partition Merge               ;
+------------------------------------+-----------------------------------------+


+-----------------------------------------+
; Flow Settings                           ;
+-------------------+---------------------+
; Option            ; Setting             ;
+-------------------+---------------------+
; Start date & time ; 05/09/2026 18:40:21 ;
; Main task         ; Compilation         ;
; Revision Name     ; cache_schematic     ;
+-------------------+---------------------+


+------------------------------------------------------------------------------------------------------------------+
; Flow Non-Default Global Settings                                                                                 ;
+------------------------+------------------------------+-----------------+---------------------------+------------+
; Assignment Name        ; Value                        ; Default Value   ; Entity Name               ; Section Id ;
+------------------------+------------------------------+-----------------+---------------------------+------------+
; COMPILER_SIGNATURE_ID  ; 300159283300.177834122125364 ; --              ; --                        ; --         ;
; PARTITION_COLOR        ; 16764057                     ; --              ; cache_4way_structural_doc ; Top        ;
; PARTITION_NETLIST_TYPE ; SOURCE                       ; --              ; cache_4way_structural_doc ; Top        ;
; TOP_LEVEL_ENTITY       ; cache_4way_structural_doc    ; cache_schematic ; --                        ; --         ;
+------------------------+------------------------------+-----------------+---------------------------+------------+


+----------------------------------------------------------------------------------------------------------------------------+
; Flow Elapsed Time                                                                                                          ;
+------------------------+--------------+-------------------------+---------------------+------------------------------------+
; Module Name            ; Elapsed Time ; Average Processors Used ; Peak Virtual Memory ; Total CPU Time (on all processors) ;
+------------------------+--------------+-------------------------+---------------------+------------------------------------+
; Analysis & Elaboration ; 00:00:02     ; 1.0                     ; 250 MB              ; 00:00:02                           ;
; Total                  ; 00:00:02     ; --                      ; --                  ; 00:00:02                           ;
+------------------------+--------------+-------------------------+---------------------+------------------------------------+


+-----------------------------------------------------------------------------------------+
; Flow OS Summary                                                                         ;
+------------------------+------------------+---------------+------------+----------------+
; Module Name            ; Machine Hostname ; OS Name       ; OS Version ; Processor type ;
+------------------------+------------------+---------------+------------+----------------+
; Analysis & Elaboration ; WIN-LOA9MVM5AL7  ; Windows Vista ; 6.2        ; x86_64         ;
+------------------------+------------------+---------------+------------+----------------+


------------
; Flow Log ;
------------
quartus_map --read_settings_files=on --write_settings_files=off cache_schematic -c cache_schematic --analysis_and_elaboration



+------------------------------------------------------------------------------+
; Analysis & Elaboration Summary                                               ;
+------------------------------------+-----------------------------------------+
; Analysis & Elaboration Status      ; Successful - Sat May 09 18:40:23 2026   ;
; Quartus II Version                 ; 9.1 Build 222 10/21/2009 SJ Web Edition ;
; Revision Name                      ; cache_schematic                         ;
; Top-level Entity Name              ; cache_4way_structural_doc               ;
; Family                             ; Cyclone II                              ;
; Total logic elements               ; N/A until Partition Merge               ;
;     Total combinational functions  ; N/A until Partition Merge               ;
;     Dedicated logic registers      ; N/A until Partition Merge               ;
; Total registers                    ; N/A until Partition Merge               ;
; Total pins                         ; N/A until Partition Merge               ;
; Total virtual pins                 ; N/A until Partition Merge               ;
; Total memory bits                  ; N/A until Partition Merge               ;
; Embedded Multiplier 9-bit elements ; N/A until Partition Merge               ;
; Total PLLs                         ; N/A until Partition Merge               ;
+------------------------------------+-----------------------------------------+


Parallel compilation was disabled, but you have multiple processors available. Enable parallel compilation to reduce compilation time.
+-------------------------------------+
; Parallel Compilation                ;
+----------------------------+--------+
; Processors                 ; Number ;
+----------------------------+--------+
; Number detected on machine ; 12     ;
; Maximum allowed            ; 1      ;
+----------------------------+--------+


+-----------------------------------------------------------------------------------------------------------------------------+
; Analysis & Elaboration Settings                                                                                             ;
+----------------------------------------------------------------------------+---------------------------+--------------------+
; Option                                                                     ; Setting                   ; Default Value      ;
+----------------------------------------------------------------------------+---------------------------+--------------------+
; Top-level entity name                                                      ; cache_4way_structural_doc ; cache_schematic    ;
; Family name                                                                ; Cyclone II                ; Stratix II         ;
; Use smart compilation                                                      ; Off                       ; Off                ;
; Enable parallel Assembler and TimeQuest Timing Analyzer during compilation ; On                        ; On                 ;
; Enable compact report table                                                ; Off                       ; Off                ;
; Restructure Multiplexers                                                   ; Auto                      ; Auto               ;
; Create Debugging Nodes for IP Cores                                        ; Off                       ; Off                ;
; Preserve fewer node names                                                  ; On                        ; On                 ;
; Disable OpenCore Plus hardware evaluation                                  ; Off                       ; Off                ;
; Verilog Version                                                            ; Verilog_2001              ; Verilog_2001       ;
; VHDL Version                                                               ; VHDL_1993                 ; VHDL_1993          ;
; State Machine Processing                                                   ; Auto                      ; Auto               ;
; Safe State Machine                                                         ; Off                       ; Off                ;
; Extract Verilog State Machines                                             ; On                        ; On                 ;
; Extract VHDL State Machines                                                ; On                        ; On                 ;
; Ignore Verilog initial constructs                                          ; Off                       ; Off                ;
; Iteration limit for constant Verilog loops                                 ; 5000                      ; 5000               ;
; Iteration limit for non-constant Verilog loops                             ; 250                       ; 250                ;
; Add Pass-Through Logic to Inferred RAMs                                    ; On                        ; On                 ;
; Parallel Synthesis                                                         ; On                        ; On                 ;
; DSP Block Balancing                                                        ; Auto                      ; Auto               ;
; NOT Gate Push-Back                                                         ; On                        ; On                 ;
; Power-Up Don't Care                                                        ; On                        ; On                 ;
; Remove Redundant Logic Cells                                               ; Off                       ; Off                ;
; Remove Duplicate Registers                                                 ; On                        ; On                 ;
; Ignore CARRY Buffers                                                       ; Off                       ; Off                ;
; Ignore CASCADE Buffers                                                     ; Off                       ; Off                ;
; Ignore GLOBAL Buffers                                                      ; Off                       ; Off                ;
; Ignore ROW GLOBAL Buffers                                                  ; Off                       ; Off                ;
; Ignore LCELL Buffers                                                       ; Off                       ; Off                ;
; Ignore SOFT Buffers                                                        ; On                        ; On                 ;
; Limit AHDL Integers to 32 Bits                                             ; Off                       ; Off                ;
; Optimization Technique                                                     ; Balanced                  ; Balanced           ;
; Carry Chain Length                                                         ; 70                        ; 70                 ;
; Auto Carry Chains                                                          ; On                        ; On                 ;
; Auto Open-Drain Pins                                                       ; On                        ; On                 ;
; Perform WYSIWYG Primitive Resynthesis                                      ; Off                       ; Off                ;
; Auto ROM Replacement                                                       ; On                        ; On                 ;
; Auto RAM Replacement                                                       ; On                        ; On                 ;
; Auto Shift Register Replacement                                            ; Auto                      ; Auto               ;
; Auto Clock Enable Replacement                                              ; On                        ; On                 ;
; Strict RAM Replacement                                                     ; Off                       ; Off                ;
; Allow Synchronous Control Signals                                          ; On                        ; On                 ;
; Force Use of Synchronous Clear Signals                                     ; Off                       ; Off                ;
; Auto RAM to Logic Cell Conversion                                          ; Off                       ; Off                ;
; Auto Resource Sharing                                                      ; Off                       ; Off                ;
; Allow Any RAM Size For Recognition                                         ; Off                       ; Off                ;
; Allow Any ROM Size For Recognition                                         ; Off                       ; Off                ;
; Allow Any Shift Register Size For Recognition                              ; Off                       ; Off                ;
; Use LogicLock Constraints during Resource Balancing                        ; On                        ; On                 ;
; Ignore translate_off and synthesis_off directives                          ; Off                       ; Off                ;
; Timing-Driven Synthesis                                                    ; Off                       ; Off                ;
; Show Parameter Settings Tables in Synthesis Report                         ; On                        ; On                 ;
; Ignore Maximum Fan-Out Assignments                                         ; Off                       ; Off                ;
; Synchronization Register Chain Length                                      ; 2                         ; 2                  ;
; PowerPlay Power Optimization                                               ; Normal compilation        ; Normal compilation ;
; HDL message level                                                          ; Level2                    ; Level2             ;
; Suppress Register Optimization Related Messages                            ; Off                       ; Off                ;
; Number of Removed Registers Reported in Synthesis Report                   ; 100                       ; 100                ;
; Number of Inverted Registers Reported in Synthesis Report                  ; 100                       ; 100                ;
; Clock MUX Protection                                                       ; On                        ; On                 ;
; Auto Gated Clock Conversion                                                ; Off                       ; Off                ;
; Block Design Naming                                                        ; Auto                      ; Auto               ;
; SDC constraint protection                                                  ; Off                       ; Off                ;
; Synthesis Effort                                                           ; Auto                      ; Auto               ;
; Shift Register Replacement - Allow Asynchronous Clear Signal               ; On                        ; On                 ;
; Analysis & Synthesis Message Level                                         ; Medium                    ; Medium             ;
; Disable Register Merging Across Hierarchies                                ; Auto                      ; Auto               ;
; Resource Aware Inference For Block RAM                                     ; On                        ; On                 ;
+----------------------------------------------------------------------------+---------------------------+--------------------+


+----------------------------------------------------------+
; Port Connectivity Checks: "cache_age_way_doc:U_AGE_WAY3" ;
+-------+-------+----------+-------------------------------+
; Port  ; Type  ; Severity ; Details                       ;
+-------+-------+----------+-------------------------------+
; age_i ; Input ; Info     ; Stuck at GND                  ;
+-------+-------+----------+-------------------------------+


+----------------------------------------------------------+
; Port Connectivity Checks: "cache_age_way_doc:U_AGE_WAY2" ;
+-------+-------+----------+-------------------------------+
; Port  ; Type  ; Severity ; Details                       ;
+-------+-------+----------+-------------------------------+
; age_i ; Input ; Info     ; Stuck at GND                  ;
+-------+-------+----------+-------------------------------+


+----------------------------------------------------------+
; Port Connectivity Checks: "cache_age_way_doc:U_AGE_WAY1" ;
+-------+-------+----------+-------------------------------+
; Port  ; Type  ; Severity ; Details                       ;
+-------+-------+----------+-------------------------------+
; age_i ; Input ; Info     ; Stuck at GND                  ;
+-------+-------+----------+-------------------------------+


+----------------------------------------------------------+
; Port Connectivity Checks: "cache_age_way_doc:U_AGE_WAY0" ;
+-------+-------+----------+-------------------------------+
; Port  ; Type  ; Severity ; Details                       ;
+-------+-------+----------+-------------------------------+
; age_i ; Input ; Info     ; Stuck at GND                  ;
+-------+-------+----------+-------------------------------+


+--------------------------------------------------------------+
; Port Connectivity Checks: "cache_valid_way_doc:U_VALID_WAY3" ;
+---------+-------+----------+---------------------------------+
; Port    ; Type  ; Severity ; Details                         ;
+---------+-------+----------+---------------------------------+
; valid_i ; Input ; Info     ; Stuck at VCC                    ;
+---------+-------+----------+---------------------------------+


+--------------------------------------------------------------+
; Port Connectivity Checks: "cache_valid_way_doc:U_VALID_WAY2" ;
+---------+-------+----------+---------------------------------+
; Port    ; Type  ; Severity ; Details                         ;
+---------+-------+----------+---------------------------------+
; valid_i ; Input ; Info     ; Stuck at VCC                    ;
+---------+-------+----------+---------------------------------+


+--------------------------------------------------------------+
; Port Connectivity Checks: "cache_valid_way_doc:U_VALID_WAY1" ;
+---------+-------+----------+---------------------------------+
; Port    ; Type  ; Severity ; Details                         ;
+---------+-------+----------+---------------------------------+
; valid_i ; Input ; Info     ; Stuck at VCC                    ;
+---------+-------+----------+---------------------------------+


+--------------------------------------------------------------+
; Port Connectivity Checks: "cache_valid_way_doc:U_VALID_WAY0" ;
+---------+-------+----------+---------------------------------+
; Port    ; Type  ; Severity ; Details                         ;
+---------+-------+----------+---------------------------------+
; valid_i ; Input ; Info     ; Stuck at VCC                    ;
+---------+-------+----------+---------------------------------+


+---------------------------------+
; Analysis & Elaboration Messages ;
+---------------------------------+
Info: *******************************************************************
Info: Running Quartus II Analysis & Elaboration
    Info: Version 9.1 Build 222 10/21/2009 SJ Web Edition
    Info: Processing started: Sat May 09 18:40:21 2026
Info: Command: quartus_map --read_settings_files=on --write_settings_files=off cache_schematic -c cache_schematic --analysis_and_elaboration
Info: Found 2 design units, including 0 entities, in source file /git/sifovm/coursework_project/src/microcomputer_pkg.vhd
    Info: Found design unit 1: microcomputer_pkg
    Info: Found design unit 2: microcomputer_pkg-body
Info: Found 24 design units, including 12 entities, in source file /git/sifovm/coursework_project/src/cache_4way_structural_doc.vhd
    Info: Found design unit 1: cache_data_way_doc-rtl
    Info: Found design unit 2: cache_tag_way_doc-rtl
    Info: Found design unit 3: cache_valid_way_doc-rtl
    Info: Found design unit 4: cache_age_way_doc-rtl
    Info: Found design unit 5: cache_tag_compare_doc-rtl
    Info: Found design unit 6: cache_hit_miss_logic_doc-rtl
    Info: Found design unit 7: cache_hit_mux_doc-rtl
    Info: Found design unit 8: cache_address_split_doc-rtl
    Info: Found design unit 9: cache_victim_select_doc-rtl
    Info: Found design unit 10: cache_control_doc-rtl
    Info: Found design unit 11: cache_ram_interface_doc-rtl
    Info: Found design unit 12: cache_4way_structural_doc-structural
    Info: Found entity 1: cache_data_way_doc
    Info: Found entity 2: cache_tag_way_doc
    Info: Found entity 3: cache_valid_way_doc
    Info: Found entity 4: cache_age_way_doc
    Info: Found entity 5: cache_tag_compare_doc
    Info: Found entity 6: cache_hit_miss_logic_doc
    Info: Found entity 7: cache_hit_mux_doc
    Info: Found entity 8: cache_address_split_doc
    Info: Found entity 9: cache_victim_select_doc
    Info: Found entity 10: cache_control_doc
    Info: Found entity 11: cache_ram_interface_doc
    Info: Found entity 12: cache_4way_structural_doc
Info: Elaborating entity "cache_4way_structural_doc" for the top level hierarchy
Info: Elaborating entity "cache_address_split_doc" for hierarchy "cache_address_split_doc:U_ADDRESS_SPLIT_TAG_SET"
Info: Elaborating entity "cache_control_doc" for hierarchy "cache_control_doc:U_CACHE_CONTROL"
Info: Elaborating entity "cache_victim_select_doc" for hierarchy "cache_victim_select_doc:U_VICTIM_SELECT"
Info: Elaborating entity "cache_ram_interface_doc" for hierarchy "cache_ram_interface_doc:U_RAM_INTERFACE"
Info: Elaborating entity "cache_hit_mux_doc" for hierarchy "cache_hit_mux_doc:U_DATA_MUX"
Info: Elaborating entity "cache_data_way_doc" for hierarchy "cache_data_way_doc:U_DATA_WAY0"
Info: Elaborating entity "cache_tag_way_doc" for hierarchy "cache_tag_way_doc:U_TAG_WAY0"
Info: Elaborating entity "cache_valid_way_doc" for hierarchy "cache_valid_way_doc:U_VALID_WAY0"
Info: Elaborating entity "cache_age_way_doc" for hierarchy "cache_age_way_doc:U_AGE_WAY0"
Info: Elaborating entity "cache_tag_compare_doc" for hierarchy "cache_tag_compare_doc:U_TAG_COMPARE0"
Info: Elaborating entity "cache_hit_miss_logic_doc" for hierarchy "cache_hit_miss_logic_doc:U_HIT_MISS_LOGIC_AND_OR_NOT"
Info: Quartus II Analysis & Elaboration was successful. 0 errors, 0 warnings
    Info: Peak virtual memory: 250 megabytes
    Info: Processing ended: Sat May 09 18:40:23 2026
    Info: Elapsed time: 00:00:02
    Info: Total CPU time (on all processors): 00:00:02


