Analysis & Synthesis report for appendix_b_decoder
Fri May 22 20:48:25 2026
Quartus II Version 9.1 Build 222 10/21/2009 SJ Web Edition


---------------------
; Table of Contents ;
---------------------
  1. Legal Notice
  2. Analysis & Synthesis Summary
  3. Analysis & Synthesis Settings
  4. Parallel Compilation
  5. Analysis & Synthesis Source Files Read
  6. Analysis & Synthesis Resource Usage Summary
  7. Analysis & Synthesis Resource Utilization by Entity
  8. General Register Statistics
  9. Source assignments for Top-level Entity: |appendix_b_decoder_top
 10. Parameter Settings for User Entity Instance: eq8:c_hlt
 11. Parameter Settings for User Entity Instance: eq8:c_hlt|LPM_COMPARE:cmp
 12. Parameter Settings for User Entity Instance: eq8:c_mr
 13. Parameter Settings for User Entity Instance: eq8:c_mr|LPM_COMPARE:cmp
 14. Parameter Settings for User Entity Instance: eq8:c_rm
 15. Parameter Settings for User Entity Instance: eq8:c_rm|LPM_COMPARE:cmp
 16. Parameter Settings for User Entity Instance: eq8:c_or
 17. Parameter Settings for User Entity Instance: eq8:c_or|LPM_COMPARE:cmp
 18. Parameter Settings for User Entity Instance: eq8:c_nor
 19. Parameter Settings for User Entity Instance: eq8:c_nor|LPM_COMPARE:cmp
 20. Parameter Settings for User Entity Instance: eq8:c_sra
 21. Parameter Settings for User Entity Instance: eq8:c_sra|LPM_COMPARE:cmp
 22. Parameter Settings for User Entity Instance: eq8:c_inc
 23. Parameter Settings for User Entity Instance: eq8:c_inc|LPM_COMPARE:cmp
 24. Parameter Settings for User Entity Instance: eq8:c_psh
 25. Parameter Settings for User Entity Instance: eq8:c_psh|LPM_COMPARE:cmp
 26. Parameter Settings for User Entity Instance: eq8:c_pop
 27. Parameter Settings for User Entity Instance: eq8:c_pop|LPM_COMPARE:cmp
 28. Parameter Settings for User Entity Instance: eq8:c_jmp
 29. Parameter Settings for User Entity Instance: eq8:c_jmp|LPM_COMPARE:cmp
 30. Parameter Settings for User Entity Instance: eq8:c_jz
 31. Parameter Settings for User Entity Instance: eq8:c_jz|LPM_COMPARE:cmp
 32. Analysis & Synthesis Messages



----------------
; Legal Notice ;
----------------
Copyright (C) 1991-2009 Altera Corporation
Your use of Altera Corporation's design tools, logic functions 
and other software and tools, and its AMPP partner logic 
functions, and any output files from any of the foregoing 
(including device programming or simulation files), and any 
associated documentation or information are expressly subject 
to the terms and conditions of the Altera Program License 
Subscription Agreement, Altera MegaCore Function License 
Agreement, or other applicable license agreement, including, 
without limitation, that your use is for the sole purpose of 
programming logic devices manufactured by Altera and sold by 
Altera or its authorized distributors.  Please refer to the 
applicable agreement for further details.



+------------------------------------------------------------------------------+
; Analysis & Synthesis Summary                                                 ;
+------------------------------------+-----------------------------------------+
; Analysis & Synthesis Status        ; Successful - Fri May 22 20:48:25 2026   ;
; Quartus II Version                 ; 9.1 Build 222 10/21/2009 SJ Web Edition ;
; Revision Name                      ; appendix_b_decoder                      ;
; Top-level Entity Name              ; appendix_b_decoder_top                  ;
; Family                             ; Cyclone II                              ;
; Total logic elements               ; 27                                      ;
;     Total combinational functions  ; 27                                      ;
;     Dedicated logic registers      ; 0                                       ;
; Total registers                    ; 0                                       ;
; Total pins                         ; 28                                      ;
; Total virtual pins                 ; 0                                       ;
; Total memory bits                  ; 0                                       ;
; Embedded Multiplier 9-bit elements ; 0                                       ;
; Total PLLs                         ; 0                                       ;
+------------------------------------+-----------------------------------------+


+--------------------------------------------------------------------------------------------------------------------------+
; Analysis & Synthesis Settings                                                                                            ;
+----------------------------------------------------------------------------+------------------------+--------------------+
; Option                                                                     ; Setting                ; Default Value      ;
+----------------------------------------------------------------------------+------------------------+--------------------+
; Top-level entity name                                                      ; appendix_b_decoder_top ; appendix_b_decoder ;
; Family name                                                                ; Cyclone II             ; Stratix II         ;
; Use smart compilation                                                      ; Off                    ; Off                ;
; Enable parallel Assembler and TimeQuest Timing Analyzer during compilation ; On                     ; On                 ;
; Enable compact report table                                                ; Off                    ; Off                ;
; Restructure Multiplexers                                                   ; Auto                   ; Auto               ;
; Create Debugging Nodes for IP Cores                                        ; Off                    ; Off                ;
; Preserve fewer node names                                                  ; On                     ; On                 ;
; Disable OpenCore Plus hardware evaluation                                  ; Off                    ; Off                ;
; Verilog Version                                                            ; Verilog_2001           ; Verilog_2001       ;
; VHDL Version                                                               ; VHDL_1993              ; VHDL_1993          ;
; State Machine Processing                                                   ; Auto                   ; Auto               ;
; Safe State Machine                                                         ; Off                    ; Off                ;
; Extract Verilog State Machines                                             ; On                     ; On                 ;
; Extract VHDL State Machines                                                ; On                     ; On                 ;
; Ignore Verilog initial constructs                                          ; Off                    ; Off                ;
; Iteration limit for constant Verilog loops                                 ; 5000                   ; 5000               ;
; Iteration limit for non-constant Verilog loops                             ; 250                    ; 250                ;
; Add Pass-Through Logic to Inferred RAMs                                    ; On                     ; On                 ;
; Parallel Synthesis                                                         ; On                     ; On                 ;
; DSP Block Balancing                                                        ; Auto                   ; Auto               ;
; NOT Gate Push-Back                                                         ; On                     ; On                 ;
; Power-Up Don't Care                                                        ; On                     ; On                 ;
; Remove Redundant Logic Cells                                               ; Off                    ; Off                ;
; Remove Duplicate Registers                                                 ; On                     ; On                 ;
; Ignore CARRY Buffers                                                       ; Off                    ; Off                ;
; Ignore CASCADE Buffers                                                     ; Off                    ; Off                ;
; Ignore GLOBAL Buffers                                                      ; Off                    ; Off                ;
; Ignore ROW GLOBAL Buffers                                                  ; Off                    ; Off                ;
; Ignore LCELL Buffers                                                       ; Off                    ; Off                ;
; Ignore SOFT Buffers                                                        ; On                     ; On                 ;
; Limit AHDL Integers to 32 Bits                                             ; Off                    ; Off                ;
; Optimization Technique                                                     ; Balanced               ; Balanced           ;
; Carry Chain Length                                                         ; 70                     ; 70                 ;
; Auto Carry Chains                                                          ; On                     ; On                 ;
; Auto Open-Drain Pins                                                       ; On                     ; On                 ;
; Perform WYSIWYG Primitive Resynthesis                                      ; Off                    ; Off                ;
; Auto ROM Replacement                                                       ; On                     ; On                 ;
; Auto RAM Replacement                                                       ; On                     ; On                 ;
; Auto Shift Register Replacement                                            ; Auto                   ; Auto               ;
; Auto Clock Enable Replacement                                              ; On                     ; On                 ;
; Strict RAM Replacement                                                     ; Off                    ; Off                ;
; Allow Synchronous Control Signals                                          ; On                     ; On                 ;
; Force Use of Synchronous Clear Signals                                     ; Off                    ; Off                ;
; Auto RAM to Logic Cell Conversion                                          ; Off                    ; Off                ;
; Auto Resource Sharing                                                      ; Off                    ; Off                ;
; Allow Any RAM Size For Recognition                                         ; Off                    ; Off                ;
; Allow Any ROM Size For Recognition                                         ; Off                    ; Off                ;
; Allow Any Shift Register Size For Recognition                              ; Off                    ; Off                ;
; Use LogicLock Constraints during Resource Balancing                        ; On                     ; On                 ;
; Ignore translate_off and synthesis_off directives                          ; Off                    ; Off                ;
; Timing-Driven Synthesis                                                    ; Off                    ; Off                ;
; Show Parameter Settings Tables in Synthesis Report                         ; On                     ; On                 ;
; Ignore Maximum Fan-Out Assignments                                         ; Off                    ; Off                ;
; Synchronization Register Chain Length                                      ; 2                      ; 2                  ;
; PowerPlay Power Optimization                                               ; Normal compilation     ; Normal compilation ;
; HDL message level                                                          ; Level2                 ; Level2             ;
; Suppress Register Optimization Related Messages                            ; Off                    ; Off                ;
; Number of Removed Registers Reported in Synthesis Report                   ; 100                    ; 100                ;
; Number of Inverted Registers Reported in Synthesis Report                  ; 100                    ; 100                ;
; Clock MUX Protection                                                       ; On                     ; On                 ;
; Auto Gated Clock Conversion                                                ; Off                    ; Off                ;
; Block Design Naming                                                        ; Auto                   ; Auto               ;
; SDC constraint protection                                                  ; Off                    ; Off                ;
; Synthesis Effort                                                           ; Auto                   ; Auto               ;
; Shift Register Replacement - Allow Asynchronous Clear Signal               ; On                     ; On                 ;
; Analysis & Synthesis Message Level                                         ; Medium                 ; Medium             ;
; Disable Register Merging Across Hierarchies                                ; Auto                   ; Auto               ;
; Resource Aware Inference For Block RAM                                     ; On                     ; On                 ;
+----------------------------------------------------------------------------+------------------------+--------------------+


Parallel compilation was disabled, but you have multiple processors available. Enable parallel compilation to reduce compilation time.
+-------------------------------------+
; Parallel Compilation                ;
+----------------------------+--------+
; Processors                 ; Number ;
+----------------------------+--------+
; Number detected on machine ; 12     ;
; Maximum allowed            ; 1      ;
+----------------------------+--------+


+--------------------------------------------------------------------------------------------------------------------------------------------------------------------------------------+
; Analysis & Synthesis Source Files Read                                                                                                                                               ;
+------------------------------------+-----------------+------------------------------+------------------------------------------------------------------------------------------------+
; File Name with User-Entered Path   ; Used in Netlist ; File Type                    ; File Name with Absolute Path                                                                   ;
+------------------------------------+-----------------+------------------------------+------------------------------------------------------------------------------------------------+
; ../../../src/microcomputer_pkg.vhd ; yes             ; User VHDL File               ; D:/git/sifovm/coursework_project/src/microcomputer_pkg.vhd                                     ;
; ../src/appendix_b_decoder_top.vhd  ; yes             ; User VHDL File               ; D:/git/sifovm/coursework_project/rtl_schemes/appendix_b_decoder/src/appendix_b_decoder_top.vhd ;
; lpm_compare.tdf                    ; yes             ; Megafunction                 ; d:/quartus/libraries/megafunctions/lpm_compare.tdf                                             ;
; db/cmpr_33k.tdf                    ; yes             ; Auto-Generated Megafunction  ; D:/git/sifovm/coursework_project/rtl_schemes/appendix_b_decoder/quartus/db/cmpr_33k.tdf        ;
; db/cmpr_vjk.tdf                    ; yes             ; Auto-Generated Megafunction  ; D:/git/sifovm/coursework_project/rtl_schemes/appendix_b_decoder/quartus/db/cmpr_vjk.tdf        ;
+------------------------------------+-----------------+------------------------------+------------------------------------------------------------------------------------------------+


+------------------------------------------------------+
; Analysis & Synthesis Resource Usage Summary          ;
+---------------------------------------------+--------+
; Resource                                    ; Usage  ;
+---------------------------------------------+--------+
; Estimated Total logic elements              ; 27     ;
;                                             ;        ;
; Total combinational functions               ; 27     ;
; Logic element usage by number of LUT inputs ;        ;
;     -- 4 input functions                    ; 12     ;
;     -- 3 input functions                    ; 5      ;
;     -- <=2 input functions                  ; 10     ;
;                                             ;        ;
; Logic elements by mode                      ;        ;
;     -- normal mode                          ; 27     ;
;     -- arithmetic mode                      ; 0      ;
;                                             ;        ;
; Total registers                             ; 0      ;
;     -- Dedicated logic registers            ; 0      ;
;     -- I/O registers                        ; 0      ;
;                                             ;        ;
; I/O pins                                    ; 28     ;
; Maximum fan-out node                        ; cmd[1] ;
; Maximum fan-out                             ; 12     ;
; Total fan-out                               ; 101    ;
; Average fan-out                             ; 1.84   ;
+---------------------------------------------+--------+


+-------------------------------------------------------------------------------------------------------------------------------------------------------------------------------------------------------------------------------------------+
; Analysis & Synthesis Resource Utilization by Entity                                                                                                                                                                                       ;
+------------------------------------+-------------------+--------------+-------------+--------------+---------+-----------+------+--------------+---------------------------------------------------------------------------+--------------+
; Compilation Hierarchy Node         ; LC Combinationals ; LC Registers ; Memory Bits ; DSP Elements ; DSP 9x9 ; DSP 18x18 ; Pins ; Virtual Pins ; Full Hierarchy Name                                                       ; Library Name ;
+------------------------------------+-------------------+--------------+-------------+--------------+---------+-----------+------+--------------+---------------------------------------------------------------------------+--------------+
; |appendix_b_decoder_top            ; 27 (11)           ; 0 (0)        ; 0           ; 0            ; 0       ; 0         ; 28   ; 0            ; |appendix_b_decoder_top                                                   ; work         ;
;    |eq8:c_jmp|                     ; 1 (0)             ; 0 (0)        ; 0           ; 0            ; 0       ; 0         ; 0    ; 0            ; |appendix_b_decoder_top|eq8:c_jmp                                         ;              ;
;       |lpm_compare:cmp|            ; 1 (0)             ; 0 (0)        ; 0           ; 0            ; 0       ; 0         ; 0    ; 0            ; |appendix_b_decoder_top|eq8:c_jmp|lpm_compare:cmp                         ; work         ;
;          |cmpr_vjk:auto_generated| ; 1 (1)             ; 0 (0)        ; 0           ; 0            ; 0       ; 0         ; 0    ; 0            ; |appendix_b_decoder_top|eq8:c_jmp|lpm_compare:cmp|cmpr_vjk:auto_generated ; work         ;
;    |eq8:c_mr|                      ; 1 (0)             ; 0 (0)        ; 0           ; 0            ; 0       ; 0         ; 0    ; 0            ; |appendix_b_decoder_top|eq8:c_mr                                          ;              ;
;       |lpm_compare:cmp|            ; 1 (0)             ; 0 (0)        ; 0           ; 0            ; 0       ; 0         ; 0    ; 0            ; |appendix_b_decoder_top|eq8:c_mr|lpm_compare:cmp                          ; work         ;
;          |cmpr_vjk:auto_generated| ; 1 (1)             ; 0 (0)        ; 0           ; 0            ; 0       ; 0         ; 0    ; 0            ; |appendix_b_decoder_top|eq8:c_mr|lpm_compare:cmp|cmpr_vjk:auto_generated  ;              ;
;    |eq8:c_or|                      ; 1 (0)             ; 0 (0)        ; 0           ; 0            ; 0       ; 0         ; 0    ; 0            ; |appendix_b_decoder_top|eq8:c_or                                          ;              ;
;       |lpm_compare:cmp|            ; 1 (0)             ; 0 (0)        ; 0           ; 0            ; 0       ; 0         ; 0    ; 0            ; |appendix_b_decoder_top|eq8:c_or|lpm_compare:cmp                          ; work         ;
;          |cmpr_vjk:auto_generated| ; 1 (1)             ; 0 (0)        ; 0           ; 0            ; 0       ; 0         ; 0    ; 0            ; |appendix_b_decoder_top|eq8:c_or|lpm_compare:cmp|cmpr_vjk:auto_generated  ;              ;
;    |eq8:c_pop|                     ; 1 (0)             ; 0 (0)        ; 0           ; 0            ; 0       ; 0         ; 0    ; 0            ; |appendix_b_decoder_top|eq8:c_pop                                         ; work         ;
;       |lpm_compare:cmp|            ; 1 (0)             ; 0 (0)        ; 0           ; 0            ; 0       ; 0         ; 0    ; 0            ; |appendix_b_decoder_top|eq8:c_pop|lpm_compare:cmp                         ;              ;
;          |cmpr_vjk:auto_generated| ; 1 (1)             ; 0 (0)        ; 0           ; 0            ; 0       ; 0         ; 0    ; 0            ; |appendix_b_decoder_top|eq8:c_pop|lpm_compare:cmp|cmpr_vjk:auto_generated ; work         ;
;    |eq8:c_psh|                     ; 2 (0)             ; 0 (0)        ; 0           ; 0            ; 0       ; 0         ; 0    ; 0            ; |appendix_b_decoder_top|eq8:c_psh                                         ; work         ;
;       |lpm_compare:cmp|            ; 2 (0)             ; 0 (0)        ; 0           ; 0            ; 0       ; 0         ; 0    ; 0            ; |appendix_b_decoder_top|eq8:c_psh|lpm_compare:cmp                         ;              ;
;          |cmpr_vjk:auto_generated| ; 2 (2)             ; 0 (0)        ; 0           ; 0            ; 0       ; 0         ; 0    ; 0            ; |appendix_b_decoder_top|eq8:c_psh|lpm_compare:cmp|cmpr_vjk:auto_generated ; work         ;
;    |eq8:c_sra|                     ; 1 (0)             ; 0 (0)        ; 0           ; 0            ; 0       ; 0         ; 0    ; 0            ; |appendix_b_decoder_top|eq8:c_sra                                         ;              ;
;       |lpm_compare:cmp|            ; 1 (0)             ; 0 (0)        ; 0           ; 0            ; 0       ; 0         ; 0    ; 0            ; |appendix_b_decoder_top|eq8:c_sra|lpm_compare:cmp                         ; work         ;
;          |cmpr_vjk:auto_generated| ; 1 (1)             ; 0 (0)        ; 0           ; 0            ; 0       ; 0         ; 0    ; 0            ; |appendix_b_decoder_top|eq8:c_sra|lpm_compare:cmp|cmpr_vjk:auto_generated ;              ;
;    |g_and2:inc_and|                ; 1 (1)             ; 0 (0)        ; 0           ; 0            ; 0       ; 0         ; 0    ; 0            ; |appendix_b_decoder_top|g_and2:inc_and                                    ; work         ;
;    |g_and2:ld_and|                 ; 1 (1)             ; 0 (0)        ; 0           ; 0            ; 0       ; 0         ; 0    ; 0            ; |appendix_b_decoder_top|g_and2:ld_and                                     ; work         ;
;    |g_and2:nz_and|                 ; 1 (1)             ; 0 (0)        ; 0           ; 0            ; 0       ; 0         ; 0    ; 0            ; |appendix_b_decoder_top|g_and2:nz_and                                     ;              ;
;    |g_or2:alu0_or|                 ; 1 (1)             ; 0 (0)        ; 0           ; 0            ; 0       ; 0         ; 0    ; 0            ; |appendix_b_decoder_top|g_or2:alu0_or                                     ; work         ;
;    |g_or2:alu1_or|                 ; 1 (1)             ; 0 (0)        ; 0           ; 0            ; 0       ; 0         ; 0    ; 0            ; |appendix_b_decoder_top|g_or2:alu1_or                                     ; work         ;
;    |g_or2:br_or|                   ; 1 (1)             ; 0 (0)        ; 0           ; 0            ; 0       ; 0         ; 0    ; 0            ; |appendix_b_decoder_top|g_or2:br_or                                       ; work         ;
;    |g_or2:sl_or|                   ; 1 (1)             ; 0 (0)        ; 0           ; 0            ; 0       ; 0         ; 0    ; 0            ; |appendix_b_decoder_top|g_or2:sl_or                                       ;              ;
;    |g_or6:rw_or|                   ; 2 (2)             ; 0 (0)        ; 0           ; 0            ; 0       ; 0         ; 0    ; 0            ; |appendix_b_decoder_top|g_or6:rw_or                                       ; work         ;
+------------------------------------+-------------------+--------------+-------------+--------------+---------+-----------+------+--------------+---------------------------------------------------------------------------+--------------+
Note: For table entries with two numbers listed, the numbers in parentheses indicate the number of resources of the given type used by the specific entity alone. The numbers listed outside of parentheses indicate the total resources of the given type used by the specific entity and all of its sub-entities in the hierarchy.


+------------------------------------------------------+
; General Register Statistics                          ;
+----------------------------------------------+-------+
; Statistic                                    ; Value ;
+----------------------------------------------+-------+
; Total registers                              ; 0     ;
; Number of registers using Synchronous Clear  ; 0     ;
; Number of registers using Synchronous Load   ; 0     ;
; Number of registers using Asynchronous Clear ; 0     ;
; Number of registers using Asynchronous Load  ; 0     ;
; Number of registers using Clock Enable       ; 0     ;
; Number of registers using Preset             ; 0     ;
+----------------------------------------------+-------+


+------------------------------------------------------------------+
; Source assignments for Top-level Entity: |appendix_b_decoder_top ;
+------------------------------+-------+------+--------------------+
; Assignment                   ; Value ; From ; To                 ;
+------------------------------+-------+------+--------------------+
; IGNORE_LCELL_BUFFERS         ; off   ; -    ; c_hlt_s            ;
; REMOVE_REDUNDANT_LOGIC_CELLS ; off   ; -    ; c_hlt_s            ;
; IGNORE_LCELL_BUFFERS         ; off   ; -    ; c_mr_s             ;
; REMOVE_REDUNDANT_LOGIC_CELLS ; off   ; -    ; c_mr_s             ;
; IGNORE_LCELL_BUFFERS         ; off   ; -    ; c_rm_s             ;
; REMOVE_REDUNDANT_LOGIC_CELLS ; off   ; -    ; c_rm_s             ;
; IGNORE_LCELL_BUFFERS         ; off   ; -    ; c_or_s             ;
; REMOVE_REDUNDANT_LOGIC_CELLS ; off   ; -    ; c_or_s             ;
; IGNORE_LCELL_BUFFERS         ; off   ; -    ; c_nor_s            ;
; REMOVE_REDUNDANT_LOGIC_CELLS ; off   ; -    ; c_nor_s            ;
; IGNORE_LCELL_BUFFERS         ; off   ; -    ; c_sra_s            ;
; REMOVE_REDUNDANT_LOGIC_CELLS ; off   ; -    ; c_sra_s            ;
; IGNORE_LCELL_BUFFERS         ; off   ; -    ; c_inc_s            ;
; REMOVE_REDUNDANT_LOGIC_CELLS ; off   ; -    ; c_inc_s            ;
; IGNORE_LCELL_BUFFERS         ; off   ; -    ; c_psh_s            ;
; REMOVE_REDUNDANT_LOGIC_CELLS ; off   ; -    ; c_psh_s            ;
; IGNORE_LCELL_BUFFERS         ; off   ; -    ; c_pop_s            ;
; REMOVE_REDUNDANT_LOGIC_CELLS ; off   ; -    ; c_pop_s            ;
; IGNORE_LCELL_BUFFERS         ; off   ; -    ; c_jmp_s            ;
; REMOVE_REDUNDANT_LOGIC_CELLS ; off   ; -    ; c_jmp_s            ;
; IGNORE_LCELL_BUFFERS         ; off   ; -    ; c_jz_s             ;
; REMOVE_REDUNDANT_LOGIC_CELLS ; off   ; -    ; c_jz_s             ;
+------------------------------+-------+------+--------------------+


+--------------------------------------------------------+
; Parameter Settings for User Entity Instance: eq8:c_hlt ;
+----------------+----------+----------------------------+
; Parameter Name ; Value    ; Type                       ;
+----------------+----------+----------------------------+
; k              ; 00000000 ; Unsigned Binary            ;
+----------------+----------+----------------------------+
Note: In order to hide this table in the UI and the text report file, please set the "Show Parameter Settings Tables in Synthesis Report" option in "Analysis and Synthesis Settings -> More Settings" to "Off".


+------------------------------------------------------------------------+
; Parameter Settings for User Entity Instance: eq8:c_hlt|LPM_COMPARE:cmp ;
+------------------------+------------+----------------------------------+
; Parameter Name         ; Value      ; Type                             ;
+------------------------+------------+----------------------------------+
; lpm_width              ; 8          ; Signed Integer                   ;
; LPM_REPRESENTATION     ; UNSIGNED   ; Untyped                          ;
; LPM_PIPELINE           ; 0          ; Signed Integer                   ;
; CHAIN_SIZE             ; 8          ; Untyped                          ;
; ONE_INPUT_IS_CONSTANT  ; YES        ; Untyped                          ;
; CARRY_CHAIN            ; MANUAL     ; Untyped                          ;
; CASCADE_CHAIN          ; MANUAL     ; Untyped                          ;
; CARRY_CHAIN_LENGTH     ; 48         ; CARRY_CHAIN_LENGTH               ;
; CASCADE_CHAIN_LENGTH   ; 2          ; CASCADE_CHAIN_LENGTH             ;
; DEVICE_FAMILY          ; Cyclone II ; Untyped                          ;
; CBXI_PARAMETER         ; cmpr_33k   ; Untyped                          ;
; AUTO_CARRY_CHAINS      ; ON         ; AUTO_CARRY                       ;
; IGNORE_CARRY_BUFFERS   ; OFF        ; IGNORE_CARRY                     ;
; AUTO_CASCADE_CHAINS    ; ON         ; AUTO_CASCADE                     ;
; IGNORE_CASCADE_BUFFERS ; OFF        ; IGNORE_CASCADE                   ;
+------------------------+------------+----------------------------------+
Note: In order to hide this table in the UI and the text report file, please set the "Show Parameter Settings Tables in Synthesis Report" option in "Analysis and Synthesis Settings -> More Settings" to "Off".


+-------------------------------------------------------+
; Parameter Settings for User Entity Instance: eq8:c_mr ;
+----------------+----------+---------------------------+
; Parameter Name ; Value    ; Type                      ;
+----------------+----------+---------------------------+
; k              ; 00000001 ; Unsigned Binary           ;
+----------------+----------+---------------------------+
Note: In order to hide this table in the UI and the text report file, please set the "Show Parameter Settings Tables in Synthesis Report" option in "Analysis and Synthesis Settings -> More Settings" to "Off".


+-----------------------------------------------------------------------+
; Parameter Settings for User Entity Instance: eq8:c_mr|LPM_COMPARE:cmp ;
+------------------------+------------+---------------------------------+
; Parameter Name         ; Value      ; Type                            ;
+------------------------+------------+---------------------------------+
; lpm_width              ; 8          ; Signed Integer                  ;
; LPM_REPRESENTATION     ; UNSIGNED   ; Untyped                         ;
; LPM_PIPELINE           ; 0          ; Signed Integer                  ;
; CHAIN_SIZE             ; 8          ; Untyped                         ;
; ONE_INPUT_IS_CONSTANT  ; YES        ; Untyped                         ;
; CARRY_CHAIN            ; MANUAL     ; Untyped                         ;
; CASCADE_CHAIN          ; MANUAL     ; Untyped                         ;
; CARRY_CHAIN_LENGTH     ; 48         ; CARRY_CHAIN_LENGTH              ;
; CASCADE_CHAIN_LENGTH   ; 2          ; CASCADE_CHAIN_LENGTH            ;
; DEVICE_FAMILY          ; Cyclone II ; Untyped                         ;
; CBXI_PARAMETER         ; cmpr_vjk   ; Untyped                         ;
; AUTO_CARRY_CHAINS      ; ON         ; AUTO_CARRY                      ;
; IGNORE_CARRY_BUFFERS   ; OFF        ; IGNORE_CARRY                    ;
; AUTO_CASCADE_CHAINS    ; ON         ; AUTO_CASCADE                    ;
; IGNORE_CASCADE_BUFFERS ; OFF        ; IGNORE_CASCADE                  ;
+------------------------+------------+---------------------------------+
Note: In order to hide this table in the UI and the text report file, please set the "Show Parameter Settings Tables in Synthesis Report" option in "Analysis and Synthesis Settings -> More Settings" to "Off".


+-------------------------------------------------------+
; Parameter Settings for User Entity Instance: eq8:c_rm ;
+----------------+----------+---------------------------+
; Parameter Name ; Value    ; Type                      ;
+----------------+----------+---------------------------+
; k              ; 00000010 ; Unsigned Binary           ;
+----------------+----------+---------------------------+
Note: In order to hide this table in the UI and the text report file, please set the "Show Parameter Settings Tables in Synthesis Report" option in "Analysis and Synthesis Settings -> More Settings" to "Off".


+-----------------------------------------------------------------------+
; Parameter Settings for User Entity Instance: eq8:c_rm|LPM_COMPARE:cmp ;
+------------------------+------------+---------------------------------+
; Parameter Name         ; Value      ; Type                            ;
+------------------------+------------+---------------------------------+
; lpm_width              ; 8          ; Signed Integer                  ;
; LPM_REPRESENTATION     ; UNSIGNED   ; Untyped                         ;
; LPM_PIPELINE           ; 0          ; Signed Integer                  ;
; CHAIN_SIZE             ; 8          ; Untyped                         ;
; ONE_INPUT_IS_CONSTANT  ; YES        ; Untyped                         ;
; CARRY_CHAIN            ; MANUAL     ; Untyped                         ;
; CASCADE_CHAIN          ; MANUAL     ; Untyped                         ;
; CARRY_CHAIN_LENGTH     ; 48         ; CARRY_CHAIN_LENGTH              ;
; CASCADE_CHAIN_LENGTH   ; 2          ; CASCADE_CHAIN_LENGTH            ;
; DEVICE_FAMILY          ; Cyclone II ; Untyped                         ;
; CBXI_PARAMETER         ; cmpr_vjk   ; Untyped                         ;
; AUTO_CARRY_CHAINS      ; ON         ; AUTO_CARRY                      ;
; IGNORE_CARRY_BUFFERS   ; OFF        ; IGNORE_CARRY                    ;
; AUTO_CASCADE_CHAINS    ; ON         ; AUTO_CASCADE                    ;
; IGNORE_CASCADE_BUFFERS ; OFF        ; IGNORE_CASCADE                  ;
+------------------------+------------+---------------------------------+
Note: In order to hide this table in the UI and the text report file, please set the "Show Parameter Settings Tables in Synthesis Report" option in "Analysis and Synthesis Settings -> More Settings" to "Off".


+-------------------------------------------------------+
; Parameter Settings for User Entity Instance: eq8:c_or ;
+----------------+----------+---------------------------+
; Parameter Name ; Value    ; Type                      ;
+----------------+----------+---------------------------+
; k              ; 00000011 ; Unsigned Binary           ;
+----------------+----------+---------------------------+
Note: In order to hide this table in the UI and the text report file, please set the "Show Parameter Settings Tables in Synthesis Report" option in "Analysis and Synthesis Settings -> More Settings" to "Off".


+-----------------------------------------------------------------------+
; Parameter Settings for User Entity Instance: eq8:c_or|LPM_COMPARE:cmp ;
+------------------------+------------+---------------------------------+
; Parameter Name         ; Value      ; Type                            ;
+------------------------+------------+---------------------------------+
; lpm_width              ; 8          ; Signed Integer                  ;
; LPM_REPRESENTATION     ; UNSIGNED   ; Untyped                         ;
; LPM_PIPELINE           ; 0          ; Signed Integer                  ;
; CHAIN_SIZE             ; 8          ; Untyped                         ;
; ONE_INPUT_IS_CONSTANT  ; YES        ; Untyped                         ;
; CARRY_CHAIN            ; MANUAL     ; Untyped                         ;
; CASCADE_CHAIN          ; MANUAL     ; Untyped                         ;
; CARRY_CHAIN_LENGTH     ; 48         ; CARRY_CHAIN_LENGTH              ;
; CASCADE_CHAIN_LENGTH   ; 2          ; CASCADE_CHAIN_LENGTH            ;
; DEVICE_FAMILY          ; Cyclone II ; Untyped                         ;
; CBXI_PARAMETER         ; cmpr_vjk   ; Untyped                         ;
; AUTO_CARRY_CHAINS      ; ON         ; AUTO_CARRY                      ;
; IGNORE_CARRY_BUFFERS   ; OFF        ; IGNORE_CARRY                    ;
; AUTO_CASCADE_CHAINS    ; ON         ; AUTO_CASCADE                    ;
; IGNORE_CASCADE_BUFFERS ; OFF        ; IGNORE_CASCADE                  ;
+------------------------+------------+---------------------------------+
Note: In order to hide this table in the UI and the text report file, please set the "Show Parameter Settings Tables in Synthesis Report" option in "Analysis and Synthesis Settings -> More Settings" to "Off".


+--------------------------------------------------------+
; Parameter Settings for User Entity Instance: eq8:c_nor ;
+----------------+----------+----------------------------+
; Parameter Name ; Value    ; Type                       ;
+----------------+----------+----------------------------+
; k              ; 00000100 ; Unsigned Binary            ;
+----------------+----------+----------------------------+
Note: In order to hide this table in the UI and the text report file, please set the "Show Parameter Settings Tables in Synthesis Report" option in "Analysis and Synthesis Settings -> More Settings" to "Off".


+------------------------------------------------------------------------+
; Parameter Settings for User Entity Instance: eq8:c_nor|LPM_COMPARE:cmp ;
+------------------------+------------+----------------------------------+
; Parameter Name         ; Value      ; Type                             ;
+------------------------+------------+----------------------------------+
; lpm_width              ; 8          ; Signed Integer                   ;
; LPM_REPRESENTATION     ; UNSIGNED   ; Untyped                          ;
; LPM_PIPELINE           ; 0          ; Signed Integer                   ;
; CHAIN_SIZE             ; 8          ; Untyped                          ;
; ONE_INPUT_IS_CONSTANT  ; YES        ; Untyped                          ;
; CARRY_CHAIN            ; MANUAL     ; Untyped                          ;
; CASCADE_CHAIN          ; MANUAL     ; Untyped                          ;
; CARRY_CHAIN_LENGTH     ; 48         ; CARRY_CHAIN_LENGTH               ;
; CASCADE_CHAIN_LENGTH   ; 2          ; CASCADE_CHAIN_LENGTH             ;
; DEVICE_FAMILY          ; Cyclone II ; Untyped                          ;
; CBXI_PARAMETER         ; cmpr_vjk   ; Untyped                          ;
; AUTO_CARRY_CHAINS      ; ON         ; AUTO_CARRY                       ;
; IGNORE_CARRY_BUFFERS   ; OFF        ; IGNORE_CARRY                     ;
; AUTO_CASCADE_CHAINS    ; ON         ; AUTO_CASCADE                     ;
; IGNORE_CASCADE_BUFFERS ; OFF        ; IGNORE_CASCADE                   ;
+------------------------+------------+----------------------------------+
Note: In order to hide this table in the UI and the text report file, please set the "Show Parameter Settings Tables in Synthesis Report" option in "Analysis and Synthesis Settings -> More Settings" to "Off".


+--------------------------------------------------------+
; Parameter Settings for User Entity Instance: eq8:c_sra ;
+----------------+----------+----------------------------+
; Parameter Name ; Value    ; Type                       ;
+----------------+----------+----------------------------+
; k              ; 00000101 ; Unsigned Binary            ;
+----------------+----------+----------------------------+
Note: In order to hide this table in the UI and the text report file, please set the "Show Parameter Settings Tables in Synthesis Report" option in "Analysis and Synthesis Settings -> More Settings" to "Off".


+------------------------------------------------------------------------+
; Parameter Settings for User Entity Instance: eq8:c_sra|LPM_COMPARE:cmp ;
+------------------------+------------+----------------------------------+
; Parameter Name         ; Value      ; Type                             ;
+------------------------+------------+----------------------------------+
; lpm_width              ; 8          ; Signed Integer                   ;
; LPM_REPRESENTATION     ; UNSIGNED   ; Untyped                          ;
; LPM_PIPELINE           ; 0          ; Signed Integer                   ;
; CHAIN_SIZE             ; 8          ; Untyped                          ;
; ONE_INPUT_IS_CONSTANT  ; YES        ; Untyped                          ;
; CARRY_CHAIN            ; MANUAL     ; Untyped                          ;
; CASCADE_CHAIN          ; MANUAL     ; Untyped                          ;
; CARRY_CHAIN_LENGTH     ; 48         ; CARRY_CHAIN_LENGTH               ;
; CASCADE_CHAIN_LENGTH   ; 2          ; CASCADE_CHAIN_LENGTH             ;
; DEVICE_FAMILY          ; Cyclone II ; Untyped                          ;
; CBXI_PARAMETER         ; cmpr_vjk   ; Untyped                          ;
; AUTO_CARRY_CHAINS      ; ON         ; AUTO_CARRY                       ;
; IGNORE_CARRY_BUFFERS   ; OFF        ; IGNORE_CARRY                     ;
; AUTO_CASCADE_CHAINS    ; ON         ; AUTO_CASCADE                     ;
; IGNORE_CASCADE_BUFFERS ; OFF        ; IGNORE_CASCADE                   ;
+------------------------+------------+----------------------------------+
Note: In order to hide this table in the UI and the text report file, please set the "Show Parameter Settings Tables in Synthesis Report" option in "Analysis and Synthesis Settings -> More Settings" to "Off".


+--------------------------------------------------------+
; Parameter Settings for User Entity Instance: eq8:c_inc ;
+----------------+----------+----------------------------+
; Parameter Name ; Value    ; Type                       ;
+----------------+----------+----------------------------+
; k              ; 00000110 ; Unsigned Binary            ;
+----------------+----------+----------------------------+
Note: In order to hide this table in the UI and the text report file, please set the "Show Parameter Settings Tables in Synthesis Report" option in "Analysis and Synthesis Settings -> More Settings" to "Off".


+------------------------------------------------------------------------+
; Parameter Settings for User Entity Instance: eq8:c_inc|LPM_COMPARE:cmp ;
+------------------------+------------+----------------------------------+
; Parameter Name         ; Value      ; Type                             ;
+------------------------+------------+----------------------------------+
; lpm_width              ; 8          ; Signed Integer                   ;
; LPM_REPRESENTATION     ; UNSIGNED   ; Untyped                          ;
; LPM_PIPELINE           ; 0          ; Signed Integer                   ;
; CHAIN_SIZE             ; 8          ; Untyped                          ;
; ONE_INPUT_IS_CONSTANT  ; YES        ; Untyped                          ;
; CARRY_CHAIN            ; MANUAL     ; Untyped                          ;
; CASCADE_CHAIN          ; MANUAL     ; Untyped                          ;
; CARRY_CHAIN_LENGTH     ; 48         ; CARRY_CHAIN_LENGTH               ;
; CASCADE_CHAIN_LENGTH   ; 2          ; CASCADE_CHAIN_LENGTH             ;
; DEVICE_FAMILY          ; Cyclone II ; Untyped                          ;
; CBXI_PARAMETER         ; cmpr_vjk   ; Untyped                          ;
; AUTO_CARRY_CHAINS      ; ON         ; AUTO_CARRY                       ;
; IGNORE_CARRY_BUFFERS   ; OFF        ; IGNORE_CARRY                     ;
; AUTO_CASCADE_CHAINS    ; ON         ; AUTO_CASCADE                     ;
; IGNORE_CASCADE_BUFFERS ; OFF        ; IGNORE_CASCADE                   ;
+------------------------+------------+----------------------------------+
Note: In order to hide this table in the UI and the text report file, please set the "Show Parameter Settings Tables in Synthesis Report" option in "Analysis and Synthesis Settings -> More Settings" to "Off".


+--------------------------------------------------------+
; Parameter Settings for User Entity Instance: eq8:c_psh ;
+----------------+----------+----------------------------+
; Parameter Name ; Value    ; Type                       ;
+----------------+----------+----------------------------+
; k              ; 00000111 ; Unsigned Binary            ;
+----------------+----------+----------------------------+
Note: In order to hide this table in the UI and the text report file, please set the "Show Parameter Settings Tables in Synthesis Report" option in "Analysis and Synthesis Settings -> More Settings" to "Off".


+------------------------------------------------------------------------+
; Parameter Settings for User Entity Instance: eq8:c_psh|LPM_COMPARE:cmp ;
+------------------------+------------+----------------------------------+
; Parameter Name         ; Value      ; Type                             ;
+------------------------+------------+----------------------------------+
; lpm_width              ; 8          ; Signed Integer                   ;
; LPM_REPRESENTATION     ; UNSIGNED   ; Untyped                          ;
; LPM_PIPELINE           ; 0          ; Signed Integer                   ;
; CHAIN_SIZE             ; 8          ; Untyped                          ;
; ONE_INPUT_IS_CONSTANT  ; YES        ; Untyped                          ;
; CARRY_CHAIN            ; MANUAL     ; Untyped                          ;
; CASCADE_CHAIN          ; MANUAL     ; Untyped                          ;
; CARRY_CHAIN_LENGTH     ; 48         ; CARRY_CHAIN_LENGTH               ;
; CASCADE_CHAIN_LENGTH   ; 2          ; CASCADE_CHAIN_LENGTH             ;
; DEVICE_FAMILY          ; Cyclone II ; Untyped                          ;
; CBXI_PARAMETER         ; cmpr_vjk   ; Untyped                          ;
; AUTO_CARRY_CHAINS      ; ON         ; AUTO_CARRY                       ;
; IGNORE_CARRY_BUFFERS   ; OFF        ; IGNORE_CARRY                     ;
; AUTO_CASCADE_CHAINS    ; ON         ; AUTO_CASCADE                     ;
; IGNORE_CASCADE_BUFFERS ; OFF        ; IGNORE_CASCADE                   ;
+------------------------+------------+----------------------------------+
Note: In order to hide this table in the UI and the text report file, please set the "Show Parameter Settings Tables in Synthesis Report" option in "Analysis and Synthesis Settings -> More Settings" to "Off".


+--------------------------------------------------------+
; Parameter Settings for User Entity Instance: eq8:c_pop ;
+----------------+----------+----------------------------+
; Parameter Name ; Value    ; Type                       ;
+----------------+----------+----------------------------+
; k              ; 00001000 ; Unsigned Binary            ;
+----------------+----------+----------------------------+
Note: In order to hide this table in the UI and the text report file, please set the "Show Parameter Settings Tables in Synthesis Report" option in "Analysis and Synthesis Settings -> More Settings" to "Off".


+------------------------------------------------------------------------+
; Parameter Settings for User Entity Instance: eq8:c_pop|LPM_COMPARE:cmp ;
+------------------------+------------+----------------------------------+
; Parameter Name         ; Value      ; Type                             ;
+------------------------+------------+----------------------------------+
; lpm_width              ; 8          ; Signed Integer                   ;
; LPM_REPRESENTATION     ; UNSIGNED   ; Untyped                          ;
; LPM_PIPELINE           ; 0          ; Signed Integer                   ;
; CHAIN_SIZE             ; 8          ; Untyped                          ;
; ONE_INPUT_IS_CONSTANT  ; YES        ; Untyped                          ;
; CARRY_CHAIN            ; MANUAL     ; Untyped                          ;
; CASCADE_CHAIN          ; MANUAL     ; Untyped                          ;
; CARRY_CHAIN_LENGTH     ; 48         ; CARRY_CHAIN_LENGTH               ;
; CASCADE_CHAIN_LENGTH   ; 2          ; CASCADE_CHAIN_LENGTH             ;
; DEVICE_FAMILY          ; Cyclone II ; Untyped                          ;
; CBXI_PARAMETER         ; cmpr_vjk   ; Untyped                          ;
; AUTO_CARRY_CHAINS      ; ON         ; AUTO_CARRY                       ;
; IGNORE_CARRY_BUFFERS   ; OFF        ; IGNORE_CARRY                     ;
; AUTO_CASCADE_CHAINS    ; ON         ; AUTO_CASCADE                     ;
; IGNORE_CASCADE_BUFFERS ; OFF        ; IGNORE_CASCADE                   ;
+------------------------+------------+----------------------------------+
Note: In order to hide this table in the UI and the text report file, please set the "Show Parameter Settings Tables in Synthesis Report" option in "Analysis and Synthesis Settings -> More Settings" to "Off".


+--------------------------------------------------------+
; Parameter Settings for User Entity Instance: eq8:c_jmp ;
+----------------+----------+----------------------------+
; Parameter Name ; Value    ; Type                       ;
+----------------+----------+----------------------------+
; k              ; 00001001 ; Unsigned Binary            ;
+----------------+----------+----------------------------+
Note: In order to hide this table in the UI and the text report file, please set the "Show Parameter Settings Tables in Synthesis Report" option in "Analysis and Synthesis Settings -> More Settings" to "Off".


+------------------------------------------------------------------------+
; Parameter Settings for User Entity Instance: eq8:c_jmp|LPM_COMPARE:cmp ;
+------------------------+------------+----------------------------------+
; Parameter Name         ; Value      ; Type                             ;
+------------------------+------------+----------------------------------+
; lpm_width              ; 8          ; Signed Integer                   ;
; LPM_REPRESENTATION     ; UNSIGNED   ; Untyped                          ;
; LPM_PIPELINE           ; 0          ; Signed Integer                   ;
; CHAIN_SIZE             ; 8          ; Untyped                          ;
; ONE_INPUT_IS_CONSTANT  ; YES        ; Untyped                          ;
; CARRY_CHAIN            ; MANUAL     ; Untyped                          ;
; CASCADE_CHAIN          ; MANUAL     ; Untyped                          ;
; CARRY_CHAIN_LENGTH     ; 48         ; CARRY_CHAIN_LENGTH               ;
; CASCADE_CHAIN_LENGTH   ; 2          ; CASCADE_CHAIN_LENGTH             ;
; DEVICE_FAMILY          ; Cyclone II ; Untyped                          ;
; CBXI_PARAMETER         ; cmpr_vjk   ; Untyped                          ;
; AUTO_CARRY_CHAINS      ; ON         ; AUTO_CARRY                       ;
; IGNORE_CARRY_BUFFERS   ; OFF        ; IGNORE_CARRY                     ;
; AUTO_CASCADE_CHAINS    ; ON         ; AUTO_CASCADE                     ;
; IGNORE_CASCADE_BUFFERS ; OFF        ; IGNORE_CASCADE                   ;
+------------------------+------------+----------------------------------+
Note: In order to hide this table in the UI and the text report file, please set the "Show Parameter Settings Tables in Synthesis Report" option in "Analysis and Synthesis Settings -> More Settings" to "Off".


+-------------------------------------------------------+
; Parameter Settings for User Entity Instance: eq8:c_jz ;
+----------------+----------+---------------------------+
; Parameter Name ; Value    ; Type                      ;
+----------------+----------+---------------------------+
; k              ; 00001010 ; Unsigned Binary           ;
+----------------+----------+---------------------------+
Note: In order to hide this table in the UI and the text report file, please set the "Show Parameter Settings Tables in Synthesis Report" option in "Analysis and Synthesis Settings -> More Settings" to "Off".


+-----------------------------------------------------------------------+
; Parameter Settings for User Entity Instance: eq8:c_jz|LPM_COMPARE:cmp ;
+------------------------+------------+---------------------------------+
; Parameter Name         ; Value      ; Type                            ;
+------------------------+------------+---------------------------------+
; lpm_width              ; 8          ; Signed Integer                  ;
; LPM_REPRESENTATION     ; UNSIGNED   ; Untyped                         ;
; LPM_PIPELINE           ; 0          ; Signed Integer                  ;
; CHAIN_SIZE             ; 8          ; Untyped                         ;
; ONE_INPUT_IS_CONSTANT  ; YES        ; Untyped                         ;
; CARRY_CHAIN            ; MANUAL     ; Untyped                         ;
; CASCADE_CHAIN          ; MANUAL     ; Untyped                         ;
; CARRY_CHAIN_LENGTH     ; 48         ; CARRY_CHAIN_LENGTH              ;
; CASCADE_CHAIN_LENGTH   ; 2          ; CASCADE_CHAIN_LENGTH            ;
; DEVICE_FAMILY          ; Cyclone II ; Untyped                         ;
; CBXI_PARAMETER         ; cmpr_vjk   ; Untyped                         ;
; AUTO_CARRY_CHAINS      ; ON         ; AUTO_CARRY                      ;
; IGNORE_CARRY_BUFFERS   ; OFF        ; IGNORE_CARRY                    ;
; AUTO_CASCADE_CHAINS    ; ON         ; AUTO_CASCADE                    ;
; IGNORE_CASCADE_BUFFERS ; OFF        ; IGNORE_CASCADE                  ;
+------------------------+------------+---------------------------------+
Note: In order to hide this table in the UI and the text report file, please set the "Show Parameter Settings Tables in Synthesis Report" option in "Analysis and Synthesis Settings -> More Settings" to "Off".


+-------------------------------+
; Analysis & Synthesis Messages ;
+-------------------------------+
Info: *******************************************************************
Info: Running Quartus II Analysis & Synthesis
    Info: Version 9.1 Build 222 10/21/2009 SJ Web Edition
    Info: Copyright (C) 1991-2009 Altera Corporation. All rights reserved.
    Info: Your use of Altera Corporation's design tools, logic functions 
    Info: and other software and tools, and its AMPP partner logic 
    Info: functions, and any output files from any of the foregoing 
    Info: (including device programming or simulation files), and any 
    Info: associated documentation or information are expressly subject 
    Info: to the terms and conditions of the Altera Program License 
    Info: Subscription Agreement, Altera MegaCore Function License 
    Info: Agreement, or other applicable license agreement, including, 
    Info: without limitation, that your use is for the sole purpose of 
    Info: programming logic devices manufactured by Altera and sold by 
    Info: Altera or its authorized distributors.  Please refer to the 
    Info: applicable agreement for further details.
    Info: Processing started: Fri May 22 20:48:24 2026
Info: Command: quartus_map --read_settings_files=on --write_settings_files=off appendix_b_decoder -c appendix_b_decoder
Info: Found 2 design units, including 0 entities, in source file /git/sifovm/coursework_project/src/microcomputer_pkg.vhd
    Info: Found design unit 1: microcomputer_pkg
    Info: Found design unit 2: microcomputer_pkg-body
Info: Found 12 design units, including 6 entities, in source file /git/sifovm/coursework_project/rtl_schemes/appendix_b_decoder/src/appendix_b_decoder_top.vhd
    Info: Found design unit 1: eq8-structural
    Info: Found design unit 2: g_or2-rtl
    Info: Found design unit 3: g_or6-rtl
    Info: Found design unit 4: g_and2-rtl
    Info: Found design unit 5: g_not1-rtl
    Info: Found design unit 6: appendix_b_decoder_top-structural
    Info: Found entity 1: eq8
    Info: Found entity 2: g_or2
    Info: Found entity 3: g_or6
    Info: Found entity 4: g_and2
    Info: Found entity 5: g_not1
    Info: Found entity 6: appendix_b_decoder_top
Info: Elaborating entity "appendix_b_decoder_top" for the top level hierarchy
Info: Elaborating entity "eq8" for hierarchy "eq8:c_hlt"
Info: Elaborating entity "LPM_COMPARE" for hierarchy "eq8:c_hlt|LPM_COMPARE:cmp"
Info: Elaborated megafunction instantiation "eq8:c_hlt|LPM_COMPARE:cmp"
Info: Instantiated megafunction "eq8:c_hlt|LPM_COMPARE:cmp" with the following parameter:
    Info: Parameter "LPM_WIDTH" = "8"
    Info: Parameter "LPM_REPRESENTATION" = "UNSIGNED"
    Info: Parameter "LPM_PIPELINE" = "0"
    Info: Parameter "LPM_TYPE" = "LPM_COMPARE"
    Info: Parameter "LPM_HINT" = "ONE_INPUT_IS_CONSTANT=YES"
Info: Found 1 design units, including 1 entities, in source file db/cmpr_33k.tdf
    Info: Found entity 1: cmpr_33k
Info: Elaborating entity "cmpr_33k" for hierarchy "eq8:c_hlt|LPM_COMPARE:cmp|cmpr_33k:auto_generated"
Info: Elaborating entity "eq8" for hierarchy "eq8:c_mr"
Info: Elaborating entity "LPM_COMPARE" for hierarchy "eq8:c_mr|LPM_COMPARE:cmp"
Info: Elaborated megafunction instantiation "eq8:c_mr|LPM_COMPARE:cmp"
Info: Instantiated megafunction "eq8:c_mr|LPM_COMPARE:cmp" with the following parameter:
    Info: Parameter "LPM_WIDTH" = "8"
    Info: Parameter "LPM_REPRESENTATION" = "UNSIGNED"
    Info: Parameter "LPM_PIPELINE" = "0"
    Info: Parameter "LPM_TYPE" = "LPM_COMPARE"
    Info: Parameter "LPM_HINT" = "ONE_INPUT_IS_CONSTANT=YES"
Info: Found 1 design units, including 1 entities, in source file db/cmpr_vjk.tdf
    Info: Found entity 1: cmpr_vjk
Info: Elaborating entity "cmpr_vjk" for hierarchy "eq8:c_mr|LPM_COMPARE:cmp|cmpr_vjk:auto_generated"
Info: Elaborating entity "eq8" for hierarchy "eq8:c_rm"
Info: Elaborating entity "LPM_COMPARE" for hierarchy "eq8:c_rm|LPM_COMPARE:cmp"
Info: Elaborated megafunction instantiation "eq8:c_rm|LPM_COMPARE:cmp"
Info: Instantiated megafunction "eq8:c_rm|LPM_COMPARE:cmp" with the following parameter:
    Info: Parameter "LPM_WIDTH" = "8"
    Info: Parameter "LPM_REPRESENTATION" = "UNSIGNED"
    Info: Parameter "LPM_PIPELINE" = "0"
    Info: Parameter "LPM_TYPE" = "LPM_COMPARE"
    Info: Parameter "LPM_HINT" = "ONE_INPUT_IS_CONSTANT=YES"
Info: Elaborating entity "eq8" for hierarchy "eq8:c_or"
Info: Elaborating entity "LPM_COMPARE" for hierarchy "eq8:c_or|LPM_COMPARE:cmp"
Info: Elaborated megafunction instantiation "eq8:c_or|LPM_COMPARE:cmp"
Info: Instantiated megafunction "eq8:c_or|LPM_COMPARE:cmp" with the following parameter:
    Info: Parameter "LPM_WIDTH" = "8"
    Info: Parameter "LPM_REPRESENTATION" = "UNSIGNED"
    Info: Parameter "LPM_PIPELINE" = "0"
    Info: Parameter "LPM_TYPE" = "LPM_COMPARE"
    Info: Parameter "LPM_HINT" = "ONE_INPUT_IS_CONSTANT=YES"
Info: Elaborating entity "eq8" for hierarchy "eq8:c_nor"
Info: Elaborating entity "LPM_COMPARE" for hierarchy "eq8:c_nor|LPM_COMPARE:cmp"
Info: Elaborated megafunction instantiation "eq8:c_nor|LPM_COMPARE:cmp"
Info: Instantiated megafunction "eq8:c_nor|LPM_COMPARE:cmp" with the following parameter:
    Info: Parameter "LPM_WIDTH" = "8"
    Info: Parameter "LPM_REPRESENTATION" = "UNSIGNED"
    Info: Parameter "LPM_PIPELINE" = "0"
    Info: Parameter "LPM_TYPE" = "LPM_COMPARE"
    Info: Parameter "LPM_HINT" = "ONE_INPUT_IS_CONSTANT=YES"
Info: Elaborating entity "eq8" for hierarchy "eq8:c_sra"
Info: Elaborating entity "LPM_COMPARE" for hierarchy "eq8:c_sra|LPM_COMPARE:cmp"
Info: Elaborated megafunction instantiation "eq8:c_sra|LPM_COMPARE:cmp"
Info: Instantiated megafunction "eq8:c_sra|LPM_COMPARE:cmp" with the following parameter:
    Info: Parameter "LPM_WIDTH" = "8"
    Info: Parameter "LPM_REPRESENTATION" = "UNSIGNED"
    Info: Parameter "LPM_PIPELINE" = "0"
    Info: Parameter "LPM_TYPE" = "LPM_COMPARE"
    Info: Parameter "LPM_HINT" = "ONE_INPUT_IS_CONSTANT=YES"
Info: Elaborating entity "eq8" for hierarchy "eq8:c_inc"
Info: Elaborating entity "LPM_COMPARE" for hierarchy "eq8:c_inc|LPM_COMPARE:cmp"
Info: Elaborated megafunction instantiation "eq8:c_inc|LPM_COMPARE:cmp"
Info: Instantiated megafunction "eq8:c_inc|LPM_COMPARE:cmp" with the following parameter:
    Info: Parameter "LPM_WIDTH" = "8"
    Info: Parameter "LPM_REPRESENTATION" = "UNSIGNED"
    Info: Parameter "LPM_PIPELINE" = "0"
    Info: Parameter "LPM_TYPE" = "LPM_COMPARE"
    Info: Parameter "LPM_HINT" = "ONE_INPUT_IS_CONSTANT=YES"
Info: Elaborating entity "eq8" for hierarchy "eq8:c_psh"
Info: Elaborating entity "LPM_COMPARE" for hierarchy "eq8:c_psh|LPM_COMPARE:cmp"
Info: Elaborated megafunction instantiation "eq8:c_psh|LPM_COMPARE:cmp"
Info: Instantiated megafunction "eq8:c_psh|LPM_COMPARE:cmp" with the following parameter:
    Info: Parameter "LPM_WIDTH" = "8"
    Info: Parameter "LPM_REPRESENTATION" = "UNSIGNED"
    Info: Parameter "LPM_PIPELINE" = "0"
    Info: Parameter "LPM_TYPE" = "LPM_COMPARE"
    Info: Parameter "LPM_HINT" = "ONE_INPUT_IS_CONSTANT=YES"
Info: Elaborating entity "eq8" for hierarchy "eq8:c_pop"
Info: Elaborating entity "LPM_COMPARE" for hierarchy "eq8:c_pop|LPM_COMPARE:cmp"
Info: Elaborated megafunction instantiation "eq8:c_pop|LPM_COMPARE:cmp"
Info: Instantiated megafunction "eq8:c_pop|LPM_COMPARE:cmp" with the following parameter:
    Info: Parameter "LPM_WIDTH" = "8"
    Info: Parameter "LPM_REPRESENTATION" = "UNSIGNED"
    Info: Parameter "LPM_PIPELINE" = "0"
    Info: Parameter "LPM_TYPE" = "LPM_COMPARE"
    Info: Parameter "LPM_HINT" = "ONE_INPUT_IS_CONSTANT=YES"
Info: Elaborating entity "eq8" for hierarchy "eq8:c_jmp"
Info: Elaborating entity "LPM_COMPARE" for hierarchy "eq8:c_jmp|LPM_COMPARE:cmp"
Info: Elaborated megafunction instantiation "eq8:c_jmp|LPM_COMPARE:cmp"
Info: Instantiated megafunction "eq8:c_jmp|LPM_COMPARE:cmp" with the following parameter:
    Info: Parameter "LPM_WIDTH" = "8"
    Info: Parameter "LPM_REPRESENTATION" = "UNSIGNED"
    Info: Parameter "LPM_PIPELINE" = "0"
    Info: Parameter "LPM_TYPE" = "LPM_COMPARE"
    Info: Parameter "LPM_HINT" = "ONE_INPUT_IS_CONSTANT=YES"
Info: Elaborating entity "eq8" for hierarchy "eq8:c_jz"
Info: Elaborating entity "LPM_COMPARE" for hierarchy "eq8:c_jz|LPM_COMPARE:cmp"
Info: Elaborated megafunction instantiation "eq8:c_jz|LPM_COMPARE:cmp"
Info: Instantiated megafunction "eq8:c_jz|LPM_COMPARE:cmp" with the following parameter:
    Info: Parameter "LPM_WIDTH" = "8"
    Info: Parameter "LPM_REPRESENTATION" = "UNSIGNED"
    Info: Parameter "LPM_PIPELINE" = "0"
    Info: Parameter "LPM_TYPE" = "LPM_COMPARE"
    Info: Parameter "LPM_HINT" = "ONE_INPUT_IS_CONSTANT=YES"
Info: Elaborating entity "g_or2" for hierarchy "g_or2:br_or"
Info: Elaborating entity "g_and2" for hierarchy "g_and2:jz_and"
Info: Elaborating entity "g_not1" for hierarchy "g_not1:n_br"
Info: Elaborating entity "g_or6" for hierarchy "g_or6:rw_or"
Info: Implemented 55 device resources after synthesis - the final resource count might be different
    Info: Implemented 10 input pins
    Info: Implemented 18 output pins
    Info: Implemented 27 logic cells
Info: Quartus II Analysis & Synthesis was successful. 0 errors, 0 warnings
    Info: Peak virtual memory: 250 megabytes
    Info: Processing ended: Fri May 22 20:48:25 2026
    Info: Elapsed time: 00:00:01
    Info: Total CPU time (on all processors): 00:00:01


