Analysis & Synthesis report for appendix_g_ip_ir
Fri May 22 21:53:37 2026
Quartus II Version 9.1 Build 222 10/21/2009 SJ Web Edition


---------------------
; Table of Contents ;
---------------------
  1. Legal Notice
  2. Analysis & Synthesis Summary
  3. Analysis & Synthesis Settings
  4. Parallel Compilation
  5. Analysis & Synthesis Source Files Read
  6. Analysis & Synthesis Resource Usage Summary
  7. Analysis & Synthesis Resource Utilization by Entity
  8. General Register Statistics
  9. Source assignments for Top-level Entity: |appendix_g_ip_ir_top
 10. Source assignments for ip_inc16:u_ip_inc
 11. Parameter Settings for User Entity Instance: ip_inc16:u_ip_inc|LPM_ADD_SUB:ip_plus_one
 12. Parameter Settings for User Entity Instance: ip_reg16:u_ip|LPM_FF:ip_register
 13. Parameter Settings for User Entity Instance: r16:u_ir|LPM_FF:dff16
 14. Parameter Settings for User Entity Instance: r16:u_ah|LPM_FF:dff16
 15. Parameter Settings for User Entity Instance: r16:u_al|LPM_FF:dff16
 16. Analysis & Synthesis Messages



----------------
; Legal Notice ;
----------------
Copyright (C) 1991-2009 Altera Corporation
Your use of Altera Corporation's design tools, logic functions 
and other software and tools, and its AMPP partner logic 
functions, and any output files from any of the foregoing 
(including device programming or simulation files), and any 
associated documentation or information are expressly subject 
to the terms and conditions of the Altera Program License 
Subscription Agreement, Altera MegaCore Function License 
Agreement, or other applicable license agreement, including, 
without limitation, that your use is for the sole purpose of 
programming logic devices manufactured by Altera and sold by 
Altera or its authorized distributors.  Please refer to the 
applicable agreement for further details.



+------------------------------------------------------------------------------+
; Analysis & Synthesis Summary                                                 ;
+------------------------------------+-----------------------------------------+
; Analysis & Synthesis Status        ; Successful - Fri May 22 21:53:37 2026   ;
; Quartus II Version                 ; 9.1 Build 222 10/21/2009 SJ Web Edition ;
; Revision Name                      ; appendix_g_ip_ir                        ;
; Top-level Entity Name              ; appendix_g_ip_ir_top                    ;
; Family                             ; Cyclone II                              ;
; Total logic elements               ; 193                                     ;
;     Total combinational functions  ; 145                                     ;
;     Dedicated logic registers      ; 64                                      ;
; Total registers                    ; 64                                      ;
; Total pins                         ; 199                                     ;
; Total virtual pins                 ; 0                                       ;
; Total memory bits                  ; 0                                       ;
; Embedded Multiplier 9-bit elements ; 0                                       ;
; Total PLLs                         ; 0                                       ;
+------------------------------------+-----------------------------------------+


+------------------------------------------------------------------------------------------------------------------------+
; Analysis & Synthesis Settings                                                                                          ;
+----------------------------------------------------------------------------+----------------------+--------------------+
; Option                                                                     ; Setting              ; Default Value      ;
+----------------------------------------------------------------------------+----------------------+--------------------+
; Top-level entity name                                                      ; appendix_g_ip_ir_top ; appendix_g_ip_ir   ;
; Family name                                                                ; Cyclone II           ; Stratix II         ;
; Use smart compilation                                                      ; Off                  ; Off                ;
; Enable parallel Assembler and TimeQuest Timing Analyzer during compilation ; On                   ; On                 ;
; Enable compact report table                                                ; Off                  ; Off                ;
; Restructure Multiplexers                                                   ; Auto                 ; Auto               ;
; Create Debugging Nodes for IP Cores                                        ; Off                  ; Off                ;
; Preserve fewer node names                                                  ; On                   ; On                 ;
; Disable OpenCore Plus hardware evaluation                                  ; Off                  ; Off                ;
; Verilog Version                                                            ; Verilog_2001         ; Verilog_2001       ;
; VHDL Version                                                               ; VHDL_1993            ; VHDL_1993          ;
; State Machine Processing                                                   ; Auto                 ; Auto               ;
; Safe State Machine                                                         ; Off                  ; Off                ;
; Extract Verilog State Machines                                             ; On                   ; On                 ;
; Extract VHDL State Machines                                                ; On                   ; On                 ;
; Ignore Verilog initial constructs                                          ; Off                  ; Off                ;
; Iteration limit for constant Verilog loops                                 ; 5000                 ; 5000               ;
; Iteration limit for non-constant Verilog loops                             ; 250                  ; 250                ;
; Add Pass-Through Logic to Inferred RAMs                                    ; On                   ; On                 ;
; Parallel Synthesis                                                         ; On                   ; On                 ;
; DSP Block Balancing                                                        ; Auto                 ; Auto               ;
; NOT Gate Push-Back                                                         ; On                   ; On                 ;
; Power-Up Don't Care                                                        ; On                   ; On                 ;
; Remove Redundant Logic Cells                                               ; Off                  ; Off                ;
; Remove Duplicate Registers                                                 ; On                   ; On                 ;
; Ignore CARRY Buffers                                                       ; Off                  ; Off                ;
; Ignore CASCADE Buffers                                                     ; Off                  ; Off                ;
; Ignore GLOBAL Buffers                                                      ; Off                  ; Off                ;
; Ignore ROW GLOBAL Buffers                                                  ; Off                  ; Off                ;
; Ignore LCELL Buffers                                                       ; Off                  ; Off                ;
; Ignore SOFT Buffers                                                        ; On                   ; On                 ;
; Limit AHDL Integers to 32 Bits                                             ; Off                  ; Off                ;
; Optimization Technique                                                     ; Balanced             ; Balanced           ;
; Carry Chain Length                                                         ; 70                   ; 70                 ;
; Auto Carry Chains                                                          ; On                   ; On                 ;
; Auto Open-Drain Pins                                                       ; On                   ; On                 ;
; Perform WYSIWYG Primitive Resynthesis                                      ; Off                  ; Off                ;
; Auto ROM Replacement                                                       ; On                   ; On                 ;
; Auto RAM Replacement                                                       ; On                   ; On                 ;
; Auto Shift Register Replacement                                            ; Auto                 ; Auto               ;
; Auto Clock Enable Replacement                                              ; On                   ; On                 ;
; Strict RAM Replacement                                                     ; Off                  ; Off                ;
; Allow Synchronous Control Signals                                          ; On                   ; On                 ;
; Force Use of Synchronous Clear Signals                                     ; Off                  ; Off                ;
; Auto RAM to Logic Cell Conversion                                          ; Off                  ; Off                ;
; Auto Resource Sharing                                                      ; Off                  ; Off                ;
; Allow Any RAM Size For Recognition                                         ; Off                  ; Off                ;
; Allow Any ROM Size For Recognition                                         ; Off                  ; Off                ;
; Allow Any Shift Register Size For Recognition                              ; Off                  ; Off                ;
; Use LogicLock Constraints during Resource Balancing                        ; On                   ; On                 ;
; Ignore translate_off and synthesis_off directives                          ; Off                  ; Off                ;
; Timing-Driven Synthesis                                                    ; Off                  ; Off                ;
; Show Parameter Settings Tables in Synthesis Report                         ; On                   ; On                 ;
; Ignore Maximum Fan-Out Assignments                                         ; Off                  ; Off                ;
; Synchronization Register Chain Length                                      ; 2                    ; 2                  ;
; PowerPlay Power Optimization                                               ; Normal compilation   ; Normal compilation ;
; HDL message level                                                          ; Level2               ; Level2             ;
; Suppress Register Optimization Related Messages                            ; Off                  ; Off                ;
; Number of Removed Registers Reported in Synthesis Report                   ; 100                  ; 100                ;
; Number of Inverted Registers Reported in Synthesis Report                  ; 100                  ; 100                ;
; Clock MUX Protection                                                       ; On                   ; On                 ;
; Auto Gated Clock Conversion                                                ; Off                  ; Off                ;
; Block Design Naming                                                        ; Auto                 ; Auto               ;
; SDC constraint protection                                                  ; Off                  ; Off                ;
; Synthesis Effort                                                           ; Auto                 ; Auto               ;
; Shift Register Replacement - Allow Asynchronous Clear Signal               ; On                   ; On                 ;
; Analysis & Synthesis Message Level                                         ; Medium               ; Medium             ;
; Disable Register Merging Across Hierarchies                                ; Auto                 ; Auto               ;
; Resource Aware Inference For Block RAM                                     ; On                   ; On                 ;
+----------------------------------------------------------------------------+----------------------+--------------------+


Parallel compilation was disabled, but you have multiple processors available. Enable parallel compilation to reduce compilation time.
+-------------------------------------+
; Parallel Compilation                ;
+----------------------------+--------+
; Processors                 ; Number ;
+----------------------------+--------+
; Number detected on machine ; 12     ;
; Maximum allowed            ; 1      ;
+----------------------------+--------+


+--------------------------------------------------------------------------------------------------------------------------------------------------------------------------------+
; Analysis & Synthesis Source Files Read                                                                                                                                         ;
+----------------------------------+-----------------+------------------------------+--------------------------------------------------------------------------------------------+
; File Name with User-Entered Path ; Used in Netlist ; File Type                    ; File Name with Absolute Path                                                               ;
+----------------------------------+-----------------+------------------------------+--------------------------------------------------------------------------------------------+
; ../src/appendix_g_ip_ir_top.vhd  ; yes             ; User VHDL File               ; D:/git/sifovm/coursework_project/rtl_schemes/appendix_g_ip_ir/src/appendix_g_ip_ir_top.vhd ;
; lpm_add_sub.tdf                  ; yes             ; Megafunction                 ; d:/quartus/libraries/megafunctions/lpm_add_sub.tdf                                         ;
; db/add_sub_jfg.tdf               ; yes             ; Auto-Generated Megafunction  ; D:/git/sifovm/coursework_project/rtl_schemes/appendix_g_ip_ir/quartus/db/add_sub_jfg.tdf   ;
; lpm_ff.tdf                       ; yes             ; Megafunction                 ; d:/quartus/libraries/megafunctions/lpm_ff.tdf                                              ;
+----------------------------------+-----------------+------------------------------+--------------------------------------------------------------------------------------------+


+-----------------------------------------------------+
; Analysis & Synthesis Resource Usage Summary         ;
+---------------------------------------------+-------+
; Resource                                    ; Usage ;
+---------------------------------------------+-------+
; Estimated Total logic elements              ; 193   ;
;                                             ;       ;
; Total combinational functions               ; 145   ;
; Logic element usage by number of LUT inputs ;       ;
;     -- 4 input functions                    ; 0     ;
;     -- 3 input functions                    ; 31    ;
;     -- <=2 input functions                  ; 114   ;
;                                             ;       ;
; Logic elements by mode                      ;       ;
;     -- normal mode                          ; 130   ;
;     -- arithmetic mode                      ; 15    ;
;                                             ;       ;
; Total registers                             ; 64    ;
;     -- Dedicated logic registers            ; 64    ;
;     -- I/O registers                        ; 0     ;
;                                             ;       ;
; I/O pins                                    ; 199   ;
; Maximum fan-out node                        ; clk   ;
; Maximum fan-out                             ; 64    ;
; Total fan-out                               ; 609   ;
; Average fan-out                             ; 1.49  ;
+---------------------------------------------+-------+


+---------------------------------------------------------------------------------------------------------------------------------------------------------------------------------------------------------------------------------------------------------------+
; Analysis & Synthesis Resource Utilization by Entity                                                                                                                                                                                                           ;
+---------------------------------------+-------------------+--------------+-------------+--------------+---------+-----------+------+--------------+--------------------------------------------------------------------------------------------+--------------+
; Compilation Hierarchy Node            ; LC Combinationals ; LC Registers ; Memory Bits ; DSP Elements ; DSP 9x9 ; DSP 18x18 ; Pins ; Virtual Pins ; Full Hierarchy Name                                                                        ; Library Name ;
+---------------------------------------+-------------------+--------------+-------------+--------------+---------+-----------+------+--------------+--------------------------------------------------------------------------------------------+--------------+
; |appendix_g_ip_ir_top                 ; 145 (113)         ; 64 (0)       ; 0           ; 0            ; 0       ; 0         ; 199  ; 0            ; |appendix_g_ip_ir_top                                                                      ; work         ;
;    |ip_inc16:u_ip_inc|                ; 32 (16)           ; 0 (0)        ; 0           ; 0            ; 0       ; 0         ; 0    ; 0            ; |appendix_g_ip_ir_top|ip_inc16:u_ip_inc                                                    ;              ;
;       |lpm_add_sub:ip_plus_one|       ; 16 (0)            ; 0 (0)        ; 0           ; 0            ; 0       ; 0         ; 0    ; 0            ; |appendix_g_ip_ir_top|ip_inc16:u_ip_inc|lpm_add_sub:ip_plus_one                            ; work         ;
;          |add_sub_jfg:auto_generated| ; 16 (16)           ; 0 (0)        ; 0           ; 0            ; 0       ; 0         ; 0    ; 0            ; |appendix_g_ip_ir_top|ip_inc16:u_ip_inc|lpm_add_sub:ip_plus_one|add_sub_jfg:auto_generated ;              ;
;    |ip_reg16:u_ip|                    ; 0 (0)             ; 16 (0)       ; 0           ; 0            ; 0       ; 0         ; 0    ; 0            ; |appendix_g_ip_ir_top|ip_reg16:u_ip                                                        ;              ;
;       |lpm_ff:ip_register|            ; 0 (0)             ; 16 (16)      ; 0           ; 0            ; 0       ; 0         ; 0    ; 0            ; |appendix_g_ip_ir_top|ip_reg16:u_ip|lpm_ff:ip_register                                     ; work         ;
;    |r16:u_ah|                         ; 0 (0)             ; 16 (0)       ; 0           ; 0            ; 0       ; 0         ; 0    ; 0            ; |appendix_g_ip_ir_top|r16:u_ah                                                             ;              ;
;       |lpm_ff:dff16|                  ; 0 (0)             ; 16 (16)      ; 0           ; 0            ; 0       ; 0         ; 0    ; 0            ; |appendix_g_ip_ir_top|r16:u_ah|lpm_ff:dff16                                                ; work         ;
;    |r16:u_al|                         ; 0 (0)             ; 16 (0)       ; 0           ; 0            ; 0       ; 0         ; 0    ; 0            ; |appendix_g_ip_ir_top|r16:u_al                                                             ;              ;
;       |lpm_ff:dff16|                  ; 0 (0)             ; 16 (16)      ; 0           ; 0            ; 0       ; 0         ; 0    ; 0            ; |appendix_g_ip_ir_top|r16:u_al|lpm_ff:dff16                                                ; work         ;
;    |r16:u_ir|                         ; 0 (0)             ; 16 (0)       ; 0           ; 0            ; 0       ; 0         ; 0    ; 0            ; |appendix_g_ip_ir_top|r16:u_ir                                                             ;              ;
;       |lpm_ff:dff16|                  ; 0 (0)             ; 16 (16)      ; 0           ; 0            ; 0       ; 0         ; 0    ; 0            ; |appendix_g_ip_ir_top|r16:u_ir|lpm_ff:dff16                                                ; work         ;
+---------------------------------------+-------------------+--------------+-------------+--------------+---------+-----------+------+--------------+--------------------------------------------------------------------------------------------+--------------+
Note: For table entries with two numbers listed, the numbers in parentheses indicate the number of resources of the given type used by the specific entity alone. The numbers listed outside of parentheses indicate the total resources of the given type used by the specific entity and all of its sub-entities in the hierarchy.


+------------------------------------------------------+
; General Register Statistics                          ;
+----------------------------------------------+-------+
; Statistic                                    ; Value ;
+----------------------------------------------+-------+
; Total registers                              ; 64    ;
; Number of registers using Synchronous Clear  ; 64    ;
; Number of registers using Synchronous Load   ; 0     ;
; Number of registers using Asynchronous Clear ; 0     ;
; Number of registers using Asynchronous Load  ; 0     ;
; Number of registers using Clock Enable       ; 64    ;
; Number of registers using Preset             ; 0     ;
+----------------------------------------------+-------+


+----------------------------------------------------------------+
; Source assignments for Top-level Entity: |appendix_g_ip_ir_top ;
+------------------------------+-------+------+------------------+
; Assignment                   ; Value ; From ; To               ;
+------------------------------+-------+------+------------------+
; IGNORE_LCELL_BUFFERS         ; off   ; -    ; ip_en_s          ;
; REMOVE_REDUNDANT_LOGIC_CELLS ; off   ; -    ; ip_en_s          ;
; IGNORE_LCELL_BUFFERS         ; off   ; -    ; ip1_s[15]        ;
; REMOVE_REDUNDANT_LOGIC_CELLS ; off   ; -    ; ip1_s[15]        ;
; IGNORE_LCELL_BUFFERS         ; off   ; -    ; ip1_s[14]        ;
; REMOVE_REDUNDANT_LOGIC_CELLS ; off   ; -    ; ip1_s[14]        ;
; IGNORE_LCELL_BUFFERS         ; off   ; -    ; ip1_s[13]        ;
; REMOVE_REDUNDANT_LOGIC_CELLS ; off   ; -    ; ip1_s[13]        ;
; IGNORE_LCELL_BUFFERS         ; off   ; -    ; ip1_s[12]        ;
; REMOVE_REDUNDANT_LOGIC_CELLS ; off   ; -    ; ip1_s[12]        ;
; IGNORE_LCELL_BUFFERS         ; off   ; -    ; ip1_s[11]        ;
; REMOVE_REDUNDANT_LOGIC_CELLS ; off   ; -    ; ip1_s[11]        ;
; IGNORE_LCELL_BUFFERS         ; off   ; -    ; ip1_s[10]        ;
; REMOVE_REDUNDANT_LOGIC_CELLS ; off   ; -    ; ip1_s[10]        ;
; IGNORE_LCELL_BUFFERS         ; off   ; -    ; ip1_s[9]         ;
; REMOVE_REDUNDANT_LOGIC_CELLS ; off   ; -    ; ip1_s[9]         ;
; IGNORE_LCELL_BUFFERS         ; off   ; -    ; ip1_s[8]         ;
; REMOVE_REDUNDANT_LOGIC_CELLS ; off   ; -    ; ip1_s[8]         ;
; IGNORE_LCELL_BUFFERS         ; off   ; -    ; ip1_s[7]         ;
; REMOVE_REDUNDANT_LOGIC_CELLS ; off   ; -    ; ip1_s[7]         ;
; IGNORE_LCELL_BUFFERS         ; off   ; -    ; ip1_s[6]         ;
; REMOVE_REDUNDANT_LOGIC_CELLS ; off   ; -    ; ip1_s[6]         ;
; IGNORE_LCELL_BUFFERS         ; off   ; -    ; ip1_s[5]         ;
; REMOVE_REDUNDANT_LOGIC_CELLS ; off   ; -    ; ip1_s[5]         ;
; IGNORE_LCELL_BUFFERS         ; off   ; -    ; ip1_s[4]         ;
; REMOVE_REDUNDANT_LOGIC_CELLS ; off   ; -    ; ip1_s[4]         ;
; IGNORE_LCELL_BUFFERS         ; off   ; -    ; ip1_s[3]         ;
; REMOVE_REDUNDANT_LOGIC_CELLS ; off   ; -    ; ip1_s[3]         ;
; IGNORE_LCELL_BUFFERS         ; off   ; -    ; ip1_s[2]         ;
; REMOVE_REDUNDANT_LOGIC_CELLS ; off   ; -    ; ip1_s[2]         ;
; IGNORE_LCELL_BUFFERS         ; off   ; -    ; ip1_s[1]         ;
; REMOVE_REDUNDANT_LOGIC_CELLS ; off   ; -    ; ip1_s[1]         ;
; IGNORE_LCELL_BUFFERS         ; off   ; -    ; ip1_s[0]         ;
; REMOVE_REDUNDANT_LOGIC_CELLS ; off   ; -    ; ip1_s[0]         ;
; IGNORE_LCELL_BUFFERS         ; off   ; -    ; ipd_s[15]        ;
; REMOVE_REDUNDANT_LOGIC_CELLS ; off   ; -    ; ipd_s[15]        ;
; IGNORE_LCELL_BUFFERS         ; off   ; -    ; ipd_s[14]        ;
; REMOVE_REDUNDANT_LOGIC_CELLS ; off   ; -    ; ipd_s[14]        ;
; IGNORE_LCELL_BUFFERS         ; off   ; -    ; ipd_s[13]        ;
; REMOVE_REDUNDANT_LOGIC_CELLS ; off   ; -    ; ipd_s[13]        ;
; IGNORE_LCELL_BUFFERS         ; off   ; -    ; ipd_s[12]        ;
; REMOVE_REDUNDANT_LOGIC_CELLS ; off   ; -    ; ipd_s[12]        ;
; IGNORE_LCELL_BUFFERS         ; off   ; -    ; ipd_s[11]        ;
; REMOVE_REDUNDANT_LOGIC_CELLS ; off   ; -    ; ipd_s[11]        ;
; IGNORE_LCELL_BUFFERS         ; off   ; -    ; ipd_s[10]        ;
; REMOVE_REDUNDANT_LOGIC_CELLS ; off   ; -    ; ipd_s[10]        ;
; IGNORE_LCELL_BUFFERS         ; off   ; -    ; ipd_s[9]         ;
; REMOVE_REDUNDANT_LOGIC_CELLS ; off   ; -    ; ipd_s[9]         ;
; IGNORE_LCELL_BUFFERS         ; off   ; -    ; ipd_s[8]         ;
; REMOVE_REDUNDANT_LOGIC_CELLS ; off   ; -    ; ipd_s[8]         ;
; IGNORE_LCELL_BUFFERS         ; off   ; -    ; ipd_s[7]         ;
; REMOVE_REDUNDANT_LOGIC_CELLS ; off   ; -    ; ipd_s[7]         ;
; IGNORE_LCELL_BUFFERS         ; off   ; -    ; ipd_s[6]         ;
; REMOVE_REDUNDANT_LOGIC_CELLS ; off   ; -    ; ipd_s[6]         ;
; IGNORE_LCELL_BUFFERS         ; off   ; -    ; ipd_s[5]         ;
; REMOVE_REDUNDANT_LOGIC_CELLS ; off   ; -    ; ipd_s[5]         ;
; IGNORE_LCELL_BUFFERS         ; off   ; -    ; ipd_s[4]         ;
; REMOVE_REDUNDANT_LOGIC_CELLS ; off   ; -    ; ipd_s[4]         ;
; IGNORE_LCELL_BUFFERS         ; off   ; -    ; ipd_s[3]         ;
; REMOVE_REDUNDANT_LOGIC_CELLS ; off   ; -    ; ipd_s[3]         ;
; IGNORE_LCELL_BUFFERS         ; off   ; -    ; ipd_s[2]         ;
; REMOVE_REDUNDANT_LOGIC_CELLS ; off   ; -    ; ipd_s[2]         ;
; IGNORE_LCELL_BUFFERS         ; off   ; -    ; ipd_s[1]         ;
; REMOVE_REDUNDANT_LOGIC_CELLS ; off   ; -    ; ipd_s[1]         ;
; IGNORE_LCELL_BUFFERS         ; off   ; -    ; ipd_s[0]         ;
; REMOVE_REDUNDANT_LOGIC_CELLS ; off   ; -    ; ipd_s[0]         ;
; IGNORE_LCELL_BUFFERS         ; off   ; -    ; ip_s[15]         ;
; REMOVE_REDUNDANT_LOGIC_CELLS ; off   ; -    ; ip_s[15]         ;
; IGNORE_LCELL_BUFFERS         ; off   ; -    ; ip_s[14]         ;
; REMOVE_REDUNDANT_LOGIC_CELLS ; off   ; -    ; ip_s[14]         ;
; IGNORE_LCELL_BUFFERS         ; off   ; -    ; ip_s[13]         ;
; REMOVE_REDUNDANT_LOGIC_CELLS ; off   ; -    ; ip_s[13]         ;
; IGNORE_LCELL_BUFFERS         ; off   ; -    ; ip_s[12]         ;
; REMOVE_REDUNDANT_LOGIC_CELLS ; off   ; -    ; ip_s[12]         ;
; IGNORE_LCELL_BUFFERS         ; off   ; -    ; ip_s[11]         ;
; REMOVE_REDUNDANT_LOGIC_CELLS ; off   ; -    ; ip_s[11]         ;
; IGNORE_LCELL_BUFFERS         ; off   ; -    ; ip_s[10]         ;
; REMOVE_REDUNDANT_LOGIC_CELLS ; off   ; -    ; ip_s[10]         ;
; IGNORE_LCELL_BUFFERS         ; off   ; -    ; ip_s[9]          ;
; REMOVE_REDUNDANT_LOGIC_CELLS ; off   ; -    ; ip_s[9]          ;
; IGNORE_LCELL_BUFFERS         ; off   ; -    ; ip_s[8]          ;
; REMOVE_REDUNDANT_LOGIC_CELLS ; off   ; -    ; ip_s[8]          ;
; IGNORE_LCELL_BUFFERS         ; off   ; -    ; ip_s[7]          ;
; REMOVE_REDUNDANT_LOGIC_CELLS ; off   ; -    ; ip_s[7]          ;
; IGNORE_LCELL_BUFFERS         ; off   ; -    ; ip_s[6]          ;
; REMOVE_REDUNDANT_LOGIC_CELLS ; off   ; -    ; ip_s[6]          ;
; IGNORE_LCELL_BUFFERS         ; off   ; -    ; ip_s[5]          ;
; REMOVE_REDUNDANT_LOGIC_CELLS ; off   ; -    ; ip_s[5]          ;
; IGNORE_LCELL_BUFFERS         ; off   ; -    ; ip_s[4]          ;
; REMOVE_REDUNDANT_LOGIC_CELLS ; off   ; -    ; ip_s[4]          ;
; IGNORE_LCELL_BUFFERS         ; off   ; -    ; ip_s[3]          ;
; REMOVE_REDUNDANT_LOGIC_CELLS ; off   ; -    ; ip_s[3]          ;
; IGNORE_LCELL_BUFFERS         ; off   ; -    ; ip_s[2]          ;
; REMOVE_REDUNDANT_LOGIC_CELLS ; off   ; -    ; ip_s[2]          ;
; IGNORE_LCELL_BUFFERS         ; off   ; -    ; ip_s[1]          ;
; REMOVE_REDUNDANT_LOGIC_CELLS ; off   ; -    ; ip_s[1]          ;
; IGNORE_LCELL_BUFFERS         ; off   ; -    ; ip_s[0]          ;
; REMOVE_REDUNDANT_LOGIC_CELLS ; off   ; -    ; ip_s[0]          ;
; IGNORE_LCELL_BUFFERS         ; off   ; -    ; ir_s[15]         ;
; REMOVE_REDUNDANT_LOGIC_CELLS ; off   ; -    ; ir_s[15]         ;
; IGNORE_LCELL_BUFFERS         ; off   ; -    ; ir_s[14]         ;
; REMOVE_REDUNDANT_LOGIC_CELLS ; off   ; -    ; ir_s[14]         ;
; IGNORE_LCELL_BUFFERS         ; off   ; -    ; ir_s[13]         ;
; REMOVE_REDUNDANT_LOGIC_CELLS ; off   ; -    ; ir_s[13]         ;
; IGNORE_LCELL_BUFFERS         ; off   ; -    ; ir_s[12]         ;
; REMOVE_REDUNDANT_LOGIC_CELLS ; off   ; -    ; ir_s[12]         ;
; IGNORE_LCELL_BUFFERS         ; off   ; -    ; ir_s[11]         ;
; REMOVE_REDUNDANT_LOGIC_CELLS ; off   ; -    ; ir_s[11]         ;
; IGNORE_LCELL_BUFFERS         ; off   ; -    ; ir_s[10]         ;
; REMOVE_REDUNDANT_LOGIC_CELLS ; off   ; -    ; ir_s[10]         ;
; IGNORE_LCELL_BUFFERS         ; off   ; -    ; ir_s[9]          ;
; REMOVE_REDUNDANT_LOGIC_CELLS ; off   ; -    ; ir_s[9]          ;
; IGNORE_LCELL_BUFFERS         ; off   ; -    ; ir_s[8]          ;
; REMOVE_REDUNDANT_LOGIC_CELLS ; off   ; -    ; ir_s[8]          ;
; IGNORE_LCELL_BUFFERS         ; off   ; -    ; ir_s[7]          ;
; REMOVE_REDUNDANT_LOGIC_CELLS ; off   ; -    ; ir_s[7]          ;
; IGNORE_LCELL_BUFFERS         ; off   ; -    ; ir_s[6]          ;
; REMOVE_REDUNDANT_LOGIC_CELLS ; off   ; -    ; ir_s[6]          ;
; IGNORE_LCELL_BUFFERS         ; off   ; -    ; ir_s[5]          ;
; REMOVE_REDUNDANT_LOGIC_CELLS ; off   ; -    ; ir_s[5]          ;
; IGNORE_LCELL_BUFFERS         ; off   ; -    ; ir_s[4]          ;
; REMOVE_REDUNDANT_LOGIC_CELLS ; off   ; -    ; ir_s[4]          ;
; IGNORE_LCELL_BUFFERS         ; off   ; -    ; ir_s[3]          ;
; REMOVE_REDUNDANT_LOGIC_CELLS ; off   ; -    ; ir_s[3]          ;
; IGNORE_LCELL_BUFFERS         ; off   ; -    ; ir_s[2]          ;
; REMOVE_REDUNDANT_LOGIC_CELLS ; off   ; -    ; ir_s[2]          ;
; IGNORE_LCELL_BUFFERS         ; off   ; -    ; ir_s[1]          ;
; REMOVE_REDUNDANT_LOGIC_CELLS ; off   ; -    ; ir_s[1]          ;
; IGNORE_LCELL_BUFFERS         ; off   ; -    ; ir_s[0]          ;
; REMOVE_REDUNDANT_LOGIC_CELLS ; off   ; -    ; ir_s[0]          ;
; IGNORE_LCELL_BUFFERS         ; off   ; -    ; ah_s[15]         ;
; REMOVE_REDUNDANT_LOGIC_CELLS ; off   ; -    ; ah_s[15]         ;
; IGNORE_LCELL_BUFFERS         ; off   ; -    ; ah_s[14]         ;
; REMOVE_REDUNDANT_LOGIC_CELLS ; off   ; -    ; ah_s[14]         ;
; IGNORE_LCELL_BUFFERS         ; off   ; -    ; ah_s[13]         ;
; REMOVE_REDUNDANT_LOGIC_CELLS ; off   ; -    ; ah_s[13]         ;
; IGNORE_LCELL_BUFFERS         ; off   ; -    ; ah_s[12]         ;
; REMOVE_REDUNDANT_LOGIC_CELLS ; off   ; -    ; ah_s[12]         ;
; IGNORE_LCELL_BUFFERS         ; off   ; -    ; ah_s[11]         ;
; REMOVE_REDUNDANT_LOGIC_CELLS ; off   ; -    ; ah_s[11]         ;
; IGNORE_LCELL_BUFFERS         ; off   ; -    ; ah_s[10]         ;
; REMOVE_REDUNDANT_LOGIC_CELLS ; off   ; -    ; ah_s[10]         ;
; IGNORE_LCELL_BUFFERS         ; off   ; -    ; ah_s[9]          ;
; REMOVE_REDUNDANT_LOGIC_CELLS ; off   ; -    ; ah_s[9]          ;
; IGNORE_LCELL_BUFFERS         ; off   ; -    ; ah_s[8]          ;
; REMOVE_REDUNDANT_LOGIC_CELLS ; off   ; -    ; ah_s[8]          ;
; IGNORE_LCELL_BUFFERS         ; off   ; -    ; ah_s[7]          ;
; REMOVE_REDUNDANT_LOGIC_CELLS ; off   ; -    ; ah_s[7]          ;
; IGNORE_LCELL_BUFFERS         ; off   ; -    ; ah_s[6]          ;
; REMOVE_REDUNDANT_LOGIC_CELLS ; off   ; -    ; ah_s[6]          ;
; IGNORE_LCELL_BUFFERS         ; off   ; -    ; ah_s[5]          ;
; REMOVE_REDUNDANT_LOGIC_CELLS ; off   ; -    ; ah_s[5]          ;
; IGNORE_LCELL_BUFFERS         ; off   ; -    ; ah_s[4]          ;
; REMOVE_REDUNDANT_LOGIC_CELLS ; off   ; -    ; ah_s[4]          ;
; IGNORE_LCELL_BUFFERS         ; off   ; -    ; ah_s[3]          ;
; REMOVE_REDUNDANT_LOGIC_CELLS ; off   ; -    ; ah_s[3]          ;
; IGNORE_LCELL_BUFFERS         ; off   ; -    ; ah_s[2]          ;
; REMOVE_REDUNDANT_LOGIC_CELLS ; off   ; -    ; ah_s[2]          ;
; IGNORE_LCELL_BUFFERS         ; off   ; -    ; ah_s[1]          ;
; REMOVE_REDUNDANT_LOGIC_CELLS ; off   ; -    ; ah_s[1]          ;
; IGNORE_LCELL_BUFFERS         ; off   ; -    ; ah_s[0]          ;
; REMOVE_REDUNDANT_LOGIC_CELLS ; off   ; -    ; ah_s[0]          ;
; IGNORE_LCELL_BUFFERS         ; off   ; -    ; al_s[15]         ;
; REMOVE_REDUNDANT_LOGIC_CELLS ; off   ; -    ; al_s[15]         ;
; IGNORE_LCELL_BUFFERS         ; off   ; -    ; al_s[14]         ;
; REMOVE_REDUNDANT_LOGIC_CELLS ; off   ; -    ; al_s[14]         ;
; IGNORE_LCELL_BUFFERS         ; off   ; -    ; al_s[13]         ;
; REMOVE_REDUNDANT_LOGIC_CELLS ; off   ; -    ; al_s[13]         ;
; IGNORE_LCELL_BUFFERS         ; off   ; -    ; al_s[12]         ;
; REMOVE_REDUNDANT_LOGIC_CELLS ; off   ; -    ; al_s[12]         ;
; IGNORE_LCELL_BUFFERS         ; off   ; -    ; al_s[11]         ;
; REMOVE_REDUNDANT_LOGIC_CELLS ; off   ; -    ; al_s[11]         ;
; IGNORE_LCELL_BUFFERS         ; off   ; -    ; al_s[10]         ;
; REMOVE_REDUNDANT_LOGIC_CELLS ; off   ; -    ; al_s[10]         ;
; IGNORE_LCELL_BUFFERS         ; off   ; -    ; al_s[9]          ;
; REMOVE_REDUNDANT_LOGIC_CELLS ; off   ; -    ; al_s[9]          ;
; IGNORE_LCELL_BUFFERS         ; off   ; -    ; al_s[8]          ;
; REMOVE_REDUNDANT_LOGIC_CELLS ; off   ; -    ; al_s[8]          ;
; IGNORE_LCELL_BUFFERS         ; off   ; -    ; al_s[7]          ;
; REMOVE_REDUNDANT_LOGIC_CELLS ; off   ; -    ; al_s[7]          ;
; IGNORE_LCELL_BUFFERS         ; off   ; -    ; al_s[6]          ;
; REMOVE_REDUNDANT_LOGIC_CELLS ; off   ; -    ; al_s[6]          ;
; IGNORE_LCELL_BUFFERS         ; off   ; -    ; al_s[5]          ;
; REMOVE_REDUNDANT_LOGIC_CELLS ; off   ; -    ; al_s[5]          ;
; IGNORE_LCELL_BUFFERS         ; off   ; -    ; al_s[4]          ;
; REMOVE_REDUNDANT_LOGIC_CELLS ; off   ; -    ; al_s[4]          ;
; IGNORE_LCELL_BUFFERS         ; off   ; -    ; al_s[3]          ;
; REMOVE_REDUNDANT_LOGIC_CELLS ; off   ; -    ; al_s[3]          ;
; IGNORE_LCELL_BUFFERS         ; off   ; -    ; al_s[2]          ;
; REMOVE_REDUNDANT_LOGIC_CELLS ; off   ; -    ; al_s[2]          ;
; IGNORE_LCELL_BUFFERS         ; off   ; -    ; al_s[1]          ;
; REMOVE_REDUNDANT_LOGIC_CELLS ; off   ; -    ; al_s[1]          ;
; IGNORE_LCELL_BUFFERS         ; off   ; -    ; al_s[0]          ;
; REMOVE_REDUNDANT_LOGIC_CELLS ; off   ; -    ; al_s[0]          ;
; IGNORE_LCELL_BUFFERS         ; off   ; -    ; mh_s[7]          ;
; REMOVE_REDUNDANT_LOGIC_CELLS ; off   ; -    ; mh_s[7]          ;
; IGNORE_LCELL_BUFFERS         ; off   ; -    ; mh_s[6]          ;
; REMOVE_REDUNDANT_LOGIC_CELLS ; off   ; -    ; mh_s[6]          ;
; IGNORE_LCELL_BUFFERS         ; off   ; -    ; mh_s[5]          ;
; REMOVE_REDUNDANT_LOGIC_CELLS ; off   ; -    ; mh_s[5]          ;
; IGNORE_LCELL_BUFFERS         ; off   ; -    ; mh_s[4]          ;
; REMOVE_REDUNDANT_LOGIC_CELLS ; off   ; -    ; mh_s[4]          ;
; IGNORE_LCELL_BUFFERS         ; off   ; -    ; mh_s[3]          ;
; REMOVE_REDUNDANT_LOGIC_CELLS ; off   ; -    ; mh_s[3]          ;
; IGNORE_LCELL_BUFFERS         ; off   ; -    ; mh_s[2]          ;
; REMOVE_REDUNDANT_LOGIC_CELLS ; off   ; -    ; mh_s[2]          ;
; IGNORE_LCELL_BUFFERS         ; off   ; -    ; mh_s[1]          ;
; REMOVE_REDUNDANT_LOGIC_CELLS ; off   ; -    ; mh_s[1]          ;
; IGNORE_LCELL_BUFFERS         ; off   ; -    ; mh_s[0]          ;
; REMOVE_REDUNDANT_LOGIC_CELLS ; off   ; -    ; mh_s[0]          ;
; IGNORE_LCELL_BUFFERS         ; off   ; -    ; ml_s[7]          ;
; REMOVE_REDUNDANT_LOGIC_CELLS ; off   ; -    ; ml_s[7]          ;
; IGNORE_LCELL_BUFFERS         ; off   ; -    ; ml_s[6]          ;
; REMOVE_REDUNDANT_LOGIC_CELLS ; off   ; -    ; ml_s[6]          ;
; IGNORE_LCELL_BUFFERS         ; off   ; -    ; ml_s[5]          ;
; REMOVE_REDUNDANT_LOGIC_CELLS ; off   ; -    ; ml_s[5]          ;
; IGNORE_LCELL_BUFFERS         ; off   ; -    ; ml_s[4]          ;
; REMOVE_REDUNDANT_LOGIC_CELLS ; off   ; -    ; ml_s[4]          ;
; IGNORE_LCELL_BUFFERS         ; off   ; -    ; ml_s[3]          ;
; REMOVE_REDUNDANT_LOGIC_CELLS ; off   ; -    ; ml_s[3]          ;
; IGNORE_LCELL_BUFFERS         ; off   ; -    ; ml_s[2]          ;
; REMOVE_REDUNDANT_LOGIC_CELLS ; off   ; -    ; ml_s[2]          ;
; IGNORE_LCELL_BUFFERS         ; off   ; -    ; ml_s[1]          ;
; REMOVE_REDUNDANT_LOGIC_CELLS ; off   ; -    ; ml_s[1]          ;
; IGNORE_LCELL_BUFFERS         ; off   ; -    ; ml_s[0]          ;
; REMOVE_REDUNDANT_LOGIC_CELLS ; off   ; -    ; ml_s[0]          ;
+------------------------------+-------+------+------------------+


+---------------------------------------------------------+
; Source assignments for ip_inc16:u_ip_inc                ;
+------------------------------+-------+------+-----------+
; Assignment                   ; Value ; From ; To        ;
+------------------------------+-------+------+-----------+
; IGNORE_LCELL_BUFFERS         ; off   ; -    ; one_s[15] ;
; REMOVE_REDUNDANT_LOGIC_CELLS ; off   ; -    ; one_s[15] ;
; IGNORE_LCELL_BUFFERS         ; off   ; -    ; one_s[14] ;
; REMOVE_REDUNDANT_LOGIC_CELLS ; off   ; -    ; one_s[14] ;
; IGNORE_LCELL_BUFFERS         ; off   ; -    ; one_s[13] ;
; REMOVE_REDUNDANT_LOGIC_CELLS ; off   ; -    ; one_s[13] ;
; IGNORE_LCELL_BUFFERS         ; off   ; -    ; one_s[12] ;
; REMOVE_REDUNDANT_LOGIC_CELLS ; off   ; -    ; one_s[12] ;
; IGNORE_LCELL_BUFFERS         ; off   ; -    ; one_s[11] ;
; REMOVE_REDUNDANT_LOGIC_CELLS ; off   ; -    ; one_s[11] ;
; IGNORE_LCELL_BUFFERS         ; off   ; -    ; one_s[10] ;
; REMOVE_REDUNDANT_LOGIC_CELLS ; off   ; -    ; one_s[10] ;
; IGNORE_LCELL_BUFFERS         ; off   ; -    ; one_s[9]  ;
; REMOVE_REDUNDANT_LOGIC_CELLS ; off   ; -    ; one_s[9]  ;
; IGNORE_LCELL_BUFFERS         ; off   ; -    ; one_s[8]  ;
; REMOVE_REDUNDANT_LOGIC_CELLS ; off   ; -    ; one_s[8]  ;
; IGNORE_LCELL_BUFFERS         ; off   ; -    ; one_s[7]  ;
; REMOVE_REDUNDANT_LOGIC_CELLS ; off   ; -    ; one_s[7]  ;
; IGNORE_LCELL_BUFFERS         ; off   ; -    ; one_s[6]  ;
; REMOVE_REDUNDANT_LOGIC_CELLS ; off   ; -    ; one_s[6]  ;
; IGNORE_LCELL_BUFFERS         ; off   ; -    ; one_s[5]  ;
; REMOVE_REDUNDANT_LOGIC_CELLS ; off   ; -    ; one_s[5]  ;
; IGNORE_LCELL_BUFFERS         ; off   ; -    ; one_s[4]  ;
; REMOVE_REDUNDANT_LOGIC_CELLS ; off   ; -    ; one_s[4]  ;
; IGNORE_LCELL_BUFFERS         ; off   ; -    ; one_s[3]  ;
; REMOVE_REDUNDANT_LOGIC_CELLS ; off   ; -    ; one_s[3]  ;
; IGNORE_LCELL_BUFFERS         ; off   ; -    ; one_s[2]  ;
; REMOVE_REDUNDANT_LOGIC_CELLS ; off   ; -    ; one_s[2]  ;
; IGNORE_LCELL_BUFFERS         ; off   ; -    ; one_s[1]  ;
; REMOVE_REDUNDANT_LOGIC_CELLS ; off   ; -    ; one_s[1]  ;
; IGNORE_LCELL_BUFFERS         ; off   ; -    ; one_s[0]  ;
; REMOVE_REDUNDANT_LOGIC_CELLS ; off   ; -    ; one_s[0]  ;
+------------------------------+-------+------+-----------+


+----------------------------------------------------------------------------------------+
; Parameter Settings for User Entity Instance: ip_inc16:u_ip_inc|LPM_ADD_SUB:ip_plus_one ;
+------------------------+-------------+-------------------------------------------------+
; Parameter Name         ; Value       ; Type                                            ;
+------------------------+-------------+-------------------------------------------------+
; LPM_WIDTH              ; 16          ; Signed Integer                                  ;
; LPM_REPRESENTATION     ; UNSIGNED    ; Untyped                                         ;
; LPM_DIRECTION          ; ADD         ; Untyped                                         ;
; ONE_INPUT_IS_CONSTANT  ; NO          ; Untyped                                         ;
; LPM_PIPELINE           ; 0           ; Signed Integer                                  ;
; MAXIMIZE_SPEED         ; 5           ; Untyped                                         ;
; REGISTERED_AT_END      ; 0           ; Untyped                                         ;
; OPTIMIZE_FOR_SPEED     ; 5           ; Untyped                                         ;
; USE_CS_BUFFERS         ; 1           ; Untyped                                         ;
; CARRY_CHAIN            ; MANUAL      ; Untyped                                         ;
; CARRY_CHAIN_LENGTH     ; 48          ; CARRY_CHAIN_LENGTH                              ;
; DEVICE_FAMILY          ; Cyclone II  ; Untyped                                         ;
; USE_WYS                ; OFF         ; Untyped                                         ;
; STYLE                  ; FAST        ; Untyped                                         ;
; CBXI_PARAMETER         ; add_sub_jfg ; Untyped                                         ;
; AUTO_CARRY_CHAINS      ; ON          ; AUTO_CARRY                                      ;
; IGNORE_CARRY_BUFFERS   ; OFF         ; IGNORE_CARRY                                    ;
; AUTO_CASCADE_CHAINS    ; ON          ; AUTO_CASCADE                                    ;
; IGNORE_CASCADE_BUFFERS ; OFF         ; IGNORE_CASCADE                                  ;
+------------------------+-------------+-------------------------------------------------+
Note: In order to hide this table in the UI and the text report file, please set the "Show Parameter Settings Tables in Synthesis Report" option in "Analysis and Synthesis Settings -> More Settings" to "Off".


+-------------------------------------------------------------------------------+
; Parameter Settings for User Entity Instance: ip_reg16:u_ip|LPM_FF:ip_register ;
+------------------------+------------+-----------------------------------------+
; Parameter Name         ; Value      ; Type                                    ;
+------------------------+------------+-----------------------------------------+
; LPM_WIDTH              ; 16         ; Signed Integer                          ;
; LPM_AVALUE             ; UNUSED     ; Untyped                                 ;
; LPM_SVALUE             ; UNUSED     ; Untyped                                 ;
; LPM_FFTYPE             ; DFF        ; Untyped                                 ;
; DEVICE_FAMILY          ; Cyclone II ; Untyped                                 ;
; CBXI_PARAMETER         ; NOTHING    ; Untyped                                 ;
; AUTO_CARRY_CHAINS      ; ON         ; AUTO_CARRY                              ;
; IGNORE_CARRY_BUFFERS   ; OFF        ; IGNORE_CARRY                            ;
; AUTO_CASCADE_CHAINS    ; ON         ; AUTO_CASCADE                            ;
; IGNORE_CASCADE_BUFFERS ; OFF        ; IGNORE_CASCADE                          ;
+------------------------+------------+-----------------------------------------+
Note: In order to hide this table in the UI and the text report file, please set the "Show Parameter Settings Tables in Synthesis Report" option in "Analysis and Synthesis Settings -> More Settings" to "Off".


+--------------------------------------------------------------------+
; Parameter Settings for User Entity Instance: r16:u_ir|LPM_FF:dff16 ;
+------------------------+------------+------------------------------+
; Parameter Name         ; Value      ; Type                         ;
+------------------------+------------+------------------------------+
; LPM_WIDTH              ; 16         ; Signed Integer               ;
; LPM_AVALUE             ; UNUSED     ; Untyped                      ;
; LPM_SVALUE             ; UNUSED     ; Untyped                      ;
; LPM_FFTYPE             ; DFF        ; Untyped                      ;
; DEVICE_FAMILY          ; Cyclone II ; Untyped                      ;
; CBXI_PARAMETER         ; NOTHING    ; Untyped                      ;
; AUTO_CARRY_CHAINS      ; ON         ; AUTO_CARRY                   ;
; IGNORE_CARRY_BUFFERS   ; OFF        ; IGNORE_CARRY                 ;
; AUTO_CASCADE_CHAINS    ; ON         ; AUTO_CASCADE                 ;
; IGNORE_CASCADE_BUFFERS ; OFF        ; IGNORE_CASCADE               ;
+------------------------+------------+------------------------------+
Note: In order to hide this table in the UI and the text report file, please set the "Show Parameter Settings Tables in Synthesis Report" option in "Analysis and Synthesis Settings -> More Settings" to "Off".


+--------------------------------------------------------------------+
; Parameter Settings for User Entity Instance: r16:u_ah|LPM_FF:dff16 ;
+------------------------+------------+------------------------------+
; Parameter Name         ; Value      ; Type                         ;
+------------------------+------------+------------------------------+
; LPM_WIDTH              ; 16         ; Signed Integer               ;
; LPM_AVALUE             ; UNUSED     ; Untyped                      ;
; LPM_SVALUE             ; UNUSED     ; Untyped                      ;
; LPM_FFTYPE             ; DFF        ; Untyped                      ;
; DEVICE_FAMILY          ; Cyclone II ; Untyped                      ;
; CBXI_PARAMETER         ; NOTHING    ; Untyped                      ;
; AUTO_CARRY_CHAINS      ; ON         ; AUTO_CARRY                   ;
; IGNORE_CARRY_BUFFERS   ; OFF        ; IGNORE_CARRY                 ;
; AUTO_CASCADE_CHAINS    ; ON         ; AUTO_CASCADE                 ;
; IGNORE_CASCADE_BUFFERS ; OFF        ; IGNORE_CASCADE               ;
+------------------------+------------+------------------------------+
Note: In order to hide this table in the UI and the text report file, please set the "Show Parameter Settings Tables in Synthesis Report" option in "Analysis and Synthesis Settings -> More Settings" to "Off".


+--------------------------------------------------------------------+
; Parameter Settings for User Entity Instance: r16:u_al|LPM_FF:dff16 ;
+------------------------+------------+------------------------------+
; Parameter Name         ; Value      ; Type                         ;
+------------------------+------------+------------------------------+
; LPM_WIDTH              ; 16         ; Signed Integer               ;
; LPM_AVALUE             ; UNUSED     ; Untyped                      ;
; LPM_SVALUE             ; UNUSED     ; Untyped                      ;
; LPM_FFTYPE             ; DFF        ; Untyped                      ;
; DEVICE_FAMILY          ; Cyclone II ; Untyped                      ;
; CBXI_PARAMETER         ; NOTHING    ; Untyped                      ;
; AUTO_CARRY_CHAINS      ; ON         ; AUTO_CARRY                   ;
; IGNORE_CARRY_BUFFERS   ; OFF        ; IGNORE_CARRY                 ;
; AUTO_CASCADE_CHAINS    ; ON         ; AUTO_CASCADE                 ;
; IGNORE_CASCADE_BUFFERS ; OFF        ; IGNORE_CASCADE               ;
+------------------------+------------+------------------------------+
Note: In order to hide this table in the UI and the text report file, please set the "Show Parameter Settings Tables in Synthesis Report" option in "Analysis and Synthesis Settings -> More Settings" to "Off".


+-------------------------------+
; Analysis & Synthesis Messages ;
+-------------------------------+
Info: *******************************************************************
Info: Running Quartus II Analysis & Synthesis
    Info: Version 9.1 Build 222 10/21/2009 SJ Web Edition
    Info: Copyright (C) 1991-2009 Altera Corporation. All rights reserved.
    Info: Your use of Altera Corporation's design tools, logic functions 
    Info: and other software and tools, and its AMPP partner logic 
    Info: functions, and any output files from any of the foregoing 
    Info: (including device programming or simulation files), and any 
    Info: associated documentation or information are expressly subject 
    Info: to the terms and conditions of the Altera Program License 
    Info: Subscription Agreement, Altera MegaCore Function License 
    Info: Agreement, or other applicable license agreement, including, 
    Info: without limitation, that your use is for the sole purpose of 
    Info: programming logic devices manufactured by Altera and sold by 
    Info: Altera or its authorized distributors.  Please refer to the 
    Info: applicable agreement for further details.
    Info: Processing started: Fri May 22 21:53:34 2026
Info: Command: quartus_map --read_settings_files=on --write_settings_files=off appendix_g_ip_ir -c appendix_g_ip_ir
Info: Found 20 design units, including 10 entities, in source file /git/sifovm/coursework_project/rtl_schemes/appendix_g_ip_ir/src/appendix_g_ip_ir_top.vhd
    Info: Found design unit 1: ip_ctl-rtl
    Info: Found design unit 2: ip_inc16-structural
    Info: Found design unit 3: ip_mux16-rtl
    Info: Found design unit 4: ip_reg16-structural
    Info: Found design unit 5: r16-structural
    Info: Found design unit 6: word_split-rtl
    Info: Found design unit 7: ir_dec-rtl
    Info: Found design unit 8: addr_bytes-rtl
    Info: Found design unit 9: addr_join-rtl
    Info: Found design unit 10: appendix_g_ip_ir_top-structural
    Info: Found entity 1: ip_ctl
    Info: Found entity 2: ip_inc16
    Info: Found entity 3: ip_mux16
    Info: Found entity 4: ip_reg16
    Info: Found entity 5: r16
    Info: Found entity 6: word_split
    Info: Found entity 7: ir_dec
    Info: Found entity 8: addr_bytes
    Info: Found entity 9: addr_join
    Info: Found entity 10: appendix_g_ip_ir_top
Info: Elaborating entity "appendix_g_ip_ir_top" for the top level hierarchy
Info: Elaborating entity "ip_ctl" for hierarchy "ip_ctl:u_ctl"
Info: Elaborating entity "ip_inc16" for hierarchy "ip_inc16:u_ip_inc"
Info: Elaborating entity "LPM_ADD_SUB" for hierarchy "ip_inc16:u_ip_inc|LPM_ADD_SUB:ip_plus_one"
Info: Elaborated megafunction instantiation "ip_inc16:u_ip_inc|LPM_ADD_SUB:ip_plus_one"
Info: Instantiated megafunction "ip_inc16:u_ip_inc|LPM_ADD_SUB:ip_plus_one" with the following parameter:
    Info: Parameter "LPM_WIDTH" = "16"
    Info: Parameter "LPM_DIRECTION" = "ADD"
    Info: Parameter "LPM_REPRESENTATION" = "UNSIGNED"
    Info: Parameter "LPM_PIPELINE" = "0"
    Info: Parameter "LPM_TYPE" = "LPM_ADD_SUB"
    Info: Parameter "LPM_HINT" = "UNUSED"
Info: Found 1 design units, including 1 entities, in source file db/add_sub_jfg.tdf
    Info: Found entity 1: add_sub_jfg
Info: Elaborating entity "add_sub_jfg" for hierarchy "ip_inc16:u_ip_inc|LPM_ADD_SUB:ip_plus_one|add_sub_jfg:auto_generated"
Info: Elaborating entity "ip_mux16" for hierarchy "ip_mux16:u_ip_mux"
Info: Elaborating entity "ip_reg16" for hierarchy "ip_reg16:u_ip"
Info: Elaborating entity "LPM_FF" for hierarchy "ip_reg16:u_ip|LPM_FF:ip_register"
Info: Elaborated megafunction instantiation "ip_reg16:u_ip|LPM_FF:ip_register"
Info: Instantiated megafunction "ip_reg16:u_ip|LPM_FF:ip_register" with the following parameter:
    Info: Parameter "LPM_WIDTH" = "16"
    Info: Parameter "LPM_AVALUE" = "UNUSED"
    Info: Parameter "LPM_SVALUE" = "UNUSED"
    Info: Parameter "LPM_PVALUE" = "UNUSED"
    Info: Parameter "LPM_FFTYPE" = "DFF"
    Info: Parameter "LPM_TYPE" = "LPM_FF"
    Info: Parameter "LPM_HINT" = "UNUSED"
Info: Elaborating entity "r16" for hierarchy "r16:u_ir"
Info: Elaborating entity "word_split" for hierarchy "word_split:u_din"
Info: Elaborating entity "ir_dec" for hierarchy "ir_dec:u_dec"
Info: Elaborating entity "addr_bytes" for hierarchy "addr_bytes:u_ab"
Info: Elaborating entity "addr_join" for hierarchy "addr_join:u_ma"
Info: Found the following redundant logic cells in design
    Info (17048): Logic cell "ip_s[0]"
    Info (17048): Logic cell "ip_s[1]"
    Info (17048): Logic cell "ip_s[2]"
    Info (17048): Logic cell "ip_s[3]"
    Info (17048): Logic cell "ip_s[4]"
    Info (17048): Logic cell "ip_s[5]"
    Info (17048): Logic cell "ip_s[6]"
    Info (17048): Logic cell "ip_s[7]"
    Info (17048): Logic cell "ip_s[8]"
    Info (17048): Logic cell "ip_s[9]"
    Info (17048): Logic cell "ip_s[10]"
    Info (17048): Logic cell "ip_s[11]"
    Info (17048): Logic cell "ip_s[12]"
    Info (17048): Logic cell "ip_s[13]"
    Info (17048): Logic cell "ip_s[14]"
    Info (17048): Logic cell "ip_s[15]"
    Info (17048): Logic cell "ir_s[0]"
    Info (17048): Logic cell "ir_s[1]"
    Info (17048): Logic cell "ir_s[2]"
    Info (17048): Logic cell "ir_s[3]"
    Info (17048): Logic cell "ir_s[4]"
    Info (17048): Logic cell "ir_s[5]"
    Info (17048): Logic cell "ir_s[6]"
    Info (17048): Logic cell "ir_s[7]"
    Info (17048): Logic cell "ir_s[8]"
    Info (17048): Logic cell "ir_s[9]"
    Info (17048): Logic cell "ir_s[10]"
    Info (17048): Logic cell "ir_s[11]"
    Info (17048): Logic cell "ir_s[12]"
    Info (17048): Logic cell "ir_s[13]"
    Info (17048): Logic cell "ir_s[14]"
    Info (17048): Logic cell "ir_s[15]"
    Info (17048): Logic cell "ah_s[0]"
    Info (17048): Logic cell "ah_s[1]"
    Info (17048): Logic cell "ah_s[2]"
    Info (17048): Logic cell "ah_s[3]"
    Info (17048): Logic cell "ah_s[4]"
    Info (17048): Logic cell "ah_s[5]"
    Info (17048): Logic cell "ah_s[6]"
    Info (17048): Logic cell "ah_s[7]"
    Info (17048): Logic cell "ah_s[8]"
    Info (17048): Logic cell "ah_s[9]"
    Info (17048): Logic cell "ah_s[10]"
    Info (17048): Logic cell "ah_s[11]"
    Info (17048): Logic cell "ah_s[12]"
    Info (17048): Logic cell "ah_s[13]"
    Info (17048): Logic cell "ah_s[14]"
    Info (17048): Logic cell "ah_s[15]"
    Info (17048): Logic cell "al_s[0]"
    Info (17048): Logic cell "al_s[1]"
    Info (17048): Logic cell "al_s[2]"
    Info (17048): Logic cell "al_s[3]"
    Info (17048): Logic cell "al_s[4]"
    Info (17048): Logic cell "al_s[5]"
    Info (17048): Logic cell "al_s[6]"
    Info (17048): Logic cell "al_s[7]"
    Info (17048): Logic cell "al_s[8]"
    Info (17048): Logic cell "al_s[9]"
    Info (17048): Logic cell "al_s[10]"
    Info (17048): Logic cell "al_s[11]"
    Info (17048): Logic cell "al_s[12]"
    Info (17048): Logic cell "al_s[13]"
    Info (17048): Logic cell "al_s[14]"
    Info (17048): Logic cell "al_s[15]"
    Info (17048): Logic cell "ip1_s[0]"
    Info (17048): Logic cell "ip1_s[1]"
    Info (17048): Logic cell "ip1_s[2]"
    Info (17048): Logic cell "ip1_s[3]"
    Info (17048): Logic cell "ip1_s[4]"
    Info (17048): Logic cell "ip1_s[5]"
    Info (17048): Logic cell "ip1_s[6]"
    Info (17048): Logic cell "ip1_s[7]"
    Info (17048): Logic cell "ip1_s[8]"
    Info (17048): Logic cell "ip1_s[9]"
    Info (17048): Logic cell "ip1_s[10]"
    Info (17048): Logic cell "ip1_s[11]"
    Info (17048): Logic cell "ip1_s[12]"
    Info (17048): Logic cell "ip1_s[13]"
    Info (17048): Logic cell "ip1_s[14]"
    Info (17048): Logic cell "ip1_s[15]"
    Info (17048): Logic cell "mh_s[0]"
    Info (17048): Logic cell "mh_s[1]"
    Info (17048): Logic cell "mh_s[2]"
    Info (17048): Logic cell "mh_s[3]"
    Info (17048): Logic cell "mh_s[4]"
    Info (17048): Logic cell "mh_s[5]"
    Info (17048): Logic cell "mh_s[6]"
    Info (17048): Logic cell "mh_s[7]"
    Info (17048): Logic cell "ml_s[0]"
    Info (17048): Logic cell "ml_s[1]"
    Info (17048): Logic cell "ml_s[2]"
    Info (17048): Logic cell "ml_s[3]"
    Info (17048): Logic cell "ml_s[4]"
    Info (17048): Logic cell "ml_s[5]"
    Info (17048): Logic cell "ml_s[6]"
    Info (17048): Logic cell "ml_s[7]"
    Info (17048): Logic cell "ip_inc16:u_ip_inc|one_s[0]"
    Info (17048): Logic cell "ip_inc16:u_ip_inc|one_s[1]"
    Info (17048): Logic cell "ip_inc16:u_ip_inc|one_s[2]"
    Info (17048): Logic cell "ip_inc16:u_ip_inc|one_s[3]"
    Info (17048): Logic cell "ip_inc16:u_ip_inc|one_s[4]"
    Info (17048): Logic cell "ip_inc16:u_ip_inc|one_s[5]"
    Info (17048): Logic cell "ip_inc16:u_ip_inc|one_s[6]"
    Info (17048): Logic cell "ip_inc16:u_ip_inc|one_s[7]"
    Info (17048): Logic cell "ip_inc16:u_ip_inc|one_s[8]"
    Info (17048): Logic cell "ip_inc16:u_ip_inc|one_s[9]"
    Info (17048): Logic cell "ip_inc16:u_ip_inc|one_s[10]"
    Info (17048): Logic cell "ip_inc16:u_ip_inc|one_s[11]"
    Info (17048): Logic cell "ip_inc16:u_ip_inc|one_s[12]"
    Info (17048): Logic cell "ip_inc16:u_ip_inc|one_s[13]"
    Info (17048): Logic cell "ip_inc16:u_ip_inc|one_s[14]"
    Info (17048): Logic cell "ip_inc16:u_ip_inc|one_s[15]"
Info: Implemented 408 device resources after synthesis - the final resource count might be different
    Info: Implemented 39 input pins
    Info: Implemented 160 output pins
    Info: Implemented 209 logic cells
Info: Quartus II Analysis & Synthesis was successful. 0 errors, 0 warnings
    Info: Peak virtual memory: 250 megabytes
    Info: Processing ended: Fri May 22 21:53:37 2026
    Info: Elapsed time: 00:00:03
    Info: Total CPU time (on all processors): 00:00:01


