Flow report for lab6_stack
Sun May 17 14:14:33 2026
Quartus II Version 9.1 Build 222 10/21/2009 SJ Web Edition


---------------------
; Table of Contents ;
---------------------
  1. Legal Notice
  2. Flow Summary
  3. Flow Settings
  4. Flow Non-Default Global Settings
  5. Flow Elapsed Time
  6. Flow OS Summary
  7. Flow Log



----------------
; Legal Notice ;
----------------
Copyright (C) 1991-2009 Altera Corporation
Your use of Altera Corporation's design tools, logic functions 
and other software and tools, and its AMPP partner logic 
functions, and any output files from any of the foregoing 
(including device programming or simulation files), and any 
associated documentation or information are expressly subject 
to the terms and conditions of the Altera Program License 
Subscription Agreement, Altera MegaCore Function License 
Agreement, or other applicable license agreement, including, 
without limitation, that your use is for the sole purpose of 
programming logic devices manufactured by Altera and sold by 
Altera or its authorized distributors.  Please refer to the 
applicable agreement for further details.



+-------------------------------------------------------------------------+
; Flow Summary                                                            ;
+-------------------------------+-----------------------------------------+
; Flow Status                   ; Successful - Sun May 17 14:14:33 2026   ;
; Quartus II Version            ; 9.1 Build 222 10/21/2009 SJ Web Edition ;
; Revision Name                 ; lab6_stack                              ;
; Top-level Entity Name         ; lab6_stack_rtl_view_top                 ;
; Family                        ; Stratix II                              ;
; Met timing requirements       ; Yes                                     ;
; Logic utilization             ; 1 %                                     ;
;     Combinational ALUTs       ; 68 / 12,480 ( < 1 % )                   ;
;     Dedicated logic registers ; 135 / 12,480 ( 1 % )                    ;
; Total registers               ; 135                                     ;
; Total pins                    ; 61 / 343 ( 18 % )                       ;
; Total virtual pins            ; 0                                       ;
; Total block memory bits       ; 0 / 419,328 ( 0 % )                     ;
; DSP block 9-bit elements      ; 0 / 96 ( 0 % )                          ;
; Total PLLs                    ; 0 / 6 ( 0 % )                           ;
; Total DLLs                    ; 0 / 2 ( 0 % )                           ;
; Device                        ; EP2S15F484C3                            ;
; Timing Models                 ; Final                                   ;
+-------------------------------+-----------------------------------------+


+-----------------------------------------+
; Flow Settings                           ;
+-------------------+---------------------+
; Option            ; Setting             ;
+-------------------+---------------------+
; Start date & time ; 05/17/2026 14:14:27 ;
; Main task         ; Compilation         ;
; Revision Name     ; lab6_stack          ;
+-------------------+---------------------+


+--------------------------------------------------------------------------------------------------------------+
; Flow Non-Default Global Settings                                                                             ;
+------------------------+------------------------------+---------------+-------------------------+------------+
; Assignment Name        ; Value                        ; Default Value ; Entity Name             ; Section Id ;
+------------------------+------------------------------+---------------+-------------------------+------------+
; COMPILER_SIGNATURE_ID  ; 300159283300.177901646723124 ; --            ; --                      ; --         ;
; PARTITION_COLOR        ; 16764057                     ; --            ; lab6_stack_rtl_view_top ; Top        ;
; PARTITION_NETLIST_TYPE ; SOURCE                       ; --            ; lab6_stack_rtl_view_top ; Top        ;
; TOP_LEVEL_ENTITY       ; lab6_stack_rtl_view_top      ; lab6_stack    ; --                      ; --         ;
+------------------------+------------------------------+---------------+-------------------------+------------+


+-----------------------------------------------------------------------------------------------------------------------------+
; Flow Elapsed Time                                                                                                           ;
+-------------------------+--------------+-------------------------+---------------------+------------------------------------+
; Module Name             ; Elapsed Time ; Average Processors Used ; Peak Virtual Memory ; Total CPU Time (on all processors) ;
+-------------------------+--------------+-------------------------+---------------------+------------------------------------+
; Analysis & Synthesis    ; 00:00:01     ; 1.0                     ; 255 MB              ; 00:00:01                           ;
; Fitter                  ; 00:00:03     ; 1.0                     ; 272 MB              ; 00:00:02                           ;
; Assembler               ; 00:00:01     ; 1.0                     ; 239 MB              ; 00:00:01                           ;
; Classic Timing Analyzer ; 00:00:00     ; 1.0                     ; 170 MB              ; 00:00:00                           ;
; Total                   ; 00:00:05     ; --                      ; --                  ; 00:00:04                           ;
+-------------------------+--------------+-------------------------+---------------------+------------------------------------+


+------------------------------------------------------------------------------------------+
; Flow OS Summary                                                                          ;
+-------------------------+------------------+---------------+------------+----------------+
; Module Name             ; Machine Hostname ; OS Name       ; OS Version ; Processor type ;
+-------------------------+------------------+---------------+------------+----------------+
; Analysis & Synthesis    ; WIN-LOA9MVM5AL7  ; Windows Vista ; 6.2        ; x86_64         ;
; Fitter                  ; WIN-LOA9MVM5AL7  ; Windows Vista ; 6.2        ; x86_64         ;
; Assembler               ; WIN-LOA9MVM5AL7  ; Windows Vista ; 6.2        ; x86_64         ;
; Classic Timing Analyzer ; WIN-LOA9MVM5AL7  ; Windows Vista ; 6.2        ; x86_64         ;
+-------------------------+------------------+---------------+------------+----------------+


------------
; Flow Log ;
------------
quartus_map --read_settings_files=on --write_settings_files=off lab6_stack -c lab6_stack
quartus_fit --read_settings_files=off --write_settings_files=off lab6_stack -c lab6_stack
quartus_asm --read_settings_files=off --write_settings_files=off lab6_stack -c lab6_stack
quartus_tan --read_settings_files=off --write_settings_files=off lab6_stack -c lab6_stack --timing_analysis_only



