Analysis & Synthesis report for appendix_v_phase_counter
Fri May 22 20:30:24 2026
Quartus II Version 9.1 Build 222 10/21/2009 SJ Web Edition


---------------------
; Table of Contents ;
---------------------
  1. Legal Notice
  2. Analysis & Synthesis Summary
  3. Analysis & Synthesis Settings
  4. Parallel Compilation
  5. Analysis & Synthesis Source Files Read
  6. Analysis & Synthesis Resource Usage Summary
  7. Analysis & Synthesis Resource Utilization by Entity
  8. General Register Statistics
  9. Source assignments for Top-level Entity: |appendix_v_phase_counter_top
 10. Source assignments for Phase_Counter:PHASE_COUNTER_BLOCK|LPM_COUNTER:TWO_BIT_PHASE_COUNTER
 11. Source assignments for PHASE_FETCH_COMP:FETCH_PHASE_DETECTOR
 12. Source assignments for PHASE_ADDR_H_COMP:ADDR_H_PHASE_DETECTOR
 13. Source assignments for PHASE_EXEC_COMP:EXEC_PHASE_DETECTOR
 14. Source assignments for PHASE_ADDR_L_COMP:ADDR_L_PHASE_DETECTOR
 15. Parameter Settings for User Entity Instance: Phase_Counter:PHASE_COUNTER_BLOCK|LPM_COUNTER:TWO_BIT_PHASE_COUNTER
 16. Parameter Settings for User Entity Instance: PHASE_FETCH_COMP:FETCH_PHASE_DETECTOR|LPM_COMPARE:FETCH_EQUALS_00_COMPARE
 17. Parameter Settings for User Entity Instance: PHASE_ADDR_H_COMP:ADDR_H_PHASE_DETECTOR|LPM_COMPARE:ADDR_H_EQUALS_01_COMPARE
 18. Parameter Settings for User Entity Instance: PHASE_EXEC_COMP:EXEC_PHASE_DETECTOR|LPM_COMPARE:EXEC_EQUALS_10_COMPARE
 19. Parameter Settings for User Entity Instance: PHASE_ADDR_L_COMP:ADDR_L_PHASE_DETECTOR|LPM_COMPARE:ADDR_L_EQUALS_11_COMPARE
 20. Analysis & Synthesis Messages



----------------
; Legal Notice ;
----------------
Copyright (C) 1991-2009 Altera Corporation
Your use of Altera Corporation's design tools, logic functions 
and other software and tools, and its AMPP partner logic 
functions, and any output files from any of the foregoing 
(including device programming or simulation files), and any 
associated documentation or information are expressly subject 
to the terms and conditions of the Altera Program License 
Subscription Agreement, Altera MegaCore Function License 
Agreement, or other applicable license agreement, including, 
without limitation, that your use is for the sole purpose of 
programming logic devices manufactured by Altera and sold by 
Altera or its authorized distributors.  Please refer to the 
applicable agreement for further details.



+------------------------------------------------------------------------------+
; Analysis & Synthesis Summary                                                 ;
+------------------------------------+-----------------------------------------+
; Analysis & Synthesis Status        ; Successful - Fri May 22 20:30:24 2026   ;
; Quartus II Version                 ; 9.1 Build 222 10/21/2009 SJ Web Edition ;
; Revision Name                      ; appendix_v_phase_counter                ;
; Top-level Entity Name              ; appendix_v_phase_counter_top            ;
; Family                             ; Cyclone II                              ;
; Total logic elements               ; 18                                      ;
;     Total combinational functions  ; 18                                      ;
;     Dedicated logic registers      ; 2                                       ;
; Total registers                    ; 2                                       ;
; Total pins                         ; 7                                       ;
; Total virtual pins                 ; 0                                       ;
; Total memory bits                  ; 0                                       ;
; Embedded Multiplier 9-bit elements ; 0                                       ;
; Total PLLs                         ; 0                                       ;
+------------------------------------+-----------------------------------------+


+--------------------------------------------------------------------------------------------------------------------------------------+
; Analysis & Synthesis Settings                                                                                                        ;
+----------------------------------------------------------------------------+------------------------------+--------------------------+
; Option                                                                     ; Setting                      ; Default Value            ;
+----------------------------------------------------------------------------+------------------------------+--------------------------+
; Top-level entity name                                                      ; appendix_v_phase_counter_top ; appendix_v_phase_counter ;
; Family name                                                                ; Cyclone II                   ; Stratix II               ;
; Use smart compilation                                                      ; Off                          ; Off                      ;
; Enable parallel Assembler and TimeQuest Timing Analyzer during compilation ; On                           ; On                       ;
; Enable compact report table                                                ; Off                          ; Off                      ;
; Restructure Multiplexers                                                   ; Auto                         ; Auto                     ;
; Create Debugging Nodes for IP Cores                                        ; Off                          ; Off                      ;
; Preserve fewer node names                                                  ; On                           ; On                       ;
; Disable OpenCore Plus hardware evaluation                                  ; Off                          ; Off                      ;
; Verilog Version                                                            ; Verilog_2001                 ; Verilog_2001             ;
; VHDL Version                                                               ; VHDL_1993                    ; VHDL_1993                ;
; State Machine Processing                                                   ; Auto                         ; Auto                     ;
; Safe State Machine                                                         ; Off                          ; Off                      ;
; Extract Verilog State Machines                                             ; On                           ; On                       ;
; Extract VHDL State Machines                                                ; On                           ; On                       ;
; Ignore Verilog initial constructs                                          ; Off                          ; Off                      ;
; Iteration limit for constant Verilog loops                                 ; 5000                         ; 5000                     ;
; Iteration limit for non-constant Verilog loops                             ; 250                          ; 250                      ;
; Add Pass-Through Logic to Inferred RAMs                                    ; On                           ; On                       ;
; Parallel Synthesis                                                         ; On                           ; On                       ;
; DSP Block Balancing                                                        ; Auto                         ; Auto                     ;
; NOT Gate Push-Back                                                         ; On                           ; On                       ;
; Power-Up Don't Care                                                        ; On                           ; On                       ;
; Remove Redundant Logic Cells                                               ; Off                          ; Off                      ;
; Remove Duplicate Registers                                                 ; On                           ; On                       ;
; Ignore CARRY Buffers                                                       ; Off                          ; Off                      ;
; Ignore CASCADE Buffers                                                     ; Off                          ; Off                      ;
; Ignore GLOBAL Buffers                                                      ; Off                          ; Off                      ;
; Ignore ROW GLOBAL Buffers                                                  ; Off                          ; Off                      ;
; Ignore LCELL Buffers                                                       ; Off                          ; Off                      ;
; Ignore SOFT Buffers                                                        ; On                           ; On                       ;
; Limit AHDL Integers to 32 Bits                                             ; Off                          ; Off                      ;
; Optimization Technique                                                     ; Balanced                     ; Balanced                 ;
; Carry Chain Length                                                         ; 70                           ; 70                       ;
; Auto Carry Chains                                                          ; On                           ; On                       ;
; Auto Open-Drain Pins                                                       ; On                           ; On                       ;
; Perform WYSIWYG Primitive Resynthesis                                      ; Off                          ; Off                      ;
; Auto ROM Replacement                                                       ; On                           ; On                       ;
; Auto RAM Replacement                                                       ; On                           ; On                       ;
; Auto Shift Register Replacement                                            ; Auto                         ; Auto                     ;
; Auto Clock Enable Replacement                                              ; On                           ; On                       ;
; Strict RAM Replacement                                                     ; Off                          ; Off                      ;
; Allow Synchronous Control Signals                                          ; On                           ; On                       ;
; Force Use of Synchronous Clear Signals                                     ; Off                          ; Off                      ;
; Auto RAM to Logic Cell Conversion                                          ; Off                          ; Off                      ;
; Auto Resource Sharing                                                      ; Off                          ; Off                      ;
; Allow Any RAM Size For Recognition                                         ; Off                          ; Off                      ;
; Allow Any ROM Size For Recognition                                         ; Off                          ; Off                      ;
; Allow Any Shift Register Size For Recognition                              ; Off                          ; Off                      ;
; Use LogicLock Constraints during Resource Balancing                        ; On                           ; On                       ;
; Ignore translate_off and synthesis_off directives                          ; Off                          ; Off                      ;
; Timing-Driven Synthesis                                                    ; Off                          ; Off                      ;
; Show Parameter Settings Tables in Synthesis Report                         ; On                           ; On                       ;
; Ignore Maximum Fan-Out Assignments                                         ; Off                          ; Off                      ;
; Synchronization Register Chain Length                                      ; 2                            ; 2                        ;
; PowerPlay Power Optimization                                               ; Normal compilation           ; Normal compilation       ;
; HDL message level                                                          ; Level2                       ; Level2                   ;
; Suppress Register Optimization Related Messages                            ; Off                          ; Off                      ;
; Number of Removed Registers Reported in Synthesis Report                   ; 100                          ; 100                      ;
; Number of Inverted Registers Reported in Synthesis Report                  ; 100                          ; 100                      ;
; Clock MUX Protection                                                       ; On                           ; On                       ;
; Auto Gated Clock Conversion                                                ; Off                          ; Off                      ;
; Block Design Naming                                                        ; Auto                         ; Auto                     ;
; SDC constraint protection                                                  ; Off                          ; Off                      ;
; Synthesis Effort                                                           ; Auto                         ; Auto                     ;
; Shift Register Replacement - Allow Asynchronous Clear Signal               ; On                           ; On                       ;
; Analysis & Synthesis Message Level                                         ; Medium                       ; Medium                   ;
; Disable Register Merging Across Hierarchies                                ; Auto                         ; Auto                     ;
; Resource Aware Inference For Block RAM                                     ; On                           ; On                       ;
+----------------------------------------------------------------------------+------------------------------+--------------------------+


Parallel compilation was disabled, but you have multiple processors available. Enable parallel compilation to reduce compilation time.
+-------------------------------------+
; Parallel Compilation                ;
+----------------------------+--------+
; Processors                 ; Number ;
+----------------------------+--------+
; Number detected on machine ; 12     ;
; Maximum allowed            ; 1      ;
+----------------------------+--------+


+-------------------------------------------------------------------------------------------------------------------------------------------------------------------------------------------------------+
; Analysis & Synthesis Source Files Read                                                                                                                                                                ;
+-----------------------------------------+-----------------+------------------------------+------------------------------------------------------------------------------------------------------------+
; File Name with User-Entered Path        ; Used in Netlist ; File Type                    ; File Name with Absolute Path                                                                               ;
+-----------------------------------------+-----------------+------------------------------+------------------------------------------------------------------------------------------------------------+
; ../src/appendix_v_phase_counter_top.vhd ; yes             ; User VHDL File               ; D:/git/sifovm/coursework_project/rtl_schemes/appendix_v_phase_counter/src/appendix_v_phase_counter_top.vhd ;
; lpm_counter.tdf                         ; yes             ; Megafunction                 ; d:/quartus/libraries/megafunctions/lpm_counter.tdf                                                         ;
; db/cntr_32k.tdf                         ; yes             ; Auto-Generated Megafunction  ; D:/git/sifovm/coursework_project/rtl_schemes/appendix_v_phase_counter/quartus/db/cntr_32k.tdf              ;
; lpm_compare.tdf                         ; yes             ; Megafunction                 ; d:/quartus/libraries/megafunctions/lpm_compare.tdf                                                         ;
; db/cmpr_pjk.tdf                         ; yes             ; Auto-Generated Megafunction  ; D:/git/sifovm/coursework_project/rtl_schemes/appendix_v_phase_counter/quartus/db/cmpr_pjk.tdf              ;
+-----------------------------------------+-----------------+------------------------------+------------------------------------------------------------------------------------------------------------+


+-------------------------------------------------------------+
; Analysis & Synthesis Resource Usage Summary                 ;
+---------------------------------------------+---------------+
; Resource                                    ; Usage         ;
+---------------------------------------------+---------------+
; Estimated Total logic elements              ; 18            ;
;                                             ;               ;
; Total combinational functions               ; 18            ;
; Logic element usage by number of LUT inputs ;               ;
;     -- 4 input functions                    ; 4             ;
;     -- 3 input functions                    ; 0             ;
;     -- <=2 input functions                  ; 14            ;
;                                             ;               ;
; Logic elements by mode                      ;               ;
;     -- normal mode                          ; 17            ;
;     -- arithmetic mode                      ; 1             ;
;                                             ;               ;
; Total registers                             ; 2             ;
;     -- Dedicated logic registers            ; 2             ;
;     -- I/O registers                        ; 0             ;
;                                             ;               ;
; I/O pins                                    ; 7             ;
; Maximum fan-out node                        ; phase_data[0] ;
; Maximum fan-out                             ; 4             ;
; Total fan-out                               ; 37            ;
; Average fan-out                             ; 1.37          ;
+---------------------------------------------+---------------+


+--------------------------------------------------------------------------------------------------------------------------------------------------------------------------------------------------------------------------------------------------------------------------------------------------------------+
; Analysis & Synthesis Resource Utilization by Entity                                                                                                                                                                                                                                                          ;
+----------------------------------------------+-------------------+--------------+-------------+--------------+---------+-----------+------+--------------+------------------------------------------------------------------------------------------------------------------------------------+--------------+
; Compilation Hierarchy Node                   ; LC Combinationals ; LC Registers ; Memory Bits ; DSP Elements ; DSP 9x9 ; DSP 18x18 ; Pins ; Virtual Pins ; Full Hierarchy Name                                                                                                                ; Library Name ;
+----------------------------------------------+-------------------+--------------+-------------+--------------+---------+-----------+------+--------------+------------------------------------------------------------------------------------------------------------------------------------+--------------+
; |appendix_v_phase_counter_top                ; 18 (3)            ; 2 (0)        ; 0           ; 0            ; 0       ; 0         ; 7    ; 0            ; |appendix_v_phase_counter_top                                                                                                      ; work         ;
;    |PHASE_ADDR_H_COMP:ADDR_H_PHASE_DETECTOR| ; 3 (2)             ; 0 (0)        ; 0           ; 0            ; 0       ; 0         ; 0    ; 0            ; |appendix_v_phase_counter_top|PHASE_ADDR_H_COMP:ADDR_H_PHASE_DETECTOR                                                              ; work         ;
;       |lpm_compare:ADDR_H_EQUALS_01_COMPARE| ; 1 (0)             ; 0 (0)        ; 0           ; 0            ; 0       ; 0         ; 0    ; 0            ; |appendix_v_phase_counter_top|PHASE_ADDR_H_COMP:ADDR_H_PHASE_DETECTOR|lpm_compare:ADDR_H_EQUALS_01_COMPARE                         ;              ;
;          |cmpr_pjk:auto_generated|           ; 1 (1)             ; 0 (0)        ; 0           ; 0            ; 0       ; 0         ; 0    ; 0            ; |appendix_v_phase_counter_top|PHASE_ADDR_H_COMP:ADDR_H_PHASE_DETECTOR|lpm_compare:ADDR_H_EQUALS_01_COMPARE|cmpr_pjk:auto_generated ; work         ;
;    |PHASE_ADDR_L_COMP:ADDR_L_PHASE_DETECTOR| ; 3 (2)             ; 0 (0)        ; 0           ; 0            ; 0       ; 0         ; 0    ; 0            ; |appendix_v_phase_counter_top|PHASE_ADDR_L_COMP:ADDR_L_PHASE_DETECTOR                                                              ;              ;
;       |lpm_compare:ADDR_L_EQUALS_11_COMPARE| ; 1 (0)             ; 0 (0)        ; 0           ; 0            ; 0       ; 0         ; 0    ; 0            ; |appendix_v_phase_counter_top|PHASE_ADDR_L_COMP:ADDR_L_PHASE_DETECTOR|lpm_compare:ADDR_L_EQUALS_11_COMPARE                         ; work         ;
;          |cmpr_pjk:auto_generated|           ; 1 (1)             ; 0 (0)        ; 0           ; 0            ; 0       ; 0         ; 0    ; 0            ; |appendix_v_phase_counter_top|PHASE_ADDR_L_COMP:ADDR_L_PHASE_DETECTOR|lpm_compare:ADDR_L_EQUALS_11_COMPARE|cmpr_pjk:auto_generated ; work         ;
;    |PHASE_EXEC_COMP:EXEC_PHASE_DETECTOR|     ; 3 (2)             ; 0 (0)        ; 0           ; 0            ; 0       ; 0         ; 0    ; 0            ; |appendix_v_phase_counter_top|PHASE_EXEC_COMP:EXEC_PHASE_DETECTOR                                                                  ;              ;
;       |lpm_compare:EXEC_EQUALS_10_COMPARE|   ; 1 (0)             ; 0 (0)        ; 0           ; 0            ; 0       ; 0         ; 0    ; 0            ; |appendix_v_phase_counter_top|PHASE_EXEC_COMP:EXEC_PHASE_DETECTOR|lpm_compare:EXEC_EQUALS_10_COMPARE                               ; work         ;
;          |cmpr_pjk:auto_generated|           ; 1 (1)             ; 0 (0)        ; 0           ; 0            ; 0       ; 0         ; 0    ; 0            ; |appendix_v_phase_counter_top|PHASE_EXEC_COMP:EXEC_PHASE_DETECTOR|lpm_compare:EXEC_EQUALS_10_COMPARE|cmpr_pjk:auto_generated       ; work         ;
;    |PHASE_FETCH_COMP:FETCH_PHASE_DETECTOR|   ; 3 (2)             ; 0 (0)        ; 0           ; 0            ; 0       ; 0         ; 0    ; 0            ; |appendix_v_phase_counter_top|PHASE_FETCH_COMP:FETCH_PHASE_DETECTOR                                                                ;              ;
;       |lpm_compare:FETCH_EQUALS_00_COMPARE|  ; 1 (0)             ; 0 (0)        ; 0           ; 0            ; 0       ; 0         ; 0    ; 0            ; |appendix_v_phase_counter_top|PHASE_FETCH_COMP:FETCH_PHASE_DETECTOR|lpm_compare:FETCH_EQUALS_00_COMPARE                            ; work         ;
;          |cmpr_pjk:auto_generated|           ; 1 (1)             ; 0 (0)        ; 0           ; 0            ; 0       ; 0         ; 0    ; 0            ; |appendix_v_phase_counter_top|PHASE_FETCH_COMP:FETCH_PHASE_DETECTOR|lpm_compare:FETCH_EQUALS_00_COMPARE|cmpr_pjk:auto_generated    ; work         ;
;    |Phase_Counter:PHASE_COUNTER_BLOCK|       ; 3 (0)             ; 2 (0)        ; 0           ; 0            ; 0       ; 0         ; 0    ; 0            ; |appendix_v_phase_counter_top|Phase_Counter:PHASE_COUNTER_BLOCK                                                                    ;              ;
;       |lpm_counter:TWO_BIT_PHASE_COUNTER|    ; 3 (0)             ; 2 (0)        ; 0           ; 0            ; 0       ; 0         ; 0    ; 0            ; |appendix_v_phase_counter_top|Phase_Counter:PHASE_COUNTER_BLOCK|lpm_counter:TWO_BIT_PHASE_COUNTER                                  ;              ;
;          |cntr_32k:auto_generated|           ; 3 (3)             ; 2 (2)        ; 0           ; 0            ; 0       ; 0         ; 0    ; 0            ; |appendix_v_phase_counter_top|Phase_Counter:PHASE_COUNTER_BLOCK|lpm_counter:TWO_BIT_PHASE_COUNTER|cntr_32k:auto_generated          ; work         ;
+----------------------------------------------+-------------------+--------------+-------------+--------------+---------+-----------+------+--------------+------------------------------------------------------------------------------------------------------------------------------------+--------------+
Note: For table entries with two numbers listed, the numbers in parentheses indicate the number of resources of the given type used by the specific entity alone. The numbers listed outside of parentheses indicate the total resources of the given type used by the specific entity and all of its sub-entities in the hierarchy.


+------------------------------------------------------+
; General Register Statistics                          ;
+----------------------------------------------+-------+
; Statistic                                    ; Value ;
+----------------------------------------------+-------+
; Total registers                              ; 2     ;
; Number of registers using Synchronous Clear  ; 0     ;
; Number of registers using Synchronous Load   ; 2     ;
; Number of registers using Asynchronous Clear ; 0     ;
; Number of registers using Asynchronous Load  ; 0     ;
; Number of registers using Clock Enable       ; 2     ;
; Number of registers using Preset             ; 0     ;
+----------------------------------------------+-------+


+------------------------------------------------------------------------+
; Source assignments for Top-level Entity: |appendix_v_phase_counter_top ;
+------------------------------+-------+------+--------------------------+
; Assignment                   ; Value ; From ; To                       ;
+------------------------------+-------+------+--------------------------+
; IGNORE_LCELL_BUFFERS         ; off   ; -    ; phase_data[1]            ;
; REMOVE_REDUNDANT_LOGIC_CELLS ; off   ; -    ; phase_data[1]            ;
; IGNORE_LCELL_BUFFERS         ; off   ; -    ; phase_data[0]            ;
; REMOVE_REDUNDANT_LOGIC_CELLS ; off   ; -    ; phase_data[0]            ;
+------------------------------+-------+------+--------------------------+


+--------------------------------------------------------------------------------------------+
; Source assignments for Phase_Counter:PHASE_COUNTER_BLOCK|LPM_COUNTER:TWO_BIT_PHASE_COUNTER ;
+---------------------------+-------+------+-------------------------------------------------+
; Assignment                ; Value ; From ; To                                              ;
+---------------------------+-------+------+-------------------------------------------------+
; SUPPRESS_DA_RULE_INTERNAL ; a101  ; -    ; -                                               ;
; SUPPRESS_DA_RULE_INTERNAL ; s102  ; -    ; -                                               ;
; SUPPRESS_DA_RULE_INTERNAL ; s103  ; -    ; -                                               ;
+---------------------------+-------+------+-------------------------------------------------+


+----------------------------------------------------------------------+
; Source assignments for PHASE_FETCH_COMP:FETCH_PHASE_DETECTOR         ;
+------------------------------+-------+------+------------------------+
; Assignment                   ; Value ; From ; To                     ;
+------------------------------+-------+------+------------------------+
; IGNORE_LCELL_BUFFERS         ; off   ; -    ; FETCH_PHASE_CODE_00[1] ;
; REMOVE_REDUNDANT_LOGIC_CELLS ; off   ; -    ; FETCH_PHASE_CODE_00[1] ;
; IGNORE_LCELL_BUFFERS         ; off   ; -    ; FETCH_PHASE_CODE_00[0] ;
; REMOVE_REDUNDANT_LOGIC_CELLS ; off   ; -    ; FETCH_PHASE_CODE_00[0] ;
+------------------------------+-------+------+------------------------+


+-----------------------------------------------------------------------+
; Source assignments for PHASE_ADDR_H_COMP:ADDR_H_PHASE_DETECTOR        ;
+------------------------------+-------+------+-------------------------+
; Assignment                   ; Value ; From ; To                      ;
+------------------------------+-------+------+-------------------------+
; IGNORE_LCELL_BUFFERS         ; off   ; -    ; ADDR_H_PHASE_CODE_01[1] ;
; REMOVE_REDUNDANT_LOGIC_CELLS ; off   ; -    ; ADDR_H_PHASE_CODE_01[1] ;
; IGNORE_LCELL_BUFFERS         ; off   ; -    ; ADDR_H_PHASE_CODE_01[0] ;
; REMOVE_REDUNDANT_LOGIC_CELLS ; off   ; -    ; ADDR_H_PHASE_CODE_01[0] ;
+------------------------------+-------+------+-------------------------+


+---------------------------------------------------------------------+
; Source assignments for PHASE_EXEC_COMP:EXEC_PHASE_DETECTOR          ;
+------------------------------+-------+------+-----------------------+
; Assignment                   ; Value ; From ; To                    ;
+------------------------------+-------+------+-----------------------+
; IGNORE_LCELL_BUFFERS         ; off   ; -    ; EXEC_PHASE_CODE_10[1] ;
; REMOVE_REDUNDANT_LOGIC_CELLS ; off   ; -    ; EXEC_PHASE_CODE_10[1] ;
; IGNORE_LCELL_BUFFERS         ; off   ; -    ; EXEC_PHASE_CODE_10[0] ;
; REMOVE_REDUNDANT_LOGIC_CELLS ; off   ; -    ; EXEC_PHASE_CODE_10[0] ;
+------------------------------+-------+------+-----------------------+


+-----------------------------------------------------------------------+
; Source assignments for PHASE_ADDR_L_COMP:ADDR_L_PHASE_DETECTOR        ;
+------------------------------+-------+------+-------------------------+
; Assignment                   ; Value ; From ; To                      ;
+------------------------------+-------+------+-------------------------+
; IGNORE_LCELL_BUFFERS         ; off   ; -    ; ADDR_L_PHASE_CODE_11[1] ;
; REMOVE_REDUNDANT_LOGIC_CELLS ; off   ; -    ; ADDR_L_PHASE_CODE_11[1] ;
; IGNORE_LCELL_BUFFERS         ; off   ; -    ; ADDR_L_PHASE_CODE_11[0] ;
; REMOVE_REDUNDANT_LOGIC_CELLS ; off   ; -    ; ADDR_L_PHASE_CODE_11[0] ;
+------------------------------+-------+------+-------------------------+


+------------------------------------------------------------------------------------------------------------------+
; Parameter Settings for User Entity Instance: Phase_Counter:PHASE_COUNTER_BLOCK|LPM_COUNTER:TWO_BIT_PHASE_COUNTER ;
+------------------------+-------------+---------------------------------------------------------------------------+
; Parameter Name         ; Value       ; Type                                                                      ;
+------------------------+-------------+---------------------------------------------------------------------------+
; AUTO_CARRY_CHAINS      ; ON          ; AUTO_CARRY                                                                ;
; IGNORE_CARRY_BUFFERS   ; OFF         ; IGNORE_CARRY                                                              ;
; AUTO_CASCADE_CHAINS    ; ON          ; AUTO_CASCADE                                                              ;
; IGNORE_CASCADE_BUFFERS ; OFF         ; IGNORE_CASCADE                                                            ;
; LPM_WIDTH              ; 2           ; Signed Integer                                                            ;
; LPM_DIRECTION          ; UP          ; Untyped                                                                   ;
; LPM_MODULUS            ; 4           ; Signed Integer                                                            ;
; LPM_AVALUE             ; UNUSED      ; Untyped                                                                   ;
; LPM_SVALUE             ; UNUSED      ; Untyped                                                                   ;
; LPM_PORT_UPDOWN        ; PORT_UNUSED ; Untyped                                                                   ;
; DEVICE_FAMILY          ; Cyclone II  ; Untyped                                                                   ;
; CARRY_CHAIN            ; MANUAL      ; Untyped                                                                   ;
; CARRY_CHAIN_LENGTH     ; 48          ; CARRY_CHAIN_LENGTH                                                        ;
; NOT_GATE_PUSH_BACK     ; ON          ; NOT_GATE_PUSH_BACK                                                        ;
; CARRY_CNT_EN           ; SMART       ; Untyped                                                                   ;
; LABWIDE_SCLR           ; ON          ; Untyped                                                                   ;
; USE_NEW_VERSION        ; TRUE        ; Untyped                                                                   ;
; CBXI_PARAMETER         ; cntr_32k    ; Untyped                                                                   ;
+------------------------+-------------+---------------------------------------------------------------------------+
Note: In order to hide this table in the UI and the text report file, please set the "Show Parameter Settings Tables in Synthesis Report" option in "Analysis and Synthesis Settings -> More Settings" to "Off".


+------------------------------------------------------------------------------------------------------------------------+
; Parameter Settings for User Entity Instance: PHASE_FETCH_COMP:FETCH_PHASE_DETECTOR|LPM_COMPARE:FETCH_EQUALS_00_COMPARE ;
+------------------------+------------+----------------------------------------------------------------------------------+
; Parameter Name         ; Value      ; Type                                                                             ;
+------------------------+------------+----------------------------------------------------------------------------------+
; lpm_width              ; 2          ; Signed Integer                                                                   ;
; LPM_REPRESENTATION     ; UNSIGNED   ; Untyped                                                                          ;
; LPM_PIPELINE           ; 0          ; Signed Integer                                                                   ;
; CHAIN_SIZE             ; 8          ; Untyped                                                                          ;
; ONE_INPUT_IS_CONSTANT  ; YES        ; Untyped                                                                          ;
; CARRY_CHAIN            ; MANUAL     ; Untyped                                                                          ;
; CASCADE_CHAIN          ; MANUAL     ; Untyped                                                                          ;
; CARRY_CHAIN_LENGTH     ; 48         ; CARRY_CHAIN_LENGTH                                                               ;
; CASCADE_CHAIN_LENGTH   ; 2          ; CASCADE_CHAIN_LENGTH                                                             ;
; DEVICE_FAMILY          ; Cyclone II ; Untyped                                                                          ;
; CBXI_PARAMETER         ; cmpr_pjk   ; Untyped                                                                          ;
; AUTO_CARRY_CHAINS      ; ON         ; AUTO_CARRY                                                                       ;
; IGNORE_CARRY_BUFFERS   ; OFF        ; IGNORE_CARRY                                                                     ;
; AUTO_CASCADE_CHAINS    ; ON         ; AUTO_CASCADE                                                                     ;
; IGNORE_CASCADE_BUFFERS ; OFF        ; IGNORE_CASCADE                                                                   ;
+------------------------+------------+----------------------------------------------------------------------------------+
Note: In order to hide this table in the UI and the text report file, please set the "Show Parameter Settings Tables in Synthesis Report" option in "Analysis and Synthesis Settings -> More Settings" to "Off".


+---------------------------------------------------------------------------------------------------------------------------+
; Parameter Settings for User Entity Instance: PHASE_ADDR_H_COMP:ADDR_H_PHASE_DETECTOR|LPM_COMPARE:ADDR_H_EQUALS_01_COMPARE ;
+------------------------+------------+-------------------------------------------------------------------------------------+
; Parameter Name         ; Value      ; Type                                                                                ;
+------------------------+------------+-------------------------------------------------------------------------------------+
; lpm_width              ; 2          ; Signed Integer                                                                      ;
; LPM_REPRESENTATION     ; UNSIGNED   ; Untyped                                                                             ;
; LPM_PIPELINE           ; 0          ; Signed Integer                                                                      ;
; CHAIN_SIZE             ; 8          ; Untyped                                                                             ;
; ONE_INPUT_IS_CONSTANT  ; YES        ; Untyped                                                                             ;
; CARRY_CHAIN            ; MANUAL     ; Untyped                                                                             ;
; CASCADE_CHAIN          ; MANUAL     ; Untyped                                                                             ;
; CARRY_CHAIN_LENGTH     ; 48         ; CARRY_CHAIN_LENGTH                                                                  ;
; CASCADE_CHAIN_LENGTH   ; 2          ; CASCADE_CHAIN_LENGTH                                                                ;
; DEVICE_FAMILY          ; Cyclone II ; Untyped                                                                             ;
; CBXI_PARAMETER         ; cmpr_pjk   ; Untyped                                                                             ;
; AUTO_CARRY_CHAINS      ; ON         ; AUTO_CARRY                                                                          ;
; IGNORE_CARRY_BUFFERS   ; OFF        ; IGNORE_CARRY                                                                        ;
; AUTO_CASCADE_CHAINS    ; ON         ; AUTO_CASCADE                                                                        ;
; IGNORE_CASCADE_BUFFERS ; OFF        ; IGNORE_CASCADE                                                                      ;
+------------------------+------------+-------------------------------------------------------------------------------------+
Note: In order to hide this table in the UI and the text report file, please set the "Show Parameter Settings Tables in Synthesis Report" option in "Analysis and Synthesis Settings -> More Settings" to "Off".


+---------------------------------------------------------------------------------------------------------------------+
; Parameter Settings for User Entity Instance: PHASE_EXEC_COMP:EXEC_PHASE_DETECTOR|LPM_COMPARE:EXEC_EQUALS_10_COMPARE ;
+------------------------+------------+-------------------------------------------------------------------------------+
; Parameter Name         ; Value      ; Type                                                                          ;
+------------------------+------------+-------------------------------------------------------------------------------+
; lpm_width              ; 2          ; Signed Integer                                                                ;
; LPM_REPRESENTATION     ; UNSIGNED   ; Untyped                                                                       ;
; LPM_PIPELINE           ; 0          ; Signed Integer                                                                ;
; CHAIN_SIZE             ; 8          ; Untyped                                                                       ;
; ONE_INPUT_IS_CONSTANT  ; YES        ; Untyped                                                                       ;
; CARRY_CHAIN            ; MANUAL     ; Untyped                                                                       ;
; CASCADE_CHAIN          ; MANUAL     ; Untyped                                                                       ;
; CARRY_CHAIN_LENGTH     ; 48         ; CARRY_CHAIN_LENGTH                                                            ;
; CASCADE_CHAIN_LENGTH   ; 2          ; CASCADE_CHAIN_LENGTH                                                          ;
; DEVICE_FAMILY          ; Cyclone II ; Untyped                                                                       ;
; CBXI_PARAMETER         ; cmpr_pjk   ; Untyped                                                                       ;
; AUTO_CARRY_CHAINS      ; ON         ; AUTO_CARRY                                                                    ;
; IGNORE_CARRY_BUFFERS   ; OFF        ; IGNORE_CARRY                                                                  ;
; AUTO_CASCADE_CHAINS    ; ON         ; AUTO_CASCADE                                                                  ;
; IGNORE_CASCADE_BUFFERS ; OFF        ; IGNORE_CASCADE                                                                ;
+------------------------+------------+-------------------------------------------------------------------------------+
Note: In order to hide this table in the UI and the text report file, please set the "Show Parameter Settings Tables in Synthesis Report" option in "Analysis and Synthesis Settings -> More Settings" to "Off".


+---------------------------------------------------------------------------------------------------------------------------+
; Parameter Settings for User Entity Instance: PHASE_ADDR_L_COMP:ADDR_L_PHASE_DETECTOR|LPM_COMPARE:ADDR_L_EQUALS_11_COMPARE ;
+------------------------+------------+-------------------------------------------------------------------------------------+
; Parameter Name         ; Value      ; Type                                                                                ;
+------------------------+------------+-------------------------------------------------------------------------------------+
; lpm_width              ; 2          ; Signed Integer                                                                      ;
; LPM_REPRESENTATION     ; UNSIGNED   ; Untyped                                                                             ;
; LPM_PIPELINE           ; 0          ; Signed Integer                                                                      ;
; CHAIN_SIZE             ; 8          ; Untyped                                                                             ;
; ONE_INPUT_IS_CONSTANT  ; YES        ; Untyped                                                                             ;
; CARRY_CHAIN            ; MANUAL     ; Untyped                                                                             ;
; CASCADE_CHAIN          ; MANUAL     ; Untyped                                                                             ;
; CARRY_CHAIN_LENGTH     ; 48         ; CARRY_CHAIN_LENGTH                                                                  ;
; CASCADE_CHAIN_LENGTH   ; 2          ; CASCADE_CHAIN_LENGTH                                                                ;
; DEVICE_FAMILY          ; Cyclone II ; Untyped                                                                             ;
; CBXI_PARAMETER         ; cmpr_pjk   ; Untyped                                                                             ;
; AUTO_CARRY_CHAINS      ; ON         ; AUTO_CARRY                                                                          ;
; IGNORE_CARRY_BUFFERS   ; OFF        ; IGNORE_CARRY                                                                        ;
; AUTO_CASCADE_CHAINS    ; ON         ; AUTO_CASCADE                                                                        ;
; IGNORE_CASCADE_BUFFERS ; OFF        ; IGNORE_CASCADE                                                                      ;
+------------------------+------------+-------------------------------------------------------------------------------------+
Note: In order to hide this table in the UI and the text report file, please set the "Show Parameter Settings Tables in Synthesis Report" option in "Analysis and Synthesis Settings -> More Settings" to "Off".


+-------------------------------+
; Analysis & Synthesis Messages ;
+-------------------------------+
Info: *******************************************************************
Info: Running Quartus II Analysis & Synthesis
    Info: Version 9.1 Build 222 10/21/2009 SJ Web Edition
    Info: Copyright (C) 1991-2009 Altera Corporation. All rights reserved.
    Info: Your use of Altera Corporation's design tools, logic functions 
    Info: and other software and tools, and its AMPP partner logic 
    Info: functions, and any output files from any of the foregoing 
    Info: (including device programming or simulation files), and any 
    Info: associated documentation or information are expressly subject 
    Info: to the terms and conditions of the Altera Program License 
    Info: Subscription Agreement, Altera MegaCore Function License 
    Info: Agreement, or other applicable license agreement, including, 
    Info: without limitation, that your use is for the sole purpose of 
    Info: programming logic devices manufactured by Altera and sold by 
    Info: Altera or its authorized distributors.  Please refer to the 
    Info: applicable agreement for further details.
    Info: Processing started: Fri May 22 20:30:23 2026
Info: Command: quartus_map --read_settings_files=on --write_settings_files=off appendix_v_phase_counter -c appendix_v_phase_counter
Info: Found 12 design units, including 6 entities, in source file /git/sifovm/coursework_project/rtl_schemes/appendix_v_phase_counter/src/appendix_v_phase_counter_top.vhd
    Info: Found design unit 1: Phase_Counter-structural
    Info: Found design unit 2: PHASE_FETCH_COMP-structural
    Info: Found design unit 3: PHASE_ADDR_H_COMP-structural
    Info: Found design unit 4: PHASE_EXEC_COMP-structural
    Info: Found design unit 5: PHASE_ADDR_L_COMP-structural
    Info: Found design unit 6: appendix_v_phase_counter_top-structural
    Info: Found entity 1: Phase_Counter
    Info: Found entity 2: PHASE_FETCH_COMP
    Info: Found entity 3: PHASE_ADDR_H_COMP
    Info: Found entity 4: PHASE_EXEC_COMP
    Info: Found entity 5: PHASE_ADDR_L_COMP
    Info: Found entity 6: appendix_v_phase_counter_top
Info: Elaborating entity "appendix_v_phase_counter_top" for the top level hierarchy
Info: Elaborating entity "Phase_Counter" for hierarchy "Phase_Counter:PHASE_COUNTER_BLOCK"
Info: Elaborating entity "LPM_COUNTER" for hierarchy "Phase_Counter:PHASE_COUNTER_BLOCK|LPM_COUNTER:TWO_BIT_PHASE_COUNTER"
Info: Elaborated megafunction instantiation "Phase_Counter:PHASE_COUNTER_BLOCK|LPM_COUNTER:TWO_BIT_PHASE_COUNTER"
Info: Instantiated megafunction "Phase_Counter:PHASE_COUNTER_BLOCK|LPM_COUNTER:TWO_BIT_PHASE_COUNTER" with the following parameter:
    Info: Parameter "LPM_WIDTH" = "2"
    Info: Parameter "LPM_MODULUS" = "4"
    Info: Parameter "LPM_DIRECTION" = "UP"
    Info: Parameter "LPM_AVALUE" = "UNUSED"
    Info: Parameter "LPM_SVALUE" = "UNUSED"
    Info: Parameter "LPM_PORT_UPDOWN" = "PORT_UNUSED"
    Info: Parameter "LPM_PVALUE" = "UNUSED"
    Info: Parameter "LPM_TYPE" = "LPM_COUNTER"
    Info: Parameter "LPM_HINT" = "UNUSED"
Info: Found 1 design units, including 1 entities, in source file db/cntr_32k.tdf
    Info: Found entity 1: cntr_32k
Info: Elaborating entity "cntr_32k" for hierarchy "Phase_Counter:PHASE_COUNTER_BLOCK|LPM_COUNTER:TWO_BIT_PHASE_COUNTER|cntr_32k:auto_generated"
Info: Elaborating entity "PHASE_FETCH_COMP" for hierarchy "PHASE_FETCH_COMP:FETCH_PHASE_DETECTOR"
Info: Elaborating entity "LPM_COMPARE" for hierarchy "PHASE_FETCH_COMP:FETCH_PHASE_DETECTOR|LPM_COMPARE:FETCH_EQUALS_00_COMPARE"
Info: Elaborated megafunction instantiation "PHASE_FETCH_COMP:FETCH_PHASE_DETECTOR|LPM_COMPARE:FETCH_EQUALS_00_COMPARE"
Info: Instantiated megafunction "PHASE_FETCH_COMP:FETCH_PHASE_DETECTOR|LPM_COMPARE:FETCH_EQUALS_00_COMPARE" with the following parameter:
    Info: Parameter "LPM_WIDTH" = "2"
    Info: Parameter "LPM_REPRESENTATION" = "UNSIGNED"
    Info: Parameter "LPM_PIPELINE" = "0"
    Info: Parameter "LPM_TYPE" = "LPM_COMPARE"
    Info: Parameter "LPM_HINT" = "ONE_INPUT_IS_CONSTANT=YES"
Info: Found 1 design units, including 1 entities, in source file db/cmpr_pjk.tdf
    Info: Found entity 1: cmpr_pjk
Info: Elaborating entity "cmpr_pjk" for hierarchy "PHASE_FETCH_COMP:FETCH_PHASE_DETECTOR|LPM_COMPARE:FETCH_EQUALS_00_COMPARE|cmpr_pjk:auto_generated"
Info: Elaborating entity "PHASE_ADDR_H_COMP" for hierarchy "PHASE_ADDR_H_COMP:ADDR_H_PHASE_DETECTOR"
Info: Elaborating entity "PHASE_EXEC_COMP" for hierarchy "PHASE_EXEC_COMP:EXEC_PHASE_DETECTOR"
Info: Elaborating entity "PHASE_ADDR_L_COMP" for hierarchy "PHASE_ADDR_L_COMP:ADDR_L_PHASE_DETECTOR"
Info: Found the following redundant logic cells in design
    Info (17048): Logic cell "phase_data[0]"
    Info (17048): Logic cell "PHASE_FETCH_COMP:FETCH_PHASE_DETECTOR|FETCH_PHASE_CODE_00[0]"
    Info (17048): Logic cell "phase_data[1]"
    Info (17048): Logic cell "PHASE_FETCH_COMP:FETCH_PHASE_DETECTOR|FETCH_PHASE_CODE_00[1]"
    Info (17048): Logic cell "PHASE_ADDR_H_COMP:ADDR_H_PHASE_DETECTOR|ADDR_H_PHASE_CODE_01[0]"
    Info (17048): Logic cell "PHASE_ADDR_H_COMP:ADDR_H_PHASE_DETECTOR|ADDR_H_PHASE_CODE_01[1]"
    Info (17048): Logic cell "PHASE_EXEC_COMP:EXEC_PHASE_DETECTOR|EXEC_PHASE_CODE_10[0]"
    Info (17048): Logic cell "PHASE_EXEC_COMP:EXEC_PHASE_DETECTOR|EXEC_PHASE_CODE_10[1]"
    Info (17048): Logic cell "PHASE_ADDR_L_COMP:ADDR_L_PHASE_DETECTOR|ADDR_L_PHASE_CODE_11[0]"
    Info (17048): Logic cell "PHASE_ADDR_L_COMP:ADDR_L_PHASE_DETECTOR|ADDR_L_PHASE_CODE_11[1]"
Info: Implemented 25 device resources after synthesis - the final resource count might be different
    Info: Implemented 3 input pins
    Info: Implemented 4 output pins
    Info: Implemented 18 logic cells
Info: Quartus II Analysis & Synthesis was successful. 0 errors, 0 warnings
    Info: Peak virtual memory: 250 megabytes
    Info: Processing ended: Fri May 22 20:30:24 2026
    Info: Elapsed time: 00:00:01
    Info: Total CPU time (on all processors): 00:00:01


