Analysis & Synthesis report for lab7_bus_arbiter
Sun May 17 17:15:22 2026
Quartus II Version 9.1 Build 222 10/21/2009 SJ Web Edition


---------------------
; Table of Contents ;
---------------------
  1. Legal Notice
  2. Analysis & Synthesis Summary
  3. Analysis & Synthesis Settings
  4. Parallel Compilation
  5. Analysis & Synthesis Source Files Read
  6. Analysis & Synthesis Resource Usage Summary
  7. Analysis & Synthesis Resource Utilization by Entity
  8. Registers Removed During Synthesis
  9. General Register Statistics
 10. Multiplexer Restructuring Statistics (Restructuring Performed)
 11. Parameter Settings for User Entity Instance: lab7_bus_top:U_BUS_SYSTEM|master_device:U_MASTER0
 12. Parameter Settings for User Entity Instance: lab7_bus_top:U_BUS_SYSTEM|master_device:U_MASTER1
 13. Parameter Settings for User Entity Instance: lab7_bus_top:U_BUS_SYSTEM|master_device:U_MASTER2
 14. Parameter Settings for User Entity Instance: lab7_bus_top:U_BUS_SYSTEM|master_device:U_MASTER3
 15. Parameter Settings for User Entity Instance: lab7_bus_top:U_BUS_SYSTEM|bus_arbiter_parallel_quantum:U_ARBITER
 16. Port Connectivity Checks: "lab7_bus_top:U_BUS_SYSTEM|bus_arbiter_parallel_quantum:U_ARBITER"
 17. Analysis & Synthesis Messages



----------------
; Legal Notice ;
----------------
Copyright (C) 1991-2009 Altera Corporation
Your use of Altera Corporation's design tools, logic functions 
and other software and tools, and its AMPP partner logic 
functions, and any output files from any of the foregoing 
(including device programming or simulation files), and any 
associated documentation or information are expressly subject 
to the terms and conditions of the Altera Program License 
Subscription Agreement, Altera MegaCore Function License 
Agreement, or other applicable license agreement, including, 
without limitation, that your use is for the sole purpose of 
programming logic devices manufactured by Altera and sold by 
Altera or its authorized distributors.  Please refer to the 
applicable agreement for further details.



+-------------------------------------------------------------------------+
; Analysis & Synthesis Summary                                            ;
+-------------------------------+-----------------------------------------+
; Analysis & Synthesis Status   ; Successful - Sun May 17 17:15:22 2026   ;
; Quartus II Version            ; 9.1 Build 222 10/21/2009 SJ Web Edition ;
; Revision Name                 ; lab7_bus_arbiter                        ;
; Top-level Entity Name         ; lab7_bus_rtl_view_top                   ;
; Family                        ; Stratix II                              ;
; Logic utilization             ; N/A                                     ;
;     Combinational ALUTs       ; 34                                      ;
;     Dedicated logic registers ; 19                                      ;
; Total registers               ; 19                                      ;
; Total pins                    ; 49                                      ;
; Total virtual pins            ; 0                                       ;
; Total block memory bits       ; 0                                       ;
; DSP block 9-bit elements      ; 0                                       ;
; Total PLLs                    ; 0                                       ;
; Total DLLs                    ; 0                                       ;
+-------------------------------+-----------------------------------------+


+-------------------------------------------------------------------------------------------------------------------------+
; Analysis & Synthesis Settings                                                                                           ;
+----------------------------------------------------------------------------+-----------------------+--------------------+
; Option                                                                     ; Setting               ; Default Value      ;
+----------------------------------------------------------------------------+-----------------------+--------------------+
; Top-level entity name                                                      ; lab7_bus_rtl_view_top ; lab7_bus_arbiter   ;
; Family name                                                                ; Stratix II            ; Stratix II         ;
; Use smart compilation                                                      ; Off                   ; Off                ;
; Enable parallel Assembler and TimeQuest Timing Analyzer during compilation ; On                    ; On                 ;
; Enable compact report table                                                ; Off                   ; Off                ;
; Restructure Multiplexers                                                   ; Auto                  ; Auto               ;
; Create Debugging Nodes for IP Cores                                        ; Off                   ; Off                ;
; Preserve fewer node names                                                  ; On                    ; On                 ;
; Disable OpenCore Plus hardware evaluation                                  ; Off                   ; Off                ;
; Verilog Version                                                            ; Verilog_2001          ; Verilog_2001       ;
; VHDL Version                                                               ; VHDL_1993             ; VHDL_1993          ;
; State Machine Processing                                                   ; Auto                  ; Auto               ;
; Safe State Machine                                                         ; Off                   ; Off                ;
; Extract Verilog State Machines                                             ; On                    ; On                 ;
; Extract VHDL State Machines                                                ; On                    ; On                 ;
; Ignore Verilog initial constructs                                          ; Off                   ; Off                ;
; Iteration limit for constant Verilog loops                                 ; 5000                  ; 5000               ;
; Iteration limit for non-constant Verilog loops                             ; 250                   ; 250                ;
; Add Pass-Through Logic to Inferred RAMs                                    ; On                    ; On                 ;
; Parallel Synthesis                                                         ; On                    ; On                 ;
; DSP Block Balancing                                                        ; Auto                  ; Auto               ;
; NOT Gate Push-Back                                                         ; On                    ; On                 ;
; Power-Up Don't Care                                                        ; On                    ; On                 ;
; Remove Redundant Logic Cells                                               ; Off                   ; Off                ;
; Remove Duplicate Registers                                                 ; On                    ; On                 ;
; Ignore CARRY Buffers                                                       ; Off                   ; Off                ;
; Ignore CASCADE Buffers                                                     ; Off                   ; Off                ;
; Ignore GLOBAL Buffers                                                      ; Off                   ; Off                ;
; Ignore ROW GLOBAL Buffers                                                  ; Off                   ; Off                ;
; Ignore LCELL Buffers                                                       ; Off                   ; Off                ;
; Ignore SOFT Buffers                                                        ; On                    ; On                 ;
; Limit AHDL Integers to 32 Bits                                             ; Off                   ; Off                ;
; Optimization Technique                                                     ; Balanced              ; Balanced           ;
; Carry Chain Length                                                         ; 70                    ; 70                 ;
; Auto Carry Chains                                                          ; On                    ; On                 ;
; Auto Open-Drain Pins                                                       ; On                    ; On                 ;
; Perform WYSIWYG Primitive Resynthesis                                      ; Off                   ; Off                ;
; Auto ROM Replacement                                                       ; On                    ; On                 ;
; Auto RAM Replacement                                                       ; On                    ; On                 ;
; Auto DSP Block Replacement                                                 ; On                    ; On                 ;
; Auto Shift Register Replacement                                            ; Auto                  ; Auto               ;
; Auto Clock Enable Replacement                                              ; On                    ; On                 ;
; Strict RAM Replacement                                                     ; Off                   ; Off                ;
; Allow Synchronous Control Signals                                          ; On                    ; On                 ;
; Force Use of Synchronous Clear Signals                                     ; Off                   ; Off                ;
; Auto RAM Block Balancing                                                   ; On                    ; On                 ;
; Auto RAM to Logic Cell Conversion                                          ; Off                   ; Off                ;
; Auto Resource Sharing                                                      ; Off                   ; Off                ;
; Allow Any RAM Size For Recognition                                         ; Off                   ; Off                ;
; Allow Any ROM Size For Recognition                                         ; Off                   ; Off                ;
; Allow Any Shift Register Size For Recognition                              ; Off                   ; Off                ;
; Use LogicLock Constraints during Resource Balancing                        ; On                    ; On                 ;
; Ignore translate_off and synthesis_off directives                          ; Off                   ; Off                ;
; Timing-Driven Synthesis                                                    ; Off                   ; Off                ;
; Show Parameter Settings Tables in Synthesis Report                         ; On                    ; On                 ;
; Ignore Maximum Fan-Out Assignments                                         ; Off                   ; Off                ;
; Synchronization Register Chain Length                                      ; 2                     ; 2                  ;
; PowerPlay Power Optimization                                               ; Normal compilation    ; Normal compilation ;
; HDL message level                                                          ; Level2                ; Level2             ;
; Suppress Register Optimization Related Messages                            ; Off                   ; Off                ;
; Number of Removed Registers Reported in Synthesis Report                   ; 100                   ; 100                ;
; Number of Inverted Registers Reported in Synthesis Report                  ; 100                   ; 100                ;
; Clock MUX Protection                                                       ; On                    ; On                 ;
; Auto Gated Clock Conversion                                                ; Off                   ; Off                ;
; Block Design Naming                                                        ; Auto                  ; Auto               ;
; SDC constraint protection                                                  ; Off                   ; Off                ;
; Synthesis Effort                                                           ; Auto                  ; Auto               ;
; Shift Register Replacement - Allow Asynchronous Clear Signal               ; On                    ; On                 ;
; Analysis & Synthesis Message Level                                         ; Medium                ; Medium             ;
; Disable Register Merging Across Hierarchies                                ; Auto                  ; Auto               ;
; Resource Aware Inference For Block RAM                                     ; On                    ; On                 ;
+----------------------------------------------------------------------------+-----------------------+--------------------+


Parallel compilation was disabled, but you have multiple processors available. Enable parallel compilation to reduce compilation time.
+-------------------------------------+
; Parallel Compilation                ;
+----------------------------+--------+
; Processors                 ; Number ;
+----------------------------+--------+
; Number detected on machine ; 12     ;
; Maximum allowed            ; 1      ;
+----------------------------+--------+


+-------------------------------------------------------------------------------------------------------------------------------------------------------------------------+
; Analysis & Synthesis Source Files Read                                                                                                                                  ;
+-----------------------------------------+-----------------+-----------------+-------------------------------------------------------------------------------------------+
; File Name with User-Entered Path        ; Used in Netlist ; File Type       ; File Name with Absolute Path                                                              ;
+-----------------------------------------+-----------------+-----------------+-------------------------------------------------------------------------------------------+
; ../../common/lab_variant_pkg.vhd        ; yes             ; User VHDL File  ; D:/git/sifovm/LABS/student_labs_5_8/common/lab_variant_pkg.vhd                            ;
; ../src/master_device.vhd                ; yes             ; User VHDL File  ; D:/git/sifovm/LABS/student_labs_5_8/lab7_bus_arbiter/src/master_device.vhd                ;
; ../src/bus_arbiter_parallel_quantum.vhd ; yes             ; User VHDL File  ; D:/git/sifovm/LABS/student_labs_5_8/lab7_bus_arbiter/src/bus_arbiter_parallel_quantum.vhd ;
; ../src/bus_mux_4.vhd                    ; yes             ; User VHDL File  ; D:/git/sifovm/LABS/student_labs_5_8/lab7_bus_arbiter/src/bus_mux_4.vhd                    ;
; ../src/slave_sync.vhd                   ; yes             ; User VHDL File  ; D:/git/sifovm/LABS/student_labs_5_8/lab7_bus_arbiter/src/slave_sync.vhd                   ;
; ../src/lab7_bus_top.vhd                 ; yes             ; User VHDL File  ; D:/git/sifovm/LABS/student_labs_5_8/lab7_bus_arbiter/src/lab7_bus_top.vhd                 ;
; ../src/lab7_bus_rtl_view_top.vhd        ; yes             ; User VHDL File  ; D:/git/sifovm/LABS/student_labs_5_8/lab7_bus_arbiter/src/lab7_bus_rtl_view_top.vhd        ;
+-----------------------------------------+-----------------+-----------------+-------------------------------------------------------------------------------------------+


+---------------------------------------------------------+
; Analysis & Synthesis Resource Usage Summary             ;
+-----------------------------------------------+---------+
; Resource                                      ; Usage   ;
+-----------------------------------------------+---------+
; Estimated ALUTs Used                          ; 34      ;
; Dedicated logic registers                     ; 19      ;
;                                               ;         ;
; Estimated ALUTs Unavailable                   ; 3       ;
;                                               ;         ;
; Total combinational functions                 ; 34      ;
; Combinational ALUT usage by number of inputs  ;         ;
;     -- 7 input functions                      ; 0       ;
;     -- 6 input functions                      ; 3       ;
;     -- 5 input functions                      ; 4       ;
;     -- 4 input functions                      ; 10      ;
;     -- <=3 input functions                    ; 17      ;
;                                               ;         ;
; Combinational ALUTs by mode                   ;         ;
;     -- normal mode                            ; 26      ;
;     -- extended LUT mode                      ; 0       ;
;     -- arithmetic mode                        ; 8       ;
;     -- shared arithmetic mode                 ; 0       ;
;                                               ;         ;
; Estimated ALUT/register pairs used            ; 37      ;
;                                               ;         ;
; Total registers                               ; 19      ;
;     -- Dedicated logic registers              ; 19      ;
;     -- I/O registers                          ; 0       ;
;                                               ;         ;
; Estimated ALMs:  partially or completely used ; 19      ;
;                                               ;         ;
; I/O pins                                      ; 49      ;
; Maximum fan-out node                          ; reset_i ;
; Maximum fan-out                               ; 20      ;
; Total fan-out                                 ; 213     ;
; Average fan-out                               ; 2.09    ;
+-----------------------------------------------+---------+


+---------------------------------------------------------------------------------------------------------------------------------------------------------------------------------------------------------------------------------------------------------------------------------------+
; Analysis & Synthesis Resource Utilization by Entity                                                                                                                                                                                                                                   ;
+------------------------------------------------+-------------------+--------------+-------------------+--------------+---------+-----------+-----------+------+--------------+-----------------------------------------------------------------------------------------+--------------+
; Compilation Hierarchy Node                     ; LC Combinationals ; LC Registers ; Block Memory Bits ; DSP Elements ; DSP 9x9 ; DSP 18x18 ; DSP 36x36 ; Pins ; Virtual Pins ; Full Hierarchy Name                                                                     ; Library Name ;
+------------------------------------------------+-------------------+--------------+-------------------+--------------+---------+-----------+-----------+------+--------------+-----------------------------------------------------------------------------------------+--------------+
; |lab7_bus_rtl_view_top                         ; 34 (0)            ; 19 (0)       ; 0                 ; 0            ; 0       ; 0         ; 0         ; 49   ; 0            ; |lab7_bus_rtl_view_top                                                                  ; work         ;
;    |lab7_bus_top:U_BUS_SYSTEM|                 ; 34 (0)            ; 19 (0)       ; 0                 ; 0            ; 0       ; 0         ; 0         ; 0    ; 0            ; |lab7_bus_rtl_view_top|lab7_bus_top:U_BUS_SYSTEM                                        ;              ;
;       |bus_arbiter_parallel_quantum:U_ARBITER| ; 11 (11)           ; 3 (3)        ; 0                 ; 0            ; 0       ; 0         ; 0         ; 0    ; 0            ; |lab7_bus_rtl_view_top|lab7_bus_top:U_BUS_SYSTEM|bus_arbiter_parallel_quantum:U_ARBITER ; work         ;
;       |bus_mux_4:U_BUS|                        ; 1 (1)             ; 0 (0)        ; 0                 ; 0            ; 0       ; 0         ; 0         ; 0    ; 0            ; |lab7_bus_rtl_view_top|lab7_bus_top:U_BUS_SYSTEM|bus_mux_4:U_BUS                        ; work         ;
;       |master_device:U_MASTER0|                ; 12 (12)           ; 1 (1)        ; 0                 ; 0            ; 0       ; 0         ; 0         ; 0    ; 0            ; |lab7_bus_rtl_view_top|lab7_bus_top:U_BUS_SYSTEM|master_device:U_MASTER0                ; work         ;
;       |master_device:U_MASTER1|                ; 2 (2)             ; 1 (1)        ; 0                 ; 0            ; 0       ; 0         ; 0         ; 0    ; 0            ; |lab7_bus_rtl_view_top|lab7_bus_top:U_BUS_SYSTEM|master_device:U_MASTER1                ; work         ;
;       |master_device:U_MASTER2|                ; 2 (2)             ; 1 (1)        ; 0                 ; 0            ; 0       ; 0         ; 0         ; 0    ; 0            ; |lab7_bus_rtl_view_top|lab7_bus_top:U_BUS_SYSTEM|master_device:U_MASTER2                ; work         ;
;       |master_device:U_MASTER3|                ; 2 (2)             ; 9 (9)        ; 0                 ; 0            ; 0       ; 0         ; 0         ; 0    ; 0            ; |lab7_bus_rtl_view_top|lab7_bus_top:U_BUS_SYSTEM|master_device:U_MASTER3                ; work         ;
;       |slave_sync:U_SLAVE|                     ; 4 (4)             ; 4 (4)        ; 0                 ; 0            ; 0       ; 0         ; 0         ; 0    ; 0            ; |lab7_bus_rtl_view_top|lab7_bus_top:U_BUS_SYSTEM|slave_sync:U_SLAVE                     ; work         ;
+------------------------------------------------+-------------------+--------------+-------------------+--------------+---------+-----------+-----------+------+--------------+-----------------------------------------------------------------------------------------+--------------+
Note: For table entries with two numbers listed, the numbers in parentheses indicate the number of resources of the given type used by the specific entity alone. The numbers listed outside of parentheses indicate the total resources of the given type used by the specific entity and all of its sub-entities in the hierarchy.


+-----------------------------------------------------------------------------------------------------------------------------------------+
; Registers Removed During Synthesis                                                                                                      ;
+--------------------------------------------------------------+--------------------------------------------------------------------------+
; Register name                                                ; Reason for Removal                                                       ;
+--------------------------------------------------------------+--------------------------------------------------------------------------+
; lab7_bus_top:U_BUS_SYSTEM|slave_sync:U_SLAVE|data_r[4,8,12]  ; Merged with lab7_bus_top:U_BUS_SYSTEM|slave_sync:U_SLAVE|data_r[0]       ;
; lab7_bus_top:U_BUS_SYSTEM|slave_sync:U_SLAVE|data_r[5,9,13]  ; Merged with lab7_bus_top:U_BUS_SYSTEM|slave_sync:U_SLAVE|data_r[1]       ;
; lab7_bus_top:U_BUS_SYSTEM|slave_sync:U_SLAVE|data_r[6,10,14] ; Merged with lab7_bus_top:U_BUS_SYSTEM|slave_sync:U_SLAVE|data_r[2]       ;
; lab7_bus_top:U_BUS_SYSTEM|slave_sync:U_SLAVE|data_r[7,11,15] ; Merged with lab7_bus_top:U_BUS_SYSTEM|slave_sync:U_SLAVE|data_r[3]       ;
; lab7_bus_top:U_BUS_SYSTEM|slave_sync:U_SLAVE|data_r[3]       ; Stuck at GND due to stuck port data_in                                   ;
; lab7_bus_top:U_BUS_SYSTEM|master_device:U_MASTER0|cycle_r[0] ; Merged with lab7_bus_top:U_BUS_SYSTEM|master_device:U_MASTER3|cycle_r[0] ;
; lab7_bus_top:U_BUS_SYSTEM|master_device:U_MASTER1|cycle_r[0] ; Merged with lab7_bus_top:U_BUS_SYSTEM|master_device:U_MASTER3|cycle_r[0] ;
; lab7_bus_top:U_BUS_SYSTEM|master_device:U_MASTER2|cycle_r[0] ; Merged with lab7_bus_top:U_BUS_SYSTEM|master_device:U_MASTER3|cycle_r[0] ;
; lab7_bus_top:U_BUS_SYSTEM|master_device:U_MASTER0|cycle_r[1] ; Merged with lab7_bus_top:U_BUS_SYSTEM|master_device:U_MASTER3|cycle_r[1] ;
; lab7_bus_top:U_BUS_SYSTEM|master_device:U_MASTER1|cycle_r[1] ; Merged with lab7_bus_top:U_BUS_SYSTEM|master_device:U_MASTER3|cycle_r[1] ;
; lab7_bus_top:U_BUS_SYSTEM|master_device:U_MASTER2|cycle_r[1] ; Merged with lab7_bus_top:U_BUS_SYSTEM|master_device:U_MASTER3|cycle_r[1] ;
; lab7_bus_top:U_BUS_SYSTEM|master_device:U_MASTER0|cycle_r[2] ; Merged with lab7_bus_top:U_BUS_SYSTEM|master_device:U_MASTER3|cycle_r[2] ;
; lab7_bus_top:U_BUS_SYSTEM|master_device:U_MASTER1|cycle_r[2] ; Merged with lab7_bus_top:U_BUS_SYSTEM|master_device:U_MASTER3|cycle_r[2] ;
; lab7_bus_top:U_BUS_SYSTEM|master_device:U_MASTER2|cycle_r[2] ; Merged with lab7_bus_top:U_BUS_SYSTEM|master_device:U_MASTER3|cycle_r[2] ;
; lab7_bus_top:U_BUS_SYSTEM|master_device:U_MASTER0|cycle_r[3] ; Merged with lab7_bus_top:U_BUS_SYSTEM|master_device:U_MASTER3|cycle_r[3] ;
; lab7_bus_top:U_BUS_SYSTEM|master_device:U_MASTER1|cycle_r[3] ; Merged with lab7_bus_top:U_BUS_SYSTEM|master_device:U_MASTER3|cycle_r[3] ;
; lab7_bus_top:U_BUS_SYSTEM|master_device:U_MASTER2|cycle_r[3] ; Merged with lab7_bus_top:U_BUS_SYSTEM|master_device:U_MASTER3|cycle_r[3] ;
; lab7_bus_top:U_BUS_SYSTEM|master_device:U_MASTER0|cycle_r[4] ; Merged with lab7_bus_top:U_BUS_SYSTEM|master_device:U_MASTER3|cycle_r[4] ;
; lab7_bus_top:U_BUS_SYSTEM|master_device:U_MASTER1|cycle_r[4] ; Merged with lab7_bus_top:U_BUS_SYSTEM|master_device:U_MASTER3|cycle_r[4] ;
; lab7_bus_top:U_BUS_SYSTEM|master_device:U_MASTER2|cycle_r[4] ; Merged with lab7_bus_top:U_BUS_SYSTEM|master_device:U_MASTER3|cycle_r[4] ;
; lab7_bus_top:U_BUS_SYSTEM|master_device:U_MASTER0|cycle_r[5] ; Merged with lab7_bus_top:U_BUS_SYSTEM|master_device:U_MASTER3|cycle_r[5] ;
; lab7_bus_top:U_BUS_SYSTEM|master_device:U_MASTER1|cycle_r[5] ; Merged with lab7_bus_top:U_BUS_SYSTEM|master_device:U_MASTER3|cycle_r[5] ;
; lab7_bus_top:U_BUS_SYSTEM|master_device:U_MASTER2|cycle_r[5] ; Merged with lab7_bus_top:U_BUS_SYSTEM|master_device:U_MASTER3|cycle_r[5] ;
; lab7_bus_top:U_BUS_SYSTEM|master_device:U_MASTER0|cycle_r[6] ; Merged with lab7_bus_top:U_BUS_SYSTEM|master_device:U_MASTER3|cycle_r[6] ;
; lab7_bus_top:U_BUS_SYSTEM|master_device:U_MASTER1|cycle_r[6] ; Merged with lab7_bus_top:U_BUS_SYSTEM|master_device:U_MASTER3|cycle_r[6] ;
; lab7_bus_top:U_BUS_SYSTEM|master_device:U_MASTER2|cycle_r[6] ; Merged with lab7_bus_top:U_BUS_SYSTEM|master_device:U_MASTER3|cycle_r[6] ;
; lab7_bus_top:U_BUS_SYSTEM|master_device:U_MASTER0|cycle_r[7] ; Merged with lab7_bus_top:U_BUS_SYSTEM|master_device:U_MASTER3|cycle_r[7] ;
; lab7_bus_top:U_BUS_SYSTEM|master_device:U_MASTER1|cycle_r[7] ; Merged with lab7_bus_top:U_BUS_SYSTEM|master_device:U_MASTER3|cycle_r[7] ;
; lab7_bus_top:U_BUS_SYSTEM|master_device:U_MASTER2|cycle_r[7] ; Merged with lab7_bus_top:U_BUS_SYSTEM|master_device:U_MASTER3|cycle_r[7] ;
; Total Number of Removed Registers = 37                       ;                                                                          ;
+--------------------------------------------------------------+--------------------------------------------------------------------------+


+------------------------------------------------------+
; General Register Statistics                          ;
+----------------------------------------------+-------+
; Statistic                                    ; Value ;
+----------------------------------------------+-------+
; Total registers                              ; 19    ;
; Number of registers using Synchronous Clear  ; 16    ;
; Number of registers using Synchronous Load   ; 0     ;
; Number of registers using Asynchronous Clear ; 0     ;
; Number of registers using Asynchronous Load  ; 0     ;
; Number of registers using Clock Enable       ; 3     ;
; Number of registers using Preset             ; 0     ;
+----------------------------------------------+-------+


+---------------------------------------------------------------------------------------------------------------------------------------------------------------------------------------------+
; Multiplexer Restructuring Statistics (Restructuring Performed)                                                                                                                              ;
+--------------------+-----------+---------------+----------------------+------------------------+------------+-------------------------------------------------------------------------------+
; Multiplexer Inputs ; Bus Width ; Baseline Area ; Area if Restructured ; Saving if Restructured ; Registered ; Example Multiplexer Output                                                    ;
+--------------------+-----------+---------------+----------------------+------------------------+------------+-------------------------------------------------------------------------------+
; 3:1                ; 3 bits    ; 6 ALUTs       ; 3 ALUTs              ; 3 ALUTs                ; Yes        ; |lab7_bus_rtl_view_top|lab7_bus_top:U_BUS_SYSTEM|slave_sync:U_SLAVE|data_r[0] ;
; 3:1                ; 2 bits    ; 4 ALUTs       ; 4 ALUTs              ; 0 ALUTs                ; No         ; |lab7_bus_rtl_view_top|lab7_bus_top:U_BUS_SYSTEM|bus_mux_4:U_BUS|bus_o[0]     ;
+--------------------+-----------+---------------+----------------------+------------------------+------------+-------------------------------------------------------------------------------+


+------------------------------------------------------------------------------------------------+
; Parameter Settings for User Entity Instance: lab7_bus_top:U_BUS_SYSTEM|master_device:U_MASTER0 ;
+----------------+-------+-----------------------------------------------------------------------+
; Parameter Name ; Value ; Type                                                                  ;
+----------------+-------+-----------------------------------------------------------------------+
; id_value       ; 4369  ; Signed Integer                                                        ;
; start_cycle    ; 1     ; Signed Integer                                                        ;
; hold_cycles    ; 10    ; Signed Integer                                                        ;
+----------------+-------+-----------------------------------------------------------------------+
Note: In order to hide this table in the UI and the text report file, please set the "Show Parameter Settings Tables in Synthesis Report" option in "Analysis and Synthesis Settings -> More Settings" to "Off".


+------------------------------------------------------------------------------------------------+
; Parameter Settings for User Entity Instance: lab7_bus_top:U_BUS_SYSTEM|master_device:U_MASTER1 ;
+----------------+-------+-----------------------------------------------------------------------+
; Parameter Name ; Value ; Type                                                                  ;
+----------------+-------+-----------------------------------------------------------------------+
; id_value       ; 8738  ; Signed Integer                                                        ;
; start_cycle    ; 2     ; Signed Integer                                                        ;
; hold_cycles    ; 10    ; Signed Integer                                                        ;
+----------------+-------+-----------------------------------------------------------------------+
Note: In order to hide this table in the UI and the text report file, please set the "Show Parameter Settings Tables in Synthesis Report" option in "Analysis and Synthesis Settings -> More Settings" to "Off".


+------------------------------------------------------------------------------------------------+
; Parameter Settings for User Entity Instance: lab7_bus_top:U_BUS_SYSTEM|master_device:U_MASTER2 ;
+----------------+-------+-----------------------------------------------------------------------+
; Parameter Name ; Value ; Type                                                                  ;
+----------------+-------+-----------------------------------------------------------------------+
; id_value       ; 13107 ; Signed Integer                                                        ;
; start_cycle    ; 4     ; Signed Integer                                                        ;
; hold_cycles    ; 10    ; Signed Integer                                                        ;
+----------------+-------+-----------------------------------------------------------------------+
Note: In order to hide this table in the UI and the text report file, please set the "Show Parameter Settings Tables in Synthesis Report" option in "Analysis and Synthesis Settings -> More Settings" to "Off".


+------------------------------------------------------------------------------------------------+
; Parameter Settings for User Entity Instance: lab7_bus_top:U_BUS_SYSTEM|master_device:U_MASTER3 ;
+----------------+-------+-----------------------------------------------------------------------+
; Parameter Name ; Value ; Type                                                                  ;
+----------------+-------+-----------------------------------------------------------------------+
; id_value       ; 17476 ; Signed Integer                                                        ;
; start_cycle    ; 6     ; Signed Integer                                                        ;
; hold_cycles    ; 10    ; Signed Integer                                                        ;
+----------------+-------+-----------------------------------------------------------------------+
Note: In order to hide this table in the UI and the text report file, please set the "Show Parameter Settings Tables in Synthesis Report" option in "Analysis and Synthesis Settings -> More Settings" to "Off".


+---------------------------------------------------------------------------------------------------------------+
; Parameter Settings for User Entity Instance: lab7_bus_top:U_BUS_SYSTEM|bus_arbiter_parallel_quantum:U_ARBITER ;
+----------------+-------+--------------------------------------------------------------------------------------+
; Parameter Name ; Value ; Type                                                                                 ;
+----------------+-------+--------------------------------------------------------------------------------------+
; quantum_cycles ; 2     ; Signed Integer                                                                       ;
+----------------+-------+--------------------------------------------------------------------------------------+
Note: In order to hide this table in the UI and the text report file, please set the "Show Parameter Settings Tables in Synthesis Report" option in "Analysis and Synthesis Settings -> More Settings" to "Off".


+--------------------------------------------------------------------------------------------------------------------------+
; Port Connectivity Checks: "lab7_bus_top:U_BUS_SYSTEM|bus_arbiter_parallel_quantum:U_ARBITER"                             ;
+----------------+--------+----------+-------------------------------------------------------------------------------------+
; Port           ; Type   ; Severity ; Details                                                                             ;
+----------------+--------+----------+-------------------------------------------------------------------------------------+
; quantum_tick_o ; Output ; Info     ; Connected to dangling logic. Logic that only feeds a dangling port will be removed. ;
+----------------+--------+----------+-------------------------------------------------------------------------------------+


+-------------------------------+
; Analysis & Synthesis Messages ;
+-------------------------------+
Info: *******************************************************************
Info: Running Quartus II Analysis & Synthesis
    Info: Version 9.1 Build 222 10/21/2009 SJ Web Edition
    Info: Processing started: Sun May 17 17:15:21 2026
Info: Command: quartus_map --read_settings_files=on --write_settings_files=off lab7_bus_arbiter -c lab7_bus_arbiter
Info: Found 2 design units, including 0 entities, in source file /git/sifovm/labs/student_labs_5_8/common/lab_variant_pkg.vhd
    Info: Found design unit 1: lab_variant_pkg
    Info: Found design unit 2: lab_variant_pkg-body
Info: Found 2 design units, including 1 entities, in source file /git/sifovm/labs/student_labs_5_8/lab7_bus_arbiter/src/master_device.vhd
    Info: Found design unit 1: master_device-rtl
    Info: Found entity 1: master_device
Info: Found 2 design units, including 1 entities, in source file /git/sifovm/labs/student_labs_5_8/lab7_bus_arbiter/src/bus_arbiter_parallel_quantum.vhd
    Info: Found design unit 1: bus_arbiter_parallel_quantum-rtl
    Info: Found entity 1: bus_arbiter_parallel_quantum
Info: Found 2 design units, including 1 entities, in source file /git/sifovm/labs/student_labs_5_8/lab7_bus_arbiter/src/bus_mux_4.vhd
    Info: Found design unit 1: bus_mux_4-rtl
    Info: Found entity 1: bus_mux_4
Info: Found 2 design units, including 1 entities, in source file /git/sifovm/labs/student_labs_5_8/lab7_bus_arbiter/src/slave_sync.vhd
    Info: Found design unit 1: slave_sync-rtl
    Info: Found entity 1: slave_sync
Info: Found 2 design units, including 1 entities, in source file /git/sifovm/labs/student_labs_5_8/lab7_bus_arbiter/src/lab7_bus_top.vhd
    Info: Found design unit 1: lab7_bus_top-structural
    Info: Found entity 1: lab7_bus_top
Info: Found 2 design units, including 1 entities, in source file /git/sifovm/labs/student_labs_5_8/lab7_bus_arbiter/src/lab7_bus_rtl_view_top.vhd
    Info: Found design unit 1: lab7_bus_rtl_view_top-structural
    Info: Found entity 1: lab7_bus_rtl_view_top
Info: Elaborating entity "lab7_bus_rtl_view_top" for the top level hierarchy
Info: Elaborating entity "lab7_bus_top" for hierarchy "lab7_bus_top:U_BUS_SYSTEM"
Warning (10036): Verilog HDL or VHDL warning at lab7_bus_top.vhd(29): object "tick_s" assigned a value but never read
Info: Elaborating entity "master_device" for hierarchy "lab7_bus_top:U_BUS_SYSTEM|master_device:U_MASTER0"
Info: Elaborating entity "master_device" for hierarchy "lab7_bus_top:U_BUS_SYSTEM|master_device:U_MASTER1"
Info: Elaborating entity "master_device" for hierarchy "lab7_bus_top:U_BUS_SYSTEM|master_device:U_MASTER2"
Info: Elaborating entity "master_device" for hierarchy "lab7_bus_top:U_BUS_SYSTEM|master_device:U_MASTER3"
Info: Elaborating entity "bus_arbiter_parallel_quantum" for hierarchy "lab7_bus_top:U_BUS_SYSTEM|bus_arbiter_parallel_quantum:U_ARBITER"
Info: Elaborating entity "bus_mux_4" for hierarchy "lab7_bus_top:U_BUS_SYSTEM|bus_mux_4:U_BUS"
Info: Elaborating entity "slave_sync" for hierarchy "lab7_bus_top:U_BUS_SYSTEM|slave_sync:U_SLAVE"
Warning: Output pins are stuck at VCC or GND
    Warning (13410): Pin "shared_data_bus_to_slave_o[3]" is stuck at GND
    Warning (13410): Pin "shared_data_bus_to_slave_o[7]" is stuck at GND
    Warning (13410): Pin "shared_data_bus_to_slave_o[11]" is stuck at GND
    Warning (13410): Pin "shared_data_bus_to_slave_o[15]" is stuck at GND
    Warning (13410): Pin "slave_latched_data_from_bus_o[3]" is stuck at GND
    Warning (13410): Pin "slave_latched_data_from_bus_o[7]" is stuck at GND
    Warning (13410): Pin "slave_latched_data_from_bus_o[11]" is stuck at GND
    Warning (13410): Pin "slave_latched_data_from_bus_o[15]" is stuck at GND
Info: Implemented 84 device resources after synthesis - the final resource count might be different
    Info: Implemented 2 input pins
    Info: Implemented 47 output pins
    Info: Implemented 35 logic cells
Info: Quartus II Analysis & Synthesis was successful. 0 errors, 10 warnings
    Info: Peak virtual memory: 254 megabytes
    Info: Processing ended: Sun May 17 17:15:22 2026
    Info: Elapsed time: 00:00:01
    Info: Total CPU time (on all processors): 00:00:01


