Analysis & Synthesis report for appendix_j_alu
Sat May 23 21:38:53 2026
Quartus II Version 9.1 Build 222 10/21/2009 SJ Web Edition


---------------------
; Table of Contents ;
---------------------
  1. Legal Notice
  2. Analysis & Synthesis Summary
  3. Analysis & Synthesis Settings
  4. Parallel Compilation
  5. Analysis & Synthesis Source Files Read
  6. Analysis & Synthesis Resource Usage Summary
  7. Analysis & Synthesis Resource Utilization by Entity
  8. General Register Statistics
  9. Multiplexer Restructuring Statistics (Restructuring Performed)
 10. Source assignments for Top-level Entity: |appendix_j_alu_top
 11. Analysis & Synthesis Messages



----------------
; Legal Notice ;
----------------
Copyright (C) 1991-2009 Altera Corporation
Your use of Altera Corporation's design tools, logic functions 
and other software and tools, and its AMPP partner logic 
functions, and any output files from any of the foregoing 
(including device programming or simulation files), and any 
associated documentation or information are expressly subject 
to the terms and conditions of the Altera Program License 
Subscription Agreement, Altera MegaCore Function License 
Agreement, or other applicable license agreement, including, 
without limitation, that your use is for the sole purpose of 
programming logic devices manufactured by Altera and sold by 
Altera or its authorized distributors.  Please refer to the 
applicable agreement for further details.



+------------------------------------------------------------------------------+
; Analysis & Synthesis Summary                                                 ;
+------------------------------------+-----------------------------------------+
; Analysis & Synthesis Status        ; Successful - Sat May 23 21:38:53 2026   ;
; Quartus II Version                 ; 9.1 Build 222 10/21/2009 SJ Web Edition ;
; Revision Name                      ; appendix_j_alu                          ;
; Top-level Entity Name              ; appendix_j_alu_top                      ;
; Family                             ; Cyclone II                              ;
; Total logic elements               ; 145                                     ;
;     Total combinational functions  ; 145                                     ;
;     Dedicated logic registers      ; 0                                       ;
; Total registers                    ; 0                                       ;
; Total pins                         ; 129                                     ;
; Total virtual pins                 ; 0                                       ;
; Total memory bits                  ; 0                                       ;
; Embedded Multiplier 9-bit elements ; 0                                       ;
; Total PLLs                         ; 0                                       ;
+------------------------------------+-----------------------------------------+


+----------------------------------------------------------------------------------------------------------------------+
; Analysis & Synthesis Settings                                                                                        ;
+----------------------------------------------------------------------------+--------------------+--------------------+
; Option                                                                     ; Setting            ; Default Value      ;
+----------------------------------------------------------------------------+--------------------+--------------------+
; Top-level entity name                                                      ; appendix_j_alu_top ; appendix_j_alu     ;
; Family name                                                                ; Cyclone II         ; Stratix II         ;
; Use smart compilation                                                      ; Off                ; Off                ;
; Enable parallel Assembler and TimeQuest Timing Analyzer during compilation ; On                 ; On                 ;
; Enable compact report table                                                ; Off                ; Off                ;
; Restructure Multiplexers                                                   ; Auto               ; Auto               ;
; Create Debugging Nodes for IP Cores                                        ; Off                ; Off                ;
; Preserve fewer node names                                                  ; On                 ; On                 ;
; Disable OpenCore Plus hardware evaluation                                  ; Off                ; Off                ;
; Verilog Version                                                            ; Verilog_2001       ; Verilog_2001       ;
; VHDL Version                                                               ; VHDL_1993          ; VHDL_1993          ;
; State Machine Processing                                                   ; Auto               ; Auto               ;
; Safe State Machine                                                         ; Off                ; Off                ;
; Extract Verilog State Machines                                             ; On                 ; On                 ;
; Extract VHDL State Machines                                                ; On                 ; On                 ;
; Ignore Verilog initial constructs                                          ; Off                ; Off                ;
; Iteration limit for constant Verilog loops                                 ; 5000               ; 5000               ;
; Iteration limit for non-constant Verilog loops                             ; 250                ; 250                ;
; Add Pass-Through Logic to Inferred RAMs                                    ; On                 ; On                 ;
; Parallel Synthesis                                                         ; On                 ; On                 ;
; DSP Block Balancing                                                        ; Auto               ; Auto               ;
; NOT Gate Push-Back                                                         ; On                 ; On                 ;
; Power-Up Don't Care                                                        ; On                 ; On                 ;
; Remove Redundant Logic Cells                                               ; Off                ; Off                ;
; Remove Duplicate Registers                                                 ; On                 ; On                 ;
; Ignore CARRY Buffers                                                       ; Off                ; Off                ;
; Ignore CASCADE Buffers                                                     ; Off                ; Off                ;
; Ignore GLOBAL Buffers                                                      ; Off                ; Off                ;
; Ignore ROW GLOBAL Buffers                                                  ; Off                ; Off                ;
; Ignore LCELL Buffers                                                       ; Off                ; Off                ;
; Ignore SOFT Buffers                                                        ; On                 ; On                 ;
; Limit AHDL Integers to 32 Bits                                             ; Off                ; Off                ;
; Optimization Technique                                                     ; Balanced           ; Balanced           ;
; Carry Chain Length                                                         ; 70                 ; 70                 ;
; Auto Carry Chains                                                          ; On                 ; On                 ;
; Auto Open-Drain Pins                                                       ; On                 ; On                 ;
; Perform WYSIWYG Primitive Resynthesis                                      ; Off                ; Off                ;
; Auto ROM Replacement                                                       ; On                 ; On                 ;
; Auto RAM Replacement                                                       ; On                 ; On                 ;
; Auto Shift Register Replacement                                            ; Auto               ; Auto               ;
; Auto Clock Enable Replacement                                              ; On                 ; On                 ;
; Strict RAM Replacement                                                     ; Off                ; Off                ;
; Allow Synchronous Control Signals                                          ; On                 ; On                 ;
; Force Use of Synchronous Clear Signals                                     ; Off                ; Off                ;
; Auto RAM to Logic Cell Conversion                                          ; Off                ; Off                ;
; Auto Resource Sharing                                                      ; Off                ; Off                ;
; Allow Any RAM Size For Recognition                                         ; Off                ; Off                ;
; Allow Any ROM Size For Recognition                                         ; Off                ; Off                ;
; Allow Any Shift Register Size For Recognition                              ; Off                ; Off                ;
; Use LogicLock Constraints during Resource Balancing                        ; On                 ; On                 ;
; Ignore translate_off and synthesis_off directives                          ; Off                ; Off                ;
; Timing-Driven Synthesis                                                    ; Off                ; Off                ;
; Show Parameter Settings Tables in Synthesis Report                         ; On                 ; On                 ;
; Ignore Maximum Fan-Out Assignments                                         ; Off                ; Off                ;
; Synchronization Register Chain Length                                      ; 2                  ; 2                  ;
; PowerPlay Power Optimization                                               ; Normal compilation ; Normal compilation ;
; HDL message level                                                          ; Level2             ; Level2             ;
; Suppress Register Optimization Related Messages                            ; Off                ; Off                ;
; Number of Removed Registers Reported in Synthesis Report                   ; 100                ; 100                ;
; Number of Inverted Registers Reported in Synthesis Report                  ; 100                ; 100                ;
; Clock MUX Protection                                                       ; On                 ; On                 ;
; Auto Gated Clock Conversion                                                ; Off                ; Off                ;
; Block Design Naming                                                        ; Auto               ; Auto               ;
; SDC constraint protection                                                  ; Off                ; Off                ;
; Synthesis Effort                                                           ; Auto               ; Auto               ;
; Shift Register Replacement - Allow Asynchronous Clear Signal               ; On                 ; On                 ;
; Analysis & Synthesis Message Level                                         ; Medium             ; Medium             ;
; Disable Register Merging Across Hierarchies                                ; Auto               ; Auto               ;
; Resource Aware Inference For Block RAM                                     ; On                 ; On                 ;
+----------------------------------------------------------------------------+--------------------+--------------------+


Parallel compilation was disabled, but you have multiple processors available. Enable parallel compilation to reduce compilation time.
+-------------------------------------+
; Parallel Compilation                ;
+----------------------------+--------+
; Processors                 ; Number ;
+----------------------------+--------+
; Number detected on machine ; 12     ;
; Maximum allowed            ; 1      ;
+----------------------------+--------+


+---------------------------------------------------------------------------------------------------------------------------------------------------------------+
; Analysis & Synthesis Source Files Read                                                                                                                        ;
+----------------------------------+-----------------+-----------------+----------------------------------------------------------------------------------------+
; File Name with User-Entered Path ; Used in Netlist ; File Type       ; File Name with Absolute Path                                                           ;
+----------------------------------+-----------------+-----------------+----------------------------------------------------------------------------------------+
; ../src/appendix_j_alu_top.vhd    ; yes             ; User VHDL File  ; D:/git/sifovm/coursework_project/rtl_schemes/appendix_j_alu/src/appendix_j_alu_top.vhd ;
+----------------------------------+-----------------+-----------------+----------------------------------------------------------------------------------------+


+----------------------------------------------------------------+
; Analysis & Synthesis Resource Usage Summary                    ;
+---------------------------------------------+------------------+
; Resource                                    ; Usage            ;
+---------------------------------------------+------------------+
; Estimated Total logic elements              ; 145              ;
;                                             ;                  ;
; Total combinational functions               ; 145              ;
; Logic element usage by number of LUT inputs ;                  ;
;     -- 4 input functions                    ; 39               ;
;     -- 3 input functions                    ; 24               ;
;     -- <=2 input functions                  ; 82               ;
;                                             ;                  ;
; Logic elements by mode                      ;                  ;
;     -- normal mode                          ; 129              ;
;     -- arithmetic mode                      ; 16               ;
;                                             ;                  ;
; Total registers                             ; 0                ;
;     -- Dedicated logic registers            ; 0                ;
;     -- I/O registers                        ; 0                ;
;                                             ;                  ;
; I/O pins                                    ; 129              ;
; Maximum fan-out node                        ; mx5:u_mx|Mux15~0 ;
; Maximum fan-out                             ; 24               ;
; Total fan-out                               ; 450              ;
; Average fan-out                             ; 1.64             ;
+---------------------------------------------+------------------+


+---------------------------------------------------------------------------------------------------------------------------------------------------------------------------------------+
; Analysis & Synthesis Resource Utilization by Entity                                                                                                                                   ;
+----------------------------+-------------------+--------------+-------------+--------------+---------+-----------+------+--------------+-------------------------------+--------------+
; Compilation Hierarchy Node ; LC Combinationals ; LC Registers ; Memory Bits ; DSP Elements ; DSP 9x9 ; DSP 18x18 ; Pins ; Virtual Pins ; Full Hierarchy Name           ; Library Name ;
+----------------------------+-------------------+--------------+-------------+--------------+---------+-----------+------+--------------+-------------------------------+--------------+
; |appendix_j_alu_top        ; 145 (89)          ; 0 (0)        ; 0           ; 0            ; 0       ; 0         ; 129  ; 0            ; |appendix_j_alu_top           ; work         ;
;    |dec5:u_dc|             ; 1 (1)             ; 0 (0)        ; 0           ; 0            ; 0       ; 0         ; 0    ; 0            ; |appendix_j_alu_top|dec5:u_dc ;              ;
;    |flg:u_fl|              ; 4 (4)             ; 0 (0)        ; 0           ; 0            ; 0       ; 0         ; 0    ; 0            ; |appendix_j_alu_top|flg:u_fl  ;              ;
;    |i16:u_in|              ; 17 (17)           ; 0 (0)        ; 0           ; 0            ; 0       ; 0         ; 0    ; 0            ; |appendix_j_alu_top|i16:u_in  ; work         ;
;    |mx5:u_mx|              ; 34 (34)           ; 0 (0)        ; 0           ; 0            ; 0       ; 0         ; 0    ; 0            ; |appendix_j_alu_top|mx5:u_mx  ;              ;
+----------------------------+-------------------+--------------+-------------+--------------+---------+-----------+------+--------------+-------------------------------+--------------+
Note: For table entries with two numbers listed, the numbers in parentheses indicate the number of resources of the given type used by the specific entity alone. The numbers listed outside of parentheses indicate the total resources of the given type used by the specific entity and all of its sub-entities in the hierarchy.


+------------------------------------------------------+
; General Register Statistics                          ;
+----------------------------------------------+-------+
; Statistic                                    ; Value ;
+----------------------------------------------+-------+
; Total registers                              ; 0     ;
; Number of registers using Synchronous Clear  ; 0     ;
; Number of registers using Synchronous Load   ; 0     ;
; Number of registers using Asynchronous Clear ; 0     ;
; Number of registers using Asynchronous Load  ; 0     ;
; Number of registers using Clock Enable       ; 0     ;
; Number of registers using Preset             ; 0     ;
+----------------------------------------------+-------+


+--------------------------------------------------------------------------------------------------------------------------------------------------+
; Multiplexer Restructuring Statistics (Restructuring Performed)                                                                                   ;
+--------------------+-----------+---------------+----------------------+------------------------+------------+------------------------------------+
; Multiplexer Inputs ; Bus Width ; Baseline Area ; Area if Restructured ; Saving if Restructured ; Registered ; Example Multiplexer Output         ;
+--------------------+-----------+---------------+----------------------+------------------------+------------+------------------------------------+
; 8:1                ; 16 bits   ; 80 LEs        ; 48 LEs               ; 32 LEs                 ; No         ; |appendix_j_alu_top|mx5:u_mx|Mux15 ;
+--------------------+-----------+---------------+----------------------+------------------------+------------+------------------------------------+


+--------------------------------------------------------------+
; Source assignments for Top-level Entity: |appendix_j_alu_top ;
+------------------------------+-------+------+----------------+
; Assignment                   ; Value ; From ; To             ;
+------------------------------+-------+------+----------------+
; IGNORE_LCELL_BUFFERS         ; off   ; -    ; d_s[4]         ;
; REMOVE_REDUNDANT_LOGIC_CELLS ; off   ; -    ; d_s[4]         ;
; IGNORE_LCELL_BUFFERS         ; off   ; -    ; d_s[3]         ;
; REMOVE_REDUNDANT_LOGIC_CELLS ; off   ; -    ; d_s[3]         ;
; IGNORE_LCELL_BUFFERS         ; off   ; -    ; d_s[2]         ;
; REMOVE_REDUNDANT_LOGIC_CELLS ; off   ; -    ; d_s[2]         ;
; IGNORE_LCELL_BUFFERS         ; off   ; -    ; d_s[1]         ;
; REMOVE_REDUNDANT_LOGIC_CELLS ; off   ; -    ; d_s[1]         ;
; IGNORE_LCELL_BUFFERS         ; off   ; -    ; d_s[0]         ;
; REMOVE_REDUNDANT_LOGIC_CELLS ; off   ; -    ; d_s[0]         ;
; IGNORE_LCELL_BUFFERS         ; off   ; -    ; o_s[15]        ;
; REMOVE_REDUNDANT_LOGIC_CELLS ; off   ; -    ; o_s[15]        ;
; IGNORE_LCELL_BUFFERS         ; off   ; -    ; o_s[14]        ;
; REMOVE_REDUNDANT_LOGIC_CELLS ; off   ; -    ; o_s[14]        ;
; IGNORE_LCELL_BUFFERS         ; off   ; -    ; o_s[13]        ;
; REMOVE_REDUNDANT_LOGIC_CELLS ; off   ; -    ; o_s[13]        ;
; IGNORE_LCELL_BUFFERS         ; off   ; -    ; o_s[12]        ;
; REMOVE_REDUNDANT_LOGIC_CELLS ; off   ; -    ; o_s[12]        ;
; IGNORE_LCELL_BUFFERS         ; off   ; -    ; o_s[11]        ;
; REMOVE_REDUNDANT_LOGIC_CELLS ; off   ; -    ; o_s[11]        ;
; IGNORE_LCELL_BUFFERS         ; off   ; -    ; o_s[10]        ;
; REMOVE_REDUNDANT_LOGIC_CELLS ; off   ; -    ; o_s[10]        ;
; IGNORE_LCELL_BUFFERS         ; off   ; -    ; o_s[9]         ;
; REMOVE_REDUNDANT_LOGIC_CELLS ; off   ; -    ; o_s[9]         ;
; IGNORE_LCELL_BUFFERS         ; off   ; -    ; o_s[8]         ;
; REMOVE_REDUNDANT_LOGIC_CELLS ; off   ; -    ; o_s[8]         ;
; IGNORE_LCELL_BUFFERS         ; off   ; -    ; o_s[7]         ;
; REMOVE_REDUNDANT_LOGIC_CELLS ; off   ; -    ; o_s[7]         ;
; IGNORE_LCELL_BUFFERS         ; off   ; -    ; o_s[6]         ;
; REMOVE_REDUNDANT_LOGIC_CELLS ; off   ; -    ; o_s[6]         ;
; IGNORE_LCELL_BUFFERS         ; off   ; -    ; o_s[5]         ;
; REMOVE_REDUNDANT_LOGIC_CELLS ; off   ; -    ; o_s[5]         ;
; IGNORE_LCELL_BUFFERS         ; off   ; -    ; o_s[4]         ;
; REMOVE_REDUNDANT_LOGIC_CELLS ; off   ; -    ; o_s[4]         ;
; IGNORE_LCELL_BUFFERS         ; off   ; -    ; o_s[3]         ;
; REMOVE_REDUNDANT_LOGIC_CELLS ; off   ; -    ; o_s[3]         ;
; IGNORE_LCELL_BUFFERS         ; off   ; -    ; o_s[2]         ;
; REMOVE_REDUNDANT_LOGIC_CELLS ; off   ; -    ; o_s[2]         ;
; IGNORE_LCELL_BUFFERS         ; off   ; -    ; o_s[1]         ;
; REMOVE_REDUNDANT_LOGIC_CELLS ; off   ; -    ; o_s[1]         ;
; IGNORE_LCELL_BUFFERS         ; off   ; -    ; o_s[0]         ;
; REMOVE_REDUNDANT_LOGIC_CELLS ; off   ; -    ; o_s[0]         ;
; IGNORE_LCELL_BUFFERS         ; off   ; -    ; n_s[15]        ;
; REMOVE_REDUNDANT_LOGIC_CELLS ; off   ; -    ; n_s[15]        ;
; IGNORE_LCELL_BUFFERS         ; off   ; -    ; n_s[14]        ;
; REMOVE_REDUNDANT_LOGIC_CELLS ; off   ; -    ; n_s[14]        ;
; IGNORE_LCELL_BUFFERS         ; off   ; -    ; n_s[13]        ;
; REMOVE_REDUNDANT_LOGIC_CELLS ; off   ; -    ; n_s[13]        ;
; IGNORE_LCELL_BUFFERS         ; off   ; -    ; n_s[12]        ;
; REMOVE_REDUNDANT_LOGIC_CELLS ; off   ; -    ; n_s[12]        ;
; IGNORE_LCELL_BUFFERS         ; off   ; -    ; n_s[11]        ;
; REMOVE_REDUNDANT_LOGIC_CELLS ; off   ; -    ; n_s[11]        ;
; IGNORE_LCELL_BUFFERS         ; off   ; -    ; n_s[10]        ;
; REMOVE_REDUNDANT_LOGIC_CELLS ; off   ; -    ; n_s[10]        ;
; IGNORE_LCELL_BUFFERS         ; off   ; -    ; n_s[9]         ;
; REMOVE_REDUNDANT_LOGIC_CELLS ; off   ; -    ; n_s[9]         ;
; IGNORE_LCELL_BUFFERS         ; off   ; -    ; n_s[8]         ;
; REMOVE_REDUNDANT_LOGIC_CELLS ; off   ; -    ; n_s[8]         ;
; IGNORE_LCELL_BUFFERS         ; off   ; -    ; n_s[7]         ;
; REMOVE_REDUNDANT_LOGIC_CELLS ; off   ; -    ; n_s[7]         ;
; IGNORE_LCELL_BUFFERS         ; off   ; -    ; n_s[6]         ;
; REMOVE_REDUNDANT_LOGIC_CELLS ; off   ; -    ; n_s[6]         ;
; IGNORE_LCELL_BUFFERS         ; off   ; -    ; n_s[5]         ;
; REMOVE_REDUNDANT_LOGIC_CELLS ; off   ; -    ; n_s[5]         ;
; IGNORE_LCELL_BUFFERS         ; off   ; -    ; n_s[4]         ;
; REMOVE_REDUNDANT_LOGIC_CELLS ; off   ; -    ; n_s[4]         ;
; IGNORE_LCELL_BUFFERS         ; off   ; -    ; n_s[3]         ;
; REMOVE_REDUNDANT_LOGIC_CELLS ; off   ; -    ; n_s[3]         ;
; IGNORE_LCELL_BUFFERS         ; off   ; -    ; n_s[2]         ;
; REMOVE_REDUNDANT_LOGIC_CELLS ; off   ; -    ; n_s[2]         ;
; IGNORE_LCELL_BUFFERS         ; off   ; -    ; n_s[1]         ;
; REMOVE_REDUNDANT_LOGIC_CELLS ; off   ; -    ; n_s[1]         ;
; IGNORE_LCELL_BUFFERS         ; off   ; -    ; n_s[0]         ;
; REMOVE_REDUNDANT_LOGIC_CELLS ; off   ; -    ; n_s[0]         ;
; IGNORE_LCELL_BUFFERS         ; off   ; -    ; s_s[15]        ;
; REMOVE_REDUNDANT_LOGIC_CELLS ; off   ; -    ; s_s[15]        ;
; IGNORE_LCELL_BUFFERS         ; off   ; -    ; s_s[14]        ;
; REMOVE_REDUNDANT_LOGIC_CELLS ; off   ; -    ; s_s[14]        ;
; IGNORE_LCELL_BUFFERS         ; off   ; -    ; s_s[13]        ;
; REMOVE_REDUNDANT_LOGIC_CELLS ; off   ; -    ; s_s[13]        ;
; IGNORE_LCELL_BUFFERS         ; off   ; -    ; s_s[12]        ;
; REMOVE_REDUNDANT_LOGIC_CELLS ; off   ; -    ; s_s[12]        ;
; IGNORE_LCELL_BUFFERS         ; off   ; -    ; s_s[11]        ;
; REMOVE_REDUNDANT_LOGIC_CELLS ; off   ; -    ; s_s[11]        ;
; IGNORE_LCELL_BUFFERS         ; off   ; -    ; s_s[10]        ;
; REMOVE_REDUNDANT_LOGIC_CELLS ; off   ; -    ; s_s[10]        ;
; IGNORE_LCELL_BUFFERS         ; off   ; -    ; s_s[9]         ;
; REMOVE_REDUNDANT_LOGIC_CELLS ; off   ; -    ; s_s[9]         ;
; IGNORE_LCELL_BUFFERS         ; off   ; -    ; s_s[8]         ;
; REMOVE_REDUNDANT_LOGIC_CELLS ; off   ; -    ; s_s[8]         ;
; IGNORE_LCELL_BUFFERS         ; off   ; -    ; s_s[7]         ;
; REMOVE_REDUNDANT_LOGIC_CELLS ; off   ; -    ; s_s[7]         ;
; IGNORE_LCELL_BUFFERS         ; off   ; -    ; s_s[6]         ;
; REMOVE_REDUNDANT_LOGIC_CELLS ; off   ; -    ; s_s[6]         ;
; IGNORE_LCELL_BUFFERS         ; off   ; -    ; s_s[5]         ;
; REMOVE_REDUNDANT_LOGIC_CELLS ; off   ; -    ; s_s[5]         ;
; IGNORE_LCELL_BUFFERS         ; off   ; -    ; s_s[4]         ;
; REMOVE_REDUNDANT_LOGIC_CELLS ; off   ; -    ; s_s[4]         ;
; IGNORE_LCELL_BUFFERS         ; off   ; -    ; s_s[3]         ;
; REMOVE_REDUNDANT_LOGIC_CELLS ; off   ; -    ; s_s[3]         ;
; IGNORE_LCELL_BUFFERS         ; off   ; -    ; s_s[2]         ;
; REMOVE_REDUNDANT_LOGIC_CELLS ; off   ; -    ; s_s[2]         ;
; IGNORE_LCELL_BUFFERS         ; off   ; -    ; s_s[1]         ;
; REMOVE_REDUNDANT_LOGIC_CELLS ; off   ; -    ; s_s[1]         ;
; IGNORE_LCELL_BUFFERS         ; off   ; -    ; s_s[0]         ;
; REMOVE_REDUNDANT_LOGIC_CELLS ; off   ; -    ; s_s[0]         ;
; IGNORE_LCELL_BUFFERS         ; off   ; -    ; i_s[15]        ;
; REMOVE_REDUNDANT_LOGIC_CELLS ; off   ; -    ; i_s[15]        ;
; IGNORE_LCELL_BUFFERS         ; off   ; -    ; i_s[14]        ;
; REMOVE_REDUNDANT_LOGIC_CELLS ; off   ; -    ; i_s[14]        ;
; IGNORE_LCELL_BUFFERS         ; off   ; -    ; i_s[13]        ;
; REMOVE_REDUNDANT_LOGIC_CELLS ; off   ; -    ; i_s[13]        ;
; IGNORE_LCELL_BUFFERS         ; off   ; -    ; i_s[12]        ;
; REMOVE_REDUNDANT_LOGIC_CELLS ; off   ; -    ; i_s[12]        ;
; IGNORE_LCELL_BUFFERS         ; off   ; -    ; i_s[11]        ;
; REMOVE_REDUNDANT_LOGIC_CELLS ; off   ; -    ; i_s[11]        ;
; IGNORE_LCELL_BUFFERS         ; off   ; -    ; i_s[10]        ;
; REMOVE_REDUNDANT_LOGIC_CELLS ; off   ; -    ; i_s[10]        ;
; IGNORE_LCELL_BUFFERS         ; off   ; -    ; i_s[9]         ;
; REMOVE_REDUNDANT_LOGIC_CELLS ; off   ; -    ; i_s[9]         ;
; IGNORE_LCELL_BUFFERS         ; off   ; -    ; i_s[8]         ;
; REMOVE_REDUNDANT_LOGIC_CELLS ; off   ; -    ; i_s[8]         ;
; IGNORE_LCELL_BUFFERS         ; off   ; -    ; i_s[7]         ;
; REMOVE_REDUNDANT_LOGIC_CELLS ; off   ; -    ; i_s[7]         ;
; IGNORE_LCELL_BUFFERS         ; off   ; -    ; i_s[6]         ;
; REMOVE_REDUNDANT_LOGIC_CELLS ; off   ; -    ; i_s[6]         ;
; IGNORE_LCELL_BUFFERS         ; off   ; -    ; i_s[5]         ;
; REMOVE_REDUNDANT_LOGIC_CELLS ; off   ; -    ; i_s[5]         ;
; IGNORE_LCELL_BUFFERS         ; off   ; -    ; i_s[4]         ;
; REMOVE_REDUNDANT_LOGIC_CELLS ; off   ; -    ; i_s[4]         ;
; IGNORE_LCELL_BUFFERS         ; off   ; -    ; i_s[3]         ;
; REMOVE_REDUNDANT_LOGIC_CELLS ; off   ; -    ; i_s[3]         ;
; IGNORE_LCELL_BUFFERS         ; off   ; -    ; i_s[2]         ;
; REMOVE_REDUNDANT_LOGIC_CELLS ; off   ; -    ; i_s[2]         ;
; IGNORE_LCELL_BUFFERS         ; off   ; -    ; i_s[1]         ;
; REMOVE_REDUNDANT_LOGIC_CELLS ; off   ; -    ; i_s[1]         ;
; IGNORE_LCELL_BUFFERS         ; off   ; -    ; i_s[0]         ;
; REMOVE_REDUNDANT_LOGIC_CELLS ; off   ; -    ; i_s[0]         ;
; IGNORE_LCELL_BUFFERS         ; off   ; -    ; y_s[15]        ;
; REMOVE_REDUNDANT_LOGIC_CELLS ; off   ; -    ; y_s[15]        ;
; IGNORE_LCELL_BUFFERS         ; off   ; -    ; y_s[14]        ;
; REMOVE_REDUNDANT_LOGIC_CELLS ; off   ; -    ; y_s[14]        ;
; IGNORE_LCELL_BUFFERS         ; off   ; -    ; y_s[13]        ;
; REMOVE_REDUNDANT_LOGIC_CELLS ; off   ; -    ; y_s[13]        ;
; IGNORE_LCELL_BUFFERS         ; off   ; -    ; y_s[12]        ;
; REMOVE_REDUNDANT_LOGIC_CELLS ; off   ; -    ; y_s[12]        ;
; IGNORE_LCELL_BUFFERS         ; off   ; -    ; y_s[11]        ;
; REMOVE_REDUNDANT_LOGIC_CELLS ; off   ; -    ; y_s[11]        ;
; IGNORE_LCELL_BUFFERS         ; off   ; -    ; y_s[10]        ;
; REMOVE_REDUNDANT_LOGIC_CELLS ; off   ; -    ; y_s[10]        ;
; IGNORE_LCELL_BUFFERS         ; off   ; -    ; y_s[9]         ;
; REMOVE_REDUNDANT_LOGIC_CELLS ; off   ; -    ; y_s[9]         ;
; IGNORE_LCELL_BUFFERS         ; off   ; -    ; y_s[8]         ;
; REMOVE_REDUNDANT_LOGIC_CELLS ; off   ; -    ; y_s[8]         ;
; IGNORE_LCELL_BUFFERS         ; off   ; -    ; y_s[7]         ;
; REMOVE_REDUNDANT_LOGIC_CELLS ; off   ; -    ; y_s[7]         ;
; IGNORE_LCELL_BUFFERS         ; off   ; -    ; y_s[6]         ;
; REMOVE_REDUNDANT_LOGIC_CELLS ; off   ; -    ; y_s[6]         ;
; IGNORE_LCELL_BUFFERS         ; off   ; -    ; y_s[5]         ;
; REMOVE_REDUNDANT_LOGIC_CELLS ; off   ; -    ; y_s[5]         ;
; IGNORE_LCELL_BUFFERS         ; off   ; -    ; y_s[4]         ;
; REMOVE_REDUNDANT_LOGIC_CELLS ; off   ; -    ; y_s[4]         ;
; IGNORE_LCELL_BUFFERS         ; off   ; -    ; y_s[3]         ;
; REMOVE_REDUNDANT_LOGIC_CELLS ; off   ; -    ; y_s[3]         ;
; IGNORE_LCELL_BUFFERS         ; off   ; -    ; y_s[2]         ;
; REMOVE_REDUNDANT_LOGIC_CELLS ; off   ; -    ; y_s[2]         ;
; IGNORE_LCELL_BUFFERS         ; off   ; -    ; y_s[1]         ;
; REMOVE_REDUNDANT_LOGIC_CELLS ; off   ; -    ; y_s[1]         ;
; IGNORE_LCELL_BUFFERS         ; off   ; -    ; y_s[0]         ;
; REMOVE_REDUNDANT_LOGIC_CELLS ; off   ; -    ; y_s[0]         ;
; IGNORE_LCELL_BUFFERS         ; off   ; -    ; f_s[3]         ;
; REMOVE_REDUNDANT_LOGIC_CELLS ; off   ; -    ; f_s[3]         ;
; IGNORE_LCELL_BUFFERS         ; off   ; -    ; f_s[2]         ;
; REMOVE_REDUNDANT_LOGIC_CELLS ; off   ; -    ; f_s[2]         ;
; IGNORE_LCELL_BUFFERS         ; off   ; -    ; f_s[1]         ;
; REMOVE_REDUNDANT_LOGIC_CELLS ; off   ; -    ; f_s[1]         ;
; IGNORE_LCELL_BUFFERS         ; off   ; -    ; f_s[0]         ;
; REMOVE_REDUNDANT_LOGIC_CELLS ; off   ; -    ; f_s[0]         ;
+------------------------------+-------+------+----------------+


+-------------------------------+
; Analysis & Synthesis Messages ;
+-------------------------------+
Info: *******************************************************************
Info: Running Quartus II Analysis & Synthesis
    Info: Version 9.1 Build 222 10/21/2009 SJ Web Edition
    Info: Copyright (C) 1991-2009 Altera Corporation. All rights reserved.
    Info: Your use of Altera Corporation's design tools, logic functions 
    Info: and other software and tools, and its AMPP partner logic 
    Info: functions, and any output files from any of the foregoing 
    Info: (including device programming or simulation files), and any 
    Info: associated documentation or information are expressly subject 
    Info: to the terms and conditions of the Altera Program License 
    Info: Subscription Agreement, Altera MegaCore Function License 
    Info: Agreement, or other applicable license agreement, including, 
    Info: without limitation, that your use is for the sole purpose of 
    Info: programming logic devices manufactured by Altera and sold by 
    Info: Altera or its authorized distributors.  Please refer to the 
    Info: applicable agreement for further details.
    Info: Processing started: Sat May 23 21:38:53 2026
Info: Command: quartus_map appendix_j_alu
Info: Found 18 design units, including 9 entities, in source file /git/sifovm/coursework_project/rtl_schemes/appendix_j_alu/src/appendix_j_alu_top.vhd
    Info: Found design unit 1: dec5-rtl
    Info: Found design unit 2: o16-rtl
    Info: Found design unit 3: n16-rtl
    Info: Found design unit 4: s16-rtl
    Info: Found design unit 5: i16-rtl
    Info: Found design unit 6: mx5-rtl
    Info: Found design unit 7: cmx-rtl
    Info: Found design unit 8: flg-rtl
    Info: Found design unit 9: appendix_j_alu_top-structural
    Info: Found entity 1: dec5
    Info: Found entity 2: o16
    Info: Found entity 3: n16
    Info: Found entity 4: s16
    Info: Found entity 5: i16
    Info: Found entity 6: mx5
    Info: Found entity 7: cmx
    Info: Found entity 8: flg
    Info: Found entity 9: appendix_j_alu_top
Info: Elaborating entity "appendix_j_alu_top" for the top level hierarchy
Info: Elaborating entity "dec5" for hierarchy "dec5:u_dc"
Info: Elaborating entity "o16" for hierarchy "o16:u_or"
Info: Elaborating entity "n16" for hierarchy "n16:u_nr"
Info: Elaborating entity "s16" for hierarchy "s16:u_sr"
Info: Elaborating entity "i16" for hierarchy "i16:u_in"
Info: Elaborating entity "mx5" for hierarchy "mx5:u_mx"
Info: Elaborating entity "cmx" for hierarchy "cmx:u_cf"
Info: Elaborating entity "flg" for hierarchy "flg:u_fl"
Info: Found the following redundant logic cells in design
    Info (17048): Logic cell "f_s[1]"
    Info (17048): Logic cell "s_s[0]"
    Info (17048): Logic cell "s_s[1]"
    Info (17048): Logic cell "s_s[2]"
    Info (17048): Logic cell "s_s[3]"
    Info (17048): Logic cell "s_s[4]"
    Info (17048): Logic cell "s_s[5]"
    Info (17048): Logic cell "s_s[6]"
    Info (17048): Logic cell "s_s[7]"
    Info (17048): Logic cell "s_s[8]"
    Info (17048): Logic cell "s_s[9]"
    Info (17048): Logic cell "s_s[10]"
    Info (17048): Logic cell "s_s[11]"
    Info (17048): Logic cell "s_s[12]"
    Info (17048): Logic cell "s_s[13]"
    Info (17048): Logic cell "s_s[14]"
    Info (17048): Logic cell "s_s[15]"
    Info (17048): Logic cell "i_s[0]"
    Info (17048): Logic cell "i_s[1]"
    Info (17048): Logic cell "i_s[2]"
    Info (17048): Logic cell "i_s[3]"
    Info (17048): Logic cell "i_s[4]"
    Info (17048): Logic cell "i_s[5]"
    Info (17048): Logic cell "i_s[6]"
    Info (17048): Logic cell "i_s[7]"
    Info (17048): Logic cell "i_s[8]"
    Info (17048): Logic cell "i_s[9]"
    Info (17048): Logic cell "i_s[10]"
    Info (17048): Logic cell "i_s[11]"
    Info (17048): Logic cell "i_s[12]"
    Info (17048): Logic cell "i_s[13]"
    Info (17048): Logic cell "i_s[14]"
    Info (17048): Logic cell "i_s[15]"
Info: Implemented 274 device resources after synthesis - the final resource count might be different
    Info: Implemented 36 input pins
    Info: Implemented 93 output pins
    Info: Implemented 145 logic cells
Info: Quartus II Analysis & Synthesis was successful. 0 errors, 0 warnings
    Info: Peak virtual memory: 243 megabytes
    Info: Processing ended: Sat May 23 21:38:53 2026
    Info: Elapsed time: 00:00:00
    Info: Total CPU time (on all processors): 00:00:01


