Analysis & Synthesis report for appendix_n_microevm_row1
Thu May 21 20:02:59 2026
Quartus II Version 9.1 Build 222 10/21/2009 SJ Web Edition


---------------------
; Table of Contents ;
---------------------
  1. Legal Notice
  2. Analysis & Synthesis Summary
  3. Analysis & Synthesis Settings
  4. Parallel Compilation
  5. Analysis & Synthesis Source Files Read
  6. Analysis & Synthesis Resource Usage Summary
  7. Analysis & Synthesis Resource Utilization by Entity
  8. Analysis & Synthesis RAM Summary
  9. Registers Removed During Synthesis
 10. General Register Statistics
 11. Inverted Register Statistics
 12. Registers Packed Into Inferred Megafunctions
 13. Multiplexer Restructuring Statistics (Restructuring Performed)
 14. Source assignments for rom_sync:U_COMMAND_MEMORY_ROM|altsyncram:Mux0_rtl_0|altsyncram_e051:auto_generated
 15. Parameter Settings for Inferred Entity Instance: rom_sync:U_COMMAND_MEMORY_ROM|altsyncram:Mux0_rtl_0
 16. altsyncram Parameter Settings by Entity Instance
 17. Port Connectivity Checks: "reg_file12x16_dbg:U_ALU_RON_REGISTER_FILE"
 18. Port Connectivity Checks: "appendix_n_decoder_unit:U_DECODER_UNIT"
 19. Port Connectivity Checks: "appendix_n_special_registers:U_SPECIAL_REGISTERS"
 20. Analysis & Synthesis Messages



----------------
; Legal Notice ;
----------------
Copyright (C) 1991-2009 Altera Corporation
Your use of Altera Corporation's design tools, logic functions 
and other software and tools, and its AMPP partner logic 
functions, and any output files from any of the foregoing 
(including device programming or simulation files), and any 
associated documentation or information are expressly subject 
to the terms and conditions of the Altera Program License 
Subscription Agreement, Altera MegaCore Function License 
Agreement, or other applicable license agreement, including, 
without limitation, that your use is for the sole purpose of 
programming logic devices manufactured by Altera and sold by 
Altera or its authorized distributors.  Please refer to the 
applicable agreement for further details.



+------------------------------------------------------------------------------+
; Analysis & Synthesis Summary                                                 ;
+------------------------------------+-----------------------------------------+
; Analysis & Synthesis Status        ; Successful - Thu May 21 20:02:59 2026   ;
; Quartus II Version                 ; 9.1 Build 222 10/21/2009 SJ Web Edition ;
; Revision Name                      ; appendix_n_microevm_row1                ;
; Top-level Entity Name              ; appendix_n_microevm_row1_control_top    ;
; Family                             ; Cyclone II                              ;
; Total logic elements               ; 1,209                                   ;
;     Total combinational functions  ; 747                                     ;
;     Dedicated logic registers      ; 536                                     ;
; Total registers                    ; 536                                     ;
; Total pins                         ; 202                                     ;
; Total virtual pins                 ; 0                                       ;
; Total memory bits                  ; 2,816                                   ;
; Embedded Multiplier 9-bit elements ; 0                                       ;
; Total PLLs                         ; 0                                       ;
+------------------------------------+-----------------------------------------+


+----------------------------------------------------------------------------------------------------------------------------------------------+
; Analysis & Synthesis Settings                                                                                                                ;
+----------------------------------------------------------------------------+--------------------------------------+--------------------------+
; Option                                                                     ; Setting                              ; Default Value            ;
+----------------------------------------------------------------------------+--------------------------------------+--------------------------+
; Top-level entity name                                                      ; appendix_n_microevm_row1_control_top ; appendix_n_microevm_row1 ;
; Family name                                                                ; Cyclone II                           ; Stratix II               ;
; Use smart compilation                                                      ; Off                                  ; Off                      ;
; Enable parallel Assembler and TimeQuest Timing Analyzer during compilation ; On                                   ; On                       ;
; Enable compact report table                                                ; Off                                  ; Off                      ;
; Restructure Multiplexers                                                   ; Auto                                 ; Auto                     ;
; Create Debugging Nodes for IP Cores                                        ; Off                                  ; Off                      ;
; Preserve fewer node names                                                  ; On                                   ; On                       ;
; Disable OpenCore Plus hardware evaluation                                  ; Off                                  ; Off                      ;
; Verilog Version                                                            ; Verilog_2001                         ; Verilog_2001             ;
; VHDL Version                                                               ; VHDL_1993                            ; VHDL_1993                ;
; State Machine Processing                                                   ; Auto                                 ; Auto                     ;
; Safe State Machine                                                         ; Off                                  ; Off                      ;
; Extract Verilog State Machines                                             ; On                                   ; On                       ;
; Extract VHDL State Machines                                                ; On                                   ; On                       ;
; Ignore Verilog initial constructs                                          ; Off                                  ; Off                      ;
; Iteration limit for constant Verilog loops                                 ; 5000                                 ; 5000                     ;
; Iteration limit for non-constant Verilog loops                             ; 250                                  ; 250                      ;
; Add Pass-Through Logic to Inferred RAMs                                    ; On                                   ; On                       ;
; Parallel Synthesis                                                         ; On                                   ; On                       ;
; DSP Block Balancing                                                        ; Auto                                 ; Auto                     ;
; NOT Gate Push-Back                                                         ; On                                   ; On                       ;
; Power-Up Don't Care                                                        ; On                                   ; On                       ;
; Remove Redundant Logic Cells                                               ; Off                                  ; Off                      ;
; Remove Duplicate Registers                                                 ; On                                   ; On                       ;
; Ignore CARRY Buffers                                                       ; Off                                  ; Off                      ;
; Ignore CASCADE Buffers                                                     ; Off                                  ; Off                      ;
; Ignore GLOBAL Buffers                                                      ; Off                                  ; Off                      ;
; Ignore ROW GLOBAL Buffers                                                  ; Off                                  ; Off                      ;
; Ignore LCELL Buffers                                                       ; Off                                  ; Off                      ;
; Ignore SOFT Buffers                                                        ; On                                   ; On                       ;
; Limit AHDL Integers to 32 Bits                                             ; Off                                  ; Off                      ;
; Optimization Technique                                                     ; Balanced                             ; Balanced                 ;
; Carry Chain Length                                                         ; 70                                   ; 70                       ;
; Auto Carry Chains                                                          ; On                                   ; On                       ;
; Auto Open-Drain Pins                                                       ; On                                   ; On                       ;
; Perform WYSIWYG Primitive Resynthesis                                      ; Off                                  ; Off                      ;
; Auto ROM Replacement                                                       ; On                                   ; On                       ;
; Auto RAM Replacement                                                       ; On                                   ; On                       ;
; Auto Shift Register Replacement                                            ; Auto                                 ; Auto                     ;
; Auto Clock Enable Replacement                                              ; On                                   ; On                       ;
; Strict RAM Replacement                                                     ; Off                                  ; Off                      ;
; Allow Synchronous Control Signals                                          ; On                                   ; On                       ;
; Force Use of Synchronous Clear Signals                                     ; Off                                  ; Off                      ;
; Auto RAM to Logic Cell Conversion                                          ; Off                                  ; Off                      ;
; Auto Resource Sharing                                                      ; Off                                  ; Off                      ;
; Allow Any RAM Size For Recognition                                         ; Off                                  ; Off                      ;
; Allow Any ROM Size For Recognition                                         ; Off                                  ; Off                      ;
; Allow Any Shift Register Size For Recognition                              ; Off                                  ; Off                      ;
; Use LogicLock Constraints during Resource Balancing                        ; On                                   ; On                       ;
; Ignore translate_off and synthesis_off directives                          ; Off                                  ; Off                      ;
; Timing-Driven Synthesis                                                    ; Off                                  ; Off                      ;
; Show Parameter Settings Tables in Synthesis Report                         ; On                                   ; On                       ;
; Ignore Maximum Fan-Out Assignments                                         ; Off                                  ; Off                      ;
; Synchronization Register Chain Length                                      ; 2                                    ; 2                        ;
; PowerPlay Power Optimization                                               ; Normal compilation                   ; Normal compilation       ;
; HDL message level                                                          ; Level2                               ; Level2                   ;
; Suppress Register Optimization Related Messages                            ; Off                                  ; Off                      ;
; Number of Removed Registers Reported in Synthesis Report                   ; 100                                  ; 100                      ;
; Number of Inverted Registers Reported in Synthesis Report                  ; 100                                  ; 100                      ;
; Clock MUX Protection                                                       ; On                                   ; On                       ;
; Auto Gated Clock Conversion                                                ; Off                                  ; Off                      ;
; Block Design Naming                                                        ; Auto                                 ; Auto                     ;
; SDC constraint protection                                                  ; Off                                  ; Off                      ;
; Synthesis Effort                                                           ; Auto                                 ; Auto                     ;
; Shift Register Replacement - Allow Asynchronous Clear Signal               ; On                                   ; On                       ;
; Analysis & Synthesis Message Level                                         ; Medium                               ; Medium                   ;
; Disable Register Merging Across Hierarchies                                ; Auto                                 ; Auto                     ;
; Resource Aware Inference For Block RAM                                     ; On                                   ; On                       ;
+----------------------------------------------------------------------------+--------------------------------------+--------------------------+


Parallel compilation was disabled, but you have multiple processors available. Enable parallel compilation to reduce compilation time.
+-------------------------------------+
; Parallel Compilation                ;
+----------------------------+--------+
; Processors                 ; Number ;
+----------------------------+--------+
; Number detected on machine ; 12     ;
; Maximum allowed            ; 1      ;
+----------------------------+--------+


+-----------------------------------------------------------------------------------------------------------------------------------------------------------------------------------------------------------------------------------------------------------------------------------------------------------------+
; Analysis & Synthesis Source Files Read                                                                                                                                                                                                                                                                          ;
+------------------------------------------------------------------------+-----------------+-------------------------------------------------------+--------------------------------------------------------------------------------------------------------------------------------------------------------------+
; File Name with User-Entered Path                                       ; Used in Netlist ; File Type                                             ; File Name with Absolute Path                                                                                                                                 ;
+------------------------------------------------------------------------+-----------------+-------------------------------------------------------+--------------------------------------------------------------------------------------------------------------------------------------------------------------+
; ../../../src/microcomputer_pkg.vhd                                     ; yes             ; User VHDL File                                        ; D:/git/sifovm/coursework_project/src/microcomputer_pkg.vhd                                                                                                   ;
; ../../../src/program_image_pkg.vhd                                     ; yes             ; User VHDL File                                        ; D:/git/sifovm/coursework_project/src/program_image_pkg.vhd                                                                                                   ;
; ../../../src/data_image_pkg.vhd                                        ; yes             ; User VHDL File                                        ; D:/git/sifovm/coursework_project/src/data_image_pkg.vhd                                                                                                      ;
; ../../../src/alu_core.vhd                                              ; yes             ; User VHDL File                                        ; D:/git/sifovm/coursework_project/src/alu_core.vhd                                                                                                            ;
; ../../../src/reg_file12x16_dbg.vhd                                     ; yes             ; User VHDL File                                        ; D:/git/sifovm/coursework_project/src/reg_file12x16_dbg.vhd                                                                                                   ;
; ../../../src/flags_reg.vhd                                             ; yes             ; User VHDL File                                        ; D:/git/sifovm/coursework_project/src/flags_reg.vhd                                                                                                           ;
; ../../../src/stack7x16.vhd                                             ; yes             ; User VHDL File                                        ; D:/git/sifovm/coursework_project/src/stack7x16.vhd                                                                                                           ;
; ../../../src/rom_sync.vhd                                              ; yes             ; User VHDL File                                        ; D:/git/sifovm/coursework_project/src/rom_sync.vhd                                                                                                            ;
; ../../../src/ram_sync.vhd                                              ; yes             ; User VHDL File                                        ; D:/git/sifovm/coursework_project/src/ram_sync.vhd                                                                                                            ;
; ../../../src/bus_arbiter_2master.vhd                                   ; yes             ; User VHDL File                                        ; D:/git/sifovm/coursework_project/src/bus_arbiter_2master.vhd                                                                                                 ;
; ../../../src/dma_controller_3word.vhd                                  ; yes             ; User VHDL File                                        ; D:/git/sifovm/coursework_project/src/dma_controller_3word.vhd                                                                                                ;
; ../../../src/branch_predictor.vhd                                      ; yes             ; User VHDL File                                        ; D:/git/sifovm/coursework_project/src/branch_predictor.vhd                                                                                                    ;
; ../../../src/cache_4way_age.vhd                                        ; yes             ; User VHDL File                                        ; D:/git/sifovm/coursework_project/src/cache_4way_age.vhd                                                                                                      ;
; ../../appendix_n_microevm/src/appendix_n_microevm_top.vhd              ; yes             ; User VHDL File                                        ; D:/git/sifovm/coursework_project/rtl_schemes/appendix_n_microevm/src/appendix_n_microevm_top.vhd                                                             ;
; ../src/appendix_n_microevm_2row_top.vhd                                ; yes             ; User VHDL File                                        ; D:/git/sifovm/coursework_project/rtl_schemes/appendix_n_microevm_2row/src/appendix_n_microevm_2row_top.vhd                                                   ;
; altsyncram.tdf                                                         ; yes             ; Megafunction                                          ; d:/quartus/libraries/megafunctions/altsyncram.tdf                                                                                                            ;
; db/altsyncram_e051.tdf                                                 ; yes             ; Auto-Generated Megafunction                           ; D:/git/sifovm/coursework_project/rtl_schemes/appendix_n_microevm_2row/quartus_row1/db/altsyncram_e051.tdf                                                    ;
; appendix_n_microevm_row1.appendix_n_microevm_row1_control_top0.rtl.mif ; yes             ; Auto-Generated Auto-Found Memory Initialization File  ; D:/git/sifovm/coursework_project/rtl_schemes/appendix_n_microevm_2row/quartus_row1/db/appendix_n_microevm_row1.appendix_n_microevm_row1_control_top0.rtl.mif ;
+------------------------------------------------------------------------+-----------------+-------------------------------------------------------+--------------------------------------------------------------------------------------------------------------------------------------------------------------+


+-----------------------------------------------------+
; Analysis & Synthesis Resource Usage Summary         ;
+---------------------------------------------+-------+
; Resource                                    ; Usage ;
+---------------------------------------------+-------+
; Estimated Total logic elements              ; 1,209 ;
;                                             ;       ;
; Total combinational functions               ; 747   ;
; Logic element usage by number of LUT inputs ;       ;
;     -- 4 input functions                    ; 571   ;
;     -- 3 input functions                    ; 91    ;
;     -- <=2 input functions                  ; 85    ;
;                                             ;       ;
; Logic elements by mode                      ;       ;
;     -- normal mode                          ; 716   ;
;     -- arithmetic mode                      ; 31    ;
;                                             ;       ;
; Total registers                             ; 536   ;
;     -- Dedicated logic registers            ; 536   ;
;     -- I/O registers                        ; 0     ;
;                                             ;       ;
; I/O pins                                    ; 202   ;
; Total memory bits                           ; 2816  ;
; Maximum fan-out node                        ; clock ;
; Maximum fan-out                             ; 547   ;
; Total fan-out                               ; 4603  ;
; Average fan-out                             ; 3.08  ;
+---------------------------------------------+-------+


+---------------------------------------------------------------------------------------------------------------------------------------------------------------------------------------------------------------------------------------------------------------------------------------------------------------+
; Analysis & Synthesis Resource Utilization by Entity                                                                                                                                                                                                                                                           ;
+---------------------------------------------------------+-------------------+--------------+-------------+--------------+---------+-----------+------+--------------+--------------------------------------------------------------------------------------------------------------------------+--------------+
; Compilation Hierarchy Node                              ; LC Combinationals ; LC Registers ; Memory Bits ; DSP Elements ; DSP 9x9 ; DSP 18x18 ; Pins ; Virtual Pins ; Full Hierarchy Name                                                                                                      ; Library Name ;
+---------------------------------------------------------+-------------------+--------------+-------------+--------------+---------+-----------+------+--------------+--------------------------------------------------------------------------------------------------------------------------+--------------+
; |appendix_n_microevm_row1_control_top                   ; 747 (0)           ; 536 (0)      ; 2816        ; 0            ; 0       ; 0         ; 202  ; 0            ; |appendix_n_microevm_row1_control_top                                                                                    ; work         ;
;    |alu_core:U_ALU_UNIT|                                ; 95 (95)           ; 0 (0)        ; 0           ; 0            ; 0       ; 0         ; 0    ; 0            ; |appendix_n_microevm_row1_control_top|alu_core:U_ALU_UNIT                                                                ;              ;
;    |appendix_n_cmp_is_jmp:U_CMP_IS_JMP|                 ; 1 (1)             ; 0 (0)        ; 0           ; 0            ; 0       ; 0         ; 0    ; 0            ; |appendix_n_microevm_row1_control_top|appendix_n_cmp_is_jmp:U_CMP_IS_JMP                                                 ; work         ;
;    |appendix_n_cmp_is_mem_to_reg:U_CMP_IS_MEM_TO_REG|   ; 2 (2)             ; 0 (0)        ; 0           ; 0            ; 0       ; 0         ; 0    ; 0            ; |appendix_n_microevm_row1_control_top|appendix_n_cmp_is_mem_to_reg:U_CMP_IS_MEM_TO_REG                                   ;              ;
;    |appendix_n_cmp_is_reg_to_mem:U_CMP_IS_REG_TO_MEM|   ; 2 (2)             ; 0 (0)        ; 0           ; 0            ; 0       ; 0         ; 0    ; 0            ; |appendix_n_microevm_row1_control_top|appendix_n_cmp_is_reg_to_mem:U_CMP_IS_REG_TO_MEM                                   ; work         ;
;    |appendix_n_decoder_unit:U_DECODER_UNIT|             ; 10 (10)           ; 0 (0)        ; 0           ; 0            ; 0       ; 0         ; 0    ; 0            ; |appendix_n_microevm_row1_control_top|appendix_n_decoder_unit:U_DECODER_UNIT                                             ;              ;
;    |appendix_n_phase_counter_unit:U_PHASE_COUNTER_UNIT| ; 6 (6)             ; 2 (2)        ; 0           ; 0            ; 0       ; 0         ; 0    ; 0            ; |appendix_n_microevm_row1_control_top|appendix_n_phase_counter_unit:U_PHASE_COUNTER_UNIT                                 ;              ;
;    |appendix_n_special_registers:U_SPECIAL_REGISTERS|   ; 33 (33)           ; 32 (32)      ; 0           ; 0            ; 0       ; 0         ; 0    ; 0            ; |appendix_n_microevm_row1_control_top|appendix_n_special_registers:U_SPECIAL_REGISTERS                                   ;              ;
;    |branch_predictor:U_BRANCH_PREDICTOR|                ; 297 (297)         ; 306 (306)    ; 0           ; 0            ; 0       ; 0         ; 0    ; 0            ; |appendix_n_microevm_row1_control_top|branch_predictor:U_BRANCH_PREDICTOR                                                ;              ;
;    |flags_reg:U_FLAGS_REGISTER|                         ; 8 (8)             ; 4 (4)        ; 0           ; 0            ; 0       ; 0         ; 0    ; 0            ; |appendix_n_microevm_row1_control_top|flags_reg:U_FLAGS_REGISTER                                                         ; work         ;
;    |reg_file12x16_dbg:U_ALU_RON_REGISTER_FILE|          ; 293 (293)         ; 192 (192)    ; 0           ; 0            ; 0       ; 0         ; 0    ; 0            ; |appendix_n_microevm_row1_control_top|reg_file12x16_dbg:U_ALU_RON_REGISTER_FILE                                          ; work         ;
;    |rom_sync:U_COMMAND_MEMORY_ROM|                      ; 0 (0)             ; 0 (0)        ; 2816        ; 0            ; 0       ; 0         ; 0    ; 0            ; |appendix_n_microevm_row1_control_top|rom_sync:U_COMMAND_MEMORY_ROM                                                      ; work         ;
;       |altsyncram:Mux0_rtl_0|                           ; 0 (0)             ; 0 (0)        ; 2816        ; 0            ; 0       ; 0         ; 0    ; 0            ; |appendix_n_microevm_row1_control_top|rom_sync:U_COMMAND_MEMORY_ROM|altsyncram:Mux0_rtl_0                                ;              ;
;          |altsyncram_e051:auto_generated|               ; 0 (0)             ; 0 (0)        ; 2816        ; 0            ; 0       ; 0         ; 0    ; 0            ; |appendix_n_microevm_row1_control_top|rom_sync:U_COMMAND_MEMORY_ROM|altsyncram:Mux0_rtl_0|altsyncram_e051:auto_generated ;              ;
+---------------------------------------------------------+-------------------+--------------+-------------+--------------+---------+-----------+------+--------------+--------------------------------------------------------------------------------------------------------------------------+--------------+
Note: For table entries with two numbers listed, the numbers in parentheses indicate the number of resources of the given type used by the specific entity alone. The numbers listed outside of parentheses indicate the total resources of the given type used by the specific entity and all of its sub-entities in the hierarchy.


+---------------------------------------------------------------------------------------------------------------------------------------------------------------------------------------------------------------------------------------------------------+
; Analysis & Synthesis RAM Summary                                                                                                                                                                                                                        ;
+-----------------------------------------------------------------------------------------------+------+------+--------------+--------------+--------------+--------------+------+------------------------------------------------------------------------+
; Name                                                                                          ; Type ; Mode ; Port A Depth ; Port A Width ; Port B Depth ; Port B Width ; Size ; MIF                                                                    ;
+-----------------------------------------------------------------------------------------------+------+------+--------------+--------------+--------------+--------------+------+------------------------------------------------------------------------+
; rom_sync:U_COMMAND_MEMORY_ROM|altsyncram:Mux0_rtl_0|altsyncram_e051:auto_generated|ALTSYNCRAM ; AUTO ; ROM  ; 256          ; 11           ; --           ; --           ; 2816 ; appendix_n_microevm_row1.appendix_n_microevm_row1_control_top0.rtl.mif ;
+-----------------------------------------------------------------------------------------------+------+------+--------------+--------------+--------------+--------------+------+------------------------------------------------------------------------+


+--------------------------------------------------------------------------------------+
; Registers Removed During Synthesis                                                   ;
+---------------------------------------------+----------------------------------------+
; Register name                               ; Reason for Removal                     ;
+---------------------------------------------+----------------------------------------+
; rom_sync:U_COMMAND_MEMORY_ROM|q_r[7,12..15] ; Stuck at GND due to stuck port data_in ;
; Total Number of Removed Registers = 5       ;                                        ;
+---------------------------------------------+----------------------------------------+


+------------------------------------------------------+
; General Register Statistics                          ;
+----------------------------------------------+-------+
; Statistic                                    ; Value ;
+----------------------------------------------+-------+
; Total registers                              ; 536   ;
; Number of registers using Synchronous Clear  ; 37    ;
; Number of registers using Synchronous Load   ; 16    ;
; Number of registers using Asynchronous Clear ; 0     ;
; Number of registers using Asynchronous Load  ; 0     ;
; Number of registers using Clock Enable       ; 499   ;
; Number of registers using Preset             ; 0     ;
+----------------------------------------------+-------+


+----------------------------------------------------------+
; Inverted Register Statistics                             ;
+------------------------------------------------+---------+
; Inverted Register                              ; Fan out ;
+------------------------------------------------+---------+
; branch_predictor:U_BRANCH_PREDICTOR|pht[10][0] ; 1       ;
; branch_predictor:U_BRANCH_PREDICTOR|pht[9][0]  ; 1       ;
; branch_predictor:U_BRANCH_PREDICTOR|pht[8][0]  ; 1       ;
; branch_predictor:U_BRANCH_PREDICTOR|pht[11][0] ; 1       ;
; branch_predictor:U_BRANCH_PREDICTOR|pht[6][0]  ; 1       ;
; branch_predictor:U_BRANCH_PREDICTOR|pht[5][0]  ; 1       ;
; branch_predictor:U_BRANCH_PREDICTOR|pht[4][0]  ; 1       ;
; branch_predictor:U_BRANCH_PREDICTOR|pht[7][0]  ; 1       ;
; branch_predictor:U_BRANCH_PREDICTOR|pht[2][0]  ; 1       ;
; branch_predictor:U_BRANCH_PREDICTOR|pht[1][0]  ; 1       ;
; branch_predictor:U_BRANCH_PREDICTOR|pht[0][0]  ; 1       ;
; branch_predictor:U_BRANCH_PREDICTOR|pht[3][0]  ; 1       ;
; branch_predictor:U_BRANCH_PREDICTOR|pht[14][0] ; 1       ;
; branch_predictor:U_BRANCH_PREDICTOR|pht[13][0] ; 1       ;
; branch_predictor:U_BRANCH_PREDICTOR|pht[12][0] ; 1       ;
; branch_predictor:U_BRANCH_PREDICTOR|pht[15][0] ; 1       ;
; Total number of inverted registers = 16        ;         ;
+------------------------------------------------+---------+


+-------------------------------------------------------------------------------------+
; Registers Packed Into Inferred Megafunctions                                        ;
+---------------------------------------+--------------------------------------+------+
; Register Name                         ; Megafunction                         ; Type ;
+---------------------------------------+--------------------------------------+------+
; rom_sync:U_COMMAND_MEMORY_ROM|q_r[11] ; rom_sync:U_COMMAND_MEMORY_ROM|Mux0~0 ; ROM  ;
; rom_sync:U_COMMAND_MEMORY_ROM|q_r[10] ; rom_sync:U_COMMAND_MEMORY_ROM|Mux0~0 ; ROM  ;
; rom_sync:U_COMMAND_MEMORY_ROM|q_r[9]  ; rom_sync:U_COMMAND_MEMORY_ROM|Mux0~0 ; ROM  ;
; rom_sync:U_COMMAND_MEMORY_ROM|q_r[8]  ; rom_sync:U_COMMAND_MEMORY_ROM|Mux0~0 ; ROM  ;
; rom_sync:U_COMMAND_MEMORY_ROM|q_r[6]  ; rom_sync:U_COMMAND_MEMORY_ROM|Mux0~0 ; ROM  ;
; rom_sync:U_COMMAND_MEMORY_ROM|q_r[5]  ; rom_sync:U_COMMAND_MEMORY_ROM|Mux0~0 ; ROM  ;
; rom_sync:U_COMMAND_MEMORY_ROM|q_r[4]  ; rom_sync:U_COMMAND_MEMORY_ROM|Mux0~0 ; ROM  ;
; rom_sync:U_COMMAND_MEMORY_ROM|q_r[3]  ; rom_sync:U_COMMAND_MEMORY_ROM|Mux0~0 ; ROM  ;
; rom_sync:U_COMMAND_MEMORY_ROM|q_r[2]  ; rom_sync:U_COMMAND_MEMORY_ROM|Mux0~0 ; ROM  ;
; rom_sync:U_COMMAND_MEMORY_ROM|q_r[1]  ; rom_sync:U_COMMAND_MEMORY_ROM|Mux0~0 ; ROM  ;
; rom_sync:U_COMMAND_MEMORY_ROM|q_r[0]  ; rom_sync:U_COMMAND_MEMORY_ROM|Mux0~0 ; ROM  ;
+---------------------------------------+--------------------------------------+------+


+--------------------------------------------------------------------------------------------------------------------------------------------------------------------------------------------------------------+
; Multiplexer Restructuring Statistics (Restructuring Performed)                                                                                                                                               ;
+--------------------+-----------+---------------+----------------------+------------------------+------------+------------------------------------------------------------------------------------------------+
; Multiplexer Inputs ; Bus Width ; Baseline Area ; Area if Restructured ; Saving if Restructured ; Registered ; Example Multiplexer Output                                                                     ;
+--------------------+-----------+---------------+----------------------+------------------------+------------+------------------------------------------------------------------------------------------------+
; 3:1                ; 2 bits    ; 4 LEs         ; 2 LEs                ; 2 LEs                  ; Yes        ; |appendix_n_microevm_row1_control_top|branch_predictor:U_BRANCH_PREDICTOR|ghr_r[0]             ;
; 3:1                ; 16 bits   ; 32 LEs        ; 32 LEs               ; 0 LEs                  ; Yes        ; |appendix_n_microevm_row1_control_top|appendix_n_special_registers:U_SPECIAL_REGISTERS|ip_r[6] ;
; 3:1                ; 16 bits   ; 32 LEs        ; 16 LEs               ; 16 LEs                 ; Yes        ; |appendix_n_microevm_row1_control_top|appendix_n_special_registers:U_SPECIAL_REGISTERS|ir_r[0] ;
; 3:1                ; 2 bits    ; 4 LEs         ; 2 LEs                ; 2 LEs                  ; Yes        ; |appendix_n_microevm_row1_control_top|flags_reg:U_FLAGS_REGISTER|s_r                           ;
; 4:1                ; 16 bits   ; 32 LEs        ; 16 LEs               ; 16 LEs                 ; Yes        ; |appendix_n_microevm_row1_control_top|reg_file12x16_dbg:U_ALU_RON_REGISTER_FILE|regs[11][11]   ;
; 4:1                ; 16 bits   ; 32 LEs        ; 16 LEs               ; 16 LEs                 ; Yes        ; |appendix_n_microevm_row1_control_top|reg_file12x16_dbg:U_ALU_RON_REGISTER_FILE|regs[10][9]    ;
; 4:1                ; 16 bits   ; 32 LEs        ; 16 LEs               ; 16 LEs                 ; Yes        ; |appendix_n_microevm_row1_control_top|reg_file12x16_dbg:U_ALU_RON_REGISTER_FILE|regs[9][10]    ;
; 4:1                ; 16 bits   ; 32 LEs        ; 16 LEs               ; 16 LEs                 ; Yes        ; |appendix_n_microevm_row1_control_top|reg_file12x16_dbg:U_ALU_RON_REGISTER_FILE|regs[8][13]    ;
; 4:1                ; 16 bits   ; 32 LEs        ; 16 LEs               ; 16 LEs                 ; Yes        ; |appendix_n_microevm_row1_control_top|reg_file12x16_dbg:U_ALU_RON_REGISTER_FILE|regs[7][5]     ;
; 4:1                ; 16 bits   ; 32 LEs        ; 16 LEs               ; 16 LEs                 ; Yes        ; |appendix_n_microevm_row1_control_top|reg_file12x16_dbg:U_ALU_RON_REGISTER_FILE|regs[6][13]    ;
; 4:1                ; 16 bits   ; 32 LEs        ; 16 LEs               ; 16 LEs                 ; Yes        ; |appendix_n_microevm_row1_control_top|reg_file12x16_dbg:U_ALU_RON_REGISTER_FILE|regs[5][6]     ;
; 4:1                ; 16 bits   ; 32 LEs        ; 16 LEs               ; 16 LEs                 ; Yes        ; |appendix_n_microevm_row1_control_top|reg_file12x16_dbg:U_ALU_RON_REGISTER_FILE|regs[4][9]     ;
; 4:1                ; 16 bits   ; 32 LEs        ; 16 LEs               ; 16 LEs                 ; Yes        ; |appendix_n_microevm_row1_control_top|reg_file12x16_dbg:U_ALU_RON_REGISTER_FILE|regs[3][3]     ;
; 4:1                ; 16 bits   ; 32 LEs        ; 16 LEs               ; 16 LEs                 ; Yes        ; |appendix_n_microevm_row1_control_top|reg_file12x16_dbg:U_ALU_RON_REGISTER_FILE|regs[2][4]     ;
; 4:1                ; 16 bits   ; 32 LEs        ; 16 LEs               ; 16 LEs                 ; Yes        ; |appendix_n_microevm_row1_control_top|reg_file12x16_dbg:U_ALU_RON_REGISTER_FILE|regs[1][13]    ;
; 4:1                ; 16 bits   ; 32 LEs        ; 16 LEs               ; 16 LEs                 ; Yes        ; |appendix_n_microevm_row1_control_top|reg_file12x16_dbg:U_ALU_RON_REGISTER_FILE|regs[0][6]     ;
; 5:1                ; 16 bits   ; 48 LEs        ; 16 LEs               ; 32 LEs                 ; Yes        ; |appendix_n_microevm_row1_control_top|branch_predictor:U_BRANCH_PREDICTOR|btb_tgt[15][12]      ;
; 5:1                ; 16 bits   ; 48 LEs        ; 16 LEs               ; 32 LEs                 ; Yes        ; |appendix_n_microevm_row1_control_top|branch_predictor:U_BRANCH_PREDICTOR|btb_tgt[14][3]       ;
; 5:1                ; 16 bits   ; 48 LEs        ; 16 LEs               ; 32 LEs                 ; Yes        ; |appendix_n_microevm_row1_control_top|branch_predictor:U_BRANCH_PREDICTOR|btb_tgt[13][2]       ;
; 5:1                ; 16 bits   ; 48 LEs        ; 16 LEs               ; 32 LEs                 ; Yes        ; |appendix_n_microevm_row1_control_top|branch_predictor:U_BRANCH_PREDICTOR|btb_tgt[12][4]       ;
; 5:1                ; 16 bits   ; 48 LEs        ; 16 LEs               ; 32 LEs                 ; Yes        ; |appendix_n_microevm_row1_control_top|branch_predictor:U_BRANCH_PREDICTOR|btb_tgt[11][13]      ;
; 5:1                ; 16 bits   ; 48 LEs        ; 16 LEs               ; 32 LEs                 ; Yes        ; |appendix_n_microevm_row1_control_top|branch_predictor:U_BRANCH_PREDICTOR|btb_tgt[10][8]       ;
; 5:1                ; 16 bits   ; 48 LEs        ; 16 LEs               ; 32 LEs                 ; Yes        ; |appendix_n_microevm_row1_control_top|branch_predictor:U_BRANCH_PREDICTOR|btb_tgt[9][13]       ;
; 5:1                ; 16 bits   ; 48 LEs        ; 16 LEs               ; 32 LEs                 ; Yes        ; |appendix_n_microevm_row1_control_top|branch_predictor:U_BRANCH_PREDICTOR|btb_tgt[8][5]        ;
; 5:1                ; 16 bits   ; 48 LEs        ; 16 LEs               ; 32 LEs                 ; Yes        ; |appendix_n_microevm_row1_control_top|branch_predictor:U_BRANCH_PREDICTOR|btb_tgt[7][7]        ;
; 5:1                ; 16 bits   ; 48 LEs        ; 16 LEs               ; 32 LEs                 ; Yes        ; |appendix_n_microevm_row1_control_top|branch_predictor:U_BRANCH_PREDICTOR|btb_tgt[6][12]       ;
; 5:1                ; 16 bits   ; 48 LEs        ; 16 LEs               ; 32 LEs                 ; Yes        ; |appendix_n_microevm_row1_control_top|branch_predictor:U_BRANCH_PREDICTOR|btb_tgt[5][15]       ;
; 5:1                ; 16 bits   ; 48 LEs        ; 16 LEs               ; 32 LEs                 ; Yes        ; |appendix_n_microevm_row1_control_top|branch_predictor:U_BRANCH_PREDICTOR|btb_tgt[4][3]        ;
; 5:1                ; 16 bits   ; 48 LEs        ; 16 LEs               ; 32 LEs                 ; Yes        ; |appendix_n_microevm_row1_control_top|branch_predictor:U_BRANCH_PREDICTOR|btb_tgt[3][14]       ;
; 5:1                ; 16 bits   ; 48 LEs        ; 16 LEs               ; 32 LEs                 ; Yes        ; |appendix_n_microevm_row1_control_top|branch_predictor:U_BRANCH_PREDICTOR|btb_tgt[2][14]       ;
; 5:1                ; 16 bits   ; 48 LEs        ; 16 LEs               ; 32 LEs                 ; Yes        ; |appendix_n_microevm_row1_control_top|branch_predictor:U_BRANCH_PREDICTOR|btb_tgt[1][0]        ;
; 5:1                ; 16 bits   ; 48 LEs        ; 16 LEs               ; 32 LEs                 ; Yes        ; |appendix_n_microevm_row1_control_top|branch_predictor:U_BRANCH_PREDICTOR|btb_tgt[0][8]        ;
; 3:1                ; 2 bits    ; 4 LEs         ; 4 LEs                ; 0 LEs                  ; No         ; |appendix_n_microevm_row1_control_top|branch_predictor:U_BRANCH_PREDICTOR|pht                  ;
; 4:1                ; 4 bits    ; 8 LEs         ; 8 LEs                ; 0 LEs                  ; No         ; |appendix_n_microevm_row1_control_top|branch_predictor:U_BRANCH_PREDICTOR|Mux0                 ;
; 13:1               ; 16 bits   ; 128 LEs       ; 128 LEs              ; 0 LEs                  ; No         ; |appendix_n_microevm_row1_control_top|reg_file12x16_dbg:U_ALU_RON_REGISTER_FILE|dout_a_o[11]   ;
; 13:1               ; 16 bits   ; 128 LEs       ; 128 LEs              ; 0 LEs                  ; No         ; |appendix_n_microevm_row1_control_top|reg_file12x16_dbg:U_ALU_RON_REGISTER_FILE|dout_b_o[10]   ;
; 7:1                ; 15 bits   ; 60 LEs        ; 45 LEs               ; 15 LEs                 ; No         ; |appendix_n_microevm_row1_control_top|alu_core:U_ALU_UNIT|Mux5                                 ;
; 18:1               ; 16 bits   ; 192 LEs       ; 176 LEs              ; 16 LEs                 ; No         ; |appendix_n_microevm_row1_control_top|branch_predictor:U_BRANCH_PREDICTOR|pred_target_o[15]    ;
+--------------------+-----------+---------------+----------------------+------------------------+------------+------------------------------------------------------------------------------------------------+


+-----------------------------------------------------------------------------------------------------------+
; Source assignments for rom_sync:U_COMMAND_MEMORY_ROM|altsyncram:Mux0_rtl_0|altsyncram_e051:auto_generated ;
+---------------------------------+--------------------+------+---------------------------------------------+
; Assignment                      ; Value              ; From ; To                                          ;
+---------------------------------+--------------------+------+---------------------------------------------+
; OPTIMIZE_POWER_DURING_SYNTHESIS ; NORMAL_COMPILATION ; -    ; -                                           ;
+---------------------------------+--------------------+------+---------------------------------------------+


+------------------------------------------------------------------------------------------------------------------------------+
; Parameter Settings for Inferred Entity Instance: rom_sync:U_COMMAND_MEMORY_ROM|altsyncram:Mux0_rtl_0                         ;
+------------------------------------+------------------------------------------------------------------------+----------------+
; Parameter Name                     ; Value                                                                  ; Type           ;
+------------------------------------+------------------------------------------------------------------------+----------------+
; BYTE_SIZE_BLOCK                    ; 8                                                                      ; Untyped        ;
; AUTO_CARRY_CHAINS                  ; ON                                                                     ; AUTO_CARRY     ;
; IGNORE_CARRY_BUFFERS               ; OFF                                                                    ; IGNORE_CARRY   ;
; AUTO_CASCADE_CHAINS                ; ON                                                                     ; AUTO_CASCADE   ;
; IGNORE_CASCADE_BUFFERS             ; OFF                                                                    ; IGNORE_CASCADE ;
; WIDTH_BYTEENA                      ; 1                                                                      ; Untyped        ;
; OPERATION_MODE                     ; ROM                                                                    ; Untyped        ;
; WIDTH_A                            ; 11                                                                     ; Untyped        ;
; WIDTHAD_A                          ; 8                                                                      ; Untyped        ;
; NUMWORDS_A                         ; 256                                                                    ; Untyped        ;
; OUTDATA_REG_A                      ; UNREGISTERED                                                           ; Untyped        ;
; ADDRESS_ACLR_A                     ; NONE                                                                   ; Untyped        ;
; OUTDATA_ACLR_A                     ; NONE                                                                   ; Untyped        ;
; WRCONTROL_ACLR_A                   ; NONE                                                                   ; Untyped        ;
; INDATA_ACLR_A                      ; NONE                                                                   ; Untyped        ;
; BYTEENA_ACLR_A                     ; NONE                                                                   ; Untyped        ;
; WIDTH_B                            ; 1                                                                      ; Untyped        ;
; WIDTHAD_B                          ; 1                                                                      ; Untyped        ;
; NUMWORDS_B                         ; 1                                                                      ; Untyped        ;
; INDATA_REG_B                       ; CLOCK1                                                                 ; Untyped        ;
; WRCONTROL_WRADDRESS_REG_B          ; CLOCK1                                                                 ; Untyped        ;
; RDCONTROL_REG_B                    ; CLOCK1                                                                 ; Untyped        ;
; ADDRESS_REG_B                      ; CLOCK1                                                                 ; Untyped        ;
; OUTDATA_REG_B                      ; UNREGISTERED                                                           ; Untyped        ;
; BYTEENA_REG_B                      ; CLOCK1                                                                 ; Untyped        ;
; INDATA_ACLR_B                      ; NONE                                                                   ; Untyped        ;
; WRCONTROL_ACLR_B                   ; NONE                                                                   ; Untyped        ;
; ADDRESS_ACLR_B                     ; NONE                                                                   ; Untyped        ;
; OUTDATA_ACLR_B                     ; NONE                                                                   ; Untyped        ;
; RDCONTROL_ACLR_B                   ; NONE                                                                   ; Untyped        ;
; BYTEENA_ACLR_B                     ; NONE                                                                   ; Untyped        ;
; WIDTH_BYTEENA_A                    ; 1                                                                      ; Untyped        ;
; WIDTH_BYTEENA_B                    ; 1                                                                      ; Untyped        ;
; RAM_BLOCK_TYPE                     ; AUTO                                                                   ; Untyped        ;
; BYTE_SIZE                          ; 8                                                                      ; Untyped        ;
; READ_DURING_WRITE_MODE_MIXED_PORTS ; DONT_CARE                                                              ; Untyped        ;
; READ_DURING_WRITE_MODE_PORT_A      ; NEW_DATA_NO_NBE_READ                                                   ; Untyped        ;
; READ_DURING_WRITE_MODE_PORT_B      ; NEW_DATA_NO_NBE_READ                                                   ; Untyped        ;
; INIT_FILE                          ; appendix_n_microevm_row1.appendix_n_microevm_row1_control_top0.rtl.mif ; Untyped        ;
; INIT_FILE_LAYOUT                   ; PORT_A                                                                 ; Untyped        ;
; MAXIMUM_DEPTH                      ; 0                                                                      ; Untyped        ;
; CLOCK_ENABLE_INPUT_A               ; NORMAL                                                                 ; Untyped        ;
; CLOCK_ENABLE_INPUT_B               ; NORMAL                                                                 ; Untyped        ;
; CLOCK_ENABLE_OUTPUT_A              ; NORMAL                                                                 ; Untyped        ;
; CLOCK_ENABLE_OUTPUT_B              ; NORMAL                                                                 ; Untyped        ;
; CLOCK_ENABLE_CORE_A                ; USE_INPUT_CLKEN                                                        ; Untyped        ;
; CLOCK_ENABLE_CORE_B                ; USE_INPUT_CLKEN                                                        ; Untyped        ;
; ENABLE_ECC                         ; FALSE                                                                  ; Untyped        ;
; DEVICE_FAMILY                      ; Cyclone II                                                             ; Untyped        ;
; CBXI_PARAMETER                     ; altsyncram_e051                                                        ; Untyped        ;
+------------------------------------+------------------------------------------------------------------------+----------------+
Note: In order to hide this table in the UI and the text report file, please set the "Show Parameter Settings Tables in Synthesis Report" option in "Analysis and Synthesis Settings -> More Settings" to "Off".


+-------------------------------------------------------------------------------------------------+
; altsyncram Parameter Settings by Entity Instance                                                ;
+-------------------------------------------+-----------------------------------------------------+
; Name                                      ; Value                                               ;
+-------------------------------------------+-----------------------------------------------------+
; Number of entity instances                ; 1                                                   ;
; Entity Instance                           ; rom_sync:U_COMMAND_MEMORY_ROM|altsyncram:Mux0_rtl_0 ;
;     -- OPERATION_MODE                     ; ROM                                                 ;
;     -- WIDTH_A                            ; 11                                                  ;
;     -- NUMWORDS_A                         ; 256                                                 ;
;     -- OUTDATA_REG_A                      ; UNREGISTERED                                        ;
;     -- WIDTH_B                            ; 1                                                   ;
;     -- NUMWORDS_B                         ; 1                                                   ;
;     -- ADDRESS_REG_B                      ; CLOCK1                                              ;
;     -- OUTDATA_REG_B                      ; UNREGISTERED                                        ;
;     -- RAM_BLOCK_TYPE                     ; AUTO                                                ;
;     -- READ_DURING_WRITE_MODE_MIXED_PORTS ; DONT_CARE                                           ;
+-------------------------------------------+-----------------------------------------------------+


+-----------------------------------------------------------------------------------------------------------------+
; Port Connectivity Checks: "reg_file12x16_dbg:U_ALU_RON_REGISTER_FILE"                                           ;
+-------+--------+----------+-------------------------------------------------------------------------------------+
; Port  ; Type   ; Severity ; Details                                                                             ;
+-------+--------+----------+-------------------------------------------------------------------------------------+
; r0_o  ; Output ; Info     ; Connected to dangling logic. Logic that only feeds a dangling port will be removed. ;
; r1_o  ; Output ; Info     ; Connected to dangling logic. Logic that only feeds a dangling port will be removed. ;
; r2_o  ; Output ; Info     ; Connected to dangling logic. Logic that only feeds a dangling port will be removed. ;
; r3_o  ; Output ; Info     ; Connected to dangling logic. Logic that only feeds a dangling port will be removed. ;
; r4_o  ; Output ; Info     ; Connected to dangling logic. Logic that only feeds a dangling port will be removed. ;
; r5_o  ; Output ; Info     ; Connected to dangling logic. Logic that only feeds a dangling port will be removed. ;
; r6_o  ; Output ; Info     ; Connected to dangling logic. Logic that only feeds a dangling port will be removed. ;
; r7_o  ; Output ; Info     ; Connected to dangling logic. Logic that only feeds a dangling port will be removed. ;
; r8_o  ; Output ; Info     ; Connected to dangling logic. Logic that only feeds a dangling port will be removed. ;
; r9_o  ; Output ; Info     ; Connected to dangling logic. Logic that only feeds a dangling port will be removed. ;
; r10_o ; Output ; Info     ; Connected to dangling logic. Logic that only feeds a dangling port will be removed. ;
; r11_o ; Output ; Info     ; Connected to dangling logic. Logic that only feeds a dangling port will be removed. ;
+-------+--------+----------+-------------------------------------------------------------------------------------+


+----------------------------------------------------------------------------------------------------------------------+
; Port Connectivity Checks: "appendix_n_decoder_unit:U_DECODER_UNIT"                                                   ;
+------------+--------+----------+-------------------------------------------------------------------------------------+
; Port       ; Type   ; Severity ; Details                                                                             ;
+------------+--------+----------+-------------------------------------------------------------------------------------+
; branch_o   ; Output ; Info     ; Connected to dangling logic. Logic that only feeds a dangling port will be removed. ;
; ip_load_o  ; Output ; Info     ; Connected to dangling logic. Logic that only feeds a dangling port will be removed. ;
; ip_inc_o   ; Output ; Info     ; Connected to dangling logic. Logic that only feeds a dangling port will be removed. ;
; alu_op_o   ; Output ; Info     ; Connected to dangling logic. Logic that only feeds a dangling port will be removed. ;
; reg_addr_o ; Output ; Info     ; Connected to dangling logic. Logic that only feeds a dangling port will be removed. ;
+------------+--------+----------+-------------------------------------------------------------------------------------+


+------------------------------------------------------------------------------------------------------------------------+
; Port Connectivity Checks: "appendix_n_special_registers:U_SPECIAL_REGISTERS"                                           ;
+--------------+--------+----------+-------------------------------------------------------------------------------------+
; Port         ; Type   ; Severity ; Details                                                                             ;
+--------------+--------+----------+-------------------------------------------------------------------------------------+
; addr_h_out_o ; Output ; Info     ; Connected to dangling logic. Logic that only feeds a dangling port will be removed. ;
; addr_l_out_o ; Output ; Info     ; Connected to dangling logic. Logic that only feeds a dangling port will be removed. ;
+--------------+--------+----------+-------------------------------------------------------------------------------------+


+-------------------------------+
; Analysis & Synthesis Messages ;
+-------------------------------+
Info: *******************************************************************
Info: Running Quartus II Analysis & Synthesis
    Info: Version 9.1 Build 222 10/21/2009 SJ Web Edition
    Info: Copyright (C) 1991-2009 Altera Corporation. All rights reserved.
    Info: Your use of Altera Corporation's design tools, logic functions 
    Info: and other software and tools, and its AMPP partner logic 
    Info: functions, and any output files from any of the foregoing 
    Info: (including device programming or simulation files), and any 
    Info: associated documentation or information are expressly subject 
    Info: to the terms and conditions of the Altera Program License 
    Info: Subscription Agreement, Altera MegaCore Function License 
    Info: Agreement, or other applicable license agreement, including, 
    Info: without limitation, that your use is for the sole purpose of 
    Info: programming logic devices manufactured by Altera and sold by 
    Info: Altera or its authorized distributors.  Please refer to the 
    Info: applicable agreement for further details.
    Info: Processing started: Thu May 21 20:02:56 2026
Info: Command: quartus_map --read_settings_files=on --write_settings_files=off appendix_n_microevm_row1 -c appendix_n_microevm_row1
Info: Found 2 design units, including 0 entities, in source file /git/sifovm/coursework_project/src/microcomputer_pkg.vhd
    Info: Found design unit 1: microcomputer_pkg
    Info: Found design unit 2: microcomputer_pkg-body
Info: Found 1 design units, including 0 entities, in source file /git/sifovm/coursework_project/src/program_image_pkg.vhd
    Info: Found design unit 1: program_image_pkg
Info: Found 1 design units, including 0 entities, in source file /git/sifovm/coursework_project/src/data_image_pkg.vhd
    Info: Found design unit 1: data_image_pkg
Info: Found 2 design units, including 1 entities, in source file /git/sifovm/coursework_project/src/alu_core.vhd
    Info: Found design unit 1: alu_core-rtl
    Info: Found entity 1: alu_core
Info: Found 2 design units, including 1 entities, in source file /git/sifovm/coursework_project/src/reg_file12x16_dbg.vhd
    Info: Found design unit 1: reg_file12x16_dbg-rtl
    Info: Found entity 1: reg_file12x16_dbg
Info: Found 2 design units, including 1 entities, in source file /git/sifovm/coursework_project/src/flags_reg.vhd
    Info: Found design unit 1: flags_reg-rtl
    Info: Found entity 1: flags_reg
Info: Found 2 design units, including 1 entities, in source file /git/sifovm/coursework_project/src/stack7x16.vhd
    Info: Found design unit 1: stack7x16-rtl
    Info: Found entity 1: stack7x16
Info: Found 2 design units, including 1 entities, in source file /git/sifovm/coursework_project/src/rom_sync.vhd
    Info: Found design unit 1: rom_sync-rtl
    Info: Found entity 1: rom_sync
Info: Found 2 design units, including 1 entities, in source file /git/sifovm/coursework_project/src/ram_sync.vhd
    Info: Found design unit 1: ram_sync-rtl
    Info: Found entity 1: ram_sync
Info: Found 2 design units, including 1 entities, in source file /git/sifovm/coursework_project/src/bus_arbiter_2master.vhd
    Info: Found design unit 1: bus_arbiter_2master-rtl
    Info: Found entity 1: bus_arbiter_2master
Info: Found 2 design units, including 1 entities, in source file /git/sifovm/coursework_project/src/dma_controller_3word.vhd
    Info: Found design unit 1: dma_controller_3word-rtl
    Info: Found entity 1: dma_controller_3word
Info: Found 2 design units, including 1 entities, in source file /git/sifovm/coursework_project/src/branch_predictor.vhd
    Info: Found design unit 1: branch_predictor-rtl
    Info: Found entity 1: branch_predictor
Info: Found 2 design units, including 1 entities, in source file /git/sifovm/coursework_project/src/cache_4way_age.vhd
    Info: Found design unit 1: cache_4way_age-rtl
    Info: Found entity 1: cache_4way_age
Info: Found 16 design units, including 8 entities, in source file /git/sifovm/coursework_project/rtl_schemes/appendix_n_microevm/src/appendix_n_microevm_top.vhd
    Info: Found design unit 1: appendix_n_phase_counter_unit-rtl
    Info: Found design unit 2: appendix_n_special_registers-rtl
    Info: Found design unit 3: appendix_n_decoder_unit-rtl
    Info: Found design unit 4: appendix_n_cmp_is_jmp-rtl
    Info: Found design unit 5: appendix_n_cmp_is_mem_to_reg-rtl
    Info: Found design unit 6: appendix_n_cmp_is_reg_to_mem-rtl
    Info: Found design unit 7: appendix_n_mux2_16-rtl
    Info: Found design unit 8: appendix_n_microevm_top-structural
    Info: Found entity 1: appendix_n_phase_counter_unit
    Info: Found entity 2: appendix_n_special_registers
    Info: Found entity 3: appendix_n_decoder_unit
    Info: Found entity 4: appendix_n_cmp_is_jmp
    Info: Found entity 5: appendix_n_cmp_is_mem_to_reg
    Info: Found entity 6: appendix_n_cmp_is_reg_to_mem
    Info: Found entity 7: appendix_n_mux2_16
    Info: Found entity 8: appendix_n_microevm_top
Info: Found 6 design units, including 3 entities, in source file /git/sifovm/coursework_project/rtl_schemes/appendix_n_microevm_2row/src/appendix_n_microevm_2row_top.vhd
    Info: Found design unit 1: appendix_n_microevm_row1_control_top-structural
    Info: Found design unit 2: appendix_n_microevm_row2_memory_top-structural
    Info: Found design unit 3: appendix_n_microevm_2row_top-structural
    Info: Found entity 1: appendix_n_microevm_row1_control_top
    Info: Found entity 2: appendix_n_microevm_row2_memory_top
    Info: Found entity 3: appendix_n_microevm_2row_top
Info: Elaborating entity "appendix_n_microevm_row1_control_top" for the top level hierarchy
Warning (10036): Verilog HDL or VHDL warning at appendix_n_microevm_2row_top.vhd(40): object "addr_h_s" assigned a value but never read
Warning (10036): Verilog HDL or VHDL warning at appendix_n_microevm_2row_top.vhd(41): object "addr_l_s" assigned a value but never read
Warning (10036): Verilog HDL or VHDL warning at appendix_n_microevm_2row_top.vhd(42): object "branch_s" assigned a value but never read
Warning (10036): Verilog HDL or VHDL warning at appendix_n_microevm_2row_top.vhd(43): object "ip_load_s" assigned a value but never read
Warning (10036): Verilog HDL or VHDL warning at appendix_n_microevm_2row_top.vhd(44): object "ip_inc_s" assigned a value but never read
Warning (10036): Verilog HDL or VHDL warning at appendix_n_microevm_2row_top.vhd(53): object "alu_op_s" assigned a value but never read
Warning (10036): Verilog HDL or VHDL warning at appendix_n_microevm_2row_top.vhd(54): object "reg_addr_s" assigned a value but never read
Info: Elaborating entity "appendix_n_phase_counter_unit" for hierarchy "appendix_n_phase_counter_unit:U_PHASE_COUNTER_UNIT"
Info: Elaborating entity "appendix_n_special_registers" for hierarchy "appendix_n_special_registers:U_SPECIAL_REGISTERS"
Info: Elaborating entity "rom_sync" for hierarchy "rom_sync:U_COMMAND_MEMORY_ROM"
Info: Elaborating entity "branch_predictor" for hierarchy "branch_predictor:U_BRANCH_PREDICTOR"
Info: Elaborating entity "appendix_n_cmp_is_jmp" for hierarchy "appendix_n_cmp_is_jmp:U_CMP_IS_JMP"
Info: Elaborating entity "appendix_n_cmp_is_mem_to_reg" for hierarchy "appendix_n_cmp_is_mem_to_reg:U_CMP_IS_MEM_TO_REG"
Info: Elaborating entity "appendix_n_cmp_is_reg_to_mem" for hierarchy "appendix_n_cmp_is_reg_to_mem:U_CMP_IS_REG_TO_MEM"
Info: Elaborating entity "appendix_n_decoder_unit" for hierarchy "appendix_n_decoder_unit:U_DECODER_UNIT"
Info: Elaborating entity "reg_file12x16_dbg" for hierarchy "reg_file12x16_dbg:U_ALU_RON_REGISTER_FILE"
Info: Elaborating entity "alu_core" for hierarchy "alu_core:U_ALU_UNIT"
Info: Elaborating entity "flags_reg" for hierarchy "flags_reg:U_FLAGS_REGISTER"
Info: Inferred 1 megafunctions from design logic
    Info: Inferred altsyncram megafunction from the following design logic: "rom_sync:U_COMMAND_MEMORY_ROM|Mux0~0"
        Info: Parameter OPERATION_MODE set to ROM
        Info: Parameter WIDTH_A set to 11
        Info: Parameter WIDTHAD_A set to 8
        Info: Parameter NUMWORDS_A set to 256
        Info: Parameter OUTDATA_REG_A set to UNREGISTERED
        Info: Parameter RAM_BLOCK_TYPE set to AUTO
        Info: Parameter INIT_FILE set to appendix_n_microevm_row1.appendix_n_microevm_row1_control_top0.rtl.mif
Info: Elaborated megafunction instantiation "rom_sync:U_COMMAND_MEMORY_ROM|altsyncram:Mux0_rtl_0"
Info: Instantiated megafunction "rom_sync:U_COMMAND_MEMORY_ROM|altsyncram:Mux0_rtl_0" with the following parameter:
    Info: Parameter "OPERATION_MODE" = "ROM"
    Info: Parameter "WIDTH_A" = "11"
    Info: Parameter "WIDTHAD_A" = "8"
    Info: Parameter "NUMWORDS_A" = "256"
    Info: Parameter "OUTDATA_REG_A" = "UNREGISTERED"
    Info: Parameter "RAM_BLOCK_TYPE" = "AUTO"
    Info: Parameter "INIT_FILE" = "appendix_n_microevm_row1.appendix_n_microevm_row1_control_top0.rtl.mif"
Info: Found 1 design units, including 1 entities, in source file db/altsyncram_e051.tdf
    Info: Found entity 1: altsyncram_e051
Warning: Output pins are stuck at VCC or GND
    Warning (13410): Pin "DBG_ROM_DATA[7]" is stuck at GND
    Warning (13410): Pin "DBG_ROM_DATA[12]" is stuck at GND
    Warning (13410): Pin "DBG_ROM_DATA[13]" is stuck at GND
    Warning (13410): Pin "DBG_ROM_DATA[14]" is stuck at GND
    Warning (13410): Pin "DBG_ROM_DATA[15]" is stuck at GND
Warning: Design contains 1 input pin(s) that do not drive logic
    Warning (15610): No output dependent on input pin "ctrl_i[7]"
Info: Implemented 1456 device resources after synthesis - the final resource count might be different
    Info: Implemented 68 input pins
    Info: Implemented 134 output pins
    Info: Implemented 1243 logic cells
    Info: Implemented 11 RAM segments
Info: Quartus II Analysis & Synthesis was successful. 0 errors, 15 warnings
    Info: Peak virtual memory: 255 megabytes
    Info: Processing ended: Thu May 21 20:02:59 2026
    Info: Elapsed time: 00:00:03
    Info: Total CPU time (on all processors): 00:00:02


