Analysis & Synthesis report for cache_wave
Sat May 09 18:34:40 2026
Quartus II Version 9.1 Build 222 10/21/2009 SJ Web Edition


---------------------
; Table of Contents ;
---------------------
  1. Legal Notice
  2. Analysis & Synthesis Summary
  3. Analysis & Synthesis Settings
  4. Parallel Compilation
  5. Analysis & Synthesis Source Files Read
  6. Analysis & Synthesis Resource Usage Summary
  7. Analysis & Synthesis Resource Utilization by Entity
  8. State Machine - |cache_4way_age|state_r
  9. Registers Removed During Synthesis
 10. General Register Statistics
 11. Multiplexer Restructuring Statistics (Restructuring Performed)
 12. Analysis & Synthesis Messages



----------------
; Legal Notice ;
----------------
Copyright (C) 1991-2009 Altera Corporation
Your use of Altera Corporation's design tools, logic functions 
and other software and tools, and its AMPP partner logic 
functions, and any output files from any of the foregoing 
(including device programming or simulation files), and any 
associated documentation or information are expressly subject 
to the terms and conditions of the Altera Program License 
Subscription Agreement, Altera MegaCore Function License 
Agreement, or other applicable license agreement, including, 
without limitation, that your use is for the sole purpose of 
programming logic devices manufactured by Altera and sold by 
Altera or its authorized distributors.  Please refer to the 
applicable agreement for further details.



+------------------------------------------------------------------------------+
; Analysis & Synthesis Summary                                                 ;
+------------------------------------+-----------------------------------------+
; Analysis & Synthesis Status        ; Successful - Sat May 09 18:34:40 2026   ;
; Quartus II Version                 ; 9.1 Build 222 10/21/2009 SJ Web Edition ;
; Revision Name                      ; cache_wave                              ;
; Top-level Entity Name              ; cache_4way_age                          ;
; Family                             ; Cyclone II                              ;
; Total logic elements               ; 4,011                                   ;
;     Total combinational functions  ; 2,247                                   ;
;     Dedicated logic registers      ; 2,076                                   ;
; Total registers                    ; 2076                                    ;
; Total pins                         ; 106                                     ;
; Total virtual pins                 ; 0                                       ;
; Total memory bits                  ; 0                                       ;
; Embedded Multiplier 9-bit elements ; 0                                       ;
; Total PLLs                         ; 0                                       ;
+------------------------------------+-----------------------------------------+


+----------------------------------------------------------------------------------------------------------------------+
; Analysis & Synthesis Settings                                                                                        ;
+----------------------------------------------------------------------------+--------------------+--------------------+
; Option                                                                     ; Setting            ; Default Value      ;
+----------------------------------------------------------------------------+--------------------+--------------------+
; Top-level entity name                                                      ; cache_4way_age     ; cache_wave         ;
; Family name                                                                ; Cyclone II         ; Stratix II         ;
; Use smart compilation                                                      ; Off                ; Off                ;
; Enable parallel Assembler and TimeQuest Timing Analyzer during compilation ; On                 ; On                 ;
; Enable compact report table                                                ; Off                ; Off                ;
; Restructure Multiplexers                                                   ; Auto               ; Auto               ;
; Create Debugging Nodes for IP Cores                                        ; Off                ; Off                ;
; Preserve fewer node names                                                  ; On                 ; On                 ;
; Disable OpenCore Plus hardware evaluation                                  ; Off                ; Off                ;
; Verilog Version                                                            ; Verilog_2001       ; Verilog_2001       ;
; VHDL Version                                                               ; VHDL_1993          ; VHDL_1993          ;
; State Machine Processing                                                   ; Auto               ; Auto               ;
; Safe State Machine                                                         ; Off                ; Off                ;
; Extract Verilog State Machines                                             ; On                 ; On                 ;
; Extract VHDL State Machines                                                ; On                 ; On                 ;
; Ignore Verilog initial constructs                                          ; Off                ; Off                ;
; Iteration limit for constant Verilog loops                                 ; 5000               ; 5000               ;
; Iteration limit for non-constant Verilog loops                             ; 250                ; 250                ;
; Add Pass-Through Logic to Inferred RAMs                                    ; On                 ; On                 ;
; Parallel Synthesis                                                         ; On                 ; On                 ;
; DSP Block Balancing                                                        ; Auto               ; Auto               ;
; NOT Gate Push-Back                                                         ; On                 ; On                 ;
; Power-Up Don't Care                                                        ; On                 ; On                 ;
; Remove Redundant Logic Cells                                               ; Off                ; Off                ;
; Remove Duplicate Registers                                                 ; On                 ; On                 ;
; Ignore CARRY Buffers                                                       ; Off                ; Off                ;
; Ignore CASCADE Buffers                                                     ; Off                ; Off                ;
; Ignore GLOBAL Buffers                                                      ; Off                ; Off                ;
; Ignore ROW GLOBAL Buffers                                                  ; Off                ; Off                ;
; Ignore LCELL Buffers                                                       ; Off                ; Off                ;
; Ignore SOFT Buffers                                                        ; On                 ; On                 ;
; Limit AHDL Integers to 32 Bits                                             ; Off                ; Off                ;
; Optimization Technique                                                     ; Balanced           ; Balanced           ;
; Carry Chain Length                                                         ; 70                 ; 70                 ;
; Auto Carry Chains                                                          ; On                 ; On                 ;
; Auto Open-Drain Pins                                                       ; On                 ; On                 ;
; Perform WYSIWYG Primitive Resynthesis                                      ; Off                ; Off                ;
; Auto ROM Replacement                                                       ; On                 ; On                 ;
; Auto RAM Replacement                                                       ; On                 ; On                 ;
; Auto Shift Register Replacement                                            ; Auto               ; Auto               ;
; Auto Clock Enable Replacement                                              ; On                 ; On                 ;
; Strict RAM Replacement                                                     ; Off                ; Off                ;
; Allow Synchronous Control Signals                                          ; On                 ; On                 ;
; Force Use of Synchronous Clear Signals                                     ; Off                ; Off                ;
; Auto RAM to Logic Cell Conversion                                          ; Off                ; Off                ;
; Auto Resource Sharing                                                      ; Off                ; Off                ;
; Allow Any RAM Size For Recognition                                         ; Off                ; Off                ;
; Allow Any ROM Size For Recognition                                         ; Off                ; Off                ;
; Allow Any Shift Register Size For Recognition                              ; Off                ; Off                ;
; Use LogicLock Constraints during Resource Balancing                        ; On                 ; On                 ;
; Ignore translate_off and synthesis_off directives                          ; Off                ; Off                ;
; Timing-Driven Synthesis                                                    ; Off                ; Off                ;
; Show Parameter Settings Tables in Synthesis Report                         ; On                 ; On                 ;
; Ignore Maximum Fan-Out Assignments                                         ; Off                ; Off                ;
; Synchronization Register Chain Length                                      ; 2                  ; 2                  ;
; PowerPlay Power Optimization                                               ; Normal compilation ; Normal compilation ;
; HDL message level                                                          ; Level2             ; Level2             ;
; Suppress Register Optimization Related Messages                            ; Off                ; Off                ;
; Number of Removed Registers Reported in Synthesis Report                   ; 100                ; 100                ;
; Number of Inverted Registers Reported in Synthesis Report                  ; 100                ; 100                ;
; Clock MUX Protection                                                       ; On                 ; On                 ;
; Auto Gated Clock Conversion                                                ; Off                ; Off                ;
; Block Design Naming                                                        ; Auto               ; Auto               ;
; SDC constraint protection                                                  ; Off                ; Off                ;
; Synthesis Effort                                                           ; Auto               ; Auto               ;
; Shift Register Replacement - Allow Asynchronous Clear Signal               ; On                 ; On                 ;
; Analysis & Synthesis Message Level                                         ; Medium             ; Medium             ;
; Disable Register Merging Across Hierarchies                                ; Auto               ; Auto               ;
; Resource Aware Inference For Block RAM                                     ; On                 ; On                 ;
+----------------------------------------------------------------------------+--------------------+--------------------+


Parallel compilation was disabled, but you have multiple processors available. Enable parallel compilation to reduce compilation time.
+-------------------------------------+
; Parallel Compilation                ;
+----------------------------+--------+
; Processors                 ; Number ;
+----------------------------+--------+
; Number detected on machine ; 12     ;
; Maximum allowed            ; 1      ;
+----------------------------+--------+


+-----------------------------------------------------------------------------------------------------------------------------------+
; Analysis & Synthesis Source Files Read                                                                                            ;
+----------------------------------+-----------------+-----------------+------------------------------------------------------------+
; File Name with User-Entered Path ; Used in Netlist ; File Type       ; File Name with Absolute Path                               ;
+----------------------------------+-----------------+-----------------+------------------------------------------------------------+
; ../src/microcomputer_pkg.vhd     ; yes             ; User VHDL File  ; D:/git/sifovm/coursework_project/src/microcomputer_pkg.vhd ;
; ../src/cache_4way_age.vhd        ; yes             ; User VHDL File  ; D:/git/sifovm/coursework_project/src/cache_4way_age.vhd    ;
+----------------------------------+-----------------+-----------------+------------------------------------------------------------+


+-----------------------------------------------------+
; Analysis & Synthesis Resource Usage Summary         ;
+---------------------------------------------+-------+
; Resource                                    ; Usage ;
+---------------------------------------------+-------+
; Estimated Total logic elements              ; 4,011 ;
;                                             ;       ;
; Total combinational functions               ; 2247  ;
; Logic element usage by number of LUT inputs ;       ;
;     -- 4 input functions                    ; 1963  ;
;     -- 3 input functions                    ; 232   ;
;     -- <=2 input functions                  ; 52    ;
;                                             ;       ;
; Logic elements by mode                      ;       ;
;     -- normal mode                          ; 2247  ;
;     -- arithmetic mode                      ; 0     ;
;                                             ;       ;
; Total registers                             ; 2076  ;
;     -- Dedicated logic registers            ; 2076  ;
;     -- I/O registers                        ; 0     ;
;                                             ;       ;
; I/O pins                                    ; 106   ;
; Maximum fan-out node                        ; clk_i ;
; Maximum fan-out                             ; 2076  ;
; Total fan-out                               ; 18072 ;
; Average fan-out                             ; 4.08  ;
+---------------------------------------------+-------+


+-----------------------------------------------------------------------------------------------------------------------------------------------------------------------------+
; Analysis & Synthesis Resource Utilization by Entity                                                                                                                         ;
+----------------------------+-------------------+--------------+-------------+--------------+---------+-----------+------+--------------+---------------------+--------------+
; Compilation Hierarchy Node ; LC Combinationals ; LC Registers ; Memory Bits ; DSP Elements ; DSP 9x9 ; DSP 18x18 ; Pins ; Virtual Pins ; Full Hierarchy Name ; Library Name ;
+----------------------------+-------------------+--------------+-------------+--------------+---------+-----------+------+--------------+---------------------+--------------+
; |cache_4way_age            ; 2247 (2247)       ; 2076 (2076)  ; 0           ; 0            ; 0       ; 0         ; 106  ; 0            ; |cache_4way_age     ; work         ;
+----------------------------+-------------------+--------------+-------------+--------------+---------+-----------+------+--------------+---------------------+--------------+
Note: For table entries with two numbers listed, the numbers in parentheses indicate the number of resources of the given type used by the specific entity alone. The numbers listed outside of parentheses indicate the total resources of the given type used by the specific entity and all of its sub-entities in the hierarchy.


Encoding Type:  One-Hot
+-----------------------------------------------------------------------------------------------------------------------+
; State Machine - |cache_4way_age|state_r                                                                               ;
+--------------------------+--------------------------+------------------------+-------------------------+--------------+
; Name                     ; state_r.WAIT_WRITE_GRANT ; state_r.WAIT_READ_DATA ; state_r.WAIT_READ_GRANT ; state_r.IDLE ;
+--------------------------+--------------------------+------------------------+-------------------------+--------------+
; state_r.IDLE             ; 0                        ; 0                      ; 0                       ; 0            ;
; state_r.WAIT_READ_GRANT  ; 0                        ; 0                      ; 1                       ; 1            ;
; state_r.WAIT_READ_DATA   ; 0                        ; 1                      ; 0                       ; 1            ;
; state_r.WAIT_WRITE_GRANT ; 1                        ; 0                      ; 0                       ; 1            ;
+--------------------------+--------------------------+------------------------+-------------------------+--------------+


+--------------------------------------------------------------------+
; Registers Removed During Synthesis                                 ;
+----------------------------------------+---------------------------+
; Register name                          ; Reason for Removal        ;
+----------------------------------------+---------------------------+
; req_addr_r[4]                          ; Merged with tag_req_r[0]  ;
; req_addr_r[5]                          ; Merged with tag_req_r[1]  ;
; req_addr_r[6]                          ; Merged with tag_req_r[2]  ;
; req_addr_r[7]                          ; Merged with tag_req_r[3]  ;
; req_addr_r[8]                          ; Merged with tag_req_r[4]  ;
; req_addr_r[9]                          ; Merged with tag_req_r[5]  ;
; req_addr_r[10]                         ; Merged with tag_req_r[6]  ;
; req_addr_r[11]                         ; Merged with tag_req_r[7]  ;
; req_addr_r[12]                         ; Merged with tag_req_r[8]  ;
; req_addr_r[13]                         ; Merged with tag_req_r[9]  ;
; req_addr_r[14]                         ; Merged with tag_req_r[10] ;
; req_addr_r[15]                         ; Merged with tag_req_r[11] ;
; req_addr_r[0]                          ; Merged with set_r[0]      ;
; req_addr_r[1]                          ; Merged with set_r[1]      ;
; req_addr_r[2]                          ; Merged with set_r[2]      ;
; req_addr_r[3]                          ; Merged with set_r[3]      ;
; Total Number of Removed Registers = 16 ;                           ;
+----------------------------------------+---------------------------+


+------------------------------------------------------+
; General Register Statistics                          ;
+----------------------------------------------+-------+
; Statistic                                    ; Value ;
+----------------------------------------------+-------+
; Total registers                              ; 2076  ;
; Number of registers using Synchronous Clear  ; 1128  ;
; Number of registers using Synchronous Load   ; 1043  ;
; Number of registers using Asynchronous Clear ; 0     ;
; Number of registers using Asynchronous Load  ; 0     ;
; Number of registers using Clock Enable       ; 2004  ;
; Number of registers using Preset             ; 0     ;
+----------------------------------------------+-------+


+-------------------------------------------------------------------------------------------------------------------------------------------------+
; Multiplexer Restructuring Statistics (Restructuring Performed)                                                                                  ;
+--------------------+-----------+---------------+----------------------+------------------------+------------+-----------------------------------+
; Multiplexer Inputs ; Bus Width ; Baseline Area ; Area if Restructured ; Saving if Restructured ; Registered ; Example Multiplexer Output        ;
+--------------------+-----------+---------------+----------------------+------------------------+------------+-----------------------------------+
; 4:1                ; 32 bits   ; 64 LEs        ; 32 LEs               ; 32 LEs                 ; Yes        ; |cache_4way_age|tag_req_r[3]      ;
; 6:1                ; 16 bits   ; 64 LEs        ; 32 LEs               ; 32 LEs                 ; Yes        ; |cache_4way_age|ram_addr_r[15]    ;
; 6:1                ; 2 bits    ; 8 LEs         ; 8 LEs                ; 0 LEs                  ; Yes        ; |cache_4way_age|cpu_ready_r       ;
; 6:1                ; 12 bits   ; 48 LEs        ; 12 LEs               ; 36 LEs                 ; Yes        ; |cache_4way_age|tag_r[0][0][11]   ;
; 6:1                ; 12 bits   ; 48 LEs        ; 12 LEs               ; 36 LEs                 ; Yes        ; |cache_4way_age|tag_r[1][0][8]    ;
; 6:1                ; 12 bits   ; 48 LEs        ; 12 LEs               ; 36 LEs                 ; Yes        ; |cache_4way_age|tag_r[2][0][8]    ;
; 6:1                ; 12 bits   ; 48 LEs        ; 12 LEs               ; 36 LEs                 ; Yes        ; |cache_4way_age|tag_r[3][0][8]    ;
; 6:1                ; 12 bits   ; 48 LEs        ; 12 LEs               ; 36 LEs                 ; Yes        ; |cache_4way_age|tag_r[4][0][8]    ;
; 6:1                ; 12 bits   ; 48 LEs        ; 12 LEs               ; 36 LEs                 ; Yes        ; |cache_4way_age|tag_r[5][0][8]    ;
; 6:1                ; 12 bits   ; 48 LEs        ; 12 LEs               ; 36 LEs                 ; Yes        ; |cache_4way_age|tag_r[6][0][8]    ;
; 6:1                ; 12 bits   ; 48 LEs        ; 12 LEs               ; 36 LEs                 ; Yes        ; |cache_4way_age|tag_r[7][0][5]    ;
; 6:1                ; 12 bits   ; 48 LEs        ; 12 LEs               ; 36 LEs                 ; Yes        ; |cache_4way_age|tag_r[8][0][5]    ;
; 6:1                ; 12 bits   ; 48 LEs        ; 12 LEs               ; 36 LEs                 ; Yes        ; |cache_4way_age|tag_r[9][0][7]    ;
; 6:1                ; 12 bits   ; 48 LEs        ; 12 LEs               ; 36 LEs                 ; Yes        ; |cache_4way_age|tag_r[10][0][4]   ;
; 6:1                ; 12 bits   ; 48 LEs        ; 12 LEs               ; 36 LEs                 ; Yes        ; |cache_4way_age|tag_r[11][0][6]   ;
; 6:1                ; 12 bits   ; 48 LEs        ; 12 LEs               ; 36 LEs                 ; Yes        ; |cache_4way_age|tag_r[12][0][3]   ;
; 6:1                ; 12 bits   ; 48 LEs        ; 12 LEs               ; 36 LEs                 ; Yes        ; |cache_4way_age|tag_r[13][0][2]   ;
; 6:1                ; 12 bits   ; 48 LEs        ; 12 LEs               ; 36 LEs                 ; Yes        ; |cache_4way_age|tag_r[14][0][8]   ;
; 6:1                ; 12 bits   ; 48 LEs        ; 12 LEs               ; 36 LEs                 ; Yes        ; |cache_4way_age|tag_r[15][0][6]   ;
; 6:1                ; 12 bits   ; 48 LEs        ; 12 LEs               ; 36 LEs                 ; Yes        ; |cache_4way_age|tag_r[0][1][9]    ;
; 6:1                ; 12 bits   ; 48 LEs        ; 12 LEs               ; 36 LEs                 ; Yes        ; |cache_4way_age|tag_r[1][1][2]    ;
; 6:1                ; 12 bits   ; 48 LEs        ; 12 LEs               ; 36 LEs                 ; Yes        ; |cache_4way_age|tag_r[2][1][8]    ;
; 6:1                ; 12 bits   ; 48 LEs        ; 12 LEs               ; 36 LEs                 ; Yes        ; |cache_4way_age|tag_r[3][1][7]    ;
; 6:1                ; 12 bits   ; 48 LEs        ; 12 LEs               ; 36 LEs                 ; Yes        ; |cache_4way_age|tag_r[4][1][8]    ;
; 6:1                ; 12 bits   ; 48 LEs        ; 12 LEs               ; 36 LEs                 ; Yes        ; |cache_4way_age|tag_r[5][1][10]   ;
; 6:1                ; 12 bits   ; 48 LEs        ; 12 LEs               ; 36 LEs                 ; Yes        ; |cache_4way_age|tag_r[6][1][2]    ;
; 6:1                ; 12 bits   ; 48 LEs        ; 12 LEs               ; 36 LEs                 ; Yes        ; |cache_4way_age|tag_r[7][1][9]    ;
; 6:1                ; 12 bits   ; 48 LEs        ; 12 LEs               ; 36 LEs                 ; Yes        ; |cache_4way_age|tag_r[8][1][0]    ;
; 6:1                ; 12 bits   ; 48 LEs        ; 12 LEs               ; 36 LEs                 ; Yes        ; |cache_4way_age|tag_r[9][1][0]    ;
; 6:1                ; 12 bits   ; 48 LEs        ; 12 LEs               ; 36 LEs                 ; Yes        ; |cache_4way_age|tag_r[10][1][4]   ;
; 6:1                ; 12 bits   ; 48 LEs        ; 12 LEs               ; 36 LEs                 ; Yes        ; |cache_4way_age|tag_r[11][1][11]  ;
; 6:1                ; 12 bits   ; 48 LEs        ; 12 LEs               ; 36 LEs                 ; Yes        ; |cache_4way_age|tag_r[12][1][7]   ;
; 6:1                ; 12 bits   ; 48 LEs        ; 12 LEs               ; 36 LEs                 ; Yes        ; |cache_4way_age|tag_r[13][1][9]   ;
; 6:1                ; 12 bits   ; 48 LEs        ; 12 LEs               ; 36 LEs                 ; Yes        ; |cache_4way_age|tag_r[14][1][0]   ;
; 6:1                ; 12 bits   ; 48 LEs        ; 12 LEs               ; 36 LEs                 ; Yes        ; |cache_4way_age|tag_r[15][1][2]   ;
; 6:1                ; 12 bits   ; 48 LEs        ; 12 LEs               ; 36 LEs                 ; Yes        ; |cache_4way_age|tag_r[0][2][10]   ;
; 6:1                ; 12 bits   ; 48 LEs        ; 12 LEs               ; 36 LEs                 ; Yes        ; |cache_4way_age|tag_r[1][2][4]    ;
; 6:1                ; 12 bits   ; 48 LEs        ; 12 LEs               ; 36 LEs                 ; Yes        ; |cache_4way_age|tag_r[2][2][0]    ;
; 6:1                ; 12 bits   ; 48 LEs        ; 12 LEs               ; 36 LEs                 ; Yes        ; |cache_4way_age|tag_r[3][2][3]    ;
; 6:1                ; 12 bits   ; 48 LEs        ; 12 LEs               ; 36 LEs                 ; Yes        ; |cache_4way_age|tag_r[4][2][10]   ;
; 6:1                ; 12 bits   ; 48 LEs        ; 12 LEs               ; 36 LEs                 ; Yes        ; |cache_4way_age|tag_r[5][2][2]    ;
; 6:1                ; 12 bits   ; 48 LEs        ; 12 LEs               ; 36 LEs                 ; Yes        ; |cache_4way_age|tag_r[6][2][8]    ;
; 6:1                ; 12 bits   ; 48 LEs        ; 12 LEs               ; 36 LEs                 ; Yes        ; |cache_4way_age|tag_r[7][2][4]    ;
; 6:1                ; 12 bits   ; 48 LEs        ; 12 LEs               ; 36 LEs                 ; Yes        ; |cache_4way_age|tag_r[8][2][1]    ;
; 6:1                ; 12 bits   ; 48 LEs        ; 12 LEs               ; 36 LEs                 ; Yes        ; |cache_4way_age|tag_r[9][2][2]    ;
; 6:1                ; 12 bits   ; 48 LEs        ; 12 LEs               ; 36 LEs                 ; Yes        ; |cache_4way_age|tag_r[10][2][4]   ;
; 6:1                ; 12 bits   ; 48 LEs        ; 12 LEs               ; 36 LEs                 ; Yes        ; |cache_4way_age|tag_r[11][2][4]   ;
; 6:1                ; 12 bits   ; 48 LEs        ; 12 LEs               ; 36 LEs                 ; Yes        ; |cache_4way_age|tag_r[12][2][11]  ;
; 6:1                ; 12 bits   ; 48 LEs        ; 12 LEs               ; 36 LEs                 ; Yes        ; |cache_4way_age|tag_r[13][2][6]   ;
; 6:1                ; 12 bits   ; 48 LEs        ; 12 LEs               ; 36 LEs                 ; Yes        ; |cache_4way_age|tag_r[14][2][10]  ;
; 6:1                ; 12 bits   ; 48 LEs        ; 12 LEs               ; 36 LEs                 ; Yes        ; |cache_4way_age|tag_r[15][2][3]   ;
; 6:1                ; 12 bits   ; 48 LEs        ; 12 LEs               ; 36 LEs                 ; Yes        ; |cache_4way_age|tag_r[0][3][3]    ;
; 6:1                ; 12 bits   ; 48 LEs        ; 12 LEs               ; 36 LEs                 ; Yes        ; |cache_4way_age|tag_r[1][3][3]    ;
; 6:1                ; 12 bits   ; 48 LEs        ; 12 LEs               ; 36 LEs                 ; Yes        ; |cache_4way_age|tag_r[2][3][1]    ;
; 6:1                ; 12 bits   ; 48 LEs        ; 12 LEs               ; 36 LEs                 ; Yes        ; |cache_4way_age|tag_r[3][3][0]    ;
; 6:1                ; 12 bits   ; 48 LEs        ; 12 LEs               ; 36 LEs                 ; Yes        ; |cache_4way_age|tag_r[4][3][5]    ;
; 6:1                ; 12 bits   ; 48 LEs        ; 12 LEs               ; 36 LEs                 ; Yes        ; |cache_4way_age|tag_r[5][3][8]    ;
; 6:1                ; 12 bits   ; 48 LEs        ; 12 LEs               ; 36 LEs                 ; Yes        ; |cache_4way_age|tag_r[6][3][0]    ;
; 6:1                ; 12 bits   ; 48 LEs        ; 12 LEs               ; 36 LEs                 ; Yes        ; |cache_4way_age|tag_r[7][3][5]    ;
; 6:1                ; 12 bits   ; 48 LEs        ; 12 LEs               ; 36 LEs                 ; Yes        ; |cache_4way_age|tag_r[8][3][10]   ;
; 6:1                ; 12 bits   ; 48 LEs        ; 12 LEs               ; 36 LEs                 ; Yes        ; |cache_4way_age|tag_r[9][3][2]    ;
; 6:1                ; 12 bits   ; 48 LEs        ; 12 LEs               ; 36 LEs                 ; Yes        ; |cache_4way_age|tag_r[10][3][6]   ;
; 6:1                ; 12 bits   ; 48 LEs        ; 12 LEs               ; 36 LEs                 ; Yes        ; |cache_4way_age|tag_r[11][3][5]   ;
; 6:1                ; 12 bits   ; 48 LEs        ; 12 LEs               ; 36 LEs                 ; Yes        ; |cache_4way_age|tag_r[12][3][9]   ;
; 6:1                ; 12 bits   ; 48 LEs        ; 12 LEs               ; 36 LEs                 ; Yes        ; |cache_4way_age|tag_r[13][3][3]   ;
; 6:1                ; 12 bits   ; 48 LEs        ; 12 LEs               ; 36 LEs                 ; Yes        ; |cache_4way_age|tag_r[14][3][3]   ;
; 6:1                ; 12 bits   ; 48 LEs        ; 12 LEs               ; 36 LEs                 ; Yes        ; |cache_4way_age|tag_r[15][3][3]   ;
; 7:1                ; 16 bits   ; 64 LEs        ; 32 LEs               ; 32 LEs                 ; Yes        ; |cache_4way_age|ram_wdata_r[7]    ;
; 7:1                ; 2 bits    ; 8 LEs         ; 4 LEs                ; 4 LEs                  ; Yes        ; |cache_4way_age|victim_r[1]       ;
; 7:1                ; 2 bits    ; 8 LEs         ; 2 LEs                ; 6 LEs                  ; Yes        ; |cache_4way_age|age_r[0][0][1]    ;
; 7:1                ; 2 bits    ; 8 LEs         ; 2 LEs                ; 6 LEs                  ; Yes        ; |cache_4way_age|age_r[1][0][1]    ;
; 7:1                ; 2 bits    ; 8 LEs         ; 2 LEs                ; 6 LEs                  ; Yes        ; |cache_4way_age|age_r[2][0][1]    ;
; 7:1                ; 2 bits    ; 8 LEs         ; 2 LEs                ; 6 LEs                  ; Yes        ; |cache_4way_age|age_r[3][0][1]    ;
; 7:1                ; 2 bits    ; 8 LEs         ; 2 LEs                ; 6 LEs                  ; Yes        ; |cache_4way_age|age_r[4][0][1]    ;
; 7:1                ; 2 bits    ; 8 LEs         ; 2 LEs                ; 6 LEs                  ; Yes        ; |cache_4way_age|age_r[5][0][1]    ;
; 7:1                ; 2 bits    ; 8 LEs         ; 2 LEs                ; 6 LEs                  ; Yes        ; |cache_4way_age|age_r[6][0][0]    ;
; 7:1                ; 2 bits    ; 8 LEs         ; 2 LEs                ; 6 LEs                  ; Yes        ; |cache_4way_age|age_r[7][0][1]    ;
; 7:1                ; 2 bits    ; 8 LEs         ; 2 LEs                ; 6 LEs                  ; Yes        ; |cache_4way_age|age_r[8][0][0]    ;
; 7:1                ; 2 bits    ; 8 LEs         ; 2 LEs                ; 6 LEs                  ; Yes        ; |cache_4way_age|age_r[9][0][1]    ;
; 7:1                ; 2 bits    ; 8 LEs         ; 2 LEs                ; 6 LEs                  ; Yes        ; |cache_4way_age|age_r[10][0][1]   ;
; 7:1                ; 2 bits    ; 8 LEs         ; 2 LEs                ; 6 LEs                  ; Yes        ; |cache_4way_age|age_r[11][0][0]   ;
; 7:1                ; 2 bits    ; 8 LEs         ; 2 LEs                ; 6 LEs                  ; Yes        ; |cache_4way_age|age_r[12][0][0]   ;
; 7:1                ; 2 bits    ; 8 LEs         ; 2 LEs                ; 6 LEs                  ; Yes        ; |cache_4way_age|age_r[13][0][1]   ;
; 7:1                ; 2 bits    ; 8 LEs         ; 2 LEs                ; 6 LEs                  ; Yes        ; |cache_4way_age|age_r[14][0][1]   ;
; 7:1                ; 2 bits    ; 8 LEs         ; 2 LEs                ; 6 LEs                  ; Yes        ; |cache_4way_age|age_r[15][0][0]   ;
; 7:1                ; 2 bits    ; 8 LEs         ; 2 LEs                ; 6 LEs                  ; Yes        ; |cache_4way_age|age_r[0][1][1]    ;
; 7:1                ; 2 bits    ; 8 LEs         ; 2 LEs                ; 6 LEs                  ; Yes        ; |cache_4way_age|age_r[1][1][1]    ;
; 7:1                ; 2 bits    ; 8 LEs         ; 2 LEs                ; 6 LEs                  ; Yes        ; |cache_4way_age|age_r[2][1][0]    ;
; 7:1                ; 2 bits    ; 8 LEs         ; 2 LEs                ; 6 LEs                  ; Yes        ; |cache_4way_age|age_r[3][1][0]    ;
; 7:1                ; 2 bits    ; 8 LEs         ; 2 LEs                ; 6 LEs                  ; Yes        ; |cache_4way_age|age_r[4][1][0]    ;
; 7:1                ; 2 bits    ; 8 LEs         ; 2 LEs                ; 6 LEs                  ; Yes        ; |cache_4way_age|age_r[5][1][1]    ;
; 7:1                ; 2 bits    ; 8 LEs         ; 2 LEs                ; 6 LEs                  ; Yes        ; |cache_4way_age|age_r[6][1][0]    ;
; 7:1                ; 2 bits    ; 8 LEs         ; 2 LEs                ; 6 LEs                  ; Yes        ; |cache_4way_age|age_r[7][1][0]    ;
; 7:1                ; 2 bits    ; 8 LEs         ; 2 LEs                ; 6 LEs                  ; Yes        ; |cache_4way_age|age_r[8][1][1]    ;
; 7:1                ; 2 bits    ; 8 LEs         ; 2 LEs                ; 6 LEs                  ; Yes        ; |cache_4way_age|age_r[9][1][1]    ;
; 7:1                ; 2 bits    ; 8 LEs         ; 2 LEs                ; 6 LEs                  ; Yes        ; |cache_4way_age|age_r[10][1][0]   ;
; 7:1                ; 2 bits    ; 8 LEs         ; 2 LEs                ; 6 LEs                  ; Yes        ; |cache_4way_age|age_r[11][1][0]   ;
; 7:1                ; 2 bits    ; 8 LEs         ; 2 LEs                ; 6 LEs                  ; Yes        ; |cache_4way_age|age_r[12][1][1]   ;
; 7:1                ; 2 bits    ; 8 LEs         ; 2 LEs                ; 6 LEs                  ; Yes        ; |cache_4way_age|age_r[13][1][1]   ;
; 7:1                ; 2 bits    ; 8 LEs         ; 2 LEs                ; 6 LEs                  ; Yes        ; |cache_4way_age|age_r[14][1][1]   ;
; 7:1                ; 2 bits    ; 8 LEs         ; 2 LEs                ; 6 LEs                  ; Yes        ; |cache_4way_age|age_r[15][1][0]   ;
; 7:1                ; 2 bits    ; 8 LEs         ; 2 LEs                ; 6 LEs                  ; Yes        ; |cache_4way_age|age_r[0][2][0]    ;
; 7:1                ; 2 bits    ; 8 LEs         ; 2 LEs                ; 6 LEs                  ; Yes        ; |cache_4way_age|age_r[1][2][0]    ;
; 7:1                ; 2 bits    ; 8 LEs         ; 2 LEs                ; 6 LEs                  ; Yes        ; |cache_4way_age|age_r[2][2][0]    ;
; 7:1                ; 2 bits    ; 8 LEs         ; 2 LEs                ; 6 LEs                  ; Yes        ; |cache_4way_age|age_r[3][2][0]    ;
; 7:1                ; 2 bits    ; 8 LEs         ; 2 LEs                ; 6 LEs                  ; Yes        ; |cache_4way_age|age_r[4][2][0]    ;
; 7:1                ; 2 bits    ; 8 LEs         ; 2 LEs                ; 6 LEs                  ; Yes        ; |cache_4way_age|age_r[5][2][1]    ;
; 7:1                ; 2 bits    ; 8 LEs         ; 2 LEs                ; 6 LEs                  ; Yes        ; |cache_4way_age|age_r[6][2][1]    ;
; 7:1                ; 2 bits    ; 8 LEs         ; 2 LEs                ; 6 LEs                  ; Yes        ; |cache_4way_age|age_r[7][2][0]    ;
; 7:1                ; 2 bits    ; 8 LEs         ; 2 LEs                ; 6 LEs                  ; Yes        ; |cache_4way_age|age_r[8][2][1]    ;
; 7:1                ; 2 bits    ; 8 LEs         ; 2 LEs                ; 6 LEs                  ; Yes        ; |cache_4way_age|age_r[9][2][0]    ;
; 7:1                ; 2 bits    ; 8 LEs         ; 2 LEs                ; 6 LEs                  ; Yes        ; |cache_4way_age|age_r[10][2][0]   ;
; 7:1                ; 2 bits    ; 8 LEs         ; 2 LEs                ; 6 LEs                  ; Yes        ; |cache_4way_age|age_r[11][2][0]   ;
; 7:1                ; 2 bits    ; 8 LEs         ; 2 LEs                ; 6 LEs                  ; Yes        ; |cache_4way_age|age_r[12][2][1]   ;
; 7:1                ; 2 bits    ; 8 LEs         ; 2 LEs                ; 6 LEs                  ; Yes        ; |cache_4way_age|age_r[13][2][1]   ;
; 7:1                ; 2 bits    ; 8 LEs         ; 2 LEs                ; 6 LEs                  ; Yes        ; |cache_4way_age|age_r[14][2][1]   ;
; 7:1                ; 2 bits    ; 8 LEs         ; 2 LEs                ; 6 LEs                  ; Yes        ; |cache_4way_age|age_r[15][2][1]   ;
; 7:1                ; 2 bits    ; 8 LEs         ; 2 LEs                ; 6 LEs                  ; Yes        ; |cache_4way_age|age_r[0][3][0]    ;
; 7:1                ; 2 bits    ; 8 LEs         ; 2 LEs                ; 6 LEs                  ; Yes        ; |cache_4way_age|age_r[1][3][0]    ;
; 7:1                ; 2 bits    ; 8 LEs         ; 2 LEs                ; 6 LEs                  ; Yes        ; |cache_4way_age|age_r[2][3][0]    ;
; 7:1                ; 2 bits    ; 8 LEs         ; 2 LEs                ; 6 LEs                  ; Yes        ; |cache_4way_age|age_r[3][3][1]    ;
; 7:1                ; 2 bits    ; 8 LEs         ; 2 LEs                ; 6 LEs                  ; Yes        ; |cache_4way_age|age_r[4][3][1]    ;
; 7:1                ; 2 bits    ; 8 LEs         ; 2 LEs                ; 6 LEs                  ; Yes        ; |cache_4way_age|age_r[5][3][0]    ;
; 7:1                ; 2 bits    ; 8 LEs         ; 2 LEs                ; 6 LEs                  ; Yes        ; |cache_4way_age|age_r[6][3][0]    ;
; 7:1                ; 2 bits    ; 8 LEs         ; 2 LEs                ; 6 LEs                  ; Yes        ; |cache_4way_age|age_r[7][3][0]    ;
; 7:1                ; 2 bits    ; 8 LEs         ; 2 LEs                ; 6 LEs                  ; Yes        ; |cache_4way_age|age_r[8][3][1]    ;
; 7:1                ; 2 bits    ; 8 LEs         ; 2 LEs                ; 6 LEs                  ; Yes        ; |cache_4way_age|age_r[9][3][1]    ;
; 7:1                ; 2 bits    ; 8 LEs         ; 2 LEs                ; 6 LEs                  ; Yes        ; |cache_4way_age|age_r[10][3][0]   ;
; 7:1                ; 2 bits    ; 8 LEs         ; 2 LEs                ; 6 LEs                  ; Yes        ; |cache_4way_age|age_r[11][3][1]   ;
; 7:1                ; 2 bits    ; 8 LEs         ; 2 LEs                ; 6 LEs                  ; Yes        ; |cache_4way_age|age_r[12][3][1]   ;
; 7:1                ; 2 bits    ; 8 LEs         ; 2 LEs                ; 6 LEs                  ; Yes        ; |cache_4way_age|age_r[13][3][0]   ;
; 7:1                ; 2 bits    ; 8 LEs         ; 2 LEs                ; 6 LEs                  ; Yes        ; |cache_4way_age|age_r[14][3][1]   ;
; 7:1                ; 2 bits    ; 8 LEs         ; 2 LEs                ; 6 LEs                  ; Yes        ; |cache_4way_age|age_r[15][3][1]   ;
; 14:1               ; 16 bits   ; 144 LEs       ; 32 LEs               ; 112 LEs                ; Yes        ; |cache_4way_age|data_r[0][0][8]   ;
; 14:1               ; 16 bits   ; 144 LEs       ; 32 LEs               ; 112 LEs                ; Yes        ; |cache_4way_age|data_r[1][0][3]   ;
; 14:1               ; 16 bits   ; 144 LEs       ; 32 LEs               ; 112 LEs                ; Yes        ; |cache_4way_age|data_r[2][0][13]  ;
; 14:1               ; 16 bits   ; 144 LEs       ; 32 LEs               ; 112 LEs                ; Yes        ; |cache_4way_age|data_r[3][0][9]   ;
; 14:1               ; 16 bits   ; 144 LEs       ; 32 LEs               ; 112 LEs                ; Yes        ; |cache_4way_age|data_r[4][0][2]   ;
; 14:1               ; 16 bits   ; 144 LEs       ; 32 LEs               ; 112 LEs                ; Yes        ; |cache_4way_age|data_r[5][0][12]  ;
; 14:1               ; 16 bits   ; 144 LEs       ; 32 LEs               ; 112 LEs                ; Yes        ; |cache_4way_age|data_r[6][0][12]  ;
; 14:1               ; 16 bits   ; 144 LEs       ; 32 LEs               ; 112 LEs                ; Yes        ; |cache_4way_age|data_r[7][0][0]   ;
; 14:1               ; 16 bits   ; 144 LEs       ; 32 LEs               ; 112 LEs                ; Yes        ; |cache_4way_age|data_r[8][0][11]  ;
; 14:1               ; 16 bits   ; 144 LEs       ; 32 LEs               ; 112 LEs                ; Yes        ; |cache_4way_age|data_r[9][0][1]   ;
; 14:1               ; 16 bits   ; 144 LEs       ; 32 LEs               ; 112 LEs                ; Yes        ; |cache_4way_age|data_r[10][0][0]  ;
; 14:1               ; 16 bits   ; 144 LEs       ; 32 LEs               ; 112 LEs                ; Yes        ; |cache_4way_age|data_r[11][0][1]  ;
; 14:1               ; 16 bits   ; 144 LEs       ; 32 LEs               ; 112 LEs                ; Yes        ; |cache_4way_age|data_r[12][0][2]  ;
; 14:1               ; 16 bits   ; 144 LEs       ; 32 LEs               ; 112 LEs                ; Yes        ; |cache_4way_age|data_r[13][0][1]  ;
; 14:1               ; 16 bits   ; 144 LEs       ; 32 LEs               ; 112 LEs                ; Yes        ; |cache_4way_age|data_r[14][0][14] ;
; 14:1               ; 16 bits   ; 144 LEs       ; 32 LEs               ; 112 LEs                ; Yes        ; |cache_4way_age|data_r[15][0][8]  ;
; 14:1               ; 16 bits   ; 144 LEs       ; 32 LEs               ; 112 LEs                ; Yes        ; |cache_4way_age|data_r[0][1][11]  ;
; 14:1               ; 16 bits   ; 144 LEs       ; 32 LEs               ; 112 LEs                ; Yes        ; |cache_4way_age|data_r[1][1][8]   ;
; 14:1               ; 16 bits   ; 144 LEs       ; 32 LEs               ; 112 LEs                ; Yes        ; |cache_4way_age|data_r[2][1][3]   ;
; 14:1               ; 16 bits   ; 144 LEs       ; 32 LEs               ; 112 LEs                ; Yes        ; |cache_4way_age|data_r[3][1][15]  ;
; 14:1               ; 16 bits   ; 144 LEs       ; 32 LEs               ; 112 LEs                ; Yes        ; |cache_4way_age|data_r[4][1][12]  ;
; 14:1               ; 16 bits   ; 144 LEs       ; 32 LEs               ; 112 LEs                ; Yes        ; |cache_4way_age|data_r[5][1][11]  ;
; 14:1               ; 16 bits   ; 144 LEs       ; 32 LEs               ; 112 LEs                ; Yes        ; |cache_4way_age|data_r[6][1][0]   ;
; 14:1               ; 16 bits   ; 144 LEs       ; 32 LEs               ; 112 LEs                ; Yes        ; |cache_4way_age|data_r[7][1][4]   ;
; 14:1               ; 16 bits   ; 144 LEs       ; 32 LEs               ; 112 LEs                ; Yes        ; |cache_4way_age|data_r[8][1][12]  ;
; 14:1               ; 16 bits   ; 144 LEs       ; 32 LEs               ; 112 LEs                ; Yes        ; |cache_4way_age|data_r[9][1][3]   ;
; 14:1               ; 16 bits   ; 144 LEs       ; 32 LEs               ; 112 LEs                ; Yes        ; |cache_4way_age|data_r[10][1][5]  ;
; 14:1               ; 16 bits   ; 144 LEs       ; 32 LEs               ; 112 LEs                ; Yes        ; |cache_4way_age|data_r[11][1][13] ;
; 14:1               ; 16 bits   ; 144 LEs       ; 32 LEs               ; 112 LEs                ; Yes        ; |cache_4way_age|data_r[12][1][1]  ;
; 14:1               ; 16 bits   ; 144 LEs       ; 32 LEs               ; 112 LEs                ; Yes        ; |cache_4way_age|data_r[13][1][8]  ;
; 14:1               ; 16 bits   ; 144 LEs       ; 32 LEs               ; 112 LEs                ; Yes        ; |cache_4way_age|data_r[14][1][15] ;
; 14:1               ; 16 bits   ; 144 LEs       ; 32 LEs               ; 112 LEs                ; Yes        ; |cache_4way_age|data_r[15][1][5]  ;
; 14:1               ; 16 bits   ; 144 LEs       ; 32 LEs               ; 112 LEs                ; Yes        ; |cache_4way_age|data_r[0][2][1]   ;
; 14:1               ; 16 bits   ; 144 LEs       ; 32 LEs               ; 112 LEs                ; Yes        ; |cache_4way_age|data_r[1][2][15]  ;
; 14:1               ; 16 bits   ; 144 LEs       ; 32 LEs               ; 112 LEs                ; Yes        ; |cache_4way_age|data_r[2][2][6]   ;
; 14:1               ; 16 bits   ; 144 LEs       ; 32 LEs               ; 112 LEs                ; Yes        ; |cache_4way_age|data_r[3][2][15]  ;
; 14:1               ; 16 bits   ; 144 LEs       ; 32 LEs               ; 112 LEs                ; Yes        ; |cache_4way_age|data_r[4][2][12]  ;
; 14:1               ; 16 bits   ; 144 LEs       ; 32 LEs               ; 112 LEs                ; Yes        ; |cache_4way_age|data_r[5][2][0]   ;
; 14:1               ; 16 bits   ; 144 LEs       ; 32 LEs               ; 112 LEs                ; Yes        ; |cache_4way_age|data_r[6][2][3]   ;
; 14:1               ; 16 bits   ; 144 LEs       ; 32 LEs               ; 112 LEs                ; Yes        ; |cache_4way_age|data_r[7][2][8]   ;
; 14:1               ; 16 bits   ; 144 LEs       ; 32 LEs               ; 112 LEs                ; Yes        ; |cache_4way_age|data_r[8][2][5]   ;
; 14:1               ; 16 bits   ; 144 LEs       ; 32 LEs               ; 112 LEs                ; Yes        ; |cache_4way_age|data_r[9][2][9]   ;
; 14:1               ; 16 bits   ; 144 LEs       ; 32 LEs               ; 112 LEs                ; Yes        ; |cache_4way_age|data_r[10][2][13] ;
; 14:1               ; 16 bits   ; 144 LEs       ; 32 LEs               ; 112 LEs                ; Yes        ; |cache_4way_age|data_r[11][2][6]  ;
; 14:1               ; 16 bits   ; 144 LEs       ; 32 LEs               ; 112 LEs                ; Yes        ; |cache_4way_age|data_r[12][2][1]  ;
; 14:1               ; 16 bits   ; 144 LEs       ; 32 LEs               ; 112 LEs                ; Yes        ; |cache_4way_age|data_r[13][2][10] ;
; 14:1               ; 16 bits   ; 144 LEs       ; 32 LEs               ; 112 LEs                ; Yes        ; |cache_4way_age|data_r[14][2][7]  ;
; 14:1               ; 16 bits   ; 144 LEs       ; 32 LEs               ; 112 LEs                ; Yes        ; |cache_4way_age|data_r[15][2][2]  ;
; 14:1               ; 16 bits   ; 144 LEs       ; 32 LEs               ; 112 LEs                ; Yes        ; |cache_4way_age|data_r[0][3][0]   ;
; 14:1               ; 16 bits   ; 144 LEs       ; 32 LEs               ; 112 LEs                ; Yes        ; |cache_4way_age|data_r[1][3][10]  ;
; 14:1               ; 16 bits   ; 144 LEs       ; 32 LEs               ; 112 LEs                ; Yes        ; |cache_4way_age|data_r[2][3][0]   ;
; 14:1               ; 16 bits   ; 144 LEs       ; 32 LEs               ; 112 LEs                ; Yes        ; |cache_4way_age|data_r[3][3][11]  ;
; 14:1               ; 16 bits   ; 144 LEs       ; 32 LEs               ; 112 LEs                ; Yes        ; |cache_4way_age|data_r[4][3][1]   ;
; 14:1               ; 16 bits   ; 144 LEs       ; 32 LEs               ; 112 LEs                ; Yes        ; |cache_4way_age|data_r[5][3][1]   ;
; 14:1               ; 16 bits   ; 144 LEs       ; 32 LEs               ; 112 LEs                ; Yes        ; |cache_4way_age|data_r[6][3][14]  ;
; 14:1               ; 16 bits   ; 144 LEs       ; 32 LEs               ; 112 LEs                ; Yes        ; |cache_4way_age|data_r[7][3][10]  ;
; 14:1               ; 16 bits   ; 144 LEs       ; 32 LEs               ; 112 LEs                ; Yes        ; |cache_4way_age|data_r[8][3][1]   ;
; 14:1               ; 16 bits   ; 144 LEs       ; 32 LEs               ; 112 LEs                ; Yes        ; |cache_4way_age|data_r[9][3][11]  ;
; 14:1               ; 16 bits   ; 144 LEs       ; 32 LEs               ; 112 LEs                ; Yes        ; |cache_4way_age|data_r[10][3][15] ;
; 14:1               ; 16 bits   ; 144 LEs       ; 32 LEs               ; 112 LEs                ; Yes        ; |cache_4way_age|data_r[11][3][10] ;
; 14:1               ; 16 bits   ; 144 LEs       ; 32 LEs               ; 112 LEs                ; Yes        ; |cache_4way_age|data_r[12][3][10] ;
; 14:1               ; 16 bits   ; 144 LEs       ; 32 LEs               ; 112 LEs                ; Yes        ; |cache_4way_age|data_r[13][3][15] ;
; 14:1               ; 16 bits   ; 144 LEs       ; 32 LEs               ; 112 LEs                ; Yes        ; |cache_4way_age|data_r[14][3][12] ;
; 14:1               ; 16 bits   ; 144 LEs       ; 32 LEs               ; 112 LEs                ; Yes        ; |cache_4way_age|data_r[15][3][12] ;
; 69:1               ; 16 bits   ; 736 LEs       ; 704 LEs              ; 32 LEs                 ; Yes        ; |cache_4way_age|cpu_rdata_r[6]    ;
; 16:1               ; 60 bits   ; 600 LEs       ; 600 LEs              ; 0 LEs                  ; No         ; |cache_4way_age|Mux3              ;
; 16:1               ; 12 bits   ; 120 LEs       ; 120 LEs              ; 0 LEs                  ; No         ; |cache_4way_age|Mux392            ;
; 7:1                ; 2 bits    ; 8 LEs         ; 4 LEs                ; 4 LEs                  ; No         ; |cache_4way_age|state_r           ;
; 9:1                ; 2 bits    ; 12 LEs        ; 8 LEs                ; 4 LEs                  ; No         ; |cache_4way_age|state_r           ;
; 32:1               ; 3 bits    ; 63 LEs        ; 63 LEs               ; 0 LEs                  ; No         ; |cache_4way_age|Mux56             ;
; 64:1               ; 3 bits    ; 126 LEs       ; 126 LEs              ; 0 LEs                  ; No         ; |cache_4way_age|Mux113            ;
+--------------------+-----------+---------------+----------------------+------------------------+------------+-----------------------------------+


+-------------------------------+
; Analysis & Synthesis Messages ;
+-------------------------------+
Info: *******************************************************************
Info: Running Quartus II Analysis & Synthesis
    Info: Version 9.1 Build 222 10/21/2009 SJ Web Edition
    Info: Copyright (C) 1991-2009 Altera Corporation. All rights reserved.
    Info: Your use of Altera Corporation's design tools, logic functions 
    Info: and other software and tools, and its AMPP partner logic 
    Info: functions, and any output files from any of the foregoing 
    Info: (including device programming or simulation files), and any 
    Info: associated documentation or information are expressly subject 
    Info: to the terms and conditions of the Altera Program License 
    Info: Subscription Agreement, Altera MegaCore Function License 
    Info: Agreement, or other applicable license agreement, including, 
    Info: without limitation, that your use is for the sole purpose of 
    Info: programming logic devices manufactured by Altera and sold by 
    Info: Altera or its authorized distributors.  Please refer to the 
    Info: applicable agreement for further details.
    Info: Processing started: Sat May 09 18:33:51 2026
Info: Command: quartus_map cache_wave --read_settings_files=on --write_settings_files=off
Info: Found 2 design units, including 0 entities, in source file /git/sifovm/coursework_project/src/microcomputer_pkg.vhd
    Info: Found design unit 1: microcomputer_pkg
    Info: Found design unit 2: microcomputer_pkg-body
Info: Found 2 design units, including 1 entities, in source file /git/sifovm/coursework_project/src/cache_4way_age.vhd
    Info: Found design unit 1: cache_4way_age-rtl
    Info: Found entity 1: cache_4way_age
Info: Elaborating entity "cache_4way_age" for the top level hierarchy
Warning (10036): Verilog HDL or VHDL warning at cache_4way_age.vhd(45): object "req_we_r" assigned a value but never read
Info (10008): Verilog HDL or VHDL information: EDA Netlist Writer cannot regroup multidimensional array "data_r" into its bus
Info (10008): Verilog HDL or VHDL information: EDA Netlist Writer cannot regroup multidimensional array "tag_r" into its bus
Info (10008): Verilog HDL or VHDL information: EDA Netlist Writer cannot regroup multidimensional array "age_r" into its bus
Info: Implemented 4145 device resources after synthesis - the final resource count might be different
    Info: Implemented 53 input pins
    Info: Implemented 53 output pins
    Info: Implemented 4039 logic cells
Info: Quartus II Analysis & Synthesis was successful. 0 errors, 1 warning
    Info: Peak virtual memory: 267 megabytes
    Info: Processing ended: Sat May 09 18:34:40 2026
    Info: Elapsed time: 00:00:49
    Info: Total CPU time (on all processors): 00:00:48


